agent_dict keys dict_keys(['base_algorithm', 'learning_rate', 'num_envs', 'rollout_num_steps', 'gamma', 'gae_lambda', 'num_minibatches', 'update_epochs', 'minibatch_size', 'norm_adv', 'clip_coef', 'clip_vloss', 'ent_coef', 'vf_coef', 'max_grad_norm', 'rpo_alpha', 'parseval_reg', 'input_scale', 'learnable_input_scale', 'add_diag_layer', 'lie_group', 'pion', 'pion_block_size', 'oft', 'poet', 'oet_num_blocks', 'layer_norm', 'layer_norm_no_params', 'weight_decay', 'tuned_adam', 'perturb', 'perturb_dist', 'regen', 'regen_wasserstein', 'weight_init', 'net_width', 'net_activation', 'init_gain', 'parseval_norm', 'parseval_num_groups'])
env_dict keys dict_keys(['env', 'change_freq', 'seed', 'env_type'])
Start RL run!
{'base_algorithm': 'ppo_agent', 'learning_rate': 0.01, 'num_envs': 1, 'rollout_num_steps': 128, 'gamma': 0.99, 'gae_lambda': 0.95, 'num_minibatches': 4, 'update_epochs': 4, 'minibatch_size': 32, 'norm_adv': True, 'clip_coef': 0.2, 'clip_vloss': True, 'ent_coef': 0.01, 'vf_coef': 0.5, 'max_grad_norm': 0.5, 'rpo_alpha': 0, 'parseval_reg': 0, 'input_scale': 1, 'learnable_input_scale': False, 'add_diag_layer': False, 'lie_group': False, 'pion': False, 'pion_block_size': None, 'oft': False, 'poet': True, 'oet_num_blocks': 1, 'layer_norm': False, 'layer_norm_no_params': False, 'weight_decay': 0, 'tuned_adam': False, 'perturb': 0.0, 'perturb_dist': 'xavier', 'regen': 0.0, 'regen_wasserstein': False, 'weight_init': 'orthogonal', 'net_width': 64, 'net_activation': 'tanh', 'init_gain': None, 'parseval_norm': False, 'parseval_num_groups': 1, 'device': 'cpu'}
{'env': 'gridworld_ninerooms', 'change_freq': 40000, 'seed': 123, 'env_type': 'rl', 'local_run': False}
Running on gpu: False
Gridworld args () {'env': 'gridworld_ninerooms', 'change_freq': 40000, 'seed': 123, 'env_type': 'rl', 'local_run': False}
time:  0.056 SPS: 0
0 success 0.0 +/- 0.0
0 eval steps mean 99.9 best 99 optimal 8
0 eval return -15.636 +/- 0.623
time:  0.696 SPS: 119
4999 success 0.0 +/- 0.0
4999 eval steps mean 99.9 best 99 optimal 8
4999 eval return -15.995 +/- 0.046
time:  1.347 SPS: 123
9999 success 0.0 +/- 0.0
9999 eval steps mean 99.9 best 99 optimal 8
9999 eval return -16.96 +/- 0.0
time:  2.013 SPS: 124
14999 success 0.0 +/- 0.0
14999 eval steps mean 99.9 best 99 optimal 8
14999 eval return -16.96 +/- 0.0
time:  2.668 SPS: 124
19999 success 0.0 +/- 0.0
19999 eval steps mean 99.9 best 99 optimal 8
19999 eval return -18.747 +/- 0.193
time:  3.337 SPS: 124
24999 success 0.0 +/- 0.0
24999 eval steps mean 99.9 best 99 optimal 8
24999 eval return -18.94 +/- 0.0
time:  3.992 SPS: 125
29999 success 0.0 +/- 0.0
29999 eval steps mean 99.9 best 99 optimal 8
29999 eval return -18.94 +/- 0.0
time:  4.64 SPS: 125
34999 success 0.0 +/- 0.0
34999 eval steps mean 99.9 best 99 optimal 8
34999 eval return -18.94 +/- 0.0
40000
GOAL [13  3]
time:  5.291 SPS: 125
39999 success 0.0 +/- 0.0
39999 eval steps mean 99.9 best 99 optimal 10
39999 eval return -12.94 +/- 0.0
time:  5.944 SPS: 126
44999 success 0.0 +/- 0.0
44999 eval steps mean 99.9 best 99 optimal 10
44999 eval return -12.94 +/- 0.0
time:  6.587 SPS: 126
49999 success 0.0 +/- 0.0
49999 eval steps mean 99.9 best 99 optimal 10
49999 eval return -12.94 +/- 0.0
time:  7.238 SPS: 126
54999 success 0.0 +/- 0.0
54999 eval steps mean 99.9 best 99 optimal 10
54999 eval return -12.94 +/- 0.0
time:  7.882 SPS: 126
59999 success 0.0 +/- 0.0
59999 eval steps mean 99.9 best 99 optimal 10
59999 eval return -12.94 +/- 0.0
time:  8.553 SPS: 126
64999 success 0.0 +/- 0.0
64999 eval steps mean 99.9 best 99 optimal 10
64999 eval return -12.94 +/- 0.0
time:  9.236 SPS: 126
69999 success 0.0 +/- 0.0
69999 eval steps mean 99.9 best 99 optimal 10
69999 eval return -12.94 +/- 0.0
time:  9.94 SPS: 125
74999 success 0.0 +/- 0.0
74999 eval steps mean 99.9 best 99 optimal 10
74999 eval return -12.94 +/- 0.0
80000
GOAL [5 2]
time:  10.611 SPS: 125
79999 success 0.0 +/- 0.0
79999 eval steps mean 99.9 best 99 optimal 7
79999 eval return -13.96 +/- 0.0
time:  11.3 SPS: 125
84999 success 0.0 +/- 0.0
84999 eval steps mean 99.9 best 99 optimal 7
84999 eval return -13.96 +/- 0.0
time:  11.973 SPS: 125
89999 success 0.0 +/- 0.0
89999 eval steps mean 99.9 best 99 optimal 7
89999 eval return -13.96 +/- 0.0
time:  12.712 SPS: 124
94999 success 0.0 +/- 0.0
94999 eval steps mean 99.9 best 99 optimal 7
94999 eval return -13.96 +/- 0.0
time:  13.444 SPS: 123
99999 success 0.0 +/- 0.0
99999 eval steps mean 99.9 best 99 optimal 7
99999 eval return -13.96 +/- 0.0
time:  14.223 SPS: 123
104999 success 0.0 +/- 0.0
104999 eval steps mean 99.9 best 99 optimal 7
104999 eval return -13.96 +/- 0.0
time:  14.881 SPS: 123
109999 success 0.0 +/- 0.0
109999 eval steps mean 99.9 best 99 optimal 7
109999 eval return -13.96 +/- 0.0
time:  15.532 SPS: 123
114999 success 0.0 +/- 0.0
114999 eval steps mean 99.9 best 99 optimal 7
114999 eval return -13.96 +/- 0.0
120000
GOAL [ 5 12]
time:  16.187 SPS: 123
119999 success 0.0 +/- 0.0
119999 eval steps mean 99.9 best 99 optimal 7
119999 eval return -13.96 +/- 0.0
time:  16.834 SPS: 123
124999 success 0.0 +/- 0.0
124999 eval steps mean 99.9 best 99 optimal 7
124999 eval return -13.96 +/- 0.0
time:  17.478 SPS: 123
129999 success 0.0 +/- 0.0
129999 eval steps mean 99.9 best 99 optimal 7
129999 eval return -13.96 +/- 0.0
time:  18.137 SPS: 124
134999 success 0.0 +/- 0.0
134999 eval steps mean 99.9 best 99 optimal 7
134999 eval return -13.96 +/- 0.0
time:  18.772 SPS: 124
139999 success 0.0 +/- 0.0
139999 eval steps mean 99.9 best 99 optimal 7
139999 eval return -13.96 +/- 0.0
time:  19.412 SPS: 124
144999 success 0.0 +/- 0.0
144999 eval steps mean 99.9 best 99 optimal 7
144999 eval return -13.96 +/- 0.0
time:  20.041 SPS: 124
149999 success 0.0 +/- 0.0
149999 eval steps mean 99.9 best 99 optimal 7
149999 eval return -13.96 +/- 0.0
time:  20.677 SPS: 124
154999 success 0.0 +/- 0.0
154999 eval steps mean 99.9 best 99 optimal 7
154999 eval return -13.96 +/- 0.0
160000
GOAL [ 6 13]
time:  21.334 SPS: 124
159999 success 0.0 +/- 0.0
159999 eval steps mean 99.9 best 99 optimal 7
159999 eval return -15.96 +/- 0.0
time:  21.965 SPS: 125
164999 success 0.0 +/- 0.0
164999 eval steps mean 99.9 best 99 optimal 7
164999 eval return -15.96 +/- 0.0
time:  22.587 SPS: 125
169999 success 0.0 +/- 0.0
169999 eval steps mean 99.9 best 99 optimal 7
169999 eval return -15.96 +/- 0.0
time:  23.231 SPS: 125
174999 success 0.0 +/- 0.0
174999 eval steps mean 99.9 best 99 optimal 7
174999 eval return -15.96 +/- 0.0
time:  23.866 SPS: 125
179999 success 0.0 +/- 0.0
179999 eval steps mean 99.9 best 99 optimal 7
179999 eval return -15.96 +/- 0.0
time:  24.501 SPS: 125
184999 success 0.0 +/- 0.0
184999 eval steps mean 99.9 best 99 optimal 7
184999 eval return -15.96 +/- 0.0
time:  25.14 SPS: 125
189999 success 0.0 +/- 0.0
189999 eval steps mean 99.9 best 99 optimal 7
189999 eval return -15.96 +/- 0.0
time:  25.773 SPS: 126
194999 success 0.0 +/- 0.0
194999 eval steps mean 99.9 best 99 optimal 7
194999 eval return -15.96 +/- 0.0
200000
GOAL [6 4]
time:  26.407 SPS: 126
199999 success 0.0 +/- 0.0
199999 eval steps mean 99.9 best 99 optimal 4
199999 eval return -16.96 +/- 0.0
time:  27.036 SPS: 126
204999 success 0.0 +/- 0.0
204999 eval steps mean 99.9 best 99 optimal 4
204999 eval return -16.96 +/- 0.0
time:  27.669 SPS: 126
209999 success 0.0 +/- 0.0
209999 eval steps mean 99.9 best 99 optimal 4
209999 eval return -16.96 +/- 0.0
time:  28.305 SPS: 126
214999 success 0.0 +/- 0.0
214999 eval steps mean 99.9 best 99 optimal 4
214999 eval return -16.96 +/- 0.0
time:  28.934 SPS: 126
219999 success 0.0 +/- 0.0
219999 eval steps mean 99.9 best 99 optimal 4
219999 eval return -16.96 +/- 0.0
time:  29.562 SPS: 126
224999 success 0.0 +/- 0.0
224999 eval steps mean 99.9 best 99 optimal 4
224999 eval return -16.96 +/- 0.0
time:  30.195 SPS: 126
229999 success 0.0 +/- 0.0
229999 eval steps mean 99.9 best 99 optimal 4
229999 eval return -16.96 +/- 0.0
time:  30.833 SPS: 127
234999 success 0.0 +/- 0.0
234999 eval steps mean 99.9 best 99 optimal 4
234999 eval return -16.96 +/- 0.0
240000
GOAL [11 12]
time:  31.479 SPS: 127
239999 success 0.0 +/- 0.0
239999 eval steps mean 99.9 best 99 optimal 9
239999 eval return -13.94 +/- 0.0
time:  32.099 SPS: 127
244999 success 0.0 +/- 0.0
244999 eval steps mean 99.9 best 99 optimal 9
244999 eval return -13.94 +/- 0.0
time:  32.719 SPS: 127
249999 success 0.0 +/- 0.0
249999 eval steps mean 99.9 best 99 optimal 9
249999 eval return -13.94 +/- 0.0
time:  33.353 SPS: 127
254999 success 0.0 +/- 0.0
254999 eval steps mean 99.9 best 99 optimal 9
254999 eval return -13.94 +/- 0.0
time:  33.992 SPS: 127
259999 success 0.0 +/- 0.0
259999 eval steps mean 99.9 best 99 optimal 9
259999 eval return -13.94 +/- 0.0
time:  34.615 SPS: 127
264999 success 0.0 +/- 0.0
264999 eval steps mean 99.9 best 99 optimal 9
264999 eval return -13.94 +/- 0.0
time:  35.257 SPS: 127
269999 success 0.0 +/- 0.0
269999 eval steps mean 99.9 best 99 optimal 9
269999 eval return -13.94 +/- 0.0
time:  35.889 SPS: 127
274999 success 0.0 +/- 0.0
274999 eval steps mean 99.9 best 99 optimal 9
274999 eval return -13.94 +/- 0.0
280000
GOAL [12 13]
time:  36.526 SPS: 127
279999 success 0.0 +/- 0.0
279999 eval steps mean 99.9 best 99 optimal 11
279999 eval return -13.94 +/- 0.0
time:  37.155 SPS: 127
284999 success 0.0 +/- 0.0
284999 eval steps mean 99.9 best 99 optimal 11
284999 eval return -13.94 +/- 0.0
time:  37.781 SPS: 127
289999 success 0.0 +/- 0.0
289999 eval steps mean 99.9 best 99 optimal 11
289999 eval return -13.94 +/- 0.0
time:  38.427 SPS: 127
294999 success 0.0 +/- 0.0
294999 eval steps mean 99.9 best 99 optimal 11
294999 eval return -13.94 +/- 0.0
time:  39.055 SPS: 128
299999 success 0.0 +/- 0.0
299999 eval steps mean 99.9 best 99 optimal 11
299999 eval return -13.94 +/- 0.0
time:  39.693 SPS: 128
304999 success 0.0 +/- 0.0
304999 eval steps mean 99.9 best 99 optimal 11
304999 eval return -13.94 +/- 0.0
time:  40.326 SPS: 128
309999 success 0.0 +/- 0.0
309999 eval steps mean 99.9 best 99 optimal 11
309999 eval return -13.94 +/- 0.0
time:  40.956 SPS: 128
314999 success 0.0 +/- 0.0
314999 eval steps mean 99.9 best 99 optimal 11
314999 eval return -13.94 +/- 0.0
320000
GOAL [11  3]
time:  41.591 SPS: 128
319999 success 0.0 +/- 0.0
319999 eval steps mean 99.9 best 99 optimal 8
319999 eval return -12.94 +/- 0.0
time:  42.215 SPS: 128
324999 success 0.0 +/- 0.0
324999 eval steps mean 99.9 best 99 optimal 8
324999 eval return -12.94 +/- 0.0
time:  42.856 SPS: 128
329999 success 0.0 +/- 0.0
329999 eval steps mean 99.9 best 99 optimal 8
329999 eval return -12.94 +/- 0.0
time:  43.488 SPS: 128
334999 success 0.0 +/- 0.0
334999 eval steps mean 99.9 best 99 optimal 8
334999 eval return -12.94 +/- 0.0
time:  44.107 SPS: 128
339999 success 0.0 +/- 0.0
339999 eval steps mean 99.9 best 99 optimal 8
339999 eval return -12.94 +/- 0.0
time:  44.728 SPS: 128
344999 success 0.0 +/- 0.0
344999 eval steps mean 99.9 best 99 optimal 8
344999 eval return -12.94 +/- 0.0
time:  45.352 SPS: 128
349999 success 0.0 +/- 0.0
349999 eval steps mean 99.9 best 99 optimal 8
349999 eval return -12.94 +/- 0.0
time:  45.984 SPS: 128
354999 success 0.0 +/- 0.0
354999 eval steps mean 99.9 best 99 optimal 8
354999 eval return -12.94 +/- 0.0
360000
GOAL [ 6 11]
time:  46.623 SPS: 128
359999 success 0.0 +/- 0.0
359999 eval steps mean 99.9 best 99 optimal 5
359999 eval return -15.96 +/- 0.0
time:  47.246 SPS: 128
364999 success 0.0 +/- 0.0
364999 eval steps mean 99.9 best 99 optimal 5
364999 eval return -15.96 +/- 0.0
time:  47.866 SPS: 128
369999 success 0.0 +/- 0.0
369999 eval steps mean 99.9 best 99 optimal 5
369999 eval return -15.96 +/- 0.0
time:  48.491 SPS: 128
374999 success 0.0 +/- 0.0
374999 eval steps mean 99.9 best 99 optimal 5
374999 eval return -15.96 +/- 0.0
time:  49.111 SPS: 128
379999 success 0.0 +/- 0.0
379999 eval steps mean 99.9 best 99 optimal 5
379999 eval return -15.96 +/- 0.0
time:  49.741 SPS: 129
384999 success 0.0 +/- 0.0
384999 eval steps mean 99.9 best 99 optimal 5
384999 eval return -15.96 +/- 0.0
time:  50.37 SPS: 129
389999 success 0.0 +/- 0.0
389999 eval steps mean 99.9 best 99 optimal 5
389999 eval return -15.96 +/- 0.0
time:  50.995 SPS: 129
394999 success 0.0 +/- 0.0
394999 eval steps mean 99.9 best 99 optimal 5
394999 eval return -15.96 +/- 0.0
400000
GOAL [ 6 13]
time:  51.632 SPS: 129
399999 success 0.0 +/- 0.0
399999 eval steps mean 99.9 best 99 optimal 7
399999 eval return -15.96 +/- 0.0
time:  52.257 SPS: 129
404999 success 0.0 +/- 0.0
404999 eval steps mean 99.9 best 99 optimal 7
404999 eval return -15.96 +/- 0.0
time:  52.881 SPS: 129
409999 success 0.0 +/- 0.0
409999 eval steps mean 99.9 best 99 optimal 7
409999 eval return -15.96 +/- 0.0
time:  53.514 SPS: 129
414999 success 0.0 +/- 0.0
414999 eval steps mean 99.9 best 99 optimal 7
414999 eval return -15.96 +/- 0.0
time:  54.136 SPS: 129
419999 success 0.0 +/- 0.0
419999 eval steps mean 99.9 best 99 optimal 7
419999 eval return -15.96 +/- 0.0
time:  54.763 SPS: 129
424999 success 0.0 +/- 0.0
424999 eval steps mean 99.9 best 99 optimal 7
424999 eval return -15.96 +/- 0.0
time:  55.386 SPS: 129
429999 success 0.0 +/- 0.0
429999 eval steps mean 99.9 best 99 optimal 7
429999 eval return -15.96 +/- 0.0
time:  56.017 SPS: 129
434999 success 0.0 +/- 0.0
434999 eval steps mean 99.9 best 99 optimal 7
434999 eval return -15.96 +/- 0.0
440000
GOAL [11  3]
time:  56.658 SPS: 129
439999 success 0.0 +/- 0.0
439999 eval steps mean 99.9 best 99 optimal 8
439999 eval return -12.94 +/- 0.0
time:  57.279 SPS: 129
444999 success 0.0 +/- 0.0
444999 eval steps mean 99.9 best 99 optimal 8
444999 eval return -12.94 +/- 0.0
time:  57.921 SPS: 129
449999 success 0.0 +/- 0.0
449999 eval steps mean 99.9 best 99 optimal 8
449999 eval return -12.94 +/- 0.0
time:  58.546 SPS: 129
454999 success 0.0 +/- 0.0
454999 eval steps mean 99.9 best 99 optimal 8
454999 eval return -12.94 +/- 0.0
time:  59.18 SPS: 129
459999 success 0.0 +/- 0.0
459999 eval steps mean 99.9 best 99 optimal 8
459999 eval return -12.94 +/- 0.0
time:  59.823 SPS: 129
464999 success 0.0 +/- 0.0
464999 eval steps mean 99.9 best 99 optimal 8
464999 eval return -12.94 +/- 0.0
time:  60.46 SPS: 129
469999 success 0.0 +/- 0.0
469999 eval steps mean 99.9 best 99 optimal 8
469999 eval return -12.94 +/- 0.0
time:  61.092 SPS: 129
474999 success 0.0 +/- 0.0
474999 eval steps mean 99.9 best 99 optimal 8
474999 eval return -12.94 +/- 0.0
480000
GOAL [12 11]
time:  61.742 SPS: 129
479999 success 0.0 +/- 0.0
479999 eval steps mean 99.9 best 99 optimal 9
479999 eval return -11.94 +/- 0.0
time:  62.371 SPS: 129
484999 success 0.0 +/- 0.0
484999 eval steps mean 99.9 best 99 optimal 9
484999 eval return -11.94 +/- 0.0
time:  63.01 SPS: 129
489999 success 0.0 +/- 0.0
489999 eval steps mean 99.9 best 99 optimal 9
489999 eval return -11.94 +/- 0.0
time:  63.646 SPS: 129
494999 success 0.0 +/- 0.0
494999 eval steps mean 99.9 best 99 optimal 9
494999 eval return -11.94 +/- 0.0
time:  64.275 SPS: 129
499999 success 0.0 +/- 0.0
499999 eval steps mean 99.9 best 99 optimal 9
499999 eval return -11.94 +/- 0.0
time:  64.902 SPS: 129
504999 success 0.0 +/- 0.0
504999 eval steps mean 99.9 best 99 optimal 9
504999 eval return -11.94 +/- 0.0
time:  65.534 SPS: 129
509999 success 0.0 +/- 0.0
509999 eval steps mean 99.9 best 99 optimal 9
509999 eval return -11.94 +/- 0.0
time:  66.161 SPS: 129
514999 success 0.0 +/- 0.0
514999 eval steps mean 99.9 best 99 optimal 9
514999 eval return -11.94 +/- 0.0
520000
GOAL [11  3]
time:  66.8 SPS: 129
519999 success 0.0 +/- 0.0
519999 eval steps mean 99.9 best 99 optimal 8
519999 eval return -12.94 +/- 0.0
time:  67.426 SPS: 129
524999 success 0.0 +/- 0.0
524999 eval steps mean 99.9 best 99 optimal 8
524999 eval return -12.94 +/- 0.0
time:  68.051 SPS: 129
529999 success 0.0 +/- 0.0
529999 eval steps mean 99.9 best 99 optimal 8
529999 eval return -12.94 +/- 0.0
time:  68.683 SPS: 129
534999 success 0.0 +/- 0.0
534999 eval steps mean 99.9 best 99 optimal 8
534999 eval return -12.94 +/- 0.0
time:  69.321 SPS: 129
539999 success 0.0 +/- 0.0
539999 eval steps mean 99.9 best 99 optimal 8
539999 eval return -12.94 +/- 0.0
time:  69.959 SPS: 129
544999 success 0.0 +/- 0.0
544999 eval steps mean 99.9 best 99 optimal 8
544999 eval return -12.94 +/- 0.0
time:  70.593 SPS: 129
549999 success 0.0 +/- 0.0
549999 eval steps mean 99.9 best 99 optimal 8
549999 eval return -12.94 +/- 0.0
time:  71.224 SPS: 129
554999 success 0.0 +/- 0.0
554999 eval steps mean 99.9 best 99 optimal 8
554999 eval return -12.94 +/- 0.0
560000
GOAL [6 2]
time:  71.868 SPS: 129
559999 success 0.0 +/- 0.0
559999 eval steps mean 99.9 best 99 optimal 6
559999 eval return -14.96 +/- 0.0
time:  72.502 SPS: 129
564999 success 0.0 +/- 0.0
564999 eval steps mean 99.9 best 99 optimal 6
564999 eval return -14.96 +/- 0.0
time:  73.132 SPS: 129
569999 success 0.0 +/- 0.0
569999 eval steps mean 99.9 best 99 optimal 6
569999 eval return -14.96 +/- 0.0
time:  73.77 SPS: 129
574999 success 0.0 +/- 0.0
574999 eval steps mean 99.9 best 99 optimal 6
574999 eval return -14.96 +/- 0.0
time:  74.402 SPS: 129
579999 success 0.0 +/- 0.0
579999 eval steps mean 99.9 best 99 optimal 6
579999 eval return -14.96 +/- 0.0
time:  75.035 SPS: 129
584999 success 0.0 +/- 0.0
584999 eval steps mean 99.9 best 99 optimal 6
584999 eval return -14.96 +/- 0.0
time:  75.662 SPS: 129
589999 success 0.0 +/- 0.0
589999 eval steps mean 99.9 best 99 optimal 6
589999 eval return -14.96 +/- 0.0
time:  76.304 SPS: 129
594999 success 0.0 +/- 0.0
594999 eval steps mean 99.9 best 99 optimal 6
594999 eval return -14.96 +/- 0.0
600000
GOAL [5 0]
time:  76.96 SPS: 129
599999 success 0.0 +/- 0.0
599999 eval steps mean 99.9 best 99 optimal 9
599999 eval return -15.96 +/- 0.0
time:  77.596 SPS: 129
604999 success 0.0 +/- 0.0
604999 eval steps mean 99.9 best 99 optimal 9
604999 eval return -15.96 +/- 0.0
time:  78.226 SPS: 129
609999 success 0.0 +/- 0.0
609999 eval steps mean 99.9 best 99 optimal 9
609999 eval return -15.96 +/- 0.0
time:  78.84 SPS: 130
614999 success 0.0 +/- 0.0
614999 eval steps mean 99.9 best 99 optimal 9
614999 eval return -15.96 +/- 0.0
time:  79.436 SPS: 130
619999 success 0.0 +/- 0.0
619999 eval steps mean 99.9 best 99 optimal 9
619999 eval return -15.96 +/- 0.0
time:  80.035 SPS: 130
624999 success 0.0 +/- 0.0
624999 eval steps mean 99.9 best 99 optimal 9
624999 eval return -15.96 +/- 0.0
time:  80.588 SPS: 130
629999 success 0.0 +/- 0.0
629999 eval steps mean 99.9 best 99 optimal 9
629999 eval return -15.96 +/- 0.0
time:  81.128 SPS: 130
634999 success 0.0 +/- 0.0
634999 eval steps mean 99.9 best 99 optimal 9
634999 eval return -15.96 +/- 0.0
640000
GOAL [ 7 13]
time:  81.669 SPS: 130
639999 success 0.0 +/- 0.0
639999 eval steps mean 99.9 best 99 optimal 6
639999 eval return -16.96 +/- 0.0
time:  82.17 SPS: 130
644999 success 0.0 +/- 0.0
644999 eval steps mean 99.9 best 99 optimal 6
644999 eval return -16.96 +/- 0.0
time:  82.663 SPS: 131
649999 success 0.0 +/- 0.0
649999 eval steps mean 99.9 best 99 optimal 6
649999 eval return -16.96 +/- 0.0
time:  83.155 SPS: 131
654999 success 0.0 +/- 0.0
654999 eval steps mean 99.9 best 99 optimal 6
654999 eval return -16.96 +/- 0.0
time:  83.647 SPS: 131
659999 success 0.0 +/- 0.0
659999 eval steps mean 99.9 best 99 optimal 6
659999 eval return -16.96 +/- 0.0
time:  84.141 SPS: 131
664999 success 0.0 +/- 0.0
664999 eval steps mean 99.9 best 99 optimal 6
664999 eval return -16.96 +/- 0.0
time:  84.635 SPS: 131
669999 success 0.0 +/- 0.0
669999 eval steps mean 99.9 best 99 optimal 6
669999 eval return -16.96 +/- 0.0
time:  85.131 SPS: 132
674999 success 0.0 +/- 0.0
674999 eval steps mean 99.9 best 99 optimal 6
674999 eval return -16.96 +/- 0.0
680000
GOAL [ 9 12]
time:  85.632 SPS: 132
679999 success 0.0 +/- 0.0
679999 eval steps mean 99.9 best 99 optimal 7
679999 eval return -15.94 +/- 0.0
time:  86.124 SPS: 132
684999 success 0.0 +/- 0.0
684999 eval steps mean 99.9 best 99 optimal 7
684999 eval return -15.94 +/- 0.0
time:  86.618 SPS: 132
689999 success 0.0 +/- 0.0
689999 eval steps mean 99.9 best 99 optimal 7
689999 eval return -15.94 +/- 0.0
time:  87.112 SPS: 132
694999 success 0.0 +/- 0.0
694999 eval steps mean 99.9 best 99 optimal 7
694999 eval return -15.94 +/- 0.0
time:  87.607 SPS: 133
699999 success 0.0 +/- 0.0
699999 eval steps mean 99.9 best 99 optimal 7
699999 eval return -15.94 +/- 0.0
time:  88.101 SPS: 133
704999 success 0.0 +/- 0.0
704999 eval steps mean 99.9 best 99 optimal 7
704999 eval return -15.94 +/- 0.0
time:  88.593 SPS: 133
709999 success 0.0 +/- 0.0
709999 eval steps mean 99.9 best 99 optimal 7
709999 eval return -15.94 +/- 0.0
time:  89.086 SPS: 133
714999 success 0.0 +/- 0.0
714999 eval steps mean 99.9 best 99 optimal 7
714999 eval return -15.94 +/- 0.0
720000
GOAL [6 3]
time:  89.59 SPS: 133
719999 success 0.0 +/- 0.0
719999 eval steps mean 99.9 best 99 optimal 5
719999 eval return -15.96 +/- 0.0
time:  90.082 SPS: 134
724999 success 0.0 +/- 0.0
724999 eval steps mean 99.9 best 99 optimal 5
724999 eval return -15.96 +/- 0.0
time:  90.573 SPS: 134
729999 success 0.0 +/- 0.0
729999 eval steps mean 99.9 best 99 optimal 5
729999 eval return -15.96 +/- 0.0
time:  91.066 SPS: 134
734999 success 0.0 +/- 0.0
734999 eval steps mean 99.9 best 99 optimal 5
734999 eval return -15.96 +/- 0.0
time:  91.56 SPS: 134
739999 success 0.0 +/- 0.0
739999 eval steps mean 99.9 best 99 optimal 5
739999 eval return -15.96 +/- 0.0
time:  92.053 SPS: 134
744999 success 0.0 +/- 0.0
744999 eval steps mean 99.9 best 99 optimal 5
744999 eval return -15.96 +/- 0.0
time:  92.545 SPS: 135
749999 success 0.0 +/- 0.0
749999 eval steps mean 99.9 best 99 optimal 5
749999 eval return -15.96 +/- 0.0
time:  93.037 SPS: 135
754999 success 0.0 +/- 0.0
754999 eval steps mean 99.9 best 99 optimal 5
754999 eval return -15.96 +/- 0.0
760000
GOAL [7 4]
time:  93.538 SPS: 135
759999 success 0.0 +/- 0.0
759999 eval steps mean 99.9 best 99 optimal 3
759999 eval return -17.96 +/- 0.0
time:  94.032 SPS: 135
764999 success 0.0 +/- 0.0
764999 eval steps mean 99.9 best 99 optimal 3
764999 eval return -17.96 +/- 0.0
time:  94.525 SPS: 135
769999 success 0.0 +/- 0.0
769999 eval steps mean 99.9 best 99 optimal 3
769999 eval return -17.96 +/- 0.0
time:  95.017 SPS: 135
774999 success 0.0 +/- 0.0
774999 eval steps mean 99.9 best 99 optimal 3
774999 eval return -17.96 +/- 0.0
time:  95.509 SPS: 136
779999 success 0.0 +/- 0.0
779999 eval steps mean 99.9 best 99 optimal 3
779999 eval return -17.96 +/- 0.0
time:  95.999 SPS: 136
784999 success 0.0 +/- 0.0
784999 eval steps mean 99.9 best 99 optimal 3
784999 eval return -17.96 +/- 0.0
time:  96.482 SPS: 136
789999 success 0.0 +/- 0.0
789999 eval steps mean 99.9 best 99 optimal 3
789999 eval return -17.96 +/- 0.0
time:  96.964 SPS: 136
794999 success 0.0 +/- 0.0
794999 eval steps mean 99.9 best 99 optimal 3
794999 eval return -17.96 +/- 0.0
800000
GOAL [ 6 11]
time:  97.457 SPS: 136
799999 success 0.0 +/- 0.0
799999 eval steps mean 99.9 best 99 optimal 5
799999 eval return -15.96 +/- 0.0
done RL run. Time 97.59219078333311 min
