agent_dict keys dict_keys(['base_algorithm', 'learning_rate', 'num_envs', 'rollout_num_steps', 'gamma', 'gae_lambda', 'num_minibatches', 'update_epochs', 'minibatch_size', 'norm_adv', 'clip_coef', 'clip_vloss', 'ent_coef', 'vf_coef', 'max_grad_norm', 'rpo_alpha', 'parseval_reg', 'input_scale', 'learnable_input_scale', 'add_diag_layer', 'lie_group', 'pion', 'pion_block_size', 'oft', 'poet', 'oet_num_blocks', 'layer_norm', 'layer_norm_no_params', 'weight_decay', 'tuned_adam', 'perturb', 'perturb_dist', 'regen', 'regen_wasserstein', 'weight_init', 'net_width', 'net_activation', 'init_gain', 'parseval_norm', 'parseval_num_groups'])
env_dict keys dict_keys(['env', 'change_freq', 'seed', 'env_type'])
Start RL run!
{'base_algorithm': 'ppo_agent', 'learning_rate': 0.01, 'num_envs': 1, 'rollout_num_steps': 128, 'gamma': 0.99, 'gae_lambda': 0.95, 'num_minibatches': 4, 'update_epochs': 4, 'minibatch_size': 32, 'norm_adv': True, 'clip_coef': 0.2, 'clip_vloss': True, 'ent_coef': 0.01, 'vf_coef': 0.5, 'max_grad_norm': 0.5, 'rpo_alpha': 0, 'parseval_reg': 0, 'input_scale': 1, 'learnable_input_scale': False, 'add_diag_layer': False, 'lie_group': False, 'pion': False, 'pion_block_size': None, 'oft': False, 'poet': True, 'oet_num_blocks': 1, 'layer_norm': False, 'layer_norm_no_params': False, 'weight_decay': 0, 'tuned_adam': False, 'perturb': 0.0, 'perturb_dist': 'xavier', 'regen': 0.0, 'regen_wasserstein': False, 'weight_init': 'orthogonal', 'net_width': 64, 'net_activation': 'tanh', 'init_gain': None, 'parseval_norm': False, 'parseval_num_groups': 1, 'device': 'cpu'}
{'env': 'gridworld_ninerooms', 'change_freq': 40000, 'seed': 127, 'env_type': 'rl', 'local_run': False}
Running on gpu: False
Gridworld args () {'env': 'gridworld_ninerooms', 'change_freq': 40000, 'seed': 127, 'env_type': 'rl', 'local_run': False}
time:  0.056 SPS: 0
0 success 0.0 +/- 0.0
0 eval steps mean 99.9 best 99 optimal 7
0 eval return -15.469 +/- 0.708
time:  0.701 SPS: 118
4999 success 0.0 +/- 0.0
4999 eval steps mean 99.9 best 99 optimal 7
4999 eval return -16.626 +/- 0.045
time:  1.371 SPS: 121
9999 success 0.0 +/- 0.0
9999 eval steps mean 99.9 best 99 optimal 7
9999 eval return -16.52 +/- 0.0
time:  2.059 SPS: 121
14999 success 0.0 +/- 0.0
14999 eval steps mean 99.9 best 99 optimal 7
14999 eval return -16.99 +/- 0.0
time:  2.706 SPS: 123
19999 success 0.0 +/- 0.0
19999 eval steps mean 99.9 best 99 optimal 7
19999 eval return -16.52 +/- 0.0
time:  3.401 SPS: 122
24999 success 0.0 +/- 0.0
24999 eval steps mean 99.9 best 99 optimal 7
24999 eval return -16.52 +/- 0.0
time:  4.068 SPS: 122
29999 success 0.0 +/- 0.0
29999 eval steps mean 99.9 best 99 optimal 7
29999 eval return -17.02 +/- 0.0
time:  4.733 SPS: 123
34999 success 0.0 +/- 0.0
34999 eval steps mean 99.9 best 99 optimal 7
34999 eval return -17.02 +/- 0.0
40000
GOAL [9 3]
time:  5.405 SPS: 123
39999 success 0.0 +/- 0.0
39999 eval steps mean 99.9 best 99 optimal 6
39999 eval return -14.02 +/- 0.0
time:  6.072 SPS: 123
44999 success 0.0 +/- 0.0
44999 eval steps mean 99.9 best 99 optimal 6
44999 eval return -12.851 +/- 0.01
time:  6.739 SPS: 123
49999 success 0.0 +/- 0.0
49999 eval steps mean 99.9 best 99 optimal 6
49999 eval return -12.56 +/- 0.0
time:  7.399 SPS: 123
54999 success 0.0 +/- 0.0
54999 eval steps mean 99.9 best 99 optimal 6
54999 eval return -12.56 +/- 0.0
time:  8.078 SPS: 123
59999 success 0.0 +/- 0.0
59999 eval steps mean 99.9 best 99 optimal 6
59999 eval return -15.422 +/- 0.058
time:  8.778 SPS: 123
64999 success 0.0 +/- 0.0
64999 eval steps mean 99.9 best 99 optimal 6
64999 eval return -14.241 +/- 0.017
time:  9.488 SPS: 122
69999 success 0.0 +/- 0.0
69999 eval steps mean 99.9 best 99 optimal 6
69999 eval return -15.48 +/- 0.0
time:  10.187 SPS: 122
74999 success 0.0 +/- 0.0
74999 eval steps mean 99.9 best 99 optimal 6
74999 eval return -12.56 +/- 0.0
80000
GOAL [6 4]
time:  10.901 SPS: 122
79999 success 0.0 +/- 0.0
79999 eval steps mean 99.9 best 99 optimal 4
79999 eval return -16.52 +/- 0.0
time:  11.603 SPS: 122
84999 success 0.0 +/- 0.0
84999 eval steps mean 99.9 best 99 optimal 4
84999 eval return -16.52 +/- 0.0
time:  12.34 SPS: 121
89999 success 0.0 +/- 0.0
89999 eval steps mean 99.9 best 99 optimal 4
89999 eval return -16.52 +/- 0.0
time:  13.088 SPS: 120
94999 success 0.0 +/- 0.0
94999 eval steps mean 99.9 best 99 optimal 4
94999 eval return -16.52 +/- 0.0
time:  13.875 SPS: 120
99999 success 0.0 +/- 0.0
99999 eval steps mean 99.9 best 99 optimal 4
99999 eval return -16.52 +/- 0.0
time:  14.618 SPS: 119
104999 success 0.0 +/- 0.0
104999 eval steps mean 99.9 best 99 optimal 4
104999 eval return -16.52 +/- 0.0
time:  15.289 SPS: 119
109999 success 0.0 +/- 0.0
109999 eval steps mean 99.9 best 99 optimal 4
109999 eval return -16.52 +/- 0.0
time:  15.953 SPS: 120
114999 success 0.0 +/- 0.0
114999 eval steps mean 99.9 best 99 optimal 4
114999 eval return -17.98 +/- 0.0
120000
GOAL [13 13]
time:  16.607 SPS: 120
119999 success 0.0 +/- 0.0
119999 eval steps mean 99.9 best 99 optimal 12
119999 eval return -12.02 +/- 0.0
time:  17.262 SPS: 120
124999 success 0.0 +/- 0.0
124999 eval steps mean 99.9 best 99 optimal 12
124999 eval return -11.03 +/- 0.0
time:  17.926 SPS: 120
129999 success 0.0 +/- 0.0
129999 eval steps mean 99.9 best 99 optimal 12
129999 eval return -11.03 +/- 0.0
time:  18.579 SPS: 121
134999 success 0.0 +/- 0.0
134999 eval steps mean 99.9 best 99 optimal 12
134999 eval return -11.03 +/- 0.0
time:  19.234 SPS: 121
139999 success 0.0 +/- 0.0
139999 eval steps mean 99.9 best 99 optimal 12
139999 eval return -11.03 +/- 0.0
time:  19.881 SPS: 121
144999 success 0.0 +/- 0.0
144999 eval steps mean 99.9 best 99 optimal 12
144999 eval return -11.03 +/- 0.0
time:  20.527 SPS: 121
149999 success 0.0 +/- 0.0
149999 eval steps mean 99.9 best 99 optimal 12
149999 eval return -11.03 +/- 0.0
time:  21.18 SPS: 121
154999 success 0.0 +/- 0.0
154999 eval steps mean 99.9 best 99 optimal 12
154999 eval return -11.03 +/- 0.0
160000
GOAL [10  4]
time:  21.842 SPS: 122
159999 success 0.0 +/- 0.0
159999 eval steps mean 99.9 best 99 optimal 6
159999 eval return -9.03 +/- 0.0
time:  22.482 SPS: 122
164999 success 0.0 +/- 0.0
164999 eval steps mean 99.9 best 99 optimal 6
164999 eval return -9.03 +/- 0.0
time:  23.13 SPS: 122
169999 success 0.0 +/- 0.0
169999 eval steps mean 99.9 best 99 optimal 6
169999 eval return -9.03 +/- 0.0
time:  23.782 SPS: 122
174999 success 0.0 +/- 0.0
174999 eval steps mean 99.9 best 99 optimal 6
174999 eval return -9.03 +/- 0.0
time:  24.423 SPS: 122
179999 success 0.0 +/- 0.0
179999 eval steps mean 99.9 best 99 optimal 6
179999 eval return -9.03 +/- 0.0
time:  25.073 SPS: 122
184999 success 0.0 +/- 0.0
184999 eval steps mean 99.9 best 99 optimal 6
184999 eval return -9.03 +/- 0.0
time:  25.719 SPS: 123
189999 success 0.0 +/- 0.0
189999 eval steps mean 99.9 best 99 optimal 6
189999 eval return -9.03 +/- 0.0
time:  26.356 SPS: 123
194999 success 0.0 +/- 0.0
194999 eval steps mean 99.9 best 99 optimal 6
194999 eval return -9.03 +/- 0.0
200000
GOAL [12 14]
time:  27.008 SPS: 123
199999 success 0.0 +/- 0.0
199999 eval steps mean 99.9 best 99 optimal 12
199999 eval return -11.03 +/- 0.0
time:  27.651 SPS: 123
204999 success 0.0 +/- 0.0
204999 eval steps mean 99.9 best 99 optimal 12
204999 eval return -11.03 +/- 0.0
time:  28.314 SPS: 123
209999 success 0.0 +/- 0.0
209999 eval steps mean 99.9 best 99 optimal 12
209999 eval return -11.03 +/- 0.0
time:  28.957 SPS: 123
214999 success 0.0 +/- 0.0
214999 eval steps mean 99.9 best 99 optimal 12
214999 eval return -11.03 +/- 0.0
time:  29.605 SPS: 123
219999 success 0.0 +/- 0.0
219999 eval steps mean 99.9 best 99 optimal 12
219999 eval return -11.03 +/- 0.0
time:  30.26 SPS: 123
224999 success 0.0 +/- 0.0
224999 eval steps mean 99.9 best 99 optimal 12
224999 eval return -12.02 +/- 0.0
time:  30.914 SPS: 123
229999 success 0.0 +/- 0.0
229999 eval steps mean 99.9 best 99 optimal 12
229999 eval return -12.02 +/- 0.0
time:  31.561 SPS: 124
234999 success 0.0 +/- 0.0
234999 eval steps mean 99.9 best 99 optimal 12
234999 eval return -12.02 +/- 0.0
240000
GOAL [9 4]
time:  32.212 SPS: 124
239999 success 0.0 +/- 0.0
239999 eval steps mean 99.9 best 99 optimal 5
239999 eval return -15.02 +/- 0.0
time:  32.857 SPS: 124
244999 success 0.0 +/- 0.0
244999 eval steps mean 99.9 best 99 optimal 5
244999 eval return -15.02 +/- 0.0
time:  33.505 SPS: 124
249999 success 0.0 +/- 0.0
249999 eval steps mean 99.9 best 99 optimal 5
249999 eval return -15.02 +/- 0.0
time:  34.158 SPS: 124
254999 success 0.0 +/- 0.0
254999 eval steps mean 99.9 best 99 optimal 5
254999 eval return -15.02 +/- 0.0
time:  34.804 SPS: 124
259999 success 0.0 +/- 0.0
259999 eval steps mean 99.9 best 99 optimal 5
259999 eval return -15.02 +/- 0.0
time:  35.457 SPS: 124
264999 success 0.0 +/- 0.0
264999 eval steps mean 99.9 best 99 optimal 5
264999 eval return -15.02 +/- 0.0
time:  36.105 SPS: 124
269999 success 0.0 +/- 0.0
269999 eval steps mean 99.9 best 99 optimal 5
269999 eval return -15.02 +/- 0.0
time:  36.752 SPS: 124
274999 success 0.0 +/- 0.0
274999 eval steps mean 99.9 best 99 optimal 5
274999 eval return -15.02 +/- 0.0
280000
GOAL [6 2]
time:  37.405 SPS: 124
279999 success 0.0 +/- 0.0
279999 eval steps mean 99.9 best 99 optimal 6
279999 eval return -15.98 +/- 0.0
time:  38.063 SPS: 124
284999 success 0.0 +/- 0.0
284999 eval steps mean 99.9 best 99 optimal 6
284999 eval return -15.98 +/- 0.0
time:  38.71 SPS: 124
289999 success 0.0 +/- 0.0
289999 eval steps mean 99.9 best 99 optimal 6
289999 eval return -15.98 +/- 0.0
time:  39.366 SPS: 124
294999 success 0.0 +/- 0.0
294999 eval steps mean 99.9 best 99 optimal 6
294999 eval return -15.98 +/- 0.0
time:  40.009 SPS: 124
299999 success 0.0 +/- 0.0
299999 eval steps mean 99.9 best 99 optimal 6
299999 eval return -15.98 +/- 0.0
time:  40.659 SPS: 125
304999 success 0.0 +/- 0.0
304999 eval steps mean 99.9 best 99 optimal 6
304999 eval return -15.98 +/- 0.0
time:  41.301 SPS: 125
309999 success 0.0 +/- 0.0
309999 eval steps mean 99.9 best 99 optimal 6
309999 eval return -15.98 +/- 0.0
time:  41.942 SPS: 125
314999 success 0.0 +/- 0.0
314999 eval steps mean 99.9 best 99 optimal 6
314999 eval return -15.98 +/- 0.0
320000
GOAL [ 6 14]
time:  42.611 SPS: 125
319999 success 0.0 +/- 0.0
319999 eval steps mean 99.9 best 99 optimal 8
319999 eval return -17.98 +/- 0.0
time:  43.268 SPS: 125
324999 success 0.0 +/- 0.0
324999 eval steps mean 99.9 best 99 optimal 8
324999 eval return -17.98 +/- 0.0
time:  43.916 SPS: 125
329999 success 0.0 +/- 0.0
329999 eval steps mean 99.9 best 99 optimal 8
329999 eval return -17.98 +/- 0.0
time:  44.557 SPS: 125
334999 success 0.0 +/- 0.0
334999 eval steps mean 99.9 best 99 optimal 8
334999 eval return -17.98 +/- 0.0
time:  45.201 SPS: 125
339999 success 0.0 +/- 0.0
339999 eval steps mean 99.9 best 99 optimal 8
339999 eval return -17.98 +/- 0.0
time:  45.85 SPS: 125
344999 success 0.0 +/- 0.0
344999 eval steps mean 99.9 best 99 optimal 8
344999 eval return -17.98 +/- 0.0
time:  46.498 SPS: 125
349999 success 0.0 +/- 0.0
349999 eval steps mean 99.9 best 99 optimal 8
349999 eval return -17.98 +/- 0.0
time:  47.138 SPS: 125
354999 success 0.0 +/- 0.0
354999 eval steps mean 99.9 best 99 optimal 8
354999 eval return -17.98 +/- 0.0
360000
GOAL [10  6]
time:  47.79 SPS: 125
359999 success 0.0 +/- 0.0
359999 eval steps mean 99.9 best 99 optimal 4
359999 eval return -4.02 +/- 0.0
time:  48.437 SPS: 125
364999 success 0.0 +/- 0.0
364999 eval steps mean 99.9 best 99 optimal 4
364999 eval return -4.02 +/- 0.0
time:  49.078 SPS: 125
369999 success 0.0 +/- 0.0
369999 eval steps mean 99.9 best 99 optimal 4
369999 eval return -4.02 +/- 0.0
time:  49.726 SPS: 125
374999 success 0.0 +/- 0.0
374999 eval steps mean 99.9 best 99 optimal 4
374999 eval return -4.02 +/- 0.0
time:  50.372 SPS: 125
379999 success 0.0 +/- 0.0
379999 eval steps mean 99.9 best 99 optimal 4
379999 eval return -4.02 +/- 0.0
time:  51.022 SPS: 125
384999 success 0.0 +/- 0.0
384999 eval steps mean 99.9 best 99 optimal 4
384999 eval return -4.02 +/- 0.0
time:  51.666 SPS: 125
389999 success 0.0 +/- 0.0
389999 eval steps mean 99.9 best 99 optimal 4
389999 eval return -4.02 +/- 0.0
time:  52.305 SPS: 125
394999 success 0.0 +/- 0.0
394999 eval steps mean 99.9 best 99 optimal 4
394999 eval return -4.02 +/- 0.0
400000
GOAL [12  6]
time:  52.952 SPS: 125
399999 success 0.0 +/- 0.0
399999 eval steps mean 99.9 best 99 optimal 6
399999 eval return -6.02 +/- 0.0
time:  53.601 SPS: 125
404999 success 0.0 +/- 0.0
404999 eval steps mean 99.9 best 99 optimal 6
404999 eval return -6.02 +/- 0.0
time:  54.245 SPS: 125
409999 success 0.0 +/- 0.0
409999 eval steps mean 99.9 best 99 optimal 6
409999 eval return -6.02 +/- 0.0
time:  54.885 SPS: 126
414999 success 0.0 +/- 0.0
414999 eval steps mean 99.9 best 99 optimal 6
414999 eval return -6.02 +/- 0.0
time:  55.526 SPS: 126
419999 success 0.0 +/- 0.0
419999 eval steps mean 99.9 best 99 optimal 6
419999 eval return -6.02 +/- 0.0
time:  56.168 SPS: 126
424999 success 0.0 +/- 0.0
424999 eval steps mean 99.9 best 99 optimal 6
424999 eval return -6.02 +/- 0.0
time:  56.812 SPS: 126
429999 success 0.0 +/- 0.0
429999 eval steps mean 99.9 best 99 optimal 6
429999 eval return -6.02 +/- 0.0
time:  57.449 SPS: 126
434999 success 0.0 +/- 0.0
434999 eval steps mean 99.9 best 99 optimal 6
434999 eval return -6.02 +/- 0.0
440000
GOAL [13  5]
time:  58.12 SPS: 126
439999 success 0.0 +/- 0.0
439999 eval steps mean 99.9 best 99 optimal 8
439999 eval return -8.02 +/- 0.0
time:  58.766 SPS: 126
444999 success 0.0 +/- 0.0
444999 eval steps mean 99.9 best 99 optimal 8
444999 eval return -8.02 +/- 0.0
time:  59.42 SPS: 126
449999 success 0.0 +/- 0.0
449999 eval steps mean 99.9 best 99 optimal 8
449999 eval return -8.02 +/- 0.0
time:  60.074 SPS: 126
454999 success 0.0 +/- 0.0
454999 eval steps mean 99.9 best 99 optimal 8
454999 eval return -8.02 +/- 0.0
time:  60.724 SPS: 126
459999 success 0.0 +/- 0.0
459999 eval steps mean 99.9 best 99 optimal 8
459999 eval return -8.02 +/- 0.0
time:  61.373 SPS: 126
464999 success 0.0 +/- 0.0
464999 eval steps mean 99.9 best 99 optimal 8
464999 eval return -8.02 +/- 0.0
time:  62.022 SPS: 126
469999 success 0.0 +/- 0.0
469999 eval steps mean 99.9 best 99 optimal 8
469999 eval return -8.02 +/- 0.0
time:  62.669 SPS: 126
474999 success 0.0 +/- 0.0
474999 eval steps mean 99.9 best 99 optimal 8
474999 eval return -8.02 +/- 0.0
480000
GOAL [14 13]
time:  63.338 SPS: 126
479999 success 0.0 +/- 0.0
479999 eval steps mean 99.9 best 99 optimal 13
479999 eval return -13.02 +/- 0.0
time:  63.995 SPS: 126
484999 success 0.0 +/- 0.0
484999 eval steps mean 99.9 best 99 optimal 13
484999 eval return -13.02 +/- 0.0
time:  64.641 SPS: 126
489999 success 0.0 +/- 0.0
489999 eval steps mean 99.9 best 99 optimal 13
489999 eval return -13.02 +/- 0.0
time:  65.286 SPS: 126
494999 success 0.0 +/- 0.0
494999 eval steps mean 99.9 best 99 optimal 13
494999 eval return -13.02 +/- 0.0
time:  65.94 SPS: 126
499999 success 0.0 +/- 0.0
499999 eval steps mean 99.9 best 99 optimal 13
499999 eval return -13.02 +/- 0.0
time:  66.591 SPS: 126
504999 success 0.0 +/- 0.0
504999 eval steps mean 99.9 best 99 optimal 13
504999 eval return -13.02 +/- 0.0
time:  67.236 SPS: 126
509999 success 0.0 +/- 0.0
509999 eval steps mean 99.9 best 99 optimal 13
509999 eval return -13.02 +/- 0.0
time:  67.882 SPS: 126
514999 success 0.0 +/- 0.0
514999 eval steps mean 99.9 best 99 optimal 13
514999 eval return -13.02 +/- 0.0
520000
GOAL [8 2]
time:  68.541 SPS: 126
519999 success 0.0 +/- 0.0
519999 eval steps mean 99.9 best 99 optimal 6
519999 eval return -14.02 +/- 0.0
time:  69.191 SPS: 126
524999 success 0.0 +/- 0.0
524999 eval steps mean 99.9 best 99 optimal 6
524999 eval return -14.02 +/- 0.0
time:  69.851 SPS: 126
529999 success 0.0 +/- 0.0
529999 eval steps mean 99.9 best 99 optimal 6
529999 eval return -14.02 +/- 0.0
time:  70.503 SPS: 126
534999 success 0.0 +/- 0.0
534999 eval steps mean 99.9 best 99 optimal 6
534999 eval return -14.02 +/- 0.0
time:  71.162 SPS: 126
539999 success 0.0 +/- 0.0
539999 eval steps mean 99.9 best 99 optimal 6
539999 eval return -14.02 +/- 0.0
time:  71.805 SPS: 126
544999 success 0.0 +/- 0.0
544999 eval steps mean 99.9 best 99 optimal 6
544999 eval return -14.02 +/- 0.0
time:  72.459 SPS: 126
549999 success 0.0 +/- 0.0
549999 eval steps mean 99.9 best 99 optimal 6
549999 eval return -14.02 +/- 0.0
time:  73.107 SPS: 126
554999 success 0.0 +/- 0.0
554999 eval steps mean 99.9 best 99 optimal 6
554999 eval return -14.02 +/- 0.0
560000
GOAL [ 9 14]
time:  73.771 SPS: 126
559999 success 0.0 +/- 0.0
559999 eval steps mean 99.9 best 99 optimal 9
559999 eval return -15.02 +/- 0.0
time:  74.42 SPS: 126
564999 success 0.0 +/- 0.0
564999 eval steps mean 99.9 best 99 optimal 9
564999 eval return -15.02 +/- 0.0
time:  75.071 SPS: 126
569999 success 0.0 +/- 0.0
569999 eval steps mean 99.9 best 99 optimal 9
569999 eval return -15.02 +/- 0.0
time:  75.719 SPS: 126
574999 success 0.0 +/- 0.0
574999 eval steps mean 99.9 best 99 optimal 9
574999 eval return -15.02 +/- 0.0
time:  76.382 SPS: 126
579999 success 0.0 +/- 0.0
579999 eval steps mean 99.9 best 99 optimal 9
579999 eval return -15.02 +/- 0.0
time:  77.036 SPS: 126
584999 success 0.0 +/- 0.0
584999 eval steps mean 99.9 best 99 optimal 9
584999 eval return -15.02 +/- 0.0
time:  77.679 SPS: 126
589999 success 0.0 +/- 0.0
589999 eval steps mean 99.9 best 99 optimal 9
589999 eval return -15.02 +/- 0.0
time:  78.333 SPS: 126
594999 success 0.0 +/- 0.0
594999 eval steps mean 99.9 best 99 optimal 9
594999 eval return -15.02 +/- 0.0
600000
GOAL [13 12]
time:  78.965 SPS: 126
599999 success 0.0 +/- 0.0
599999 eval steps mean 99.9 best 99 optimal 11
599999 eval return -11.02 +/- 0.0
time:  79.584 SPS: 126
604999 success 0.0 +/- 0.0
604999 eval steps mean 99.9 best 99 optimal 11
604999 eval return -11.02 +/- 0.0
time:  80.186 SPS: 126
609999 success 0.0 +/- 0.0
609999 eval steps mean 99.9 best 99 optimal 11
609999 eval return -11.02 +/- 0.0
time:  80.755 SPS: 126
614999 success 0.0 +/- 0.0
614999 eval steps mean 99.9 best 99 optimal 11
614999 eval return -11.02 +/- 0.0
time:  81.304 SPS: 127
619999 success 0.0 +/- 0.0
619999 eval steps mean 99.9 best 99 optimal 11
619999 eval return -11.02 +/- 0.0
time:  81.845 SPS: 127
624999 success 0.0 +/- 0.0
624999 eval steps mean 99.9 best 99 optimal 11
624999 eval return -11.02 +/- 0.0
time:  82.354 SPS: 127
629999 success 0.0 +/- 0.0
629999 eval steps mean 99.9 best 99 optimal 11
629999 eval return -11.02 +/- 0.0
time:  82.861 SPS: 127
634999 success 0.0 +/- 0.0
634999 eval steps mean 99.9 best 99 optimal 11
634999 eval return -11.02 +/- 0.0
640000
GOAL [12  7]
time:  83.379 SPS: 127
639999 success 0.0 +/- 0.0
639999 eval steps mean 99.9 best 99 optimal 5
639999 eval return -5.02 +/- 0.0
time:  83.888 SPS: 128
644999 success 0.0 +/- 0.0
644999 eval steps mean 99.9 best 99 optimal 5
644999 eval return -5.02 +/- 0.0
time:  84.394 SPS: 128
649999 success 0.0 +/- 0.0
649999 eval steps mean 99.9 best 99 optimal 5
649999 eval return -5.02 +/- 0.0
time:  84.903 SPS: 128
654999 success 0.0 +/- 0.0
654999 eval steps mean 99.9 best 99 optimal 5
654999 eval return -5.02 +/- 0.0
time:  85.411 SPS: 128
659999 success 0.0 +/- 0.0
659999 eval steps mean 99.9 best 99 optimal 5
659999 eval return -5.02 +/- 0.0
time:  85.916 SPS: 129
664999 success 0.0 +/- 0.0
664999 eval steps mean 99.9 best 99 optimal 5
664999 eval return -5.02 +/- 0.0
time:  86.424 SPS: 129
669999 success 0.0 +/- 0.0
669999 eval steps mean 99.9 best 99 optimal 5
669999 eval return -5.02 +/- 0.0
time:  86.933 SPS: 129
674999 success 0.0 +/- 0.0
674999 eval steps mean 99.9 best 99 optimal 5
674999 eval return -5.02 +/- 0.0
680000
GOAL [13 11]
time:  87.45 SPS: 129
679999 success 0.0 +/- 0.0
679999 eval steps mean 99.9 best 99 optimal 10
679999 eval return -10.02 +/- 0.0
time:  87.959 SPS: 129
684999 success 0.0 +/- 0.0
684999 eval steps mean 99.9 best 99 optimal 10
684999 eval return -10.02 +/- 0.0
time:  88.465 SPS: 129
689999 success 0.0 +/- 0.0
689999 eval steps mean 99.9 best 99 optimal 10
689999 eval return -10.02 +/- 0.0
time:  88.972 SPS: 130
694999 success 0.0 +/- 0.0
694999 eval steps mean 99.9 best 99 optimal 10
694999 eval return -10.02 +/- 0.0
time:  89.479 SPS: 130
699999 success 0.0 +/- 0.0
699999 eval steps mean 99.9 best 99 optimal 10
699999 eval return -10.02 +/- 0.0
time:  89.985 SPS: 130
704999 success 0.0 +/- 0.0
704999 eval steps mean 99.9 best 99 optimal 10
704999 eval return -10.02 +/- 0.0
time:  90.49 SPS: 130
709999 success 0.0 +/- 0.0
709999 eval steps mean 99.9 best 99 optimal 10
709999 eval return -10.02 +/- 0.0
time:  90.995 SPS: 130
714999 success 0.0 +/- 0.0
714999 eval steps mean 99.9 best 99 optimal 10
714999 eval return -10.02 +/- 0.0
720000
GOAL [ 5 12]
time:  91.513 SPS: 131
719999 success 0.0 +/- 0.0
719999 eval steps mean 99.9 best 99 optimal 7
719999 eval return -16.9 +/- 0.0
time:  92.02 SPS: 131
724999 success 0.0 +/- 0.0
724999 eval steps mean 99.9 best 99 optimal 7
724999 eval return -16.9 +/- 0.0
time:  92.526 SPS: 131
729999 success 0.0 +/- 0.0
729999 eval steps mean 99.9 best 99 optimal 7
729999 eval return -16.9 +/- 0.0
time:  93.031 SPS: 131
734999 success 0.0 +/- 0.0
734999 eval steps mean 99.9 best 99 optimal 7
734999 eval return -16.9 +/- 0.0
time:  93.537 SPS: 131
739999 success 0.0 +/- 0.0
739999 eval steps mean 99.9 best 99 optimal 7
739999 eval return -16.9 +/- 0.0
time:  94.043 SPS: 132
744999 success 0.0 +/- 0.0
744999 eval steps mean 99.9 best 99 optimal 7
744999 eval return -16.9 +/- 0.0
time:  94.55 SPS: 132
749999 success 0.0 +/- 0.0
749999 eval steps mean 99.9 best 99 optimal 7
749999 eval return -16.9 +/- 0.0
time:  95.056 SPS: 132
754999 success 0.0 +/- 0.0
754999 eval steps mean 99.9 best 99 optimal 7
754999 eval return -16.9 +/- 0.0
760000
GOAL [8 3]
time:  95.57 SPS: 132
759999 success 0.0 +/- 0.0
759999 eval steps mean 99.9 best 99 optimal 5
759999 eval return -15.02 +/- 0.0
time:  96.073 SPS: 132
764999 success 0.0 +/- 0.0
764999 eval steps mean 99.9 best 99 optimal 5
764999 eval return -15.02 +/- 0.0
time:  96.569 SPS: 132
769999 success 0.0 +/- 0.0
769999 eval steps mean 99.9 best 99 optimal 5
769999 eval return -15.02 +/- 0.0
time:  97.065 SPS: 133
774999 success 0.0 +/- 0.0
774999 eval steps mean 99.9 best 99 optimal 5
774999 eval return -15.02 +/- 0.0
time:  97.561 SPS: 133
779999 success 0.0 +/- 0.0
779999 eval steps mean 99.9 best 99 optimal 5
779999 eval return -15.02 +/- 0.0
time:  98.057 SPS: 133
784999 success 0.0 +/- 0.0
784999 eval steps mean 99.9 best 99 optimal 5
784999 eval return -15.02 +/- 0.0
time:  98.554 SPS: 133
789999 success 0.0 +/- 0.0
789999 eval steps mean 99.9 best 99 optimal 5
789999 eval return -15.02 +/- 0.0
time:  99.05 SPS: 133
794999 success 0.0 +/- 0.0
794999 eval steps mean 99.9 best 99 optimal 5
794999 eval return -15.02 +/- 0.0
800000
GOAL [11 14]
time:  99.557 SPS: 133
799999 success 0.0 +/- 0.0
799999 eval steps mean 99.9 best 99 optimal 11
799999 eval return -13.02 +/- 0.0
done RL run. Time 99.69280666666648 min
