agent_dict keys dict_keys(['base_algorithm', 'learning_rate', 'num_envs', 'rollout_num_steps', 'gamma', 'gae_lambda', 'num_minibatches', 'update_epochs', 'minibatch_size', 'norm_adv', 'clip_coef', 'clip_vloss', 'ent_coef', 'vf_coef', 'max_grad_norm', 'parseval_reg', 'layer_norm', 'layer_norm_no_params', 'weight_decay', 'tuned_adam', 'perturb', 'perturb_dist', 'weight_init', 'net_width', 'net_activation', 'init_gain', 'parseval_num_groups'])
env_dict keys dict_keys(['env', 'change_freq', 'seed', 'env_type'])
Start RL run!
{'base_algorithm': 'ppo_agent', 'learning_rate': 0.00025, 'num_envs': 1, 'rollout_num_steps': 128, 'gamma': 0.99, 'gae_lambda': 0.95, 'num_minibatches': 4, 'update_epochs': 4, 'minibatch_size': 32, 'norm_adv': True, 'clip_coef': 0.2, 'clip_vloss': True, 'ent_coef': 0.01, 'vf_coef': 0.5, 'max_grad_norm': 0.5, 'parseval_reg': 0, 'layer_norm': False, 'layer_norm_no_params': False, 'weight_decay': 0, 'tuned_adam': False, 'perturb': 0.0, 'perturb_dist': 'xavier', 'weight_init': 'orthogonal', 'net_width': 64, 'net_activation': 'tanh', 'init_gain': None, 'parseval_num_groups': 1, 'device': 'cpu'}
{'env': 'gridworld_ninerooms', 'change_freq': 40000, 'seed': 125, 'env_type': 'rl', 'local_run': False}
Running on gpu: False
Gridworld args () {'env': 'gridworld_ninerooms', 'change_freq': 40000, 'seed': 125, 'env_type': 'rl', 'local_run': False}
time:  0.027 SPS: 0
0 success 0.0 +/- 0.0
0 eval steps mean 99.9 best 99 optimal 6
0 eval return -14.072 +/- 0.405
time:  0.241 SPS: 345
4999 success 0.1 +/- 0.1
4999 eval steps mean 93.5 best 36 optimal 6
4999 eval return -12.412 +/- 1.359
time:  0.445 SPS: 374
9999 success 0.1 +/- 0.1
9999 eval steps mean 98.6 best 86 optimal 6
9999 eval return -7.435 +/- 0.537
time:  0.697 SPS: 358
14999 success 0.7 +/- 0.153
14999 eval steps mean 62.8 best 22 optimal 6
14999 eval return -2.056 +/- 1.039
time:  0.933 SPS: 357
19999 success 1.0 +/- 0.0
19999 eval steps mean 18.3 best 15 optimal 6
19999 eval return 1.811 +/- 0.05
time:  1.154 SPS: 360
24999 success 1.0 +/- 0.0
24999 eval steps mean 15.1 best 15 optimal 6
24999 eval return 1.941 +/- 0.009
time:  1.362 SPS: 367
29999 success 1.0 +/- 0.0
29999 eval steps mean 15.0 best 14 optimal 6
29999 eval return 1.942 +/- 0.008
time:  1.603 SPS: 363
34999 success 1.0 +/- 0.0
34999 eval steps mean 14.9 best 14 optimal 6
34999 eval return 1.95 +/- 0.0
40000
GOAL [10  2]
time:  1.873 SPS: 355
39999 success 0.0 +/- 0.0
39999 eval steps mean 99.9 best 99 optimal 8
39999 eval return -18.204 +/- 0.013
time:  2.093 SPS: 358
44999 success 0.0 +/- 0.0
44999 eval steps mean 99.9 best 99 optimal 8
44999 eval return -18.985 +/- 0.171
time:  2.295 SPS: 363
49999 success 0.0 +/- 0.0
49999 eval steps mean 99.9 best 99 optimal 8
49999 eval return -16.847 +/- 0.078
time:  2.539 SPS: 361
54999 success 0.0 +/- 0.0
54999 eval steps mean 99.9 best 99 optimal 8
54999 eval return -14.753 +/- 0.103
time:  2.777 SPS: 360
59999 success 0.0 +/- 0.0
59999 eval steps mean 99.9 best 99 optimal 8
59999 eval return -14.38 +/- 0.032
time:  3.061 SPS: 353
64999 success 0.0 +/- 0.0
64999 eval steps mean 99.9 best 99 optimal 8
64999 eval return -12.467 +/- 0.236
time:  3.323 SPS: 351
69999 success 0.0 +/- 0.0
69999 eval steps mean 99.9 best 99 optimal 8
69999 eval return -10.356 +/- 0.243
time:  3.549 SPS: 352
74999 success 0.0 +/- 0.0
74999 eval steps mean 99.9 best 99 optimal 8
74999 eval return -10.993 +/- 0.075
80000
GOAL [7 1]
time:  3.859 SPS: 345
79999 success 0.0 +/- 0.0
79999 eval steps mean 99.9 best 99 optimal 6
79999 eval return -14.122 +/- 0.13
time:  4.096 SPS: 345
84999 success 0.0 +/- 0.0
84999 eval steps mean 99.9 best 99 optimal 6
84999 eval return -8.104 +/- 0.62
time:  4.298 SPS: 349
89999 success 0.1 +/- 0.1
89999 eval steps mean 92.5 best 26 optimal 6
89999 eval return -5.488 +/- 0.737
time:  4.557 SPS: 347
94999 success 0.9 +/- 0.1
94999 eval steps mean 25.7 best 16 optimal 6
94999 eval return 1.102 +/- 0.517
time:  4.925 SPS: 338
99999 success 0.9 +/- 0.1
99999 eval steps mean 25.4 best 16 optimal 6
99999 eval return 0.62 +/- 1.01
time:  5.287 SPS: 330
104999 success 1.0 +/- 0.0
104999 eval steps mean 16.9 best 16 optimal 6
104999 eval return 1.64 +/- 0.0
time:  5.63 SPS: 325
109999 success 1.0 +/- 0.0
109999 eval steps mean 16.9 best 16 optimal 6
109999 eval return 1.64 +/- 0.0
time:  5.965 SPS: 321
114999 success 1.0 +/- 0.0
114999 eval steps mean 16.9 best 16 optimal 6
114999 eval return 1.64 +/- 0.0
120000
GOAL [ 6 11]
time:  6.374 SPS: 313
119999 success 0.0 +/- 0.0
119999 eval steps mean 99.9 best 99 optimal 5
119999 eval return -20.785 +/- 0.007
time:  6.781 SPS: 307
124999 success 0.0 +/- 0.0
124999 eval steps mean 99.9 best 99 optimal 5
124999 eval return -20.148 +/- 0.112
time:  7.121 SPS: 304
129999 success 0.0 +/- 0.0
129999 eval steps mean 99.9 best 99 optimal 5
129999 eval return -16.521 +/- 0.062
time:  7.412 SPS: 303
134999 success 0.0 +/- 0.0
134999 eval steps mean 99.9 best 99 optimal 5
134999 eval return -15.109 +/- 0.464
time:  7.723 SPS: 302
139999 success 0.0 +/- 0.0
139999 eval steps mean 99.9 best 99 optimal 5
139999 eval return -7.165 +/- 0.537
time:  8.038 SPS: 300
144999 success 0.0 +/- 0.0
144999 eval steps mean 99.9 best 99 optimal 5
144999 eval return -4.963 +/- 0.021
time:  8.23 SPS: 303
149999 success 0.0 +/- 0.0
149999 eval steps mean 99.9 best 99 optimal 5
149999 eval return -3.762 +/- 0.022
time:  8.411 SPS: 307
154999 success 0.1 +/- 0.1
154999 eval steps mean 92.7 best 28 optimal 5
154999 eval return -2.259 +/- 0.441
160000
GOAL [ 8 13]
time:  8.618 SPS: 309
159999 success 0.0 +/- 0.0
159999 eval steps mean 99.9 best 99 optimal 7
159999 eval return -4.46 +/- 0.0
time:  8.818 SPS: 311
164999 success 1.0 +/- 0.0
164999 eval steps mean 17.9 best 17 optimal 7
164999 eval return 1.49 +/- 0.0
time:  9.016 SPS: 314
169999 success 1.0 +/- 0.0
169999 eval steps mean 17.9 best 17 optimal 7
169999 eval return 1.49 +/- 0.0
time:  9.211 SPS: 316
174999 success 1.0 +/- 0.0
174999 eval steps mean 17.9 best 17 optimal 7
174999 eval return 1.49 +/- 0.0
time:  9.404 SPS: 318
179999 success 1.0 +/- 0.0
179999 eval steps mean 17.9 best 17 optimal 7
179999 eval return 1.49 +/- 0.0
time:  9.606 SPS: 320
184999 success 1.0 +/- 0.0
184999 eval steps mean 17.9 best 17 optimal 7
184999 eval return 1.49 +/- 0.0
time:  9.807 SPS: 322
189999 success 1.0 +/- 0.0
189999 eval steps mean 17.9 best 17 optimal 7
189999 eval return 1.49 +/- 0.0
time:  10.01 SPS: 324
194999 success 1.0 +/- 0.0
194999 eval steps mean 17.9 best 17 optimal 7
194999 eval return 1.49 +/- 0.0
200000
GOAL [13  1]
time:  10.215 SPS: 326
199999 success 0.0 +/- 0.0
199999 eval steps mean 99.9 best 99 optimal 12
199999 eval return -16.751 +/- 0.248
time:  10.429 SPS: 327
204999 success 0.0 +/- 0.0
204999 eval steps mean 99.9 best 99 optimal 12
204999 eval return -13.089 +/- 0.185
time:  10.634 SPS: 329
209999 success 0.0 +/- 0.0
209999 eval steps mean 99.9 best 99 optimal 12
209999 eval return -11.001 +/- 0.027
time:  10.843 SPS: 330
214999 success 0.0 +/- 0.0
214999 eval steps mean 99.9 best 99 optimal 12
214999 eval return -10.332 +/- 0.394
time:  11.046 SPS: 331
219999 success 0.0 +/- 0.0
219999 eval steps mean 99.9 best 99 optimal 12
219999 eval return -8.49 +/- 0.045
time:  11.249 SPS: 333
224999 success 0.0 +/- 0.0
224999 eval steps mean 99.9 best 99 optimal 12
224999 eval return -7.911 +/- 0.134
time:  11.454 SPS: 334
229999 success 0.0 +/- 0.0
229999 eval steps mean 99.9 best 99 optimal 12
229999 eval return -8.116 +/- 0.179
time:  11.666 SPS: 335
234999 success 0.0 +/- 0.0
234999 eval steps mean 99.9 best 99 optimal 12
234999 eval return -8.184 +/- 0.083
240000
GOAL [10 11]
time:  11.876 SPS: 336
239999 success 0.0 +/- 0.0
239999 eval steps mean 99.9 best 99 optimal 7
239999 eval return -16.382 +/- 0.057
time:  12.084 SPS: 337
244999 success 0.0 +/- 0.0
244999 eval steps mean 99.9 best 99 optimal 7
244999 eval return -14.045 +/- 1.017
time:  12.292 SPS: 338
249999 success 1.0 +/- 0.0
249999 eval steps mean 22.9 best 21 optimal 7
249999 eval return 1.143 +/- 0.124
time:  12.489 SPS: 340
254999 success 1.0 +/- 0.0
254999 eval steps mean 20.5 best 19 optimal 7
254999 eval return 1.283 +/- 0.011
time:  12.686 SPS: 341
259999 success 1.0 +/- 0.0
259999 eval steps mean 19.9 best 19 optimal 7
259999 eval return 1.3 +/- 0.0
time:  12.877 SPS: 342
264999 success 1.0 +/- 0.0
264999 eval steps mean 20.1 best 20 optimal 7
264999 eval return 1.295 +/- 0.005
time:  13.072 SPS: 344
269999 success 1.0 +/- 0.0
269999 eval steps mean 19.9 best 19 optimal 7
269999 eval return 1.3 +/- 0.0
time:  13.267 SPS: 345
274999 success 1.0 +/- 0.0
274999 eval steps mean 19.9 best 19 optimal 7
274999 eval return 1.3 +/- 0.0
280000
GOAL [ 6 11]
time:  13.47 SPS: 346
279999 success 0.0 +/- 0.0
279999 eval steps mean 99.9 best 99 optimal 5
279999 eval return -7.619 +/- 0.111
time:  13.682 SPS: 347
284999 success 0.0 +/- 0.0
284999 eval steps mean 99.9 best 99 optimal 5
284999 eval return -6.534 +/- 0.012
time:  13.889 SPS: 348
289999 success 0.0 +/- 0.0
289999 eval steps mean 99.9 best 99 optimal 5
289999 eval return -5.132 +/- 0.024
time:  14.097 SPS: 348
294999 success 0.0 +/- 0.0
294999 eval steps mean 99.9 best 99 optimal 5
294999 eval return -4.397 +/- 0.013
time:  14.304 SPS: 349
299999 success 0.0 +/- 0.0
299999 eval steps mean 99.9 best 99 optimal 5
299999 eval return -4.216 +/- 0.022
time:  14.511 SPS: 350
304999 success 1.0 +/- 0.0
304999 eval steps mean 20.3 best 15 optimal 5
304999 eval return 1.401 +/- 0.399
time:  14.707 SPS: 351
309999 success 1.0 +/- 0.0
309999 eval steps mean 15.9 best 15 optimal 5
309999 eval return 1.8 +/- 0.0
time:  14.905 SPS: 352
314999 success 1.0 +/- 0.0
314999 eval steps mean 15.9 best 15 optimal 5
314999 eval return 1.8 +/- 0.0
320000
GOAL [5 4]
time:  15.109 SPS: 352
319999 success 0.0 +/- 0.0
319999 eval steps mean 99.9 best 99 optimal 5
319999 eval return -19.543 +/- 0.118
time:  15.315 SPS: 353
324999 success 0.0 +/- 0.0
324999 eval steps mean 99.9 best 99 optimal 5
324999 eval return -18.825 +/- 0.108
time:  15.513 SPS: 354
329999 success 0.0 +/- 0.0
329999 eval steps mean 99.9 best 99 optimal 5
329999 eval return -12.571 +/- 0.005
time:  15.711 SPS: 355
334999 success 0.0 +/- 0.0
334999 eval steps mean 99.9 best 99 optimal 5
334999 eval return -11.558 +/- 0.002
time:  15.909 SPS: 356
339999 success 0.0 +/- 0.0
339999 eval steps mean 99.9 best 99 optimal 5
339999 eval return -8.198 +/- 0.142
time:  16.083 SPS: 357
344999 success 0.0 +/- 0.0
344999 eval steps mean 99.9 best 99 optimal 5
344999 eval return -6.914 +/- 0.168
time:  16.278 SPS: 358
349999 success 0.0 +/- 0.0
349999 eval steps mean 99.9 best 99 optimal 5
349999 eval return -5.272 +/- 0.048
time:  16.477 SPS: 359
354999 success 0.0 +/- 0.0
354999 eval steps mean 99.9 best 99 optimal 5
354999 eval return -5.294 +/- 0.04
360000
GOAL [9 0]
time:  16.679 SPS: 359
359999 success 0.0 +/- 0.0
359999 eval steps mean 99.9 best 99 optimal 9
359999 eval return -9.0 +/- 0.052
time:  16.882 SPS: 360
364999 success 0.0 +/- 0.0
364999 eval steps mean 99.9 best 99 optimal 9
364999 eval return -8.806 +/- 0.094
time:  17.076 SPS: 361
369999 success 0.0 +/- 0.0
369999 eval steps mean 99.9 best 99 optimal 9
369999 eval return -8.26 +/- 0.009
time:  17.274 SPS: 361
374999 success 0.0 +/- 0.0
374999 eval steps mean 99.9 best 99 optimal 9
374999 eval return -8.22 +/- 0.089
time:  17.47 SPS: 362
379999 success 0.0 +/- 0.0
379999 eval steps mean 99.9 best 99 optimal 9
379999 eval return -8.406 +/- 0.08
time:  17.667 SPS: 363
384999 success 0.0 +/- 0.0
384999 eval steps mean 99.9 best 99 optimal 9
384999 eval return -8.203 +/- 0.009
time:  17.866 SPS: 363
389999 success 0.0 +/- 0.0
389999 eval steps mean 99.9 best 99 optimal 9
389999 eval return -8.391 +/- 0.045
time:  18.056 SPS: 364
394999 success 0.0 +/- 0.0
394999 eval steps mean 99.9 best 99 optimal 9
394999 eval return -9.037 +/- 0.018
400000
GOAL [12  4]
time:  18.255 SPS: 365
399999 success 0.0 +/- 0.0
399999 eval steps mean 99.9 best 99 optimal 8
399999 eval return -11.265 +/- 0.008
time:  18.43 SPS: 366
404999 success 0.0 +/- 0.0
404999 eval steps mean 99.9 best 99 optimal 8
404999 eval return -11.101 +/- 0.009
time:  18.608 SPS: 367
409999 success 0.0 +/- 0.0
409999 eval steps mean 99.9 best 99 optimal 8
409999 eval return -10.74 +/- 0.009
time:  18.813 SPS: 367
414999 success 0.0 +/- 0.0
414999 eval steps mean 99.9 best 99 optimal 8
414999 eval return -10.783 +/- 0.076
time:  19.018 SPS: 368
419999 success 0.0 +/- 0.0
419999 eval steps mean 99.9 best 99 optimal 8
419999 eval return -10.705 +/- 0.005
time:  19.222 SPS: 368
424999 success 0.0 +/- 0.0
424999 eval steps mean 99.9 best 99 optimal 8
424999 eval return -10.675 +/- 0.004
time:  19.435 SPS: 368
429999 success 0.0 +/- 0.0
429999 eval steps mean 99.9 best 99 optimal 8
429999 eval return -10.661 +/- 0.001
time:  19.642 SPS: 369
434999 success 0.0 +/- 0.0
434999 eval steps mean 99.9 best 99 optimal 8
434999 eval return -10.695 +/- 0.005
440000
GOAL [10  0]
time:  19.855 SPS: 369
439999 success 0.0 +/- 0.0
439999 eval steps mean 99.9 best 99 optimal 10
439999 eval return -6.843 +/- 0.085
time:  20.036 SPS: 370
444999 success 0.0 +/- 0.0
444999 eval steps mean 99.9 best 99 optimal 10
444999 eval return -7.265 +/- 0.078
time:  20.228 SPS: 370
449999 success 0.0 +/- 0.0
449999 eval steps mean 99.9 best 99 optimal 10
449999 eval return -5.115 +/- 0.175
time:  20.44 SPS: 371
454999 success 0.0 +/- 0.0
454999 eval steps mean 99.9 best 99 optimal 10
454999 eval return -5.451 +/- 0.031
time:  20.649 SPS: 371
459999 success 0.0 +/- 0.0
459999 eval steps mean 99.9 best 99 optimal 10
459999 eval return -5.28 +/- 0.014
time:  20.862 SPS: 371
464999 success 0.0 +/- 0.0
464999 eval steps mean 99.9 best 99 optimal 10
464999 eval return -5.163 +/- 0.048
time:  21.072 SPS: 371
469999 success 0.0 +/- 0.0
469999 eval steps mean 99.9 best 99 optimal 10
469999 eval return -5.311 +/- 0.137
time:  21.285 SPS: 371
474999 success 0.0 +/- 0.0
474999 eval steps mean 99.9 best 99 optimal 10
474999 eval return -5.241 +/- 0.027
480000
GOAL [14 11]
time:  21.502 SPS: 372
479999 success 0.0 +/- 0.0
479999 eval steps mean 99.9 best 99 optimal 11
479999 eval return -15.515 +/- 0.034
time:  21.712 SPS: 372
484999 success 0.0 +/- 0.0
484999 eval steps mean 99.9 best 99 optimal 11
484999 eval return -15.095 +/- 0.227
time:  21.916 SPS: 372
489999 success 0.0 +/- 0.0
489999 eval steps mean 99.9 best 99 optimal 11
489999 eval return -13.08 +/- 0.098
time:  22.098 SPS: 373
494999 success 0.0 +/- 0.0
494999 eval steps mean 99.9 best 99 optimal 11
494999 eval return -13.404 +/- 0.322
time:  22.288 SPS: 373
499999 success 0.0 +/- 0.0
499999 eval steps mean 99.9 best 99 optimal 11
499999 eval return -13.836 +/- 0.468
time:  22.491 SPS: 374
504999 success 0.0 +/- 0.0
504999 eval steps mean 99.9 best 99 optimal 11
504999 eval return -12.573 +/- 0.043
time:  22.699 SPS: 374
509999 success 0.0 +/- 0.0
509999 eval steps mean 99.9 best 99 optimal 11
509999 eval return -13.206 +/- 0.428
time:  22.9 SPS: 374
514999 success 0.0 +/- 0.0
514999 eval steps mean 99.9 best 99 optimal 11
514999 eval return -12.904 +/- 0.013
520000
GOAL [10  0]
time:  23.11 SPS: 375
519999 success 0.0 +/- 0.0
519999 eval steps mean 99.9 best 99 optimal 10
519999 eval return -4.966 +/- 0.206
time:  23.314 SPS: 375
524999 success 0.0 +/- 0.0
524999 eval steps mean 99.9 best 99 optimal 10
524999 eval return -4.288 +/- 0.014
time:  23.528 SPS: 375
529999 success 0.0 +/- 0.0
529999 eval steps mean 99.9 best 99 optimal 10
529999 eval return -4.378 +/- 0.252
time:  23.737 SPS: 375
534999 success 0.0 +/- 0.0
534999 eval steps mean 99.9 best 99 optimal 10
534999 eval return -4.894 +/- 0.282
time:  23.942 SPS: 375
539999 success 0.0 +/- 0.0
539999 eval steps mean 99.9 best 99 optimal 10
539999 eval return -4.524 +/- 0.225
time:  24.153 SPS: 376
544999 success 0.0 +/- 0.0
544999 eval steps mean 99.9 best 99 optimal 10
544999 eval return -4.928 +/- 0.03
time:  24.361 SPS: 376
549999 success 0.0 +/- 0.0
549999 eval steps mean 99.9 best 99 optimal 10
549999 eval return -4.607 +/- 0.03
time:  24.584 SPS: 376
554999 success 0.0 +/- 0.0
554999 eval steps mean 99.9 best 99 optimal 10
554999 eval return -4.188 +/- 0.022
560000
GOAL [13  0]
time:  24.805 SPS: 376
559999 success 0.0 +/- 0.0
559999 eval steps mean 99.9 best 99 optimal 13
559999 eval return -6.673 +/- 0.049
time:  25.015 SPS: 376
564999 success 0.0 +/- 0.0
564999 eval steps mean 99.9 best 99 optimal 13
564999 eval return -6.484 +/- 0.051
time:  25.231 SPS: 376
569999 success 0.0 +/- 0.0
569999 eval steps mean 99.9 best 99 optimal 13
569999 eval return -6.243 +/- 0.029
time:  25.439 SPS: 376
574999 success 0.0 +/- 0.0
574999 eval steps mean 99.9 best 99 optimal 13
574999 eval return -6.21 +/- 0.04
time:  25.652 SPS: 376
579999 success 0.0 +/- 0.0
579999 eval steps mean 99.9 best 99 optimal 13
579999 eval return -6.156 +/- 0.029
time:  25.859 SPS: 377
584999 success 0.0 +/- 0.0
584999 eval steps mean 99.9 best 99 optimal 13
584999 eval return -6.46 +/- 0.034
time:  26.066 SPS: 377
589999 success 0.0 +/- 0.0
589999 eval steps mean 99.9 best 99 optimal 13
589999 eval return -6.836 +/- 0.099
time:  26.268 SPS: 377
594999 success 0.0 +/- 0.0
594999 eval steps mean 99.9 best 99 optimal 13
594999 eval return -6.483 +/- 0.061
600000
GOAL [12 11]
time:  26.483 SPS: 377
599999 success 0.0 +/- 0.0
599999 eval steps mean 99.9 best 99 optimal 9
599999 eval return -12.064 +/- 0.371
time:  26.689 SPS: 377
604999 success 0.0 +/- 0.0
604999 eval steps mean 99.9 best 99 optimal 9
604999 eval return -10.939 +/- 0.038
time:  26.887 SPS: 378
609999 success 0.0 +/- 0.0
609999 eval steps mean 99.9 best 99 optimal 9
609999 eval return -8.136 +/- 0.557
time:  27.089 SPS: 378
614999 success 0.0 +/- 0.0
614999 eval steps mean 99.9 best 99 optimal 9
614999 eval return -6.376 +/- 0.1
time:  27.299 SPS: 378
619999 success 0.0 +/- 0.0
619999 eval steps mean 99.9 best 99 optimal 9
619999 eval return -6.263 +/- 0.059
time:  27.507 SPS: 378
624999 success 0.0 +/- 0.0
624999 eval steps mean 99.9 best 99 optimal 9
624999 eval return -6.259 +/- 0.048
time:  27.715 SPS: 378
629999 success 0.0 +/- 0.0
629999 eval steps mean 99.9 best 99 optimal 9
629999 eval return -5.559 +/- 0.11
time:  27.931 SPS: 378
634999 success 0.0 +/- 0.0
634999 eval steps mean 99.9 best 99 optimal 9
634999 eval return -6.171 +/- 0.165
640000
GOAL [10  7]
time:  28.155 SPS: 378
639999 success 0.0 +/- 0.0
639999 eval steps mean 99.9 best 99 optimal 3
639999 eval return -5.531 +/- 0.053
time:  28.37 SPS: 378
644999 success 0.0 +/- 0.0
644999 eval steps mean 99.9 best 99 optimal 3
644999 eval return -5.317 +/- 0.039
time:  28.581 SPS: 379
649999 success 0.0 +/- 0.0
649999 eval steps mean 99.9 best 99 optimal 3
649999 eval return -5.081 +/- 0.025
time:  28.79 SPS: 379
654999 success 0.0 +/- 0.0
654999 eval steps mean 99.9 best 99 optimal 3
654999 eval return -5.334 +/- 0.029
time:  29.0 SPS: 379
659999 success 0.0 +/- 0.0
659999 eval steps mean 99.9 best 99 optimal 3
659999 eval return -5.252 +/- 0.022
time:  29.21 SPS: 379
664999 success 0.0 +/- 0.0
664999 eval steps mean 99.9 best 99 optimal 3
664999 eval return -5.121 +/- 0.04
time:  29.425 SPS: 379
669999 success 0.0 +/- 0.0
669999 eval steps mean 99.9 best 99 optimal 3
669999 eval return -5.055 +/- 0.024
time:  29.64 SPS: 379
674999 success 0.0 +/- 0.0
674999 eval steps mean 99.9 best 99 optimal 3
674999 eval return -4.903 +/- 0.035
680000
GOAL [12  8]
time:  29.859 SPS: 379
679999 success 0.0 +/- 0.0
679999 eval steps mean 99.9 best 99 optimal 6
679999 eval return -4.924 +/- 0.035
time:  30.074 SPS: 379
684999 success 0.1 +/- 0.1
684999 eval steps mean 99.4 best 95 optimal 6
684999 eval return -4.884 +/- 0.572
time:  30.292 SPS: 379
689999 success 0.1 +/- 0.1
689999 eval steps mean 98.0 best 81 optimal 6
689999 eval return -4.332 +/- 0.381
time:  30.502 SPS: 379
694999 success 1.0 +/- 0.0
694999 eval steps mean 34.7 best 30 optimal 6
694999 eval return -0.112 +/- 0.097
time:  30.706 SPS: 379
699999 success 1.0 +/- 0.0
699999 eval steps mean 29.7 best 28 optimal 6
699999 eval return 0.468 +/- 0.035
time:  30.909 SPS: 380
704999 success 1.0 +/- 0.0
704999 eval steps mean 29.3 best 28 optimal 6
704999 eval return 0.48 +/- 0.04
time:  31.113 SPS: 380
709999 success 1.0 +/- 0.0
709999 eval steps mean 29.5 best 28 optimal 6
709999 eval return 0.477 +/- 0.029
time:  31.317 SPS: 380
714999 success 1.0 +/- 0.0
714999 eval steps mean 29.7 best 28 optimal 6
714999 eval return 0.444 +/- 0.07
720000
GOAL [ 6 13]
time:  31.529 SPS: 380
719999 success 0.0 +/- 0.0
719999 eval steps mean 99.9 best 99 optimal 7
719999 eval return -12.81 +/- 0.112
time:  31.739 SPS: 380
724999 success 0.0 +/- 0.0
724999 eval steps mean 99.9 best 99 optimal 7
724999 eval return -12.498 +/- 0.022
time:  31.949 SPS: 380
729999 success 0.0 +/- 0.0
729999 eval steps mean 99.9 best 99 optimal 7
729999 eval return -9.2 +/- 0.035
time:  32.154 SPS: 380
734999 success 0.0 +/- 0.0
734999 eval steps mean 99.9 best 99 optimal 7
734999 eval return -9.13 +/- 0.172
time:  32.359 SPS: 381
739999 success 0.0 +/- 0.0
739999 eval steps mean 99.9 best 99 optimal 7
739999 eval return -4.934 +/- 0.362
time:  32.573 SPS: 381
744999 success 1.0 +/- 0.0
744999 eval steps mean 22.3 best 21 optimal 7
744999 eval return 1.064 +/- 0.031
time:  32.776 SPS: 381
749999 success 1.0 +/- 0.0
749999 eval steps mean 23.0 best 21 optimal 7
749999 eval return 0.985 +/- 0.069
time:  32.983 SPS: 381
754999 success 1.0 +/- 0.0
754999 eval steps mean 21.9 best 21 optimal 7
754999 eval return 1.11 +/- 0.0
760000
GOAL [ 7 10]
time:  33.189 SPS: 381
759999 success 0.0 +/- 0.0
759999 eval steps mean 99.9 best 99 optimal 3
759999 eval return -7.48 +/- 0.077
time:  33.399 SPS: 381
764999 success 0.0 +/- 0.0
764999 eval steps mean 99.9 best 99 optimal 3
764999 eval return -5.937 +/- 0.038
time:  33.601 SPS: 381
769999 success 0.0 +/- 0.0
769999 eval steps mean 99.9 best 99 optimal 3
769999 eval return -3.582 +/- 0.111
time:  33.809 SPS: 382
774999 success 0.0 +/- 0.0
774999 eval steps mean 99.9 best 99 optimal 3
774999 eval return -4.148 +/- 0.059
time:  34.017 SPS: 382
779999 success 0.0 +/- 0.0
779999 eval steps mean 99.9 best 99 optimal 3
779999 eval return -4.008 +/- 0.079
time:  34.221 SPS: 382
784999 success 0.0 +/- 0.0
784999 eval steps mean 99.9 best 99 optimal 3
784999 eval return -3.616 +/- 0.074
time:  34.426 SPS: 382
789999 success 0.0 +/- 0.0
789999 eval steps mean 99.9 best 99 optimal 3
789999 eval return -3.734 +/- 0.035
time:  34.6 SPS: 382
794999 success 0.1 +/- 0.1
794999 eval steps mean 96.3 best 63 optimal 3
794999 eval return -2.986 +/- 0.358
800000
GOAL [12 11]
time:  34.749 SPS: 383
799999 success 0.0 +/- 0.0
799999 eval steps mean 99.9 best 99 optimal 9
799999 eval return -10.228 +/- 0.017
done RL run. Time 34.79233706333325 min
