agent_dict keys dict_keys(['base_algorithm', 'learning_rate', 'num_envs', 'rollout_num_steps', 'gamma', 'gae_lambda', 'num_minibatches', 'update_epochs', 'minibatch_size', 'norm_adv', 'clip_coef', 'clip_vloss', 'ent_coef', 'vf_coef', 'max_grad_norm', 'rpo_alpha', 'parseval_reg', 'input_scale', 'learnable_input_scale', 'add_diag_layer', 'lie_group', 'layer_norm', 'layer_norm_no_params', 'weight_decay', 'tuned_adam', 'perturb', 'perturb_dist', 'regen', 'regen_wasserstein', 'weight_init', 'net_width', 'net_activation', 'init_gain', 'parseval_norm', 'parseval_num_groups'])
env_dict keys dict_keys(['env', 'change_freq', 'seed', 'env_type'])
Start RL run!
{'base_algorithm': 'ppo_agent', 'learning_rate': 0.00025, 'num_envs': 1, 'rollout_num_steps': 128, 'gamma': 0.99, 'gae_lambda': 0.95, 'num_minibatches': 4, 'update_epochs': 4, 'minibatch_size': 32, 'norm_adv': True, 'clip_coef': 0.2, 'clip_vloss': True, 'ent_coef': 0.01, 'vf_coef': 0.5, 'max_grad_norm': 0.5, 'rpo_alpha': 0, 'parseval_reg': 0, 'input_scale': 1, 'learnable_input_scale': False, 'add_diag_layer': True, 'lie_group': True, 'layer_norm': False, 'layer_norm_no_params': False, 'weight_decay': 0, 'tuned_adam': False, 'perturb': 0.0, 'perturb_dist': 'xavier', 'regen': 0.0, 'regen_wasserstein': False, 'weight_init': 'orthogonal', 'net_width': 64, 'net_activation': 'tanh', 'init_gain': None, 'parseval_norm': False, 'parseval_num_groups': 1, 'device': 'cpu'}
{'env': 'gridworld_ninerooms', 'change_freq': 40000, 'seed': 126, 'env_type': 'rl', 'local_run': False}
Running on gpu: False
Gridworld args () {'env': 'gridworld_ninerooms', 'change_freq': 40000, 'seed': 126, 'env_type': 'rl', 'local_run': False}
time:  0.039 SPS: 0
0 success 0.0 +/- 0.0
0 eval steps mean 99.9 best 99 optimal 10
0 eval return -14.316 +/- 0.888
time:  0.422 SPS: 197
4999 success 0.0 +/- 0.0
4999 eval steps mean 99.9 best 99 optimal 10
4999 eval return -13.121 +/- 0.749
time:  0.812 SPS: 205
9999 success 0.1 +/- 0.1
9999 eval steps mean 97.0 best 71 optimal 10
9999 eval return -10.059 +/- 0.988
time:  1.2 SPS: 208
14999 success 0.0 +/- 0.0
14999 eval steps mean 99.9 best 99 optimal 10
14999 eval return -10.851 +/- 0.715
time:  1.574 SPS: 211
19999 success 0.0 +/- 0.0
19999 eval steps mean 99.9 best 99 optimal 10
19999 eval return -10.908 +/- 0.859
time:  1.955 SPS: 213
24999 success 0.0 +/- 0.0
24999 eval steps mean 99.9 best 99 optimal 10
24999 eval return -10.372 +/- 0.425
time:  2.328 SPS: 214
29999 success 0.0 +/- 0.0
29999 eval steps mean 99.9 best 99 optimal 10
29999 eval return -11.295 +/- 0.542
time:  2.706 SPS: 215
34999 success 0.0 +/- 0.0
34999 eval steps mean 99.9 best 99 optimal 10
34999 eval return -9.307 +/- 0.476
40000
GOAL [12 14]
time:  3.09 SPS: 215
39999 success 0.0 +/- 0.0
39999 eval steps mean 99.9 best 99 optimal 12
39999 eval return -11.717 +/- 0.426
time:  3.465 SPS: 216
44999 success 0.0 +/- 0.0
44999 eval steps mean 99.9 best 99 optimal 12
44999 eval return -8.379 +/- 0.875
time:  3.84 SPS: 217
49999 success 0.0 +/- 0.0
49999 eval steps mean 99.9 best 99 optimal 12
49999 eval return -8.205 +/- 0.614
time:  4.215 SPS: 217
54999 success 0.0 +/- 0.0
54999 eval steps mean 99.9 best 99 optimal 12
54999 eval return -7.771 +/- 0.449
time:  4.588 SPS: 217
59999 success 0.0 +/- 0.0
59999 eval steps mean 99.9 best 99 optimal 12
59999 eval return -9.509 +/- 0.775
time:  4.963 SPS: 218
64999 success 0.0 +/- 0.0
64999 eval steps mean 99.9 best 99 optimal 12
64999 eval return -8.182 +/- 0.629
time:  5.335 SPS: 218
69999 success 0.0 +/- 0.0
69999 eval steps mean 99.9 best 99 optimal 12
69999 eval return -8.635 +/- 0.722
time:  5.722 SPS: 218
74999 success 0.0 +/- 0.0
74999 eval steps mean 99.9 best 99 optimal 12
74999 eval return -6.705 +/- 0.394
80000
GOAL [10 12]
time:  6.114 SPS: 218
79999 success 0.0 +/- 0.0
79999 eval steps mean 99.9 best 99 optimal 8
79999 eval return -9.811 +/- 0.894
time:  6.509 SPS: 217
84999 success 0.0 +/- 0.0
84999 eval steps mean 99.9 best 99 optimal 8
84999 eval return -7.991 +/- 0.652
time:  6.9 SPS: 217
89999 success 0.0 +/- 0.0
89999 eval steps mean 99.9 best 99 optimal 8
89999 eval return -9.177 +/- 0.767
time:  7.279 SPS: 217
94999 success 0.2 +/- 0.133
94999 eval steps mean 91.1 best 30 optimal 8
94999 eval return -5.453 +/- 0.942
time:  7.659 SPS: 217
99999 success 0.1 +/- 0.1
99999 eval steps mean 99.0 best 91 optimal 8
99999 eval return -7.322 +/- 1.093
time:  8.041 SPS: 217
104999 success 0.3 +/- 0.153
104999 eval steps mean 86.5 best 28 optimal 8
104999 eval return -7.423 +/- 1.925
time:  8.421 SPS: 217
109999 success 0.1 +/- 0.1
109999 eval steps mean 98.7 best 88 optimal 8
109999 eval return -6.559 +/- 0.942
time:  8.806 SPS: 217
114999 success 0.5 +/- 0.167
114999 eval steps mean 77.7 best 39 optimal 8
114999 eval return -4.58 +/- 1.484
120000
GOAL [12 14]
time:  9.198 SPS: 217
119999 success 0.6 +/- 0.163
119999 eval steps mean 79.0 best 33 optimal 12
119999 eval return -4.079 +/- 1.409
time:  9.584 SPS: 217
124999 success 0.8 +/- 0.133
124999 eval steps mean 60.2 best 25 optimal 12
124999 eval return -3.02 +/- 1.596
time:  9.967 SPS: 217
129999 success 0.6 +/- 0.163
129999 eval steps mean 70.7 best 23 optimal 12
129999 eval return -3.218 +/- 1.375
time:  10.355 SPS: 217
134999 success 0.8 +/- 0.133
134999 eval steps mean 53.6 best 21 optimal 12
134999 eval return -2.479 +/- 1.895
time:  10.742 SPS: 217
139999 success 1.0 +/- 0.0
139999 eval steps mean 36.4 best 18 optimal 12
139999 eval return 0.848 +/- 0.335
time:  11.121 SPS: 217
144999 success 0.9 +/- 0.1
144999 eval steps mean 50.2 best 19 optimal 12
144999 eval return -0.911 +/- 1.406
time:  11.508 SPS: 217
149999 success 1.0 +/- 0.0
149999 eval steps mean 44.6 best 18 optimal 12
149999 eval return 0.188 +/- 0.318
time:  11.894 SPS: 217
154999 success 1.0 +/- 0.0
154999 eval steps mean 35.8 best 23 optimal 12
154999 eval return 1.176 +/- 0.112
160000
GOAL [12  1]
time:  12.294 SPS: 216
159999 success 0.0 +/- 0.0
159999 eval steps mean 99.9 best 99 optimal 11
159999 eval return -12.64 +/- 0.174
time:  12.671 SPS: 217
164999 success 0.0 +/- 0.0
164999 eval steps mean 99.9 best 99 optimal 11
164999 eval return -12.79 +/- 0.239
time:  13.057 SPS: 216
169999 success 0.0 +/- 0.0
169999 eval steps mean 99.9 best 99 optimal 11
169999 eval return -6.603 +/- 0.155
time:  13.419 SPS: 217
174999 success 0.0 +/- 0.0
174999 eval steps mean 99.9 best 99 optimal 11
174999 eval return -5.887 +/- 0.289
time:  13.802 SPS: 217
179999 success 0.7 +/- 0.153
179999 eval steps mean 70.3 best 16 optimal 11
179999 eval return -3.046 +/- 1.921
time:  14.193 SPS: 217
184999 success 0.5 +/- 0.167
184999 eval steps mean 65.2 best 22 optimal 11
184999 eval return -2.469 +/- 1.551
time:  14.573 SPS: 217
189999 success 0.7 +/- 0.153
189999 eval steps mean 58.5 best 24 optimal 11
189999 eval return -1.126 +/- 0.997
time:  14.953 SPS: 217
194999 success 0.8 +/- 0.133
194999 eval steps mean 46.7 best 18 optimal 11
194999 eval return -0.126 +/- 1.101
200000
GOAL [10 11]
time:  15.337 SPS: 217
199999 success 0.0 +/- 0.0
199999 eval steps mean 99.9 best 99 optimal 7
199999 eval return -12.694 +/- 0.115
time:  15.721 SPS: 217
204999 success 0.6 +/- 0.163
204999 eval steps mean 69.8 best 12 optimal 7
204999 eval return -3.178 +/- 1.803
time:  16.09 SPS: 217
209999 success 0.3 +/- 0.153
209999 eval steps mean 78.2 best 14 optimal 7
209999 eval return -5.08 +/- 1.876
time:  16.471 SPS: 217
214999 success 0.9 +/- 0.1
214999 eval steps mean 42.2 best 15 optimal 7
214999 eval return 0.152 +/- 0.883
time:  16.858 SPS: 217
219999 success 1.0 +/- 0.0
219999 eval steps mean 35.8 best 22 optimal 7
219999 eval return 1.165 +/- 0.25
time:  17.243 SPS: 217
224999 success 1.0 +/- 0.0
224999 eval steps mean 25.8 best 12 optimal 7
224999 eval return 1.762 +/- 0.248
time:  17.634 SPS: 217
229999 success 0.9 +/- 0.1
229999 eval steps mean 29.2 best 14 optimal 7
229999 eval return 0.478 +/- 1.407
time:  18.029 SPS: 217
234999 success 1.0 +/- 0.0
234999 eval steps mean 15.5 best 12 optimal 7
234999 eval return 2.163 +/- 0.056
240000
GOAL [6 1]
time:  18.439 SPS: 216
239999 success 0.0 +/- 0.0
239999 eval steps mean 99.9 best 99 optimal 7
239999 eval return -19.523 +/- 0.112
time:  18.847 SPS: 216
244999 success 0.0 +/- 0.0
244999 eval steps mean 99.9 best 99 optimal 7
244999 eval return -12.768 +/- 1.06
time:  19.252 SPS: 216
249999 success 0.0 +/- 0.0
249999 eval steps mean 99.9 best 99 optimal 7
249999 eval return -14.201 +/- 0.768
time:  19.667 SPS: 216
254999 success 0.1 +/- 0.1
254999 eval steps mean 95.1 best 52 optimal 7
254999 eval return -10.368 +/- 1.149
time:  20.076 SPS: 215
259999 success 0.1 +/- 0.1
259999 eval steps mean 98.6 best 87 optimal 7
259999 eval return -11.422 +/- 1.354
time:  20.485 SPS: 215
264999 success 0.0 +/- 0.0
264999 eval steps mean 99.9 best 99 optimal 7
264999 eval return -9.819 +/- 0.985
time:  20.872 SPS: 215
269999 success 0.3 +/- 0.153
269999 eval steps mean 81.3 best 34 optimal 7
269999 eval return -7.688 +/- 1.887
time:  21.267 SPS: 215
274999 success 0.4 +/- 0.163
274999 eval steps mean 77.8 best 24 optimal 7
274999 eval return -6.999 +/- 1.869
280000
GOAL [5 2]
time:  21.664 SPS: 215
279999 success 0.0 +/- 0.0
279999 eval steps mean 99.9 best 99 optimal 7
279999 eval return -7.625 +/- 1.163
time:  22.059 SPS: 215
284999 success 0.0 +/- 0.0
284999 eval steps mean 99.9 best 99 optimal 7
284999 eval return -8.063 +/- 0.11
time:  22.447 SPS: 215
289999 success 0.4 +/- 0.163
289999 eval steps mean 85.2 best 35 optimal 7
289999 eval return -6.314 +/- 1.974
time:  22.838 SPS: 215
294999 success 0.0 +/- 0.0
294999 eval steps mean 99.9 best 99 optimal 7
294999 eval return -11.464 +/- 1.165
time:  23.221 SPS: 215
299999 success 0.1 +/- 0.1
299999 eval steps mean 97.0 best 71 optimal 7
299999 eval return -7.562 +/- 1.222
time:  23.593 SPS: 215
304999 success 0.0 +/- 0.0
304999 eval steps mean 99.9 best 99 optimal 7
304999 eval return -6.804 +/- 0.461
time:  23.975 SPS: 215
309999 success 0.4 +/- 0.163
309999 eval steps mean 92.6 best 62 optimal 7
309999 eval return -8.269 +/- 1.79
time:  24.361 SPS: 215
314999 success 0.4 +/- 0.163
314999 eval steps mean 79.9 best 28 optimal 7
314999 eval return -6.565 +/- 2.075
320000
GOAL [10  1]
time:  24.764 SPS: 215
319999 success 0.5 +/- 0.167
319999 eval steps mean 64.0 best 16 optimal 9
319999 eval return -4.89 +/- 2.395
time:  25.154 SPS: 215
324999 success 0.9 +/- 0.1
324999 eval steps mean 42.5 best 19 optimal 9
324999 eval return -0.753 +/- 1.59
time:  25.541 SPS: 215
329999 success 1.0 +/- 0.0
329999 eval steps mean 22.7 best 15 optimal 9
329999 eval return 1.869 +/- 0.05
time:  25.927 SPS: 215
334999 success 1.0 +/- 0.0
334999 eval steps mean 18.4 best 16 optimal 9
334999 eval return 1.942 +/- 0.058
time:  26.315 SPS: 215
339999 success 0.9 +/- 0.1
339999 eval steps mean 26.8 best 16 optimal 9
339999 eval return 0.131 +/- 1.851
time:  26.695 SPS: 215
344999 success 1.0 +/- 0.0
344999 eval steps mean 15.7 best 14 optimal 9
344999 eval return 2.034 +/- 0.023
time:  27.08 SPS: 215
349999 success 1.0 +/- 0.0
349999 eval steps mean 16.9 best 16 optimal 9
349999 eval return 2.002 +/- 0.029
time:  27.467 SPS: 215
354999 success 1.0 +/- 0.0
354999 eval steps mean 15.3 best 14 optimal 9
354999 eval return 2.061 +/- 0.009
360000
GOAL [ 8 10]
time:  27.872 SPS: 215
359999 success 0.0 +/- 0.0
359999 eval steps mean 99.9 best 99 optimal 4
359999 eval return -18.825 +/- 0.018
time:  28.281 SPS: 215
364999 success 0.0 +/- 0.0
364999 eval steps mean 99.9 best 99 optimal 4
364999 eval return -18.731 +/- 0.025
time:  28.69 SPS: 214
369999 success 0.0 +/- 0.0
369999 eval steps mean 99.9 best 99 optimal 4
369999 eval return -18.041 +/- 0.05
time:  29.099 SPS: 214
374999 success 0.0 +/- 0.0
374999 eval steps mean 99.9 best 99 optimal 4
374999 eval return -17.368 +/- 0.052
time:  29.502 SPS: 214
379999 success 0.1 +/- 0.1
379999 eval steps mean 94.7 best 47 optimal 4
379999 eval return -6.069 +/- 0.667
time:  29.903 SPS: 214
384999 success 0.0 +/- 0.0
384999 eval steps mean 99.9 best 99 optimal 4
384999 eval return -6.65 +/- 0.113
time:  30.309 SPS: 214
389999 success 0.0 +/- 0.0
389999 eval steps mean 99.9 best 99 optimal 4
389999 eval return -8.427 +/- 1.171
time:  30.705 SPS: 214
394999 success 0.0 +/- 0.0
394999 eval steps mean 99.9 best 99 optimal 4
394999 eval return -6.315 +/- 0.121
400000
GOAL [5 4]
time:  31.104 SPS: 214
399999 success 0.0 +/- 0.0
399999 eval steps mean 99.9 best 99 optimal 5
399999 eval return -20.957 +/- 0.634
time:  31.484 SPS: 214
404999 success 0.0 +/- 0.0
404999 eval steps mean 99.9 best 99 optimal 5
404999 eval return -16.645 +/- 1.664
time:  31.867 SPS: 214
409999 success 0.6 +/- 0.163
409999 eval steps mean 73.1 best 26 optimal 5
409999 eval return -4.312 +/- 1.255
time:  32.25 SPS: 214
414999 success 0.7 +/- 0.153
414999 eval steps mean 59.8 best 22 optimal 5
414999 eval return -4.335 +/- 2.035
time:  32.631 SPS: 214
419999 success 0.8 +/- 0.133
419999 eval steps mean 60.6 best 34 optimal 5
419999 eval return -4.796 +/- 2.606
time:  33.017 SPS: 214
424999 success 0.3 +/- 0.153
424999 eval steps mean 80.9 best 25 optimal 5
424999 eval return -6.413 +/- 1.404
time:  33.398 SPS: 214
429999 success 0.6 +/- 0.163
429999 eval steps mean 67.9 best 27 optimal 5
429999 eval return -7.584 +/- 2.71
time:  33.79 SPS: 214
434999 success 0.6 +/- 0.163
434999 eval steps mean 65.3 best 24 optimal 5
434999 eval return -7.528 +/- 2.942
440000
GOAL [11 14]
time:  34.188 SPS: 214
439999 success 0.0 +/- 0.0
439999 eval steps mean 99.9 best 99 optimal 11
439999 eval return -15.909 +/- 1.791
time:  34.576 SPS: 214
444999 success 0.0 +/- 0.0
444999 eval steps mean 99.9 best 99 optimal 11
444999 eval return -18.311 +/- 0.451
time:  34.974 SPS: 214
449999 success 0.0 +/- 0.0
449999 eval steps mean 99.9 best 99 optimal 11
449999 eval return -16.119 +/- 0.491
time:  35.382 SPS: 214
454999 success 0.0 +/- 0.0
454999 eval steps mean 99.9 best 99 optimal 11
454999 eval return -16.137 +/- 0.496
time:  35.777 SPS: 214
459999 success 1.0 +/- 0.0
459999 eval steps mean 23.6 best 16 optimal 11
459999 eval return 1.656 +/- 0.27
time:  36.16 SPS: 214
464999 success 1.0 +/- 0.0
464999 eval steps mean 19.0 best 14 optimal 11
464999 eval return 1.941 +/- 0.062
time:  36.549 SPS: 214
469999 success 1.0 +/- 0.0
469999 eval steps mean 14.9 best 13 optimal 11
469999 eval return 2.061 +/- 0.013
time:  36.94 SPS: 214
474999 success 1.0 +/- 0.0
474999 eval steps mean 14.1 best 13 optimal 11
474999 eval return 2.087 +/- 0.003
480000
GOAL [ 9 13]
time:  37.341 SPS: 214
479999 success 0.0 +/- 0.0
479999 eval steps mean 99.9 best 99 optimal 8
479999 eval return -4.831 +/- 0.034
time:  37.72 SPS: 214
484999 success 0.0 +/- 0.0
484999 eval steps mean 99.9 best 99 optimal 8
484999 eval return -6.939 +/- 0.596
time:  38.11 SPS: 214
489999 success 0.0 +/- 0.0
489999 eval steps mean 99.9 best 99 optimal 8
489999 eval return -4.865 +/- 0.029
time:  38.489 SPS: 214
494999 success 0.0 +/- 0.0
494999 eval steps mean 99.9 best 99 optimal 8
494999 eval return -4.613 +/- 0.02
time:  38.875 SPS: 214
499999 success 0.0 +/- 0.0
499999 eval steps mean 99.9 best 99 optimal 8
499999 eval return -4.521 +/- 0.059
time:  39.244 SPS: 214
504999 success 0.0 +/- 0.0
504999 eval steps mean 99.9 best 99 optimal 8
504999 eval return -4.581 +/- 0.018
time:  39.617 SPS: 214
509999 success 0.1 +/- 0.1
509999 eval steps mean 92.1 best 21 optimal 8
509999 eval return -3.829 +/- 0.596
time:  40.006 SPS: 214
514999 success 0.0 +/- 0.0
514999 eval steps mean 99.9 best 99 optimal 8
514999 eval return -5.763 +/- 1.545
520000
GOAL [13 13]
time:  40.409 SPS: 214
519999 success 0.0 +/- 0.0
519999 eval steps mean 99.9 best 99 optimal 12
519999 eval return -13.974 +/- 1.895
time:  40.808 SPS: 214
524999 success 0.0 +/- 0.0
524999 eval steps mean 99.9 best 99 optimal 12
524999 eval return -3.945 +/- 0.019
time:  41.194 SPS: 214
529999 success 0.4 +/- 0.163
529999 eval steps mean 80.2 best 13 optimal 12
529999 eval return -3.464 +/- 1.575
time:  41.573 SPS: 214
534999 success 0.8 +/- 0.133
534999 eval steps mean 33.4 best 12 optimal 12
534999 eval return 0.19 +/- 1.448
time:  41.942 SPS: 214
539999 success 0.6 +/- 0.163
539999 eval steps mean 49.3 best 13 optimal 12
539999 eval return 0.253 +/- 0.766
time:  42.322 SPS: 214
544999 success 1.0 +/- 0.0
544999 eval steps mean 13.5 best 12 optimal 12
544999 eval return 2.197 +/- 0.017
time:  42.7 SPS: 214
549999 success 1.0 +/- 0.0
549999 eval steps mean 13.3 best 12 optimal 12
549999 eval return 2.214 +/- 0.004
time:  43.088 SPS: 214
554999 success 0.9 +/- 0.1
554999 eval steps mean 22.3 best 12 optimal 12
554999 eval return 1.727 +/- 0.48
560000
GOAL [14  6]
time:  43.486 SPS: 214
559999 success 0.0 +/- 0.0
559999 eval steps mean 99.9 best 99 optimal 8
559999 eval return -10.952 +/- 0.138
time:  43.852 SPS: 214
564999 success 0.2 +/- 0.133
564999 eval steps mean 91.8 best 43 optimal 8
564999 eval return -1.128 +/- 0.572
time:  44.213 SPS: 214
569999 success 0.6 +/- 0.163
569999 eval steps mean 53.4 best 9 optimal 8
569999 eval return 0.965 +/- 0.63
time:  44.587 SPS: 214
574999 success 1.0 +/- 0.0
574999 eval steps mean 9.7 best 9 optimal 8
574999 eval return 2.632 +/- 0.004
time:  44.961 SPS: 214
579999 success 1.0 +/- 0.0
579999 eval steps mean 9.2 best 9 optimal 8
579999 eval return 2.637 +/- 0.002
time:  45.331 SPS: 215
584999 success 1.0 +/- 0.0
584999 eval steps mean 8.9 best 8 optimal 8
584999 eval return 2.64 +/- 0.0
time:  45.709 SPS: 215
589999 success 1.0 +/- 0.0
589999 eval steps mean 8.9 best 8 optimal 8
589999 eval return 2.64 +/- 0.0
time:  46.091 SPS: 215
594999 success 1.0 +/- 0.0
594999 eval steps mean 8.9 best 8 optimal 8
594999 eval return 2.64 +/- 0.0
600000
GOAL [ 8 13]
time:  46.476 SPS: 215
599999 success 0.0 +/- 0.0
599999 eval steps mean 99.9 best 99 optimal 7
599999 eval return -13.846 +/- 0.002
time:  46.835 SPS: 215
604999 success 0.0 +/- 0.0
604999 eval steps mean 99.9 best 99 optimal 7
604999 eval return -13.831 +/- 0.008
time:  47.187 SPS: 215
609999 success 0.0 +/- 0.0
609999 eval steps mean 99.9 best 99 optimal 7
609999 eval return -13.403 +/- 0.1
time:  47.54 SPS: 215
614999 success 0.0 +/- 0.0
614999 eval steps mean 99.9 best 99 optimal 7
614999 eval return -12.515 +/- 0.133
time:  47.891 SPS: 215
619999 success 0.0 +/- 0.0
619999 eval steps mean 99.9 best 99 optimal 7
619999 eval return -12.296 +/- 0.141
time:  48.246 SPS: 215
624999 success 0.0 +/- 0.0
624999 eval steps mean 99.9 best 99 optimal 7
624999 eval return -12.112 +/- 0.092
time:  48.596 SPS: 216
629999 success 0.0 +/- 0.0
629999 eval steps mean 99.9 best 99 optimal 7
629999 eval return -12.02 +/- 0.0
time:  48.954 SPS: 216
634999 success 0.0 +/- 0.0
634999 eval steps mean 99.9 best 99 optimal 7
634999 eval return -12.112 +/- 0.092
640000
GOAL [ 5 11]
time:  49.324 SPS: 216
639999 success 0.0 +/- 0.0
639999 eval steps mean 99.9 best 99 optimal 6
639999 eval return -14.96 +/- 0.0
time:  49.687 SPS: 216
644999 success 0.0 +/- 0.0
644999 eval steps mean 99.9 best 99 optimal 6
644999 eval return -15.511 +/- 0.15
time:  50.031 SPS: 216
649999 success 0.0 +/- 0.0
649999 eval steps mean 99.9 best 99 optimal 6
649999 eval return -14.96 +/- 0.0
time:  50.391 SPS: 216
654999 success 0.0 +/- 0.0
654999 eval steps mean 99.9 best 99 optimal 6
654999 eval return -14.96 +/- 0.0
time:  50.755 SPS: 216
659999 success 0.0 +/- 0.0
659999 eval steps mean 99.9 best 99 optimal 6
659999 eval return -14.96 +/- 0.0
time:  51.118 SPS: 216
664999 success 0.0 +/- 0.0
664999 eval steps mean 99.9 best 99 optimal 6
664999 eval return -14.96 +/- 0.0
time:  51.489 SPS: 216
669999 success 0.0 +/- 0.0
669999 eval steps mean 99.9 best 99 optimal 6
669999 eval return -14.96 +/- 0.0
time:  51.859 SPS: 216
674999 success 0.0 +/- 0.0
674999 eval steps mean 99.9 best 99 optimal 6
674999 eval return -14.96 +/- 0.0
680000
GOAL [14  5]
time:  52.244 SPS: 216
679999 success 0.0 +/- 0.0
679999 eval steps mean 99.9 best 99 optimal 9
679999 eval return -2.28 +/- 0.0
time:  52.62 SPS: 216
684999 success 0.0 +/- 0.0
684999 eval steps mean 99.9 best 99 optimal 9
684999 eval return -2.28 +/- 0.0
time:  52.989 SPS: 217
689999 success 0.0 +/- 0.0
689999 eval steps mean 99.9 best 99 optimal 9
689999 eval return -2.28 +/- 0.0
time:  53.352 SPS: 217
694999 success 0.0 +/- 0.0
694999 eval steps mean 99.9 best 99 optimal 9
694999 eval return -2.28 +/- 0.0
time:  53.718 SPS: 217
699999 success 0.0 +/- 0.0
699999 eval steps mean 99.9 best 99 optimal 9
699999 eval return -2.28 +/- 0.0
time:  54.086 SPS: 217
704999 success 0.0 +/- 0.0
704999 eval steps mean 99.9 best 99 optimal 9
704999 eval return -2.28 +/- 0.0
time:  54.456 SPS: 217
709999 success 0.0 +/- 0.0
709999 eval steps mean 99.9 best 99 optimal 9
709999 eval return -2.28 +/- 0.0
time:  54.819 SPS: 217
714999 success 0.0 +/- 0.0
714999 eval steps mean 99.9 best 99 optimal 9
714999 eval return -2.28 +/- 0.0
720000
GOAL [13  0]
time:  55.186 SPS: 217
719999 success 0.0 +/- 0.0
719999 eval steps mean 99.9 best 99 optimal 13
719999 eval return -9.011 +/- 0.074
time:  55.542 SPS: 217
724999 success 0.0 +/- 0.0
724999 eval steps mean 99.9 best 99 optimal 13
724999 eval return -9.327 +/- 0.231
time:  55.893 SPS: 217
729999 success 0.0 +/- 0.0
729999 eval steps mean 99.9 best 99 optimal 13
729999 eval return -9.567 +/- 0.418
time:  56.247 SPS: 217
734999 success 0.6 +/- 0.163
734999 eval steps mean 51.9 best 17 optimal 13
734999 eval return -2.063 +/- 1.82
time:  56.613 SPS: 217
739999 success 0.8 +/- 0.133
739999 eval steps mean 31.9 best 13 optimal 13
739999 eval return 1.306 +/- 0.516
time:  56.984 SPS: 217
744999 success 0.8 +/- 0.133
744999 eval steps mean 31.1 best 13 optimal 13
744999 eval return -0.41 +/- 1.709
time:  57.378 SPS: 217
749999 success 1.0 +/- 0.0
749999 eval steps mean 13.9 best 13 optimal 13
749999 eval return 2.09 +/- 0.0
time:  57.766 SPS: 217
754999 success 1.0 +/- 0.0
754999 eval steps mean 14.0 best 13 optimal 13
754999 eval return 2.083 +/- 0.007
760000
GOAL [ 8 10]
time:  58.164 SPS: 217
759999 success 0.0 +/- 0.0
759999 eval steps mean 99.9 best 99 optimal 4
759999 eval return -19.291 +/- 0.012
time:  58.539 SPS: 217
764999 success 0.0 +/- 0.0
764999 eval steps mean 99.9 best 99 optimal 4
764999 eval return -16.389 +/- 0.906
time:  58.948 SPS: 217
769999 success 0.0 +/- 0.0
769999 eval steps mean 99.9 best 99 optimal 4
769999 eval return -7.343 +/- 0.128
time:  59.355 SPS: 217
774999 success 0.0 +/- 0.0
774999 eval steps mean 99.9 best 99 optimal 4
774999 eval return -7.429 +/- 0.062
time:  59.764 SPS: 217
779999 success 0.0 +/- 0.0
779999 eval steps mean 99.9 best 99 optimal 4
779999 eval return -8.039 +/- 0.865
time:  60.175 SPS: 217
784999 success 0.0 +/- 0.0
784999 eval steps mean 99.9 best 99 optimal 4
784999 eval return -7.31 +/- 0.153
time:  60.592 SPS: 217
789999 success 0.0 +/- 0.0
789999 eval steps mean 99.9 best 99 optimal 4
789999 eval return -7.261 +/- 0.052
time:  61.006 SPS: 217
794999 success 0.0 +/- 0.0
794999 eval steps mean 99.9 best 99 optimal 4
794999 eval return -7.404 +/- 0.181
800000
GOAL [12 14]
time:  61.431 SPS: 217
799999 success 0.5 +/- 0.167
799999 eval steps mean 86.6 best 23 optimal 12
799999 eval return -1.859 +/- 1.269
done RL run. Time 61.56201869333357 min
