agent_dict keys dict_keys(['base_algorithm', 'learning_rate', 'num_envs', 'rollout_num_steps', 'gamma', 'gae_lambda', 'num_minibatches', 'update_epochs', 'minibatch_size', 'norm_adv', 'clip_coef', 'clip_vloss', 'ent_coef', 'vf_coef', 'max_grad_norm', 'rpo_alpha', 'parseval_reg', 'input_scale', 'learnable_input_scale', 'add_diag_layer', 'lie_group', 'pion', 'pion_block_size', 'pion_multiplicative', 'oft', 'poet', 'oet_num_blocks', 'poet_exact_cayley', 'layer_norm', 'layer_norm_no_params', 'weight_decay', 'tuned_adam', 'perturb', 'perturb_dist', 'regen', 'regen_wasserstein', 'weight_init', 'net_width', 'net_activation', 'init_gain', 'parseval_norm', 'parseval_num_groups'])
env_dict keys dict_keys(['env', 'change_freq', 'seed', 'env_type'])
Start RL run!
{'base_algorithm': 'ppo_agent', 'learning_rate': 0.00025, 'num_envs': 1, 'rollout_num_steps': 128, 'gamma': 0.99, 'gae_lambda': 0.95, 'num_minibatches': 4, 'update_epochs': 4, 'minibatch_size': 32, 'norm_adv': True, 'clip_coef': 0.2, 'clip_vloss': True, 'ent_coef': 0.01, 'vf_coef': 0.5, 'max_grad_norm': 0.5, 'rpo_alpha': 0, 'parseval_reg': 0, 'input_scale': 1, 'learnable_input_scale': False, 'add_diag_layer': False, 'lie_group': False, 'pion': False, 'pion_block_size': None, 'pion_multiplicative': False, 'oft': False, 'poet': False, 'oet_num_blocks': 1, 'poet_exact_cayley': False, 'layer_norm': False, 'layer_norm_no_params': False, 'weight_decay': 0, 'tuned_adam': False, 'perturb': 0.0, 'perturb_dist': 'xavier', 'regen': 0.0, 'regen_wasserstein': False, 'weight_init': 'orthogonal', 'net_width': 64, 'net_activation': 'tanh', 'init_gain': None, 'parseval_norm': False, 'parseval_num_groups': 1, 'device': 'cpu'}
{'env': 'gridworld_ninerooms', 'change_freq': 80000, 'seed': 124, 'env_type': 'rl', 'local_run': False}
Running on gpu: False
Gridworld args () {'env': 'gridworld_ninerooms', 'change_freq': 80000, 'seed': 124, 'env_type': 'rl', 'local_run': False}
time:  0.047 SPS: 0
0 success 0.0 +/- 0.0
0 eval steps mean 99.9 best 99 optimal 10
0 eval return -11.762 +/- 0.784
time:  0.362 SPS: 230
4999 success 0.1 +/- 0.1
4999 eval steps mean 99.6 best 97 optimal 10
4999 eval return -9.04 +/- 0.802
time:  0.65 SPS: 256
9999 success 1.0 +/- 0.0
9999 eval steps mean 36.2 best 11 optimal 10
9999 eval return 0.931 +/- 0.376
time:  0.934 SPS: 267
14999 success 1.0 +/- 0.0
14999 eval steps mean 11.0 best 10 optimal 10
14999 eval return 2.444 +/- 0.006
time:  1.238 SPS: 269
19999 success 0.9 +/- 0.1
19999 eval steps mean 19.8 best 10 optimal 10
19999 eval return 1.854 +/- 0.596
time:  1.547 SPS: 269
24999 success 1.0 +/- 0.0
24999 eval steps mean 10.9 best 10 optimal 10
24999 eval return 2.45 +/- 0.0
time:  1.845 SPS: 271
29999 success 1.0 +/- 0.0
29999 eval steps mean 11.4 best 10 optimal 10
29999 eval return 2.402 +/- 0.048
time:  2.166 SPS: 269
34999 success 1.0 +/- 0.0
34999 eval steps mean 10.9 best 10 optimal 10
34999 eval return 2.45 +/- 0.0
time:  2.476 SPS: 269
39999 success 1.0 +/- 0.0
39999 eval steps mean 10.9 best 10 optimal 10
39999 eval return 2.45 +/- 0.0
time:  2.762 SPS: 271
44999 success 1.0 +/- 0.0
44999 eval steps mean 10.9 best 10 optimal 10
44999 eval return 2.45 +/- 0.0
time:  3.053 SPS: 272
49999 success 1.0 +/- 0.0
49999 eval steps mean 10.9 best 10 optimal 10
49999 eval return 2.45 +/- 0.0
time:  3.351 SPS: 273
54999 success 1.0 +/- 0.0
54999 eval steps mean 10.9 best 10 optimal 10
54999 eval return 2.45 +/- 0.0
time:  3.64 SPS: 274
59999 success 1.0 +/- 0.0
59999 eval steps mean 10.9 best 10 optimal 10
59999 eval return 2.45 +/- 0.0
time:  3.931 SPS: 275
64999 success 1.0 +/- 0.0
64999 eval steps mean 10.9 best 10 optimal 10
64999 eval return 2.45 +/- 0.0
time:  4.219 SPS: 276
69999 success 1.0 +/- 0.0
69999 eval steps mean 10.9 best 10 optimal 10
69999 eval return 2.45 +/- 0.0
time:  4.515 SPS: 276
74999 success 1.0 +/- 0.0
74999 eval steps mean 10.9 best 10 optimal 10
74999 eval return 2.45 +/- 0.0
80000
GOAL [12 11]
time:  4.819 SPS: 276
79999 success 0.0 +/- 0.0
79999 eval steps mean 99.9 best 99 optimal 9
79999 eval return -3.488 +/- 0.173
time:  5.101 SPS: 277
84999 success 1.0 +/- 0.0
84999 eval steps mean 12.1 best 11 optimal 9
84999 eval return 2.517 +/- 0.003
time:  5.387 SPS: 278
89999 success 1.0 +/- 0.0
89999 eval steps mean 11.9 best 11 optimal 9
89999 eval return 2.52 +/- 0.0
time:  5.674 SPS: 279
94999 success 1.0 +/- 0.0
94999 eval steps mean 11.9 best 11 optimal 9
94999 eval return 2.52 +/- 0.0
time:  5.967 SPS: 279
99999 success 1.0 +/- 0.0
99999 eval steps mean 11.9 best 11 optimal 9
99999 eval return 2.52 +/- 0.0
time:  6.262 SPS: 279
104999 success 1.0 +/- 0.0
104999 eval steps mean 11.9 best 11 optimal 9
104999 eval return 2.52 +/- 0.0
time:  6.572 SPS: 278
109999 success 1.0 +/- 0.0
109999 eval steps mean 11.9 best 11 optimal 9
109999 eval return 2.52 +/- 0.0
time:  6.861 SPS: 279
114999 success 1.0 +/- 0.0
114999 eval steps mean 11.9 best 11 optimal 9
114999 eval return 2.52 +/- 0.0
time:  7.151 SPS: 279
119999 success 1.0 +/- 0.0
119999 eval steps mean 11.9 best 11 optimal 9
119999 eval return 2.52 +/- 0.0
time:  7.445 SPS: 279
124999 success 1.0 +/- 0.0
124999 eval steps mean 11.9 best 11 optimal 9
124999 eval return 2.52 +/- 0.0
time:  7.743 SPS: 279
129999 success 1.0 +/- 0.0
129999 eval steps mean 11.9 best 11 optimal 9
129999 eval return 2.52 +/- 0.0
time:  8.04 SPS: 279
134999 success 1.0 +/- 0.0
134999 eval steps mean 11.9 best 11 optimal 9
134999 eval return 2.52 +/- 0.0
time:  8.338 SPS: 279
139999 success 1.0 +/- 0.0
139999 eval steps mean 11.9 best 11 optimal 9
139999 eval return 2.52 +/- 0.0
time:  8.621 SPS: 280
144999 success 1.0 +/- 0.0
144999 eval steps mean 11.9 best 11 optimal 9
144999 eval return 2.52 +/- 0.0
time:  8.915 SPS: 280
149999 success 1.0 +/- 0.0
149999 eval steps mean 11.9 best 11 optimal 9
149999 eval return 2.52 +/- 0.0
time:  9.204 SPS: 280
154999 success 1.0 +/- 0.0
154999 eval steps mean 11.9 best 11 optimal 9
154999 eval return 2.52 +/- 0.0
160000
GOAL [ 9 14]
time:  9.512 SPS: 280
159999 success 0.0 +/- 0.0
159999 eval steps mean 99.9 best 99 optimal 9
159999 eval return -6.93 +/- 0.005
time:  9.807 SPS: 280
164999 success 0.0 +/- 0.0
164999 eval steps mean 99.9 best 99 optimal 9
164999 eval return -7.013 +/- 0.013
time:  10.104 SPS: 280
169999 success 0.4 +/- 0.163
169999 eval steps mean 71.1 best 18 optimal 9
169999 eval return -3.161 +/- 1.146
time:  10.394 SPS: 280
174999 success 0.9 +/- 0.1
174999 eval steps mean 26.2 best 18 optimal 9
174999 eval return 1.055 +/- 0.591
time:  10.684 SPS: 280
179999 success 1.0 +/- 0.0
179999 eval steps mean 17.9 best 17 optimal 9
179999 eval return 1.65 +/- 0.0
time:  10.967 SPS: 281
184999 success 1.0 +/- 0.0
184999 eval steps mean 17.9 best 17 optimal 9
184999 eval return 1.65 +/- 0.0
time:  11.26 SPS: 281
189999 success 1.0 +/- 0.0
189999 eval steps mean 17.9 best 17 optimal 9
189999 eval return 1.65 +/- 0.0
time:  11.543 SPS: 281
194999 success 1.0 +/- 0.0
194999 eval steps mean 17.9 best 17 optimal 9
194999 eval return 1.65 +/- 0.0
time:  11.829 SPS: 281
199999 success 1.0 +/- 0.0
199999 eval steps mean 17.9 best 17 optimal 9
199999 eval return 1.65 +/- 0.0
time:  12.124 SPS: 281
204999 success 1.0 +/- 0.0
204999 eval steps mean 17.9 best 17 optimal 9
204999 eval return 1.65 +/- 0.0
time:  12.427 SPS: 281
209999 success 1.0 +/- 0.0
209999 eval steps mean 17.9 best 17 optimal 9
209999 eval return 1.65 +/- 0.0
time:  12.722 SPS: 281
214999 success 1.0 +/- 0.0
214999 eval steps mean 17.9 best 17 optimal 9
214999 eval return 1.65 +/- 0.0
time:  13.015 SPS: 281
219999 success 1.0 +/- 0.0
219999 eval steps mean 17.9 best 17 optimal 9
219999 eval return 1.65 +/- 0.0
time:  13.309 SPS: 281
224999 success 1.0 +/- 0.0
224999 eval steps mean 17.9 best 17 optimal 9
224999 eval return 1.65 +/- 0.0
time:  13.59 SPS: 282
229999 success 1.0 +/- 0.0
229999 eval steps mean 17.9 best 17 optimal 9
229999 eval return 1.65 +/- 0.0
time:  13.882 SPS: 282
234999 success 1.0 +/- 0.0
234999 eval steps mean 17.9 best 17 optimal 9
234999 eval return 1.65 +/- 0.0
240000
GOAL [11  9]
time:  14.174 SPS: 282
239999 success 1.0 +/- 0.0
239999 eval steps mean 6.9 best 6 optimal 6
239999 eval return 2.79 +/- 0.0
time:  14.466 SPS: 282
244999 success 1.0 +/- 0.0
244999 eval steps mean 6.9 best 6 optimal 6
244999 eval return 2.79 +/- 0.0
time:  14.763 SPS: 282
249999 success 1.0 +/- 0.0
249999 eval steps mean 6.9 best 6 optimal 6
249999 eval return 2.79 +/- 0.0
time:  15.06 SPS: 282
254999 success 1.0 +/- 0.0
254999 eval steps mean 6.9 best 6 optimal 6
254999 eval return 2.79 +/- 0.0
time:  15.343 SPS: 282
259999 success 1.0 +/- 0.0
259999 eval steps mean 6.9 best 6 optimal 6
259999 eval return 2.79 +/- 0.0
time:  15.63 SPS: 282
264999 success 1.0 +/- 0.0
264999 eval steps mean 6.9 best 6 optimal 6
264999 eval return 2.79 +/- 0.0
time:  15.919 SPS: 282
269999 success 1.0 +/- 0.0
269999 eval steps mean 6.9 best 6 optimal 6
269999 eval return 2.79 +/- 0.0
time:  16.203 SPS: 282
274999 success 1.0 +/- 0.0
274999 eval steps mean 6.9 best 6 optimal 6
274999 eval return 2.79 +/- 0.0
time:  16.48 SPS: 283
279999 success 1.0 +/- 0.0
279999 eval steps mean 6.9 best 6 optimal 6
279999 eval return 2.79 +/- 0.0
time:  16.761 SPS: 283
284999 success 1.0 +/- 0.0
284999 eval steps mean 6.9 best 6 optimal 6
284999 eval return 2.79 +/- 0.0
time:  17.032 SPS: 283
289999 success 1.0 +/- 0.0
289999 eval steps mean 6.9 best 6 optimal 6
289999 eval return 2.79 +/- 0.0
time:  17.324 SPS: 283
294999 success 1.0 +/- 0.0
294999 eval steps mean 6.9 best 6 optimal 6
294999 eval return 2.79 +/- 0.0
time:  17.62 SPS: 283
299999 success 1.0 +/- 0.0
299999 eval steps mean 6.9 best 6 optimal 6
299999 eval return 2.79 +/- 0.0
time:  17.898 SPS: 284
304999 success 1.0 +/- 0.0
304999 eval steps mean 7.3 best 6 optimal 6
304999 eval return 2.762 +/- 0.028
time:  18.194 SPS: 283
309999 success 1.0 +/- 0.0
309999 eval steps mean 6.9 best 6 optimal 6
309999 eval return 2.79 +/- 0.0
time:  18.483 SPS: 284
314999 success 1.0 +/- 0.0
314999 eval steps mean 6.9 best 6 optimal 6
314999 eval return 2.79 +/- 0.0
320000
GOAL [13 14]
time:  18.785 SPS: 283
319999 success 0.0 +/- 0.0
319999 eval steps mean 99.9 best 99 optimal 13
319999 eval return -7.461 +/- 0.016
time:  19.087 SPS: 283
324999 success 0.0 +/- 0.0
324999 eval steps mean 99.9 best 99 optimal 13
324999 eval return -4.876 +/- 0.013
time:  19.396 SPS: 283
329999 success 0.0 +/- 0.0
329999 eval steps mean 99.9 best 99 optimal 13
329999 eval return -4.48 +/- 0.064
time:  19.709 SPS: 283
334999 success 0.0 +/- 0.0
334999 eval steps mean 99.9 best 99 optimal 13
334999 eval return -4.166 +/- 0.014
time:  20.006 SPS: 283
339999 success 0.0 +/- 0.0
339999 eval steps mean 99.9 best 99 optimal 13
339999 eval return -4.056 +/- 0.018
time:  20.316 SPS: 283
344999 success 0.0 +/- 0.0
344999 eval steps mean 99.9 best 99 optimal 13
344999 eval return -4.386 +/- 0.013
time:  20.632 SPS: 282
349999 success 0.0 +/- 0.0
349999 eval steps mean 99.9 best 99 optimal 13
349999 eval return -4.23 +/- 0.029
time:  20.941 SPS: 282
354999 success 0.0 +/- 0.0
354999 eval steps mean 99.9 best 99 optimal 13
354999 eval return -4.033 +/- 0.055
time:  21.243 SPS: 282
359999 success 0.0 +/- 0.0
359999 eval steps mean 99.9 best 99 optimal 13
359999 eval return -4.096 +/- 0.059
time:  21.545 SPS: 282
364999 success 0.0 +/- 0.0
364999 eval steps mean 99.9 best 99 optimal 13
364999 eval return -4.078 +/- 0.011
time:  21.853 SPS: 282
369999 success 0.0 +/- 0.0
369999 eval steps mean 99.9 best 99 optimal 13
369999 eval return -4.09 +/- 0.072
time:  22.149 SPS: 282
374999 success 0.0 +/- 0.0
374999 eval steps mean 99.9 best 99 optimal 13
374999 eval return -3.996 +/- 0.044
time:  22.46 SPS: 281
379999 success 0.0 +/- 0.0
379999 eval steps mean 99.9 best 99 optimal 13
379999 eval return -3.823 +/- 0.076
time:  22.737 SPS: 282
384999 success 0.0 +/- 0.0
384999 eval steps mean 99.9 best 99 optimal 13
384999 eval return -3.66 +/- 0.025
time:  23.018 SPS: 282
389999 success 0.1 +/- 0.1
389999 eval steps mean 98.5 best 86 optimal 13
389999 eval return -3.298 +/- 0.351
time:  23.318 SPS: 282
394999 success 1.0 +/- 0.0
394999 eval steps mean 13.9 best 13 optimal 13
394999 eval return 2.09 +/- 0.0
400000
GOAL [14  8]
time:  23.629 SPS: 282
399999 success 0.0 +/- 0.0
399999 eval steps mean 99.9 best 99 optimal 8
399999 eval return -8.485 +/- 0.047
time:  23.889 SPS: 282
404999 success 0.0 +/- 0.0
404999 eval steps mean 99.9 best 99 optimal 8
404999 eval return -5.536 +/- 0.037
time:  24.205 SPS: 282
409999 success 0.0 +/- 0.0
409999 eval steps mean 99.9 best 99 optimal 8
409999 eval return -4.563 +/- 0.007
time:  24.516 SPS: 282
414999 success 0.0 +/- 0.0
414999 eval steps mean 99.9 best 99 optimal 8
414999 eval return -4.54 +/- 0.0
time:  24.84 SPS: 281
419999 success 0.0 +/- 0.0
419999 eval steps mean 99.9 best 99 optimal 8
419999 eval return -5.173 +/- 0.711
time:  25.14 SPS: 281
424999 success 0.0 +/- 0.0
424999 eval steps mean 99.9 best 99 optimal 8
424999 eval return -3.622 +/- 0.002
time:  25.465 SPS: 281
429999 success 0.0 +/- 0.0
429999 eval steps mean 99.9 best 99 optimal 8
429999 eval return -3.62 +/- 0.0
time:  25.784 SPS: 281
434999 success 0.0 +/- 0.0
434999 eval steps mean 99.9 best 99 optimal 8
434999 eval return -3.626 +/- 0.003
time:  26.104 SPS: 280
439999 success 0.0 +/- 0.0
439999 eval steps mean 99.9 best 99 optimal 8
439999 eval return -3.622 +/- 0.002
time:  26.414 SPS: 280
444999 success 0.0 +/- 0.0
444999 eval steps mean 99.9 best 99 optimal 8
444999 eval return -3.622 +/- 0.002
time:  26.735 SPS: 280
449999 success 0.0 +/- 0.0
449999 eval steps mean 99.9 best 99 optimal 8
449999 eval return -3.622 +/- 0.002
time:  27.056 SPS: 280
454999 success 0.0 +/- 0.0
454999 eval steps mean 99.9 best 99 optimal 8
454999 eval return -3.622 +/- 0.002
time:  27.37 SPS: 280
459999 success 0.0 +/- 0.0
459999 eval steps mean 99.9 best 99 optimal 8
459999 eval return -3.62 +/- 0.0
time:  27.688 SPS: 279
464999 success 0.0 +/- 0.0
464999 eval steps mean 99.9 best 99 optimal 8
464999 eval return -3.62 +/- 0.0
time:  27.996 SPS: 279
469999 success 0.0 +/- 0.0
469999 eval steps mean 99.9 best 99 optimal 8
469999 eval return -3.62 +/- 0.0
time:  28.305 SPS: 279
474999 success 0.0 +/- 0.0
474999 eval steps mean 99.9 best 99 optimal 8
474999 eval return -3.62 +/- 0.0
480000
GOAL [12  5]
time:  28.631 SPS: 279
479999 success 0.0 +/- 0.0
479999 eval steps mean 99.9 best 99 optimal 7
479999 eval return -4.54 +/- 0.0
time:  28.952 SPS: 279
484999 success 0.0 +/- 0.0
484999 eval steps mean 99.9 best 99 optimal 7
484999 eval return -4.542 +/- 0.002
time:  29.279 SPS: 278
489999 success 0.0 +/- 0.0
489999 eval steps mean 99.9 best 99 optimal 7
489999 eval return -4.54 +/- 0.0
time:  29.594 SPS: 278
494999 success 0.0 +/- 0.0
494999 eval steps mean 99.9 best 99 optimal 7
494999 eval return -4.54 +/- 0.0
time:  29.905 SPS: 278
499999 success 0.0 +/- 0.0
499999 eval steps mean 99.9 best 99 optimal 7
499999 eval return -4.54 +/- 0.0
time:  30.227 SPS: 278
504999 success 0.0 +/- 0.0
504999 eval steps mean 99.9 best 99 optimal 7
504999 eval return -4.54 +/- 0.0
time:  30.552 SPS: 278
509999 success 0.0 +/- 0.0
509999 eval steps mean 99.9 best 99 optimal 7
509999 eval return -4.54 +/- 0.0
time:  30.855 SPS: 278
514999 success 0.0 +/- 0.0
514999 eval steps mean 99.9 best 99 optimal 7
514999 eval return -4.54 +/- 0.0
time:  31.175 SPS: 278
519999 success 0.0 +/- 0.0
519999 eval steps mean 99.9 best 99 optimal 7
519999 eval return -4.692 +/- 0.152
time:  31.493 SPS: 277
524999 success 0.0 +/- 0.0
524999 eval steps mean 99.9 best 99 optimal 7
524999 eval return -3.704 +/- 0.089
time:  31.813 SPS: 277
529999 success 0.0 +/- 0.0
529999 eval steps mean 99.9 best 99 optimal 7
529999 eval return -3.64 +/- 0.06
time:  32.117 SPS: 277
534999 success 1.0 +/- 0.0
534999 eval steps mean 7.9 best 7 optimal 7
534999 eval return 2.72 +/- 0.0
time:  32.414 SPS: 277
539999 success 1.0 +/- 0.0
539999 eval steps mean 7.9 best 7 optimal 7
539999 eval return 2.72 +/- 0.0
time:  32.713 SPS: 277
544999 success 1.0 +/- 0.0
544999 eval steps mean 7.9 best 7 optimal 7
544999 eval return 2.72 +/- 0.0
time:  33.019 SPS: 277
549999 success 1.0 +/- 0.0
549999 eval steps mean 7.9 best 7 optimal 7
549999 eval return 2.72 +/- 0.0
time:  33.32 SPS: 277
554999 success 1.0 +/- 0.0
554999 eval steps mean 7.9 best 7 optimal 7
554999 eval return 2.72 +/- 0.0
560000
GOAL [8 4]
time:  33.631 SPS: 277
559999 success 0.0 +/- 0.0
559999 eval steps mean 99.9 best 99 optimal 4
559999 eval return -9.508 +/- 0.212
time:  33.899 SPS: 277
564999 success 0.0 +/- 0.0
564999 eval steps mean 99.9 best 99 optimal 4
564999 eval return -8.329 +/- 0.009
time:  34.183 SPS: 277
569999 success 0.0 +/- 0.0
569999 eval steps mean 99.9 best 99 optimal 4
569999 eval return -7.759 +/- 0.011
time:  34.483 SPS: 277
574999 success 0.0 +/- 0.0
574999 eval steps mean 99.9 best 99 optimal 4
574999 eval return -8.064 +/- 0.237
time:  34.788 SPS: 277
579999 success 0.0 +/- 0.0
579999 eval steps mean 99.9 best 99 optimal 4
579999 eval return -8.406 +/- 0.842
time:  35.067 SPS: 278
584999 success 0.0 +/- 0.0
584999 eval steps mean 99.9 best 99 optimal 4
584999 eval return -7.871 +/- 0.296
time:  35.349 SPS: 278
589999 success 0.0 +/- 0.0
589999 eval steps mean 99.9 best 99 optimal 4
589999 eval return -7.62 +/- 0.012
time:  35.638 SPS: 278
594999 success 0.0 +/- 0.0
594999 eval steps mean 99.9 best 99 optimal 4
594999 eval return -7.508 +/- 0.015
time:  35.924 SPS: 278
599999 success 0.0 +/- 0.0
599999 eval steps mean 99.9 best 99 optimal 4
599999 eval return -7.572 +/- 0.016
time:  36.207 SPS: 278
604999 success 0.0 +/- 0.0
604999 eval steps mean 99.9 best 99 optimal 4
604999 eval return -6.541 +/- 0.012
time:  36.486 SPS: 278
609999 success 0.0 +/- 0.0
609999 eval steps mean 99.9 best 99 optimal 4
609999 eval return -6.323 +/- 0.138
time:  36.797 SPS: 278
614999 success 0.0 +/- 0.0
614999 eval steps mean 99.9 best 99 optimal 4
614999 eval return -6.036 +/- 0.015
time:  37.119 SPS: 278
619999 success 0.0 +/- 0.0
619999 eval steps mean 99.9 best 99 optimal 4
619999 eval return -6.16 +/- 0.29
time:  37.429 SPS: 278
624999 success 0.0 +/- 0.0
624999 eval steps mean 99.9 best 99 optimal 4
624999 eval return -5.732 +/- 0.01
time:  37.745 SPS: 278
629999 success 0.0 +/- 0.0
629999 eval steps mean 99.9 best 99 optimal 4
629999 eval return -6.698 +/- 0.761
time:  38.07 SPS: 277
634999 success 0.0 +/- 0.0
634999 eval steps mean 99.9 best 99 optimal 4
634999 eval return -5.78 +/- 0.017
640000
GOAL [13  2]
time:  38.406 SPS: 277
639999 success 0.0 +/- 0.0
639999 eval steps mean 99.9 best 99 optimal 11
639999 eval return -3.1 +/- 0.027
time:  38.716 SPS: 277
644999 success 0.0 +/- 0.0
644999 eval steps mean 99.9 best 99 optimal 11
644999 eval return -3.189 +/- 0.022
time:  39.031 SPS: 277
649999 success 0.0 +/- 0.0
649999 eval steps mean 99.9 best 99 optimal 11
649999 eval return -2.985 +/- 0.016
time:  39.358 SPS: 277
654999 success 0.0 +/- 0.0
654999 eval steps mean 99.9 best 99 optimal 11
654999 eval return -3.457 +/- 0.495
time:  39.674 SPS: 277
659999 success 0.0 +/- 0.0
659999 eval steps mean 99.9 best 99 optimal 11
659999 eval return -2.861 +/- 0.077
time:  39.989 SPS: 277
664999 success 1.0 +/- 0.0
664999 eval steps mean 11.9 best 11 optimal 11
664999 eval return 2.34 +/- 0.0
time:  40.295 SPS: 277
669999 success 1.0 +/- 0.0
669999 eval steps mean 11.9 best 11 optimal 11
669999 eval return 2.34 +/- 0.0
time:  40.592 SPS: 277
674999 success 1.0 +/- 0.0
674999 eval steps mean 11.9 best 11 optimal 11
674999 eval return 2.34 +/- 0.0
time:  40.891 SPS: 277
679999 success 1.0 +/- 0.0
679999 eval steps mean 11.9 best 11 optimal 11
679999 eval return 2.34 +/- 0.0
time:  41.184 SPS: 277
684999 success 1.0 +/- 0.0
684999 eval steps mean 11.9 best 11 optimal 11
684999 eval return 2.34 +/- 0.0
time:  41.482 SPS: 277
689999 success 1.0 +/- 0.0
689999 eval steps mean 11.9 best 11 optimal 11
689999 eval return 2.34 +/- 0.0
time:  41.784 SPS: 277
694999 success 1.0 +/- 0.0
694999 eval steps mean 11.9 best 11 optimal 11
694999 eval return 2.34 +/- 0.0
time:  42.078 SPS: 277
699999 success 1.0 +/- 0.0
699999 eval steps mean 11.9 best 11 optimal 11
699999 eval return 2.34 +/- 0.0
time:  42.386 SPS: 277
704999 success 1.0 +/- 0.0
704999 eval steps mean 11.9 best 11 optimal 11
704999 eval return 2.34 +/- 0.0
time:  42.69 SPS: 277
709999 success 0.9 +/- 0.1
709999 eval steps mean 20.7 best 11 optimal 11
709999 eval return 1.943 +/- 0.397
time:  42.997 SPS: 277
714999 success 0.9 +/- 0.1
714999 eval steps mean 20.7 best 11 optimal 11
714999 eval return 1.35 +/- 0.99
720000
GOAL [10 14]
time:  43.321 SPS: 277
719999 success 0.0 +/- 0.0
719999 eval steps mean 99.9 best 99 optimal 10
719999 eval return -17.085 +/- 0.172
time:  43.597 SPS: 277
724999 success 0.0 +/- 0.0
724999 eval steps mean 99.9 best 99 optimal 10
724999 eval return -16.403 +/- 0.288
time:  43.867 SPS: 277
729999 success 0.0 +/- 0.0
729999 eval steps mean 99.9 best 99 optimal 10
729999 eval return -11.96 +/- 0.0
time:  44.135 SPS: 277
734999 success 0.0 +/- 0.0
734999 eval steps mean 99.9 best 99 optimal 10
734999 eval return -11.96 +/- 0.0
time:  44.401 SPS: 277
739999 success 0.0 +/- 0.0
739999 eval steps mean 99.9 best 99 optimal 10
739999 eval return -11.96 +/- 0.0
time:  44.668 SPS: 277
744999 success 0.0 +/- 0.0
744999 eval steps mean 99.9 best 99 optimal 10
744999 eval return -12.238 +/- 0.376
time:  44.931 SPS: 278
749999 success 0.0 +/- 0.0
749999 eval steps mean 99.9 best 99 optimal 10
749999 eval return -11.96 +/- 0.0
time:  45.198 SPS: 278
754999 success 0.0 +/- 0.0
754999 eval steps mean 99.9 best 99 optimal 10
754999 eval return -11.96 +/- 0.0
time:  45.461 SPS: 278
759999 success 0.0 +/- 0.0
759999 eval steps mean 99.9 best 99 optimal 10
759999 eval return -11.434 +/- 0.507
time:  45.736 SPS: 278
764999 success 0.0 +/- 0.0
764999 eval steps mean 99.9 best 99 optimal 10
764999 eval return -10.136 +/- 0.008
time:  46.037 SPS: 278
769999 success 0.0 +/- 0.0
769999 eval steps mean 99.9 best 99 optimal 10
769999 eval return -6.204 +/- 0.03
time:  46.357 SPS: 278
774999 success 0.0 +/- 0.0
774999 eval steps mean 99.9 best 99 optimal 10
774999 eval return -6.004 +/- 0.015
time:  46.669 SPS: 278
779999 success 0.0 +/- 0.0
779999 eval steps mean 99.9 best 99 optimal 10
779999 eval return -5.904 +/- 0.005
time:  46.979 SPS: 278
784999 success 0.0 +/- 0.0
784999 eval steps mean 99.9 best 99 optimal 10
784999 eval return -5.952 +/- 0.01
time:  47.303 SPS: 278
789999 success 0.0 +/- 0.0
789999 eval steps mean 99.9 best 99 optimal 10
789999 eval return -5.93 +/- 0.011
time:  47.623 SPS: 278
794999 success 0.0 +/- 0.0
794999 eval steps mean 99.9 best 99 optimal 10
794999 eval return -5.92 +/- 0.009
800000
GOAL [8 3]
time:  47.951 SPS: 278
799999 success 0.0 +/- 0.0
799999 eval steps mean 99.9 best 99 optimal 5
799999 eval return -14.024 +/- 0.015
time:  48.288 SPS: 277
804999 success 0.0 +/- 0.0
804999 eval steps mean 99.9 best 99 optimal 5
804999 eval return -11.708 +/- 0.11
time:  48.606 SPS: 277
809999 success 0.0 +/- 0.0
809999 eval steps mean 99.9 best 99 optimal 5
809999 eval return -11.672 +/- 0.072
time:  48.938 SPS: 277
814999 success 0.0 +/- 0.0
814999 eval steps mean 99.9 best 99 optimal 5
814999 eval return -11.6 +/- 0.0
time:  49.248 SPS: 277
819999 success 0.0 +/- 0.0
819999 eval steps mean 99.9 best 99 optimal 5
819999 eval return -11.758 +/- 0.156
time:  49.571 SPS: 277
824999 success 0.0 +/- 0.0
824999 eval steps mean 99.9 best 99 optimal 5
824999 eval return -10.63 +/- 0.007
time:  49.894 SPS: 277
829999 success 0.0 +/- 0.0
829999 eval steps mean 99.9 best 99 optimal 5
829999 eval return -10.6 +/- 0.0
time:  50.218 SPS: 277
834999 success 0.0 +/- 0.0
834999 eval steps mean 99.9 best 99 optimal 5
834999 eval return -9.71 +/- 0.014
time:  50.523 SPS: 277
839999 success 0.0 +/- 0.0
839999 eval steps mean 99.9 best 99 optimal 5
839999 eval return -9.24 +/- 0.004
time:  50.833 SPS: 277
844999 success 0.0 +/- 0.0
844999 eval steps mean 99.9 best 99 optimal 5
844999 eval return -9.375 +/- 0.006
time:  51.116 SPS: 277
849999 success 0.0 +/- 0.0
849999 eval steps mean 99.9 best 99 optimal 5
849999 eval return -9.47 +/- 0.01
time:  51.408 SPS: 277
854999 success 0.0 +/- 0.0
854999 eval steps mean 99.9 best 99 optimal 5
854999 eval return -9.294 +/- 0.006
time:  51.709 SPS: 277
859999 success 0.0 +/- 0.0
859999 eval steps mean 99.9 best 99 optimal 5
859999 eval return -9.271 +/- 0.008
time:  51.989 SPS: 277
864999 success 0.0 +/- 0.0
864999 eval steps mean 99.9 best 99 optimal 5
864999 eval return -9.245 +/- 0.003
time:  52.284 SPS: 277
869999 success 0.0 +/- 0.0
869999 eval steps mean 99.9 best 99 optimal 5
869999 eval return -9.245 +/- 0.004
time:  52.591 SPS: 277
874999 success 0.0 +/- 0.0
874999 eval steps mean 99.9 best 99 optimal 5
874999 eval return -9.241 +/- 0.005
880000
GOAL [11  9]
time:  52.899 SPS: 277
879999 success 0.0 +/- 0.0
879999 eval steps mean 99.9 best 99 optimal 6
879999 eval return -4.147 +/- 0.009
time:  53.191 SPS: 277
884999 success 0.0 +/- 0.0
884999 eval steps mean 99.9 best 99 optimal 6
884999 eval return -4.224 +/- 0.139
time:  53.501 SPS: 277
889999 success 0.0 +/- 0.0
889999 eval steps mean 99.9 best 99 optimal 6
889999 eval return -2.742 +/- 0.132
time:  53.811 SPS: 277
894999 success 1.0 +/- 0.0
894999 eval steps mean 6.9 best 6 optimal 6
894999 eval return 2.79 +/- 0.0
time:  54.105 SPS: 277
899999 success 1.0 +/- 0.0
899999 eval steps mean 6.9 best 6 optimal 6
899999 eval return 2.79 +/- 0.0
time:  54.409 SPS: 277
904999 success 1.0 +/- 0.0
904999 eval steps mean 6.9 best 6 optimal 6
904999 eval return 2.79 +/- 0.0
time:  54.711 SPS: 277
909999 success 1.0 +/- 0.0
909999 eval steps mean 6.9 best 6 optimal 6
909999 eval return 2.79 +/- 0.0
time:  55.024 SPS: 277
914999 success 1.0 +/- 0.0
914999 eval steps mean 6.9 best 6 optimal 6
914999 eval return 2.79 +/- 0.0
time:  55.328 SPS: 277
919999 success 1.0 +/- 0.0
919999 eval steps mean 6.9 best 6 optimal 6
919999 eval return 2.79 +/- 0.0
time:  55.628 SPS: 277
924999 success 1.0 +/- 0.0
924999 eval steps mean 6.9 best 6 optimal 6
924999 eval return 2.79 +/- 0.0
time:  55.93 SPS: 277
929999 success 1.0 +/- 0.0
929999 eval steps mean 6.9 best 6 optimal 6
929999 eval return 2.79 +/- 0.0
time:  56.234 SPS: 277
934999 success 1.0 +/- 0.0
934999 eval steps mean 6.9 best 6 optimal 6
934999 eval return 2.79 +/- 0.0
time:  56.541 SPS: 277
939999 success 1.0 +/- 0.0
939999 eval steps mean 6.9 best 6 optimal 6
939999 eval return 2.79 +/- 0.0
time:  56.826 SPS: 277
944999 success 1.0 +/- 0.0
944999 eval steps mean 6.9 best 6 optimal 6
944999 eval return 2.79 +/- 0.0
time:  57.128 SPS: 277
949999 success 1.0 +/- 0.0
949999 eval steps mean 6.9 best 6 optimal 6
949999 eval return 2.79 +/- 0.0
time:  57.428 SPS: 277
954999 success 1.0 +/- 0.0
954999 eval steps mean 6.9 best 6 optimal 6
954999 eval return 2.79 +/- 0.0
960000
GOAL [12 10]
time:  57.732 SPS: 277
959999 success 0.6 +/- 0.163
959999 eval steps mean 61.1 best 9 optimal 8
959999 eval return 0.384 +/- 0.717
time:  58.046 SPS: 277
964999 success 1.0 +/- 0.0
964999 eval steps mean 8.9 best 8 optimal 8
964999 eval return 2.64 +/- 0.0
time:  58.353 SPS: 277
969999 success 1.0 +/- 0.0
969999 eval steps mean 8.9 best 8 optimal 8
969999 eval return 2.64 +/- 0.0
time:  58.651 SPS: 277
974999 success 1.0 +/- 0.0
974999 eval steps mean 8.9 best 8 optimal 8
974999 eval return 2.64 +/- 0.0
time:  58.966 SPS: 276
979999 success 1.0 +/- 0.0
979999 eval steps mean 8.9 best 8 optimal 8
979999 eval return 2.64 +/- 0.0
time:  59.261 SPS: 277
984999 success 1.0 +/- 0.0
984999 eval steps mean 8.9 best 8 optimal 8
984999 eval return 2.64 +/- 0.0
time:  59.555 SPS: 277
989999 success 1.0 +/- 0.0
989999 eval steps mean 8.9 best 8 optimal 8
989999 eval return 2.64 +/- 0.0
time:  59.867 SPS: 277
994999 success 1.0 +/- 0.0
994999 eval steps mean 8.9 best 8 optimal 8
994999 eval return 2.64 +/- 0.0
time:  60.157 SPS: 277
999999 success 1.0 +/- 0.0
999999 eval steps mean 8.9 best 8 optimal 8
999999 eval return 2.64 +/- 0.0
time:  60.442 SPS: 277
1004999 success 1.0 +/- 0.0
1004999 eval steps mean 8.9 best 8 optimal 8
1004999 eval return 2.64 +/- 0.0
time:  60.757 SPS: 277
1009999 success 1.0 +/- 0.0
1009999 eval steps mean 8.9 best 8 optimal 8
1009999 eval return 2.64 +/- 0.0
time:  61.054 SPS: 277
1014999 success 1.0 +/- 0.0
1014999 eval steps mean 8.9 best 8 optimal 8
1014999 eval return 2.64 +/- 0.0
time:  61.362 SPS: 277
1019999 success 1.0 +/- 0.0
1019999 eval steps mean 8.9 best 8 optimal 8
1019999 eval return 2.64 +/- 0.0
time:  61.667 SPS: 277
1024999 success 1.0 +/- 0.0
1024999 eval steps mean 8.9 best 8 optimal 8
1024999 eval return 2.64 +/- 0.0
time:  61.974 SPS: 276
1029999 success 1.0 +/- 0.0
1029999 eval steps mean 8.9 best 8 optimal 8
1029999 eval return 2.64 +/- 0.0
time:  62.268 SPS: 277
1034999 success 1.0 +/- 0.0
1034999 eval steps mean 8.9 best 8 optimal 8
1034999 eval return 2.64 +/- 0.0
1040000
GOAL [9 0]
time:  62.582 SPS: 276
1039999 success 0.0 +/- 0.0
1039999 eval steps mean 99.9 best 99 optimal 9
1039999 eval return -14.24 +/- 0.023
time:  62.906 SPS: 276
1044999 success 0.0 +/- 0.0
1044999 eval steps mean 99.9 best 99 optimal 9
1044999 eval return -14.346 +/- 0.012
time:  63.214 SPS: 276
1049999 success 0.0 +/- 0.0
1049999 eval steps mean 99.9 best 99 optimal 9
1049999 eval return -13.89 +/- 0.043
time:  63.526 SPS: 276
1054999 success 0.0 +/- 0.0
1054999 eval steps mean 99.9 best 99 optimal 9
1054999 eval return -10.478 +/- 0.093
time:  63.84 SPS: 276
1059999 success 0.0 +/- 0.0
1059999 eval steps mean 99.9 best 99 optimal 9
1059999 eval return -9.725 +/- 0.036
time:  64.145 SPS: 276
1064999 success 0.0 +/- 0.0
1064999 eval steps mean 99.9 best 99 optimal 9
1064999 eval return -9.411 +/- 0.01
time:  64.447 SPS: 276
1069999 success 0.0 +/- 0.0
1069999 eval steps mean 99.9 best 99 optimal 9
1069999 eval return -9.297 +/- 0.01
time:  64.762 SPS: 276
1074999 success 0.0 +/- 0.0
1074999 eval steps mean 99.9 best 99 optimal 9
1074999 eval return -5.339 +/- 0.044
time:  65.08 SPS: 276
1079999 success 0.0 +/- 0.0
1079999 eval steps mean 99.9 best 99 optimal 9
1079999 eval return -5.301 +/- 0.043
time:  65.394 SPS: 276
1084999 success 0.0 +/- 0.0
1084999 eval steps mean 99.9 best 99 optimal 9
1084999 eval return -4.966 +/- 0.048
time:  65.701 SPS: 276
1089999 success 0.0 +/- 0.0
1089999 eval steps mean 99.9 best 99 optimal 9
1089999 eval return -4.916 +/- 0.028
time:  66.036 SPS: 276
1094999 success 0.0 +/- 0.0
1094999 eval steps mean 99.9 best 99 optimal 9
1094999 eval return -4.618 +/- 0.018
time:  66.363 SPS: 276
1099999 success 0.0 +/- 0.0
1099999 eval steps mean 99.9 best 99 optimal 9
1099999 eval return -4.64 +/- 0.026
time:  66.697 SPS: 276
1104999 success 0.0 +/- 0.0
1104999 eval steps mean 99.9 best 99 optimal 9
1104999 eval return -4.491 +/- 0.024
time:  67.021 SPS: 276
1109999 success 0.0 +/- 0.0
1109999 eval steps mean 99.9 best 99 optimal 9
1109999 eval return -4.674 +/- 0.035
time:  67.34 SPS: 275
1114999 success 0.0 +/- 0.0
1114999 eval steps mean 99.9 best 99 optimal 9
1114999 eval return -4.558 +/- 0.048
1120000
GOAL [8 0]
time:  67.663 SPS: 275
1119999 success 0.0 +/- 0.0
1119999 eval steps mean 99.9 best 99 optimal 8
1119999 eval return -5.522 +/- 0.025
time:  67.984 SPS: 275
1124999 success 0.0 +/- 0.0
1124999 eval steps mean 99.9 best 99 optimal 8
1124999 eval return -5.643 +/- 0.012
time:  68.311 SPS: 275
1129999 success 0.0 +/- 0.0
1129999 eval steps mean 99.9 best 99 optimal 8
1129999 eval return -5.687 +/- 0.021
time:  68.631 SPS: 275
1134999 success 0.0 +/- 0.0
1134999 eval steps mean 99.9 best 99 optimal 8
1134999 eval return -5.778 +/- 0.019
time:  68.949 SPS: 275
1139999 success 0.0 +/- 0.0
1139999 eval steps mean 99.9 best 99 optimal 8
1139999 eval return -5.733 +/- 0.026
time:  69.268 SPS: 275
1144999 success 0.0 +/- 0.0
1144999 eval steps mean 99.9 best 99 optimal 8
1144999 eval return -5.544 +/- 0.024
time:  69.592 SPS: 275
1149999 success 0.0 +/- 0.0
1149999 eval steps mean 99.9 best 99 optimal 8
1149999 eval return -5.653 +/- 0.048
time:  69.91 SPS: 275
1154999 success 0.0 +/- 0.0
1154999 eval steps mean 99.9 best 99 optimal 8
1154999 eval return -5.519 +/- 0.014
time:  70.227 SPS: 275
1159999 success 0.0 +/- 0.0
1159999 eval steps mean 99.9 best 99 optimal 8
1159999 eval return -5.479 +/- 0.014
time:  70.553 SPS: 275
1164999 success 0.4 +/- 0.163
1164999 eval steps mean 84.6 best 29 optimal 8
1164999 eval return -3.413 +/- 0.839
time:  70.877 SPS: 275
1169999 success 1.0 +/- 0.0
1169999 eval steps mean 18.3 best 16 optimal 8
1169999 eval return 1.569 +/- 0.038
time:  71.18 SPS: 275
1174999 success 1.0 +/- 0.0
1174999 eval steps mean 17.7 best 16 optimal 8
1174999 eval return 1.604 +/- 0.023
time:  71.485 SPS: 275
1179999 success 1.0 +/- 0.0
1179999 eval steps mean 17.1 best 16 optimal 8
1179999 eval return 1.629 +/- 0.011
time:  71.974 SPS: 274
1184999 success 1.0 +/- 0.0
1184999 eval steps mean 16.9 best 16 optimal 8
1184999 eval return 1.64 +/- 0.0
time:  72.446 SPS: 273
1189999 success 1.0 +/- 0.0
1189999 eval steps mean 16.9 best 16 optimal 8
1189999 eval return 1.64 +/- 0.0
time:  72.934 SPS: 273
1194999 success 1.0 +/- 0.0
1194999 eval steps mean 17.3 best 17 optimal 8
1194999 eval return 1.634 +/- 0.004
1200000
GOAL [ 9 14]
time:  73.434 SPS: 272
1199999 success 0.0 +/- 0.0
1199999 eval steps mean 99.9 best 99 optimal 9
1199999 eval return -20.693 +/- 0.014
time:  73.848 SPS: 271
1204999 success 0.0 +/- 0.0
1204999 eval steps mean 99.9 best 99 optimal 9
1204999 eval return -20.663 +/- 0.025
time:  74.288 SPS: 271
1209999 success 0.0 +/- 0.0
1209999 eval steps mean 99.9 best 99 optimal 9
1209999 eval return -16.742 +/- 0.09
time:  74.715 SPS: 271
1214999 success 0.0 +/- 0.0
1214999 eval steps mean 99.9 best 99 optimal 9
1214999 eval return -16.54 +/- 0.0
time:  75.135 SPS: 270
1219999 success 0.0 +/- 0.0
1219999 eval steps mean 99.9 best 99 optimal 9
1219999 eval return -16.54 +/- 0.0
time:  75.568 SPS: 270
1224999 success 0.0 +/- 0.0
1224999 eval steps mean 99.9 best 99 optimal 9
1224999 eval return -16.54 +/- 0.0
time:  75.958 SPS: 269
1229999 success 0.0 +/- 0.0
1229999 eval steps mean 99.9 best 99 optimal 9
1229999 eval return -16.54 +/- 0.0
time:  76.254 SPS: 269
1234999 success 0.0 +/- 0.0
1234999 eval steps mean 99.9 best 99 optimal 9
1234999 eval return -16.54 +/- 0.0
time:  76.539 SPS: 270
1239999 success 0.0 +/- 0.0
1239999 eval steps mean 99.9 best 99 optimal 9
1239999 eval return -16.541 +/- 0.001
time:  76.795 SPS: 270
1244999 success 0.0 +/- 0.0
1244999 eval steps mean 99.9 best 99 optimal 9
1244999 eval return -16.541 +/- 0.001
time:  77.066 SPS: 270
1249999 success 0.0 +/- 0.0
1249999 eval steps mean 99.9 best 99 optimal 9
1249999 eval return -16.54 +/- 0.0
time:  77.329 SPS: 270
1254999 success 0.0 +/- 0.0
1254999 eval steps mean 99.9 best 99 optimal 9
1254999 eval return -16.54 +/- 0.0
time:  77.612 SPS: 270
1259999 success 0.0 +/- 0.0
1259999 eval steps mean 99.9 best 99 optimal 9
1259999 eval return -16.54 +/- 0.0
time:  77.889 SPS: 270
1264999 success 0.0 +/- 0.0
1264999 eval steps mean 99.9 best 99 optimal 9
1264999 eval return -16.54 +/- 0.0
time:  78.174 SPS: 270
1269999 success 0.0 +/- 0.0
1269999 eval steps mean 99.9 best 99 optimal 9
1269999 eval return -16.54 +/- 0.0
time:  78.433 SPS: 270
1274999 success 0.0 +/- 0.0
1274999 eval steps mean 99.9 best 99 optimal 9
1274999 eval return -16.541 +/- 0.001
1280000
GOAL [13  3]
time:  78.709 SPS: 271
1279999 success 0.0 +/- 0.0
1279999 eval steps mean 99.9 best 99 optimal 10
1279999 eval return -4.12 +/- 0.0
time:  78.984 SPS: 271
1284999 success 0.0 +/- 0.0
1284999 eval steps mean 99.9 best 99 optimal 10
1284999 eval return -4.12 +/- 0.0
time:  79.256 SPS: 271
1289999 success 0.0 +/- 0.0
1289999 eval steps mean 99.9 best 99 optimal 10
1289999 eval return -4.128 +/- 0.008
time:  79.549 SPS: 271
1294999 success 0.0 +/- 0.0
1294999 eval steps mean 99.9 best 99 optimal 10
1294999 eval return -4.12 +/- 0.0
time:  79.824 SPS: 271
1299999 success 0.0 +/- 0.0
1299999 eval steps mean 99.9 best 99 optimal 10
1299999 eval return -2.38 +/- 0.04
time:  80.083 SPS: 271
1304999 success 0.0 +/- 0.0
1304999 eval steps mean 99.9 best 99 optimal 10
1304999 eval return -2.429 +/- 0.26
time:  80.362 SPS: 271
1309999 success 0.1 +/- 0.1
1309999 eval steps mean 92.5 best 26 optimal 10
1309999 eval return -1.207 +/- 0.387
time:  80.647 SPS: 271
1314999 success 1.0 +/- 0.0
1314999 eval steps mean 16.6 best 15 optimal 10
1314999 eval return 2.353 +/- 0.019
time:  81.027 SPS: 271
1319999 success 1.0 +/- 0.0
1319999 eval steps mean 15.5 best 14 optimal 10
1319999 eval return 2.373 +/- 0.014
time:  81.524 SPS: 270
1324999 success 1.0 +/- 0.0
1324999 eval steps mean 15.3 best 14 optimal 10
1324999 eval return 2.384 +/- 0.004
time:  82.02 SPS: 270
1329999 success 1.0 +/- 0.0
1329999 eval steps mean 14.9 best 14 optimal 10
1329999 eval return 2.39 +/- 0.0
time:  82.511 SPS: 269
1334999 success 1.0 +/- 0.0
1334999 eval steps mean 14.9 best 14 optimal 10
1334999 eval return 2.39 +/- 0.0
time:  83.004 SPS: 269
1339999 success 1.0 +/- 0.0
1339999 eval steps mean 14.9 best 14 optimal 10
1339999 eval return 2.39 +/- 0.0
time:  83.466 SPS: 268
1344999 success 1.0 +/- 0.0
1344999 eval steps mean 14.9 best 14 optimal 10
1344999 eval return 2.39 +/- 0.0
time:  83.944 SPS: 268
1349999 success 1.0 +/- 0.0
1349999 eval steps mean 15.1 best 14 optimal 10
1349999 eval return 2.375 +/- 0.015
time:  84.436 SPS: 267
1354999 success 1.0 +/- 0.0
1354999 eval steps mean 14.9 best 14 optimal 10
1354999 eval return 2.39 +/- 0.0
1360000
GOAL [14  6]
time:  84.924 SPS: 266
1359999 success 0.0 +/- 0.0
1359999 eval steps mean 99.9 best 99 optimal 8
1359999 eval return -6.637 +/- 0.01
time:  85.431 SPS: 266
1364999 success 0.0 +/- 0.0
1364999 eval steps mean 99.9 best 99 optimal 8
1364999 eval return -1.768 +/- 0.007
time:  85.933 SPS: 265
1369999 success 0.0 +/- 0.0
1369999 eval steps mean 99.9 best 99 optimal 8
1369999 eval return -1.836 +/- 0.01
time:  86.424 SPS: 265
1374999 success 0.0 +/- 0.0
1374999 eval steps mean 99.9 best 99 optimal 8
1374999 eval return -1.746 +/- 0.012
time:  86.763 SPS: 265
1379999 success 0.0 +/- 0.0
1379999 eval steps mean 99.9 best 99 optimal 8
1379999 eval return -1.764 +/- 0.007
time:  87.063 SPS: 265
1384999 success 0.0 +/- 0.0
1384999 eval steps mean 99.9 best 99 optimal 8
1384999 eval return -1.338 +/- 0.008
time:  87.363 SPS: 265
1389999 success 0.0 +/- 0.0
1389999 eval steps mean 99.9 best 99 optimal 8
1389999 eval return -1.38 +/- 0.008
time:  87.673 SPS: 265
1394999 success 0.0 +/- 0.0
1394999 eval steps mean 99.9 best 99 optimal 8
1394999 eval return -1.5 +/- 0.006
time:  87.97 SPS: 265
1399999 success 0.0 +/- 0.0
1399999 eval steps mean 99.9 best 99 optimal 8
1399999 eval return -1.331 +/- 0.004
time:  88.27 SPS: 265
1404999 success 0.0 +/- 0.0
1404999 eval steps mean 99.9 best 99 optimal 8
1404999 eval return -1.33 +/- 0.007
time:  88.584 SPS: 265
1409999 success 0.0 +/- 0.0
1409999 eval steps mean 99.9 best 99 optimal 8
1409999 eval return -1.418 +/- 0.014
time:  88.917 SPS: 265
1414999 success 0.0 +/- 0.0
1414999 eval steps mean 99.9 best 99 optimal 8
1414999 eval return -1.383 +/- 0.009
time:  89.223 SPS: 265
1419999 success 0.0 +/- 0.0
1419999 eval steps mean 99.9 best 99 optimal 8
1419999 eval return -1.441 +/- 0.009
time:  89.525 SPS: 265
1424999 success 0.0 +/- 0.0
1424999 eval steps mean 99.9 best 99 optimal 8
1424999 eval return -1.481 +/- 0.011
time:  89.815 SPS: 265
1429999 success 0.0 +/- 0.0
1429999 eval steps mean 99.9 best 99 optimal 8
1429999 eval return -1.41 +/- 0.01
time:  90.116 SPS: 265
1434999 success 0.5 +/- 0.167
1434999 eval steps mean 79.7 best 35 optimal 8
1434999 eval return 0.235 +/- 0.593
1440000
GOAL [6 4]
time:  90.442 SPS: 265
1439999 success 0.0 +/- 0.0
1439999 eval steps mean 99.9 best 99 optimal 4
1439999 eval return -15.466 +/- 0.089
time:  90.727 SPS: 265
1444999 success 0.0 +/- 0.0
1444999 eval steps mean 99.9 best 99 optimal 4
1444999 eval return -14.044 +/- 0.024
time:  90.997 SPS: 265
1449999 success 0.0 +/- 0.0
1449999 eval steps mean 99.9 best 99 optimal 4
1449999 eval return -14.006 +/- 0.002
time:  91.276 SPS: 265
1454999 success 0.0 +/- 0.0
1454999 eval steps mean 99.9 best 99 optimal 4
1454999 eval return -12.931 +/- 0.084
time:  91.604 SPS: 265
1459999 success 0.0 +/- 0.0
1459999 eval steps mean 99.9 best 99 optimal 4
1459999 eval return -10.563 +/- 0.03
time:  91.899 SPS: 265
1464999 success 0.0 +/- 0.0
1464999 eval steps mean 99.9 best 99 optimal 4
1464999 eval return -6.86 +/- 0.114
time:  92.223 SPS: 265
1469999 success 0.0 +/- 0.0
1469999 eval steps mean 99.9 best 99 optimal 4
1469999 eval return -6.662 +/- 0.047
time:  92.534 SPS: 265
1474999 success 0.0 +/- 0.0
1474999 eval steps mean 99.9 best 99 optimal 4
1474999 eval return -6.674 +/- 0.058
time:  92.859 SPS: 265
1479999 success 0.0 +/- 0.0
1479999 eval steps mean 99.9 best 99 optimal 4
1479999 eval return -6.554 +/- 0.071
time:  93.259 SPS: 265
1484999 success 0.0 +/- 0.0
1484999 eval steps mean 99.9 best 99 optimal 4
1484999 eval return -7.36 +/- 0.477
time:  93.781 SPS: 264
1489999 success 0.0 +/- 0.0
1489999 eval steps mean 99.9 best 99 optimal 4
1489999 eval return -6.494 +/- 0.014
time:  94.299 SPS: 264
1494999 success 0.0 +/- 0.0
1494999 eval steps mean 99.9 best 99 optimal 4
1494999 eval return -6.468 +/- 0.035
time:  94.78 SPS: 263
1499999 success 0.0 +/- 0.0
1499999 eval steps mean 99.9 best 99 optimal 4
1499999 eval return -6.626 +/- 0.034
time:  95.301 SPS: 263
1504999 success 0.0 +/- 0.0
1504999 eval steps mean 99.9 best 99 optimal 4
1504999 eval return -6.791 +/- 0.021
time:  95.708 SPS: 262
1509999 success 0.0 +/- 0.0
1509999 eval steps mean 99.9 best 99 optimal 4
1509999 eval return -6.794 +/- 0.038
time:  96.127 SPS: 262
1514999 success 0.0 +/- 0.0
1514999 eval steps mean 99.9 best 99 optimal 4
1514999 eval return -6.813 +/- 0.262
1520000
GOAL [10  4]
time:  96.52 SPS: 262
1519999 success 0.0 +/- 0.0
1519999 eval steps mean 99.9 best 99 optimal 6
1519999 eval return -2.768 +/- 0.011
time:  96.835 SPS: 262
1524999 success 0.0 +/- 0.0
1524999 eval steps mean 99.9 best 99 optimal 6
1524999 eval return -1.855 +/- 0.021
time:  97.153 SPS: 262
1529999 success 0.0 +/- 0.0
1529999 eval steps mean 99.9 best 99 optimal 6
1529999 eval return -1.751 +/- 0.019
time:  97.601 SPS: 262
1534999 success 0.0 +/- 0.0
1534999 eval steps mean 99.9 best 99 optimal 6
1534999 eval return -1.558 +/- 0.015
time:  98.025 SPS: 261
1539999 success 0.0 +/- 0.0
1539999 eval steps mean 99.9 best 99 optimal 6
1539999 eval return -1.523 +/- 0.009
time:  98.517 SPS: 261
1544999 success 0.1 +/- 0.1
1544999 eval steps mean 92.8 best 29 optimal 6
1544999 eval return -1.305 +/- 0.385
time:  99.02 SPS: 260
1549999 success 0.0 +/- 0.0
1549999 eval steps mean 99.9 best 99 optimal 6
1549999 eval return -1.868 +/- 0.042
time:  99.511 SPS: 260
1554999 success 0.8 +/- 0.133
1554999 eval steps mean 52.1 best 19 optimal 6
1554999 eval return 1.267 +/- 0.501
time:  99.958 SPS: 260
1559999 success 1.0 +/- 0.0
1559999 eval steps mean 10.9 best 10 optimal 6
1559999 eval return 2.45 +/- 0.0
time:  100.204 SPS: 260
1564999 success 1.0 +/- 0.0
1564999 eval steps mean 10.9 best 10 optimal 6
1564999 eval return 2.45 +/- 0.0
time:  100.46 SPS: 260
1569999 success 1.0 +/- 0.0
1569999 eval steps mean 10.9 best 10 optimal 6
1569999 eval return 2.45 +/- 0.0
time:  100.71 SPS: 260
1574999 success 1.0 +/- 0.0
1574999 eval steps mean 10.9 best 10 optimal 6
1574999 eval return 2.45 +/- 0.0
time:  100.943 SPS: 260
1579999 success 1.0 +/- 0.0
1579999 eval steps mean 10.9 best 10 optimal 6
1579999 eval return 2.45 +/- 0.0
time:  101.162 SPS: 261
1584999 success 1.0 +/- 0.0
1584999 eval steps mean 10.9 best 10 optimal 6
1584999 eval return 2.45 +/- 0.0
time:  101.377 SPS: 261
1589999 success 1.0 +/- 0.0
1589999 eval steps mean 10.9 best 10 optimal 6
1589999 eval return 2.45 +/- 0.0
time:  101.601 SPS: 261
1594999 success 1.0 +/- 0.0
1594999 eval steps mean 10.9 best 10 optimal 6
1594999 eval return 2.45 +/- 0.0
1600000
GOAL [14  5]
time:  101.844 SPS: 261
1599999 success 0.0 +/- 0.0
1599999 eval steps mean 99.9 best 99 optimal 9
1599999 eval return -5.01 +/- 0.0
done RL run. Time 101.9357356650003 min
