agent_dict keys dict_keys(['base_algorithm', 'learning_rate', 'num_envs', 'rollout_num_steps', 'gamma', 'gae_lambda', 'num_minibatches', 'update_epochs', 'minibatch_size', 'norm_adv', 'clip_coef', 'clip_vloss', 'ent_coef', 'vf_coef', 'max_grad_norm', 'rpo_alpha', 'parseval_reg', 'input_scale', 'learnable_input_scale', 'add_diag_layer', 'lie_group', 'pion', 'pion_block_size', 'pion_multiplicative', 'oft', 'poet', 'oet_num_blocks', 'poet_exact_cayley', 'layer_norm', 'layer_norm_no_params', 'weight_decay', 'tuned_adam', 'perturb', 'perturb_dist', 'regen', 'regen_wasserstein', 'weight_init', 'net_width', 'net_activation', 'init_gain', 'parseval_norm', 'parseval_num_groups'])
env_dict keys dict_keys(['env', 'change_freq', 'seed', 'env_type'])
Start RL run!
{'base_algorithm': 'ppo_agent', 'learning_rate': 0.00025, 'num_envs': 1, 'rollout_num_steps': 128, 'gamma': 0.99, 'gae_lambda': 0.95, 'num_minibatches': 4, 'update_epochs': 4, 'minibatch_size': 32, 'norm_adv': True, 'clip_coef': 0.2, 'clip_vloss': True, 'ent_coef': 0.01, 'vf_coef': 0.5, 'max_grad_norm': 0.5, 'rpo_alpha': 0, 'parseval_reg': 0, 'input_scale': 1, 'learnable_input_scale': False, 'add_diag_layer': False, 'lie_group': False, 'pion': False, 'pion_block_size': None, 'pion_multiplicative': False, 'oft': False, 'poet': False, 'oet_num_blocks': 1, 'poet_exact_cayley': False, 'layer_norm': False, 'layer_norm_no_params': False, 'weight_decay': 0, 'tuned_adam': False, 'perturb': 0.0, 'perturb_dist': 'xavier', 'regen': 0.0, 'regen_wasserstein': False, 'weight_init': 'orthogonal', 'net_width': 64, 'net_activation': 'tanh', 'init_gain': None, 'parseval_norm': False, 'parseval_num_groups': 1, 'device': 'cpu'}
{'env': 'gridworld_ninerooms', 'change_freq': 80000, 'seed': 127, 'env_type': 'rl', 'local_run': False}
Running on gpu: False
Gridworld args () {'env': 'gridworld_ninerooms', 'change_freq': 80000, 'seed': 127, 'env_type': 'rl', 'local_run': False}
time:  0.046 SPS: 0
0 success 0.0 +/- 0.0
0 eval steps mean 99.9 best 99 optimal 7
0 eval return -15.631 +/- 0.626
time:  0.351 SPS: 237
4999 success 0.0 +/- 0.0
4999 eval steps mean 99.9 best 99 optimal 7
4999 eval return -14.614 +/- 0.489
time:  0.641 SPS: 259
9999 success 0.3 +/- 0.153
9999 eval steps mean 93.2 best 72 optimal 7
9999 eval return -7.713 +/- 1.058
time:  0.938 SPS: 266
14999 success 1.0 +/- 0.0
14999 eval steps mean 32.8 best 23 optimal 7
14999 eval return 0.455 +/- 0.196
time:  1.236 SPS: 269
19999 success 1.0 +/- 0.0
19999 eval steps mean 18.7 best 17 optimal 7
19999 eval return 1.402 +/- 0.036
time:  1.533 SPS: 271
24999 success 1.0 +/- 0.0
24999 eval steps mean 17.9 best 17 optimal 7
24999 eval return 1.47 +/- 0.0
time:  1.828 SPS: 273
29999 success 1.0 +/- 0.0
29999 eval steps mean 17.9 best 17 optimal 7
29999 eval return 1.47 +/- 0.0
time:  2.149 SPS: 271
34999 success 1.0 +/- 0.0
34999 eval steps mean 17.9 best 17 optimal 7
34999 eval return 1.47 +/- 0.0
time:  2.446 SPS: 272
39999 success 1.0 +/- 0.0
39999 eval steps mean 17.9 best 17 optimal 7
39999 eval return 1.47 +/- 0.0
time:  2.751 SPS: 272
44999 success 1.0 +/- 0.0
44999 eval steps mean 17.9 best 17 optimal 7
44999 eval return 1.47 +/- 0.0
time:  3.041 SPS: 274
49999 success 1.0 +/- 0.0
49999 eval steps mean 17.9 best 17 optimal 7
49999 eval return 1.47 +/- 0.0
time:  3.335 SPS: 274
54999 success 1.0 +/- 0.0
54999 eval steps mean 17.9 best 17 optimal 7
54999 eval return 1.47 +/- 0.0
time:  3.62 SPS: 276
59999 success 1.0 +/- 0.0
59999 eval steps mean 17.9 best 17 optimal 7
59999 eval return 1.47 +/- 0.0
time:  3.918 SPS: 276
64999 success 1.0 +/- 0.0
64999 eval steps mean 18.1 best 17 optimal 7
64999 eval return 1.463 +/- 0.007
time:  4.211 SPS: 277
69999 success 1.0 +/- 0.0
69999 eval steps mean 17.9 best 17 optimal 7
69999 eval return 1.47 +/- 0.0
time:  4.498 SPS: 277
74999 success 1.0 +/- 0.0
74999 eval steps mean 17.9 best 17 optimal 7
74999 eval return 1.47 +/- 0.0
80000
GOAL [9 3]
time:  4.809 SPS: 277
79999 success 0.0 +/- 0.0
79999 eval steps mean 99.9 best 99 optimal 6
79999 eval return -6.245 +/- 0.007
time:  5.103 SPS: 277
84999 success 0.0 +/- 0.0
84999 eval steps mean 99.9 best 99 optimal 6
84999 eval return -4.448 +/- 0.094
time:  5.397 SPS: 277
89999 success 0.1 +/- 0.1
89999 eval steps mean 98.5 best 86 optimal 6
89999 eval return -3.988 +/- 0.357
time:  5.683 SPS: 278
94999 success 1.0 +/- 0.0
94999 eval steps mean 23.8 best 22 optimal 6
94999 eval return 1.135 +/- 0.018
time:  5.97 SPS: 279
99999 success 1.0 +/- 0.0
99999 eval steps mean 19.1 best 18 optimal 6
99999 eval return 1.323 +/- 0.027
time:  6.262 SPS: 279
104999 success 1.0 +/- 0.0
104999 eval steps mean 19.1 best 18 optimal 6
104999 eval return 1.331 +/- 0.019
time:  6.567 SPS: 279
109999 success 0.9 +/- 0.1
109999 eval steps mean 27.0 best 18 optimal 6
109999 eval return 0.475 +/- 0.875
time:  6.86 SPS: 279
114999 success 1.0 +/- 0.0
114999 eval steps mean 18.9 best 18 optimal 6
114999 eval return 1.35 +/- 0.0
time:  7.152 SPS: 279
119999 success 1.0 +/- 0.0
119999 eval steps mean 19.1 best 18 optimal 6
119999 eval return 1.323 +/- 0.027
time:  7.449 SPS: 279
124999 success 0.9 +/- 0.1
124999 eval steps mean 27.0 best 18 optimal 6
124999 eval return 0.568 +/- 0.782
time:  7.714 SPS: 280
129999 success 1.0 +/- 0.0
129999 eval steps mean 18.9 best 18 optimal 6
129999 eval return 1.35 +/- 0.0
time:  8.004 SPS: 281
134999 success 1.0 +/- 0.0
134999 eval steps mean 18.9 best 18 optimal 6
134999 eval return 1.35 +/- 0.0
time:  8.295 SPS: 281
139999 success 1.0 +/- 0.0
139999 eval steps mean 18.9 best 18 optimal 6
139999 eval return 1.35 +/- 0.0
time:  8.589 SPS: 281
144999 success 1.0 +/- 0.0
144999 eval steps mean 18.9 best 18 optimal 6
144999 eval return 1.35 +/- 0.0
time:  8.874 SPS: 281
149999 success 1.0 +/- 0.0
149999 eval steps mean 18.9 best 18 optimal 6
149999 eval return 1.35 +/- 0.0
time:  9.157 SPS: 282
154999 success 1.0 +/- 0.0
154999 eval steps mean 19.3 best 18 optimal 6
154999 eval return 1.338 +/- 0.012
160000
GOAL [6 4]
time:  9.464 SPS: 281
159999 success 0.0 +/- 0.0
159999 eval steps mean 99.9 best 99 optimal 4
159999 eval return -4.587 +/- 0.03
time:  9.777 SPS: 281
164999 success 1.0 +/- 0.0
164999 eval steps mean 16.9 best 16 optimal 4
164999 eval return 1.64 +/- 0.0
time:  10.067 SPS: 281
169999 success 1.0 +/- 0.0
169999 eval steps mean 16.9 best 16 optimal 4
169999 eval return 1.64 +/- 0.0
time:  10.348 SPS: 281
174999 success 1.0 +/- 0.0
174999 eval steps mean 16.9 best 16 optimal 4
174999 eval return 1.64 +/- 0.0
time:  10.616 SPS: 282
179999 success 1.0 +/- 0.0
179999 eval steps mean 16.9 best 16 optimal 4
179999 eval return 1.64 +/- 0.0
time:  10.9 SPS: 282
184999 success 1.0 +/- 0.0
184999 eval steps mean 16.9 best 16 optimal 4
184999 eval return 1.64 +/- 0.0
time:  11.187 SPS: 283
189999 success 1.0 +/- 0.0
189999 eval steps mean 17.1 best 16 optimal 4
189999 eval return 1.621 +/- 0.019
time:  11.467 SPS: 283
194999 success 1.0 +/- 0.0
194999 eval steps mean 16.9 best 16 optimal 4
194999 eval return 1.64 +/- 0.0
time:  11.758 SPS: 283
199999 success 1.0 +/- 0.0
199999 eval steps mean 16.9 best 16 optimal 4
199999 eval return 1.64 +/- 0.0
time:  12.048 SPS: 283
204999 success 1.0 +/- 0.0
204999 eval steps mean 16.9 best 16 optimal 4
204999 eval return 1.64 +/- 0.0
time:  12.331 SPS: 283
209999 success 1.0 +/- 0.0
209999 eval steps mean 16.9 best 16 optimal 4
209999 eval return 1.64 +/- 0.0
time:  12.627 SPS: 283
214999 success 1.0 +/- 0.0
214999 eval steps mean 16.9 best 16 optimal 4
214999 eval return 1.64 +/- 0.0
time:  12.907 SPS: 284
219999 success 1.0 +/- 0.0
219999 eval steps mean 20.7 best 17 optimal 4
219999 eval return 1.583 +/- 0.023
time:  13.199 SPS: 284
224999 success 1.0 +/- 0.0
224999 eval steps mean 16.9 best 16 optimal 4
224999 eval return 1.64 +/- 0.0
time:  13.485 SPS: 284
229999 success 1.0 +/- 0.0
229999 eval steps mean 16.9 best 16 optimal 4
229999 eval return 1.64 +/- 0.0
time:  13.764 SPS: 284
234999 success 1.0 +/- 0.0
234999 eval steps mean 16.9 best 16 optimal 4
234999 eval return 1.64 +/- 0.0
240000
GOAL [13 13]
time:  14.076 SPS: 284
239999 success 0.0 +/- 0.0
239999 eval steps mean 99.9 best 99 optimal 12
239999 eval return -20.013 +/- 0.018
time:  14.381 SPS: 283
244999 success 0.0 +/- 0.0
244999 eval steps mean 99.9 best 99 optimal 12
244999 eval return -19.685 +/- 0.033
time:  14.686 SPS: 283
249999 success 0.0 +/- 0.0
249999 eval steps mean 99.9 best 99 optimal 12
249999 eval return -19.246 +/- 0.004
time:  15.003 SPS: 283
254999 success 0.0 +/- 0.0
254999 eval steps mean 99.9 best 99 optimal 12
254999 eval return -19.248 +/- 0.004
time:  15.301 SPS: 283
259999 success 0.0 +/- 0.0
259999 eval steps mean 99.9 best 99 optimal 12
259999 eval return -19.132 +/- 0.108
time:  15.603 SPS: 283
264999 success 0.0 +/- 0.0
264999 eval steps mean 99.9 best 99 optimal 12
264999 eval return -19.24 +/- 0.0
time:  15.91 SPS: 282
269999 success 0.0 +/- 0.0
269999 eval steps mean 99.9 best 99 optimal 12
269999 eval return -19.24 +/- 0.0
time:  16.224 SPS: 282
274999 success 0.0 +/- 0.0
274999 eval steps mean 99.9 best 99 optimal 12
274999 eval return -16.192 +/- 0.039
time:  16.535 SPS: 282
279999 success 0.0 +/- 0.0
279999 eval steps mean 99.9 best 99 optimal 12
279999 eval return -16.153 +/- 0.073
time:  16.831 SPS: 282
284999 success 0.0 +/- 0.0
284999 eval steps mean 99.9 best 99 optimal 12
284999 eval return -16.062 +/- 0.018
time:  17.14 SPS: 281
289999 success 0.0 +/- 0.0
289999 eval steps mean 99.9 best 99 optimal 12
289999 eval return -14.875 +/- 0.612
time:  17.45 SPS: 281
294999 success 0.0 +/- 0.0
294999 eval steps mean 99.9 best 99 optimal 12
294999 eval return -12.04 +/- 0.0
time:  17.761 SPS: 281
299999 success 0.0 +/- 0.0
299999 eval steps mean 99.9 best 99 optimal 12
299999 eval return -12.04 +/- 0.0
time:  18.062 SPS: 281
304999 success 0.0 +/- 0.0
304999 eval steps mean 99.9 best 99 optimal 12
304999 eval return -12.04 +/- 0.0
time:  18.356 SPS: 281
309999 success 0.0 +/- 0.0
309999 eval steps mean 99.9 best 99 optimal 12
309999 eval return -12.04 +/- 0.0
time:  18.646 SPS: 281
314999 success 0.0 +/- 0.0
314999 eval steps mean 99.9 best 99 optimal 12
314999 eval return -12.04 +/- 0.0
320000
GOAL [10  4]
time:  18.947 SPS: 281
319999 success 0.0 +/- 0.0
319999 eval steps mean 99.9 best 99 optimal 6
319999 eval return -9.793 +/- 0.25
time:  19.227 SPS: 281
324999 success 0.0 +/- 0.0
324999 eval steps mean 99.9 best 99 optimal 6
324999 eval return -10.041 +/- 0.001
time:  19.508 SPS: 281
329999 success 0.0 +/- 0.0
329999 eval steps mean 99.9 best 99 optimal 6
329999 eval return -10.04 +/- 0.0
time:  19.79 SPS: 282
334999 success 0.0 +/- 0.0
334999 eval steps mean 99.9 best 99 optimal 6
334999 eval return -10.04 +/- 0.0
time:  20.09 SPS: 282
339999 success 0.0 +/- 0.0
339999 eval steps mean 99.9 best 99 optimal 6
339999 eval return -9.776 +/- 0.264
time:  20.389 SPS: 282
344999 success 0.0 +/- 0.0
344999 eval steps mean 99.9 best 99 optimal 6
344999 eval return -10.04 +/- 0.0
time:  20.664 SPS: 282
349999 success 0.0 +/- 0.0
349999 eval steps mean 99.9 best 99 optimal 6
349999 eval return -9.34 +/- 0.502
time:  20.938 SPS: 282
354999 success 0.0 +/- 0.0
354999 eval steps mean 99.9 best 99 optimal 6
354999 eval return -5.508 +/- 0.018
time:  21.203 SPS: 282
359999 success 0.0 +/- 0.0
359999 eval steps mean 99.9 best 99 optimal 6
359999 eval return -5.401 +/- 0.013
time:  21.475 SPS: 283
364999 success 0.0 +/- 0.0
364999 eval steps mean 99.9 best 99 optimal 6
364999 eval return -5.402 +/- 0.022
time:  21.753 SPS: 283
369999 success 0.0 +/- 0.0
369999 eval steps mean 99.9 best 99 optimal 6
369999 eval return -4.668 +/- 0.103
time:  22.032 SPS: 283
374999 success 0.0 +/- 0.0
374999 eval steps mean 99.9 best 99 optimal 6
374999 eval return -4.5 +/- 0.0
time:  22.302 SPS: 283
379999 success 0.0 +/- 0.0
379999 eval steps mean 99.9 best 99 optimal 6
379999 eval return -4.499 +/- 0.01
time:  22.569 SPS: 284
384999 success 0.0 +/- 0.0
384999 eval steps mean 99.9 best 99 optimal 6
384999 eval return -4.615 +/- 0.091
time:  22.851 SPS: 284
389999 success 0.0 +/- 0.0
389999 eval steps mean 99.9 best 99 optimal 6
389999 eval return -4.733 +/- 0.071
time:  23.138 SPS: 284
394999 success 0.0 +/- 0.0
394999 eval steps mean 99.9 best 99 optimal 6
394999 eval return -4.923 +/- 0.024
400000
GOAL [12 14]
time:  23.463 SPS: 284
399999 success 0.0 +/- 0.0
399999 eval steps mean 99.9 best 99 optimal 12
399999 eval return -9.61 +/- 0.481
time:  23.778 SPS: 283
404999 success 0.0 +/- 0.0
404999 eval steps mean 99.9 best 99 optimal 12
404999 eval return -9.27 +/- 1.205
time:  24.081 SPS: 283
409999 success 0.7 +/- 0.153
409999 eval steps mean 45.6 best 17 optimal 12
409999 eval return -4.237 +/- 2.865
time:  24.383 SPS: 283
414999 success 1.0 +/- 0.0
414999 eval steps mean 17.0 best 16 optimal 12
414999 eval return 1.874 +/- 0.006
time:  24.677 SPS: 283
419999 success 1.0 +/- 0.0
419999 eval steps mean 16.9 best 16 optimal 12
419999 eval return 1.88 +/- 0.0
time:  24.971 SPS: 283
424999 success 1.0 +/- 0.0
424999 eval steps mean 17.7 best 16 optimal 12
424999 eval return 1.856 +/- 0.013
time:  25.267 SPS: 283
429999 success 1.0 +/- 0.0
429999 eval steps mean 16.9 best 16 optimal 12
429999 eval return 1.88 +/- 0.0
time:  25.556 SPS: 283
434999 success 1.0 +/- 0.0
434999 eval steps mean 17.1 best 16 optimal 12
434999 eval return 1.875 +/- 0.005
time:  25.849 SPS: 283
439999 success 1.0 +/- 0.0
439999 eval steps mean 16.9 best 16 optimal 12
439999 eval return 1.88 +/- 0.0
time:  26.13 SPS: 283
444999 success 1.0 +/- 0.0
444999 eval steps mean 16.9 best 16 optimal 12
444999 eval return 1.88 +/- 0.0
time:  26.42 SPS: 283
449999 success 1.0 +/- 0.0
449999 eval steps mean 16.9 best 16 optimal 12
449999 eval return 1.88 +/- 0.0
time:  26.712 SPS: 283
454999 success 1.0 +/- 0.0
454999 eval steps mean 16.9 best 16 optimal 12
454999 eval return 1.88 +/- 0.0
time:  26.999 SPS: 283
459999 success 1.0 +/- 0.0
459999 eval steps mean 16.9 best 16 optimal 12
459999 eval return 1.88 +/- 0.0
time:  27.292 SPS: 283
464999 success 1.0 +/- 0.0
464999 eval steps mean 16.9 best 16 optimal 12
464999 eval return 1.88 +/- 0.0
time:  27.584 SPS: 283
469999 success 0.9 +/- 0.1
469999 eval steps mean 25.4 best 16 optimal 12
469999 eval return -0.017 +/- 1.889
time:  27.877 SPS: 283
474999 success 1.0 +/- 0.0
474999 eval steps mean 16.9 best 16 optimal 12
474999 eval return 1.88 +/- 0.0
480000
GOAL [9 4]
time:  28.18 SPS: 283
479999 success 0.0 +/- 0.0
479999 eval steps mean 99.9 best 99 optimal 5
479999 eval return -18.109 +/- 0.004
time:  28.462 SPS: 283
484999 success 0.0 +/- 0.0
484999 eval steps mean 99.9 best 99 optimal 5
484999 eval return -11.376 +/- 0.206
time:  28.765 SPS: 283
489999 success 0.0 +/- 0.0
489999 eval steps mean 99.9 best 99 optimal 5
489999 eval return -10.014 +/- 0.02
time:  29.078 SPS: 283
494999 success 0.0 +/- 0.0
494999 eval steps mean 99.9 best 99 optimal 5
494999 eval return -9.846 +/- 0.007
time:  29.39 SPS: 283
499999 success 0.0 +/- 0.0
499999 eval steps mean 99.9 best 99 optimal 5
499999 eval return -9.866 +/- 0.008
time:  29.708 SPS: 283
504999 success 0.0 +/- 0.0
504999 eval steps mean 99.9 best 99 optimal 5
504999 eval return -9.924 +/- 0.016
time:  30.02 SPS: 283
509999 success 0.0 +/- 0.0
509999 eval steps mean 99.9 best 99 optimal 5
509999 eval return -9.86 +/- 0.013
time:  30.323 SPS: 283
514999 success 0.0 +/- 0.0
514999 eval steps mean 99.9 best 99 optimal 5
514999 eval return -9.846 +/- 0.009
time:  30.634 SPS: 282
519999 success 0.0 +/- 0.0
519999 eval steps mean 99.9 best 99 optimal 5
519999 eval return -9.806 +/- 0.003
time:  30.951 SPS: 282
524999 success 0.0 +/- 0.0
524999 eval steps mean 99.9 best 99 optimal 5
524999 eval return -9.854 +/- 0.005
time:  31.261 SPS: 282
529999 success 0.0 +/- 0.0
529999 eval steps mean 99.9 best 99 optimal 5
529999 eval return -9.717 +/- 0.065
time:  31.58 SPS: 282
534999 success 0.0 +/- 0.0
534999 eval steps mean 99.9 best 99 optimal 5
534999 eval return -9.816 +/- 0.006
time:  31.89 SPS: 282
539999 success 0.0 +/- 0.0
539999 eval steps mean 99.9 best 99 optimal 5
539999 eval return -9.737 +/- 0.068
time:  32.195 SPS: 282
544999 success 0.0 +/- 0.0
544999 eval steps mean 99.9 best 99 optimal 5
544999 eval return -8.97 +/- 0.024
time:  32.491 SPS: 282
549999 success 0.0 +/- 0.0
549999 eval steps mean 99.9 best 99 optimal 5
549999 eval return -8.983 +/- 0.017
time:  32.802 SPS: 281
554999 success 0.0 +/- 0.0
554999 eval steps mean 99.9 best 99 optimal 5
554999 eval return -9.149 +/- 0.012
560000
GOAL [6 2]
time:  33.119 SPS: 281
559999 success 0.0 +/- 0.0
559999 eval steps mean 99.9 best 99 optimal 6
559999 eval return -10.15 +/- 0.013
time:  33.43 SPS: 281
564999 success 0.0 +/- 0.0
564999 eval steps mean 99.9 best 99 optimal 6
564999 eval return -10.152 +/- 0.063
time:  33.737 SPS: 281
569999 success 0.0 +/- 0.0
569999 eval steps mean 99.9 best 99 optimal 6
569999 eval return -10.217 +/- 0.014
time:  34.047 SPS: 281
574999 success 0.0 +/- 0.0
574999 eval steps mean 99.9 best 99 optimal 6
574999 eval return -9.991 +/- 0.008
time:  34.362 SPS: 281
579999 success 0.0 +/- 0.0
579999 eval steps mean 99.9 best 99 optimal 6
579999 eval return -10.093 +/- 0.012
time:  34.645 SPS: 281
584999 success 0.0 +/- 0.0
584999 eval steps mean 99.9 best 99 optimal 6
584999 eval return -10.016 +/- 0.008
time:  34.96 SPS: 281
589999 success 0.0 +/- 0.0
589999 eval steps mean 99.9 best 99 optimal 6
589999 eval return -9.877 +/- 0.016
time:  35.279 SPS: 281
594999 success 0.0 +/- 0.0
594999 eval steps mean 99.9 best 99 optimal 6
594999 eval return -9.821 +/- 0.008
time:  35.584 SPS: 281
599999 success 0.0 +/- 0.0
599999 eval steps mean 99.9 best 99 optimal 6
599999 eval return -9.893 +/- 0.007
time:  35.9 SPS: 280
604999 success 0.0 +/- 0.0
604999 eval steps mean 99.9 best 99 optimal 6
604999 eval return -9.816 +/- 0.014
time:  36.22 SPS: 280
609999 success 0.0 +/- 0.0
609999 eval steps mean 99.9 best 99 optimal 6
609999 eval return -9.772 +/- 0.007
time:  36.531 SPS: 280
614999 success 0.0 +/- 0.0
614999 eval steps mean 99.9 best 99 optimal 6
614999 eval return -9.8 +/- 0.013
time:  36.839 SPS: 280
619999 success 0.0 +/- 0.0
619999 eval steps mean 99.9 best 99 optimal 6
619999 eval return -9.855 +/- 0.005
time:  37.14 SPS: 280
624999 success 0.0 +/- 0.0
624999 eval steps mean 99.9 best 99 optimal 6
624999 eval return -9.834 +/- 0.011
time:  37.453 SPS: 280
629999 success 0.0 +/- 0.0
629999 eval steps mean 99.9 best 99 optimal 6
629999 eval return -9.813 +/- 0.005
time:  37.754 SPS: 280
634999 success 0.0 +/- 0.0
634999 eval steps mean 99.9 best 99 optimal 6
634999 eval return -9.835 +/- 0.009
640000
GOAL [ 6 14]
time:  38.075 SPS: 280
639999 success 0.0 +/- 0.0
639999 eval steps mean 99.9 best 99 optimal 8
639999 eval return -15.562 +/- 0.005
time:  38.388 SPS: 280
644999 success 0.0 +/- 0.0
644999 eval steps mean 99.9 best 99 optimal 8
644999 eval return -9.44 +/- 0.023
time:  38.699 SPS: 279
649999 success 0.0 +/- 0.0
649999 eval steps mean 99.9 best 99 optimal 8
649999 eval return -9.531 +/- 0.179
time:  39.0 SPS: 279
654999 success 0.0 +/- 0.0
654999 eval steps mean 99.9 best 99 optimal 8
654999 eval return -9.194 +/- 0.023
time:  39.321 SPS: 279
659999 success 0.0 +/- 0.0
659999 eval steps mean 99.9 best 99 optimal 8
659999 eval return -9.068 +/- 0.02
time:  39.638 SPS: 279
664999 success 0.0 +/- 0.0
664999 eval steps mean 99.9 best 99 optimal 8
664999 eval return -8.404 +/- 0.034
time:  39.953 SPS: 279
669999 success 0.0 +/- 0.0
669999 eval steps mean 99.9 best 99 optimal 8
669999 eval return -8.503 +/- 0.436
time:  40.262 SPS: 279
674999 success 0.0 +/- 0.0
674999 eval steps mean 99.9 best 99 optimal 8
674999 eval return -8.256 +/- 0.054
time:  40.583 SPS: 279
679999 success 0.0 +/- 0.0
679999 eval steps mean 99.9 best 99 optimal 8
679999 eval return -8.06 +/- 0.009
time:  40.904 SPS: 279
684999 success 0.0 +/- 0.0
684999 eval steps mean 99.9 best 99 optimal 8
684999 eval return -7.901 +/- 0.1
time:  41.215 SPS: 279
689999 success 0.0 +/- 0.0
689999 eval steps mean 99.9 best 99 optimal 8
689999 eval return -7.538 +/- 0.024
time:  41.523 SPS: 278
694999 success 0.0 +/- 0.0
694999 eval steps mean 99.9 best 99 optimal 8
694999 eval return -7.759 +/- 0.272
time:  41.839 SPS: 278
699999 success 0.0 +/- 0.0
699999 eval steps mean 99.9 best 99 optimal 8
699999 eval return -7.454 +/- 0.027
time:  42.171 SPS: 278
704999 success 1.0 +/- 0.0
704999 eval steps mean 30.5 best 19 optimal 8
704999 eval return 0.487 +/- 0.178
time:  42.469 SPS: 278
709999 success 1.0 +/- 0.0
709999 eval steps mean 19.5 best 18 optimal 8
709999 eval return 1.304 +/- 0.003
time:  42.775 SPS: 278
714999 success 1.0 +/- 0.0
714999 eval steps mean 19.1 best 18 optimal 8
714999 eval return 1.297 +/- 0.013
720000
GOAL [10  6]
time:  43.08 SPS: 278
719999 success 0.0 +/- 0.0
719999 eval steps mean 99.9 best 99 optimal 4
719999 eval return -15.21 +/- 0.003
time:  43.368 SPS: 278
724999 success 0.0 +/- 0.0
724999 eval steps mean 99.9 best 99 optimal 4
724999 eval return -1.699 +/- 0.057
time:  43.659 SPS: 278
729999 success 1.0 +/- 0.0
729999 eval steps mean 4.9 best 4 optimal 4
729999 eval return 2.9 +/- 0.0
time:  43.956 SPS: 278
734999 success 0.9 +/- 0.1
734999 eval steps mean 14.4 best 4 optimal 4
734999 eval return 1.49 +/- 1.41
time:  44.253 SPS: 278
739999 success 1.0 +/- 0.0
739999 eval steps mean 4.9 best 4 optimal 4
739999 eval return 2.9 +/- 0.0
time:  44.558 SPS: 278
744999 success 1.0 +/- 0.0
744999 eval steps mean 4.9 best 4 optimal 4
744999 eval return 2.9 +/- 0.0
time:  44.849 SPS: 278
749999 success 1.0 +/- 0.0
749999 eval steps mean 5.3 best 4 optimal 4
749999 eval return 2.888 +/- 0.012
time:  45.149 SPS: 278
754999 success 1.0 +/- 0.0
754999 eval steps mean 4.9 best 4 optimal 4
754999 eval return 2.9 +/- 0.0
time:  45.444 SPS: 278
759999 success 1.0 +/- 0.0
759999 eval steps mean 4.9 best 4 optimal 4
759999 eval return 2.9 +/- 0.0
time:  45.738 SPS: 278
764999 success 1.0 +/- 0.0
764999 eval steps mean 4.9 best 4 optimal 4
764999 eval return 2.9 +/- 0.0
time:  46.027 SPS: 278
769999 success 1.0 +/- 0.0
769999 eval steps mean 4.9 best 4 optimal 4
769999 eval return 2.9 +/- 0.0
time:  46.32 SPS: 278
774999 success 1.0 +/- 0.0
774999 eval steps mean 4.9 best 4 optimal 4
774999 eval return 2.9 +/- 0.0
time:  46.629 SPS: 278
779999 success 1.0 +/- 0.0
779999 eval steps mean 4.9 best 4 optimal 4
779999 eval return 2.9 +/- 0.0
time:  46.928 SPS: 278
784999 success 1.0 +/- 0.0
784999 eval steps mean 4.9 best 4 optimal 4
784999 eval return 2.9 +/- 0.0
time:  47.215 SPS: 278
789999 success 1.0 +/- 0.0
789999 eval steps mean 4.9 best 4 optimal 4
789999 eval return 2.9 +/- 0.0
time:  47.507 SPS: 278
794999 success 1.0 +/- 0.0
794999 eval steps mean 4.9 best 4 optimal 4
794999 eval return 2.9 +/- 0.0
800000
GOAL [12  6]
time:  47.809 SPS: 278
799999 success 0.8 +/- 0.133
799999 eval steps mean 45.6 best 13 optimal 6
799999 eval return 0.932 +/- 0.881
time:  48.097 SPS: 278
804999 success 1.0 +/- 0.0
804999 eval steps mean 9.0 best 8 optimal 6
804999 eval return 2.738 +/- 0.002
time:  48.394 SPS: 278
809999 success 1.0 +/- 0.0
809999 eval steps mean 8.9 best 8 optimal 6
809999 eval return 2.74 +/- 0.0
time:  48.688 SPS: 278
814999 success 1.0 +/- 0.0
814999 eval steps mean 8.9 best 8 optimal 6
814999 eval return 2.74 +/- 0.0
time:  48.975 SPS: 279
819999 success 1.0 +/- 0.0
819999 eval steps mean 8.9 best 8 optimal 6
819999 eval return 2.74 +/- 0.0
time:  49.279 SPS: 279
824999 success 1.0 +/- 0.0
824999 eval steps mean 8.9 best 8 optimal 6
824999 eval return 2.74 +/- 0.0
time:  49.567 SPS: 279
829999 success 1.0 +/- 0.0
829999 eval steps mean 6.9 best 6 optimal 6
829999 eval return 2.79 +/- 0.0
time:  49.866 SPS: 279
834999 success 1.0 +/- 0.0
834999 eval steps mean 6.9 best 6 optimal 6
834999 eval return 2.79 +/- 0.0
time:  50.168 SPS: 279
839999 success 1.0 +/- 0.0
839999 eval steps mean 6.9 best 6 optimal 6
839999 eval return 2.79 +/- 0.0
time:  50.457 SPS: 279
844999 success 1.0 +/- 0.0
844999 eval steps mean 6.9 best 6 optimal 6
844999 eval return 2.79 +/- 0.0
time:  50.746 SPS: 279
849999 success 1.0 +/- 0.0
849999 eval steps mean 6.9 best 6 optimal 6
849999 eval return 2.79 +/- 0.0
time:  51.035 SPS: 279
854999 success 1.0 +/- 0.0
854999 eval steps mean 6.9 best 6 optimal 6
854999 eval return 2.79 +/- 0.0
time:  51.332 SPS: 279
859999 success 1.0 +/- 0.0
859999 eval steps mean 6.9 best 6 optimal 6
859999 eval return 2.79 +/- 0.0
time:  51.63 SPS: 279
864999 success 1.0 +/- 0.0
864999 eval steps mean 6.9 best 6 optimal 6
864999 eval return 2.79 +/- 0.0
time:  51.92 SPS: 279
869999 success 1.0 +/- 0.0
869999 eval steps mean 6.9 best 6 optimal 6
869999 eval return 2.79 +/- 0.0
time:  52.223 SPS: 279
874999 success 1.0 +/- 0.0
874999 eval steps mean 6.9 best 6 optimal 6
874999 eval return 2.79 +/- 0.0
880000
GOAL [13  5]
time:  52.532 SPS: 279
879999 success 0.4 +/- 0.163
879999 eval steps mean 84.3 best 15 optimal 8
879999 eval return -0.316 +/- 0.59
time:  52.848 SPS: 279
884999 success 1.0 +/- 0.0
884999 eval steps mean 8.9 best 8 optimal 8
884999 eval return 2.64 +/- 0.0
time:  53.141 SPS: 279
889999 success 1.0 +/- 0.0
889999 eval steps mean 8.9 best 8 optimal 8
889999 eval return 2.64 +/- 0.0
time:  53.427 SPS: 279
894999 success 1.0 +/- 0.0
894999 eval steps mean 8.9 best 8 optimal 8
894999 eval return 2.64 +/- 0.0
time:  53.729 SPS: 279
899999 success 1.0 +/- 0.0
899999 eval steps mean 8.9 best 8 optimal 8
899999 eval return 2.64 +/- 0.0
time:  54.027 SPS: 279
904999 success 1.0 +/- 0.0
904999 eval steps mean 8.9 best 8 optimal 8
904999 eval return 2.64 +/- 0.0
time:  54.332 SPS: 279
909999 success 1.0 +/- 0.0
909999 eval steps mean 8.9 best 8 optimal 8
909999 eval return 2.64 +/- 0.0
time:  54.621 SPS: 279
914999 success 1.0 +/- 0.0
914999 eval steps mean 8.9 best 8 optimal 8
914999 eval return 2.64 +/- 0.0
time:  54.911 SPS: 279
919999 success 1.0 +/- 0.0
919999 eval steps mean 8.9 best 8 optimal 8
919999 eval return 2.64 +/- 0.0
time:  55.196 SPS: 279
924999 success 1.0 +/- 0.0
924999 eval steps mean 8.9 best 8 optimal 8
924999 eval return 2.64 +/- 0.0
time:  55.489 SPS: 279
929999 success 1.0 +/- 0.0
929999 eval steps mean 8.9 best 8 optimal 8
929999 eval return 2.64 +/- 0.0
time:  55.79 SPS: 279
934999 success 1.0 +/- 0.0
934999 eval steps mean 8.9 best 8 optimal 8
934999 eval return 2.64 +/- 0.0
time:  56.086 SPS: 279
939999 success 1.0 +/- 0.0
939999 eval steps mean 8.9 best 8 optimal 8
939999 eval return 2.64 +/- 0.0
time:  56.376 SPS: 279
944999 success 1.0 +/- 0.0
944999 eval steps mean 8.9 best 8 optimal 8
944999 eval return 2.64 +/- 0.0
time:  56.679 SPS: 279
949999 success 1.0 +/- 0.0
949999 eval steps mean 9.1 best 9 optimal 8
949999 eval return 2.635 +/- 0.005
time:  56.957 SPS: 279
954999 success 1.0 +/- 0.0
954999 eval steps mean 8.9 best 8 optimal 8
954999 eval return 2.64 +/- 0.0
960000
GOAL [14 13]
time:  57.271 SPS: 279
959999 success 0.0 +/- 0.0
959999 eval steps mean 99.9 best 99 optimal 13
959999 eval return -10.836 +/- 0.008
time:  57.56 SPS: 279
964999 success 0.0 +/- 0.0
964999 eval steps mean 99.9 best 99 optimal 13
964999 eval return -9.731 +/- 0.182
time:  57.869 SPS: 279
969999 success 0.0 +/- 0.0
969999 eval steps mean 99.9 best 99 optimal 13
969999 eval return -6.298 +/- 0.443
time:  58.163 SPS: 279
974999 success 1.0 +/- 0.0
974999 eval steps mean 13.9 best 13 optimal 13
974999 eval return 2.09 +/- 0.0
time:  58.451 SPS: 279
979999 success 1.0 +/- 0.0
979999 eval steps mean 13.9 best 13 optimal 13
979999 eval return 2.09 +/- 0.0
time:  58.755 SPS: 279
984999 success 1.0 +/- 0.0
984999 eval steps mean 13.9 best 13 optimal 13
984999 eval return 2.09 +/- 0.0
time:  59.057 SPS: 279
989999 success 1.0 +/- 0.0
989999 eval steps mean 13.9 best 13 optimal 13
989999 eval return 2.09 +/- 0.0
time:  59.343 SPS: 279
994999 success 1.0 +/- 0.0
994999 eval steps mean 14.0 best 13 optimal 13
994999 eval return 2.089 +/- 0.001
time:  59.652 SPS: 279
999999 success 1.0 +/- 0.0
999999 eval steps mean 13.9 best 13 optimal 13
999999 eval return 2.09 +/- 0.0
time:  59.955 SPS: 279
1004999 success 1.0 +/- 0.0
1004999 eval steps mean 13.9 best 13 optimal 13
1004999 eval return 2.09 +/- 0.0
time:  60.223 SPS: 279
1009999 success 1.0 +/- 0.0
1009999 eval steps mean 13.9 best 13 optimal 13
1009999 eval return 2.09 +/- 0.0
time:  60.513 SPS: 279
1014999 success 1.0 +/- 0.0
1014999 eval steps mean 13.9 best 13 optimal 13
1014999 eval return 2.09 +/- 0.0
time:  60.809 SPS: 279
1019999 success 1.0 +/- 0.0
1019999 eval steps mean 13.9 best 13 optimal 13
1019999 eval return 2.09 +/- 0.0
time:  61.095 SPS: 279
1024999 success 1.0 +/- 0.0
1024999 eval steps mean 13.9 best 13 optimal 13
1024999 eval return 2.09 +/- 0.0
time:  61.389 SPS: 279
1029999 success 1.0 +/- 0.0
1029999 eval steps mean 13.9 best 13 optimal 13
1029999 eval return 2.09 +/- 0.0
time:  61.682 SPS: 279
1034999 success 1.0 +/- 0.0
1034999 eval steps mean 13.9 best 13 optimal 13
1034999 eval return 2.09 +/- 0.0
1040000
GOAL [8 2]
time:  61.994 SPS: 279
1039999 success 0.0 +/- 0.0
1039999 eval steps mean 99.9 best 99 optimal 6
1039999 eval return -16.592 +/- 0.09
time:  62.265 SPS: 279
1044999 success 0.0 +/- 0.0
1044999 eval steps mean 99.9 best 99 optimal 6
1044999 eval return -8.11 +/- 0.011
time:  62.577 SPS: 279
1049999 success 0.0 +/- 0.0
1049999 eval steps mean 99.9 best 99 optimal 6
1049999 eval return -8.249 +/- 0.105
time:  62.88 SPS: 279
1054999 success 0.0 +/- 0.0
1054999 eval steps mean 99.9 best 99 optimal 6
1054999 eval return -7.94 +/- 0.005
time:  63.196 SPS: 279
1059999 success 0.0 +/- 0.0
1059999 eval steps mean 99.9 best 99 optimal 6
1059999 eval return -7.966 +/- 0.013
time:  63.514 SPS: 279
1064999 success 0.0 +/- 0.0
1064999 eval steps mean 99.9 best 99 optimal 6
1064999 eval return -7.897 +/- 0.009
time:  63.83 SPS: 279
1069999 success 0.0 +/- 0.0
1069999 eval steps mean 99.9 best 99 optimal 6
1069999 eval return -7.929 +/- 0.011
time:  64.144 SPS: 279
1074999 success 0.0 +/- 0.0
1074999 eval steps mean 99.9 best 99 optimal 6
1074999 eval return -7.83 +/- 0.007
time:  64.466 SPS: 279
1079999 success 0.0 +/- 0.0
1079999 eval steps mean 99.9 best 99 optimal 6
1079999 eval return -7.908 +/- 0.007
time:  64.784 SPS: 279
1084999 success 0.0 +/- 0.0
1084999 eval steps mean 99.9 best 99 optimal 6
1084999 eval return -7.877 +/- 0.007
time:  65.099 SPS: 279
1089999 success 0.0 +/- 0.0
1089999 eval steps mean 99.9 best 99 optimal 6
1089999 eval return -7.836 +/- 0.017
time:  65.401 SPS: 279
1094999 success 0.0 +/- 0.0
1094999 eval steps mean 99.9 best 99 optimal 6
1094999 eval return -7.884 +/- 0.008
time:  65.711 SPS: 278
1099999 success 0.0 +/- 0.0
1099999 eval steps mean 99.9 best 99 optimal 6
1099999 eval return -7.927 +/- 0.01
time:  66.032 SPS: 278
1104999 success 0.0 +/- 0.0
1104999 eval steps mean 99.9 best 99 optimal 6
1104999 eval return -8.382 +/- 0.498
time:  66.367 SPS: 278
1109999 success 0.0 +/- 0.0
1109999 eval steps mean 99.9 best 99 optimal 6
1109999 eval return -8.246 +/- 0.411
time:  66.681 SPS: 278
1114999 success 0.0 +/- 0.0
1114999 eval steps mean 99.9 best 99 optimal 6
1114999 eval return -7.812 +/- 0.004
1120000
GOAL [ 9 14]
time:  67.017 SPS: 278
1119999 success 0.0 +/- 0.0
1119999 eval steps mean 99.9 best 99 optimal 9
1119999 eval return -12.213 +/- 0.024
time:  67.298 SPS: 278
1124999 success 0.0 +/- 0.0
1124999 eval steps mean 99.9 best 99 optimal 9
1124999 eval return -8.274 +/- 0.003
time:  67.555 SPS: 278
1129999 success 0.0 +/- 0.0
1129999 eval steps mean 99.9 best 99 optimal 9
1129999 eval return -8.464 +/- 0.183
time:  67.825 SPS: 278
1134999 success 0.0 +/- 0.0
1134999 eval steps mean 99.9 best 99 optimal 9
1134999 eval return -8.569 +/- 0.281
time:  68.097 SPS: 279
1139999 success 0.0 +/- 0.0
1139999 eval steps mean 99.9 best 99 optimal 9
1139999 eval return -8.286 +/- 0.003
time:  68.368 SPS: 279
1144999 success 0.0 +/- 0.0
1144999 eval steps mean 99.9 best 99 optimal 9
1144999 eval return -8.28 +/- 0.0
time:  68.634 SPS: 279
1149999 success 0.0 +/- 0.0
1149999 eval steps mean 99.9 best 99 optimal 9
1149999 eval return -8.339 +/- 0.073
time:  68.901 SPS: 279
1154999 success 0.0 +/- 0.0
1154999 eval steps mean 99.9 best 99 optimal 9
1154999 eval return -8.398 +/- 0.115
time:  69.198 SPS: 279
1159999 success 0.0 +/- 0.0
1159999 eval steps mean 99.9 best 99 optimal 9
1159999 eval return -6.312 +/- 0.027
time:  69.512 SPS: 279
1164999 success 0.0 +/- 0.0
1164999 eval steps mean 99.9 best 99 optimal 9
1164999 eval return -5.638 +/- 0.028
time:  69.836 SPS: 279
1169999 success 0.0 +/- 0.0
1169999 eval steps mean 99.9 best 99 optimal 9
1169999 eval return -5.446 +/- 0.016
time:  70.156 SPS: 279
1174999 success 0.0 +/- 0.0
1174999 eval steps mean 99.9 best 99 optimal 9
1174999 eval return -5.374 +/- 0.018
time:  70.476 SPS: 279
1179999 success 0.0 +/- 0.0
1179999 eval steps mean 99.9 best 99 optimal 9
1179999 eval return -4.97 +/- 0.024
time:  70.8 SPS: 278
1184999 success 0.0 +/- 0.0
1184999 eval steps mean 99.9 best 99 optimal 9
1184999 eval return -4.874 +/- 0.023
time:  71.12 SPS: 278
1189999 success 0.0 +/- 0.0
1189999 eval steps mean 99.9 best 99 optimal 9
1189999 eval return -4.386 +/- 0.031
time:  71.444 SPS: 278
1194999 success 0.0 +/- 0.0
1194999 eval steps mean 99.9 best 99 optimal 9
1194999 eval return -4.306 +/- 0.014
1200000
GOAL [13 12]
time:  71.992 SPS: 277
1199999 success 0.5 +/- 0.167
1199999 eval steps mean 55.9 best 12 optimal 11
1199999 eval return -1.032 +/- 1.125
time:  72.478 SPS: 277
1204999 success 1.0 +/- 0.0
1204999 eval steps mean 11.9 best 11 optimal 11
1204999 eval return 2.34 +/- 0.0
time:  72.972 SPS: 276
1209999 success 1.0 +/- 0.0
1209999 eval steps mean 11.9 best 11 optimal 11
1209999 eval return 2.34 +/- 0.0
time:  73.459 SPS: 275
1214999 success 1.0 +/- 0.0
1214999 eval steps mean 11.9 best 11 optimal 11
1214999 eval return 2.34 +/- 0.0
time:  73.936 SPS: 275
1219999 success 1.0 +/- 0.0
1219999 eval steps mean 11.9 best 11 optimal 11
1219999 eval return 2.34 +/- 0.0
time:  74.431 SPS: 274
1224999 success 1.0 +/- 0.0
1224999 eval steps mean 11.9 best 11 optimal 11
1224999 eval return 2.34 +/- 0.0
time:  74.913 SPS: 273
1229999 success 1.0 +/- 0.0
1229999 eval steps mean 12.1 best 11 optimal 11
1229999 eval return 2.323 +/- 0.017
time:  75.388 SPS: 273
1234999 success 1.0 +/- 0.0
1234999 eval steps mean 11.9 best 11 optimal 11
1234999 eval return 2.34 +/- 0.0
time:  75.867 SPS: 272
1239999 success 1.0 +/- 0.0
1239999 eval steps mean 12.0 best 11 optimal 11
1239999 eval return 2.335 +/- 0.005
time:  76.217 SPS: 272
1244999 success 1.0 +/- 0.0
1244999 eval steps mean 11.9 best 11 optimal 11
1244999 eval return 2.34 +/- 0.0
time:  76.538 SPS: 272
1249999 success 1.0 +/- 0.0
1249999 eval steps mean 11.9 best 11 optimal 11
1249999 eval return 2.34 +/- 0.0
time:  76.836 SPS: 272
1254999 success 1.0 +/- 0.0
1254999 eval steps mean 11.9 best 11 optimal 11
1254999 eval return 2.34 +/- 0.0
time:  77.134 SPS: 272
1259999 success 1.0 +/- 0.0
1259999 eval steps mean 11.9 best 11 optimal 11
1259999 eval return 2.34 +/- 0.0
time:  77.434 SPS: 272
1264999 success 1.0 +/- 0.0
1264999 eval steps mean 11.9 best 11 optimal 11
1264999 eval return 2.34 +/- 0.0
time:  77.754 SPS: 272
1269999 success 1.0 +/- 0.0
1269999 eval steps mean 11.9 best 11 optimal 11
1269999 eval return 2.34 +/- 0.0
time:  78.078 SPS: 272
1274999 success 1.0 +/- 0.0
1274999 eval steps mean 11.9 best 11 optimal 11
1274999 eval return 2.34 +/- 0.0
1280000
GOAL [12  7]
time:  78.385 SPS: 272
1279999 success 0.0 +/- 0.0
1279999 eval steps mean 99.9 best 99 optimal 5
1279999 eval return -6.203 +/- 0.065
time:  78.705 SPS: 272
1284999 success 0.0 +/- 0.0
1284999 eval steps mean 99.9 best 99 optimal 5
1284999 eval return -6.132 +/- 0.003
time:  79.038 SPS: 272
1289999 success 0.0 +/- 0.0
1289999 eval steps mean 99.9 best 99 optimal 5
1289999 eval return -6.122 +/- 0.002
time:  79.383 SPS: 271
1294999 success 0.0 +/- 0.0
1294999 eval steps mean 99.9 best 99 optimal 5
1294999 eval return -5.962 +/- 0.018
time:  79.735 SPS: 271
1299999 success 0.0 +/- 0.0
1299999 eval steps mean 99.9 best 99 optimal 5
1299999 eval return -5.246 +/- 0.004
time:  80.059 SPS: 271
1304999 success 0.0 +/- 0.0
1304999 eval steps mean 99.9 best 99 optimal 5
1304999 eval return -5.222 +/- 0.002
time:  80.396 SPS: 271
1309999 success 0.0 +/- 0.0
1309999 eval steps mean 99.9 best 99 optimal 5
1309999 eval return -5.22 +/- 0.0
time:  80.746 SPS: 271
1314999 success 0.0 +/- 0.0
1314999 eval steps mean 99.9 best 99 optimal 5
1314999 eval return -5.222 +/- 0.002
time:  81.234 SPS: 270
1319999 success 0.0 +/- 0.0
1319999 eval steps mean 99.9 best 99 optimal 5
1319999 eval return -2.542 +/- 0.044
time:  81.76 SPS: 270
1324999 success 1.0 +/- 0.0
1324999 eval steps mean 8.7 best 8 optimal 5
1324999 eval return 2.808 +/- 0.007
time:  82.258 SPS: 269
1329999 success 1.0 +/- 0.0
1329999 eval steps mean 7.9 best 7 optimal 5
1329999 eval return 2.82 +/- 0.0
time:  82.772 SPS: 268
1334999 success 1.0 +/- 0.0
1334999 eval steps mean 7.9 best 7 optimal 5
1334999 eval return 2.82 +/- 0.0
time:  83.26 SPS: 268
1339999 success 1.0 +/- 0.0
1339999 eval steps mean 5.9 best 5 optimal 5
1339999 eval return 2.85 +/- 0.0
time:  83.751 SPS: 267
1344999 success 1.0 +/- 0.0
1344999 eval steps mean 5.9 best 5 optimal 5
1344999 eval return 2.85 +/- 0.0
time:  84.248 SPS: 267
1349999 success 1.0 +/- 0.0
1349999 eval steps mean 5.9 best 5 optimal 5
1349999 eval return 2.85 +/- 0.0
time:  84.726 SPS: 266
1354999 success 1.0 +/- 0.0
1354999 eval steps mean 5.9 best 5 optimal 5
1354999 eval return 2.85 +/- 0.0
1360000
GOAL [13 11]
time:  85.199 SPS: 266
1359999 success 0.0 +/- 0.0
1359999 eval steps mean 99.9 best 99 optimal 10
1359999 eval return -6.415 +/- 0.078
time:  85.66 SPS: 265
1364999 success 0.0 +/- 0.0
1364999 eval steps mean 99.9 best 99 optimal 10
1364999 eval return -3.81 +/- 0.249
time:  86.14 SPS: 265
1369999 success 1.0 +/- 0.0
1369999 eval steps mean 10.9 best 10 optimal 10
1369999 eval return 2.45 +/- 0.0
time:  86.563 SPS: 264
1374999 success 1.0 +/- 0.0
1374999 eval steps mean 10.9 best 10 optimal 10
1374999 eval return 2.45 +/- 0.0
time:  86.864 SPS: 264
1379999 success 1.0 +/- 0.0
1379999 eval steps mean 10.9 best 10 optimal 10
1379999 eval return 2.45 +/- 0.0
time:  87.181 SPS: 264
1384999 success 1.0 +/- 0.0
1384999 eval steps mean 10.9 best 10 optimal 10
1384999 eval return 2.45 +/- 0.0
time:  87.481 SPS: 264
1389999 success 1.0 +/- 0.0
1389999 eval steps mean 10.9 best 10 optimal 10
1389999 eval return 2.45 +/- 0.0
time:  87.775 SPS: 264
1394999 success 1.0 +/- 0.0
1394999 eval steps mean 10.9 best 10 optimal 10
1394999 eval return 2.45 +/- 0.0
time:  88.062 SPS: 264
1399999 success 1.0 +/- 0.0
1399999 eval steps mean 10.9 best 10 optimal 10
1399999 eval return 2.45 +/- 0.0
time:  88.368 SPS: 264
1404999 success 1.0 +/- 0.0
1404999 eval steps mean 10.9 best 10 optimal 10
1404999 eval return 2.45 +/- 0.0
time:  88.695 SPS: 264
1409999 success 1.0 +/- 0.0
1409999 eval steps mean 10.9 best 10 optimal 10
1409999 eval return 2.45 +/- 0.0
time:  89.003 SPS: 264
1414999 success 1.0 +/- 0.0
1414999 eval steps mean 10.9 best 10 optimal 10
1414999 eval return 2.45 +/- 0.0
time:  89.3 SPS: 265
1419999 success 1.0 +/- 0.0
1419999 eval steps mean 10.9 best 10 optimal 10
1419999 eval return 2.45 +/- 0.0
time:  89.589 SPS: 265
1424999 success 1.0 +/- 0.0
1424999 eval steps mean 10.9 best 10 optimal 10
1424999 eval return 2.45 +/- 0.0
time:  89.896 SPS: 265
1429999 success 1.0 +/- 0.0
1429999 eval steps mean 10.9 best 10 optimal 10
1429999 eval return 2.45 +/- 0.0
time:  90.194 SPS: 265
1434999 success 1.0 +/- 0.0
1434999 eval steps mean 10.9 best 10 optimal 10
1434999 eval return 2.45 +/- 0.0
1440000
GOAL [ 5 12]
time:  90.495 SPS: 265
1439999 success 0.0 +/- 0.0
1439999 eval steps mean 99.9 best 99 optimal 7
1439999 eval return -9.399 +/- 0.02
time:  90.818 SPS: 265
1444999 success 0.0 +/- 0.0
1444999 eval steps mean 99.9 best 99 optimal 7
1444999 eval return -8.29 +/- 0.021
time:  91.138 SPS: 265
1449999 success 0.0 +/- 0.0
1449999 eval steps mean 99.9 best 99 optimal 7
1449999 eval return -8.458 +/- 0.006
time:  91.455 SPS: 265
1454999 success 0.0 +/- 0.0
1454999 eval steps mean 99.9 best 99 optimal 7
1454999 eval return -8.282 +/- 0.014
time:  91.777 SPS: 265
1459999 success 0.0 +/- 0.0
1459999 eval steps mean 99.9 best 99 optimal 7
1459999 eval return -8.188 +/- 0.011
time:  92.107 SPS: 265
1464999 success 0.0 +/- 0.0
1464999 eval steps mean 99.9 best 99 optimal 7
1464999 eval return -8.312 +/- 0.01
time:  92.408 SPS: 265
1469999 success 0.0 +/- 0.0
1469999 eval steps mean 99.9 best 99 optimal 7
1469999 eval return -8.134 +/- 0.011
time:  92.731 SPS: 265
1474999 success 0.0 +/- 0.0
1474999 eval steps mean 99.9 best 99 optimal 7
1474999 eval return -8.156 +/- 0.027
time:  93.054 SPS: 265
1479999 success 0.0 +/- 0.0
1479999 eval steps mean 99.9 best 99 optimal 7
1479999 eval return -8.16 +/- 0.018
time:  93.555 SPS: 264
1484999 success 0.0 +/- 0.0
1484999 eval steps mean 99.9 best 99 optimal 7
1484999 eval return -8.142 +/- 0.01
time:  94.079 SPS: 263
1489999 success 0.0 +/- 0.0
1489999 eval steps mean 99.9 best 99 optimal 7
1489999 eval return -8.246 +/- 0.02
time:  94.543 SPS: 263
1494999 success 0.0 +/- 0.0
1494999 eval steps mean 99.9 best 99 optimal 7
1494999 eval return -8.215 +/- 0.025
time:  95.052 SPS: 263
1499999 success 0.0 +/- 0.0
1499999 eval steps mean 99.9 best 99 optimal 7
1499999 eval return -8.314 +/- 0.021
time:  95.554 SPS: 262
1504999 success 0.0 +/- 0.0
1504999 eval steps mean 99.9 best 99 optimal 7
1504999 eval return -8.391 +/- 0.017
time:  95.96 SPS: 262
1509999 success 0.0 +/- 0.0
1509999 eval steps mean 99.9 best 99 optimal 7
1509999 eval return -8.235 +/- 0.016
time:  96.335 SPS: 262
1514999 success 0.0 +/- 0.0
1514999 eval steps mean 99.9 best 99 optimal 7
1514999 eval return -8.19 +/- 0.017
1520000
GOAL [8 3]
time:  96.678 SPS: 262
1519999 success 0.0 +/- 0.0
1519999 eval steps mean 99.9 best 99 optimal 5
1519999 eval return -15.396 +/- 0.017
time:  96.977 SPS: 262
1524999 success 0.0 +/- 0.0
1524999 eval steps mean 99.9 best 99 optimal 5
1524999 eval return -13.518 +/- 0.061
time:  97.314 SPS: 262
1529999 success 0.0 +/- 0.0
1529999 eval steps mean 99.9 best 99 optimal 5
1529999 eval return -13.392 +/- 0.004
time:  97.794 SPS: 261
1534999 success 0.0 +/- 0.0
1534999 eval steps mean 99.9 best 99 optimal 5
1534999 eval return -11.644 +/- 0.058
time:  98.252 SPS: 261
1539999 success 0.0 +/- 0.0
1539999 eval steps mean 99.9 best 99 optimal 5
1539999 eval return -11.638 +/- 0.052
time:  98.79 SPS: 260
1544999 success 0.0 +/- 0.0
1544999 eval steps mean 99.9 best 99 optimal 5
1544999 eval return -8.791 +/- 0.005
time:  99.28 SPS: 260
1549999 success 0.0 +/- 0.0
1549999 eval steps mean 99.9 best 99 optimal 5
1549999 eval return -8.807 +/- 0.003
time:  99.755 SPS: 259
1554999 success 0.0 +/- 0.0
1554999 eval steps mean 99.9 best 99 optimal 5
1554999 eval return -8.791 +/- 0.005
time:  100.105 SPS: 259
1559999 success 0.0 +/- 0.0
1559999 eval steps mean 99.9 best 99 optimal 5
1559999 eval return -8.79 +/- 0.004
time:  100.371 SPS: 259
1564999 success 0.0 +/- 0.0
1564999 eval steps mean 99.9 best 99 optimal 5
1564999 eval return -8.816 +/- 0.004
time:  100.635 SPS: 260
1569999 success 0.0 +/- 0.0
1569999 eval steps mean 99.9 best 99 optimal 5
1569999 eval return -8.805 +/- 0.007
time:  100.894 SPS: 260
1574999 success 0.0 +/- 0.0
1574999 eval steps mean 99.9 best 99 optimal 5
1574999 eval return -8.804 +/- 0.003
time:  101.137 SPS: 260
1579999 success 0.0 +/- 0.0
1579999 eval steps mean 99.9 best 99 optimal 5
1579999 eval return -8.789 +/- 0.003
time:  101.39 SPS: 260
1584999 success 0.0 +/- 0.0
1584999 eval steps mean 99.9 best 99 optimal 5
1584999 eval return -8.792 +/- 0.004
time:  101.633 SPS: 260
1589999 success 0.0 +/- 0.0
1589999 eval steps mean 99.9 best 99 optimal 5
1589999 eval return -8.826 +/- 0.018
time:  101.873 SPS: 260
1594999 success 0.0 +/- 0.0
1594999 eval steps mean 99.9 best 99 optimal 5
1594999 eval return -8.809 +/- 0.011
1600000
GOAL [11 14]
time:  102.117 SPS: 261
1599999 success 0.0 +/- 0.0
1599999 eval steps mean 99.9 best 99 optimal 11
1599999 eval return -10.237 +/- 0.016
done RL run. Time 102.20759983999984 min
