agent_dict keys dict_keys(['base_algorithm', 'learning_rate', 'num_envs', 'rollout_num_steps', 'gamma', 'gae_lambda', 'num_minibatches', 'update_epochs', 'minibatch_size', 'norm_adv', 'clip_coef', 'clip_vloss', 'ent_coef', 'vf_coef', 'max_grad_norm', 'rpo_alpha', 'parseval_reg', 'input_scale', 'learnable_input_scale', 'add_diag_layer', 'lie_group', 'pion', 'pion_block_size', 'pion_multiplicative', 'oft', 'poet', 'oet_num_blocks', 'poet_exact_cayley', 'layer_norm', 'layer_norm_no_params', 'weight_decay', 'tuned_adam', 'perturb', 'perturb_dist', 'regen', 'regen_wasserstein', 'weight_init', 'net_width', 'net_activation', 'init_gain', 'parseval_norm', 'parseval_num_groups'])
env_dict keys dict_keys(['env', 'change_freq', 'seed', 'env_type'])
Start RL run!
{'base_algorithm': 'ppo_agent', 'learning_rate': 0.00025, 'num_envs': 1, 'rollout_num_steps': 128, 'gamma': 0.99, 'gae_lambda': 0.95, 'num_minibatches': 4, 'update_epochs': 4, 'minibatch_size': 32, 'norm_adv': True, 'clip_coef': 0.2, 'clip_vloss': True, 'ent_coef': 0.01, 'vf_coef': 0.5, 'max_grad_norm': 0.5, 'rpo_alpha': 0, 'parseval_reg': 0.001, 'input_scale': 1, 'learnable_input_scale': False, 'add_diag_layer': False, 'lie_group': False, 'pion': False, 'pion_block_size': None, 'pion_multiplicative': False, 'oft': False, 'poet': False, 'oet_num_blocks': 1, 'poet_exact_cayley': False, 'layer_norm': False, 'layer_norm_no_params': False, 'weight_decay': 0, 'tuned_adam': False, 'perturb': 0.0, 'perturb_dist': 'xavier', 'regen': 0.0, 'regen_wasserstein': False, 'weight_init': 'orthogonal', 'net_width': 64, 'net_activation': 'tanh', 'init_gain': None, 'parseval_norm': False, 'parseval_num_groups': 1, 'device': 'cpu'}
{'env': 'gridworld_ninerooms', 'change_freq': 80000, 'seed': 126, 'env_type': 'rl', 'local_run': False}
Running on gpu: False
Gridworld args () {'env': 'gridworld_ninerooms', 'change_freq': 80000, 'seed': 126, 'env_type': 'rl', 'local_run': False}
time:  0.05 SPS: 0
0 success 0.0 +/- 0.0
0 eval steps mean 99.9 best 99 optimal 10
0 eval return -13.807 +/- 0.734
time:  0.368 SPS: 226
4999 success 0.0 +/- 0.0
4999 eval steps mean 99.9 best 99 optimal 10
4999 eval return -13.692 +/- 0.907
time:  0.682 SPS: 244
9999 success 0.2 +/- 0.133
9999 eval steps mean 93.6 best 46 optimal 10
9999 eval return -7.634 +/- 1.365
time:  0.983 SPS: 254
14999 success 0.5 +/- 0.167
14999 eval steps mean 84.7 best 51 optimal 10
14999 eval return -6.074 +/- 1.716
time:  1.295 SPS: 257
19999 success 0.8 +/- 0.133
19999 eval steps mean 64.4 best 34 optimal 10
19999 eval return -4.25 +/- 1.714
time:  1.596 SPS: 261
24999 success 1.0 +/- 0.0
24999 eval steps mean 20.7 best 16 optimal 10
24999 eval return 1.503 +/- 0.148
time:  1.927 SPS: 259
29999 success 1.0 +/- 0.0
29999 eval steps mean 18.0 best 14 optimal 10
29999 eval return 1.713 +/- 0.229
time:  2.226 SPS: 261
34999 success 1.0 +/- 0.0
34999 eval steps mean 15.9 best 14 optimal 10
34999 eval return 1.882 +/- 0.031
time:  2.533 SPS: 263
39999 success 1.0 +/- 0.0
39999 eval steps mean 16.2 best 14 optimal 10
39999 eval return 1.838 +/- 0.089
time:  2.833 SPS: 264
44999 success 1.0 +/- 0.0
44999 eval steps mean 14.9 best 14 optimal 10
44999 eval return 1.95 +/- 0.0
time:  3.125 SPS: 266
49999 success 1.0 +/- 0.0
49999 eval steps mean 16.6 best 15 optimal 10
49999 eval return 1.889 +/- 0.025
time:  3.419 SPS: 268
54999 success 1.0 +/- 0.0
54999 eval steps mean 15.0 best 14 optimal 10
54999 eval return 1.949 +/- 0.001
time:  3.721 SPS: 268
59999 success 1.0 +/- 0.0
59999 eval steps mean 15.3 best 14 optimal 10
59999 eval return 1.93 +/- 0.02
time:  4.009 SPS: 270
64999 success 1.0 +/- 0.0
64999 eval steps mean 14.9 best 14 optimal 10
64999 eval return 1.95 +/- 0.0
time:  4.298 SPS: 271
69999 success 1.0 +/- 0.0
69999 eval steps mean 15.3 best 14 optimal 10
69999 eval return 1.916 +/- 0.023
time:  4.596 SPS: 271
74999 success 1.0 +/- 0.0
74999 eval steps mean 14.9 best 14 optimal 10
74999 eval return 1.95 +/- 0.0
80000
GOAL [12 14]
time:  4.898 SPS: 272
79999 success 0.0 +/- 0.0
79999 eval steps mean 99.9 best 99 optimal 12
79999 eval return -15.019 +/- 0.018
time:  5.19 SPS: 272
84999 success 0.0 +/- 0.0
84999 eval steps mean 99.9 best 99 optimal 12
84999 eval return -8.263 +/- 0.51
time:  5.462 SPS: 274
89999 success 0.8 +/- 0.133
89999 eval steps mean 42.0 best 13 optimal 12
89999 eval return -2.241 +/- 2.196
time:  5.743 SPS: 275
94999 success 1.0 +/- 0.0
94999 eval steps mean 13.6 best 13 optimal 12
94999 eval return 2.193 +/- 0.015
time:  6.033 SPS: 276
99999 success 1.0 +/- 0.0
99999 eval steps mean 13.1 best 12 optimal 12
99999 eval return 2.217 +/- 0.003
time:  6.336 SPS: 276
104999 success 1.0 +/- 0.0
104999 eval steps mean 13.3 best 13 optimal 12
104999 eval return 2.192 +/- 0.019
time:  6.64 SPS: 276
109999 success 1.0 +/- 0.0
109999 eval steps mean 12.9 best 12 optimal 12
109999 eval return 2.22 +/- 0.0
time:  6.927 SPS: 276
114999 success 1.0 +/- 0.0
114999 eval steps mean 12.9 best 12 optimal 12
114999 eval return 2.22 +/- 0.0
time:  7.223 SPS: 276
119999 success 1.0 +/- 0.0
119999 eval steps mean 13.1 best 12 optimal 12
119999 eval return 2.201 +/- 0.019
time:  7.52 SPS: 277
124999 success 1.0 +/- 0.0
124999 eval steps mean 13.1 best 12 optimal 12
124999 eval return 2.211 +/- 0.009
time:  7.811 SPS: 277
129999 success 1.0 +/- 0.0
129999 eval steps mean 13.1 best 12 optimal 12
129999 eval return 2.213 +/- 0.007
time:  8.108 SPS: 277
134999 success 1.0 +/- 0.0
134999 eval steps mean 12.9 best 12 optimal 12
134999 eval return 2.22 +/- 0.0
time:  8.396 SPS: 277
139999 success 1.0 +/- 0.0
139999 eval steps mean 13.3 best 12 optimal 12
139999 eval return 2.214 +/- 0.006
time:  8.686 SPS: 278
144999 success 1.0 +/- 0.0
144999 eval steps mean 13.1 best 12 optimal 12
144999 eval return 2.207 +/- 0.013
time:  8.981 SPS: 278
149999 success 1.0 +/- 0.0
149999 eval steps mean 13.0 best 12 optimal 12
149999 eval return 2.213 +/- 0.007
time:  9.26 SPS: 278
154999 success 1.0 +/- 0.0
154999 eval steps mean 12.9 best 12 optimal 12
154999 eval return 2.22 +/- 0.0
160000
GOAL [10 12]
time:  9.558 SPS: 278
159999 success 0.0 +/- 0.0
159999 eval steps mean 99.9 best 99 optimal 8
159999 eval return -4.383 +/- 0.035
time:  9.865 SPS: 278
164999 success 1.0 +/- 0.0
164999 eval steps mean 19.0 best 17 optimal 8
164999 eval return 1.985 +/- 0.062
time:  10.146 SPS: 279
169999 success 1.0 +/- 0.0
169999 eval steps mean 13.1 best 12 optimal 8
169999 eval return 2.217 +/- 0.003
time:  10.445 SPS: 279
174999 success 1.0 +/- 0.0
174999 eval steps mean 13.1 best 12 optimal 8
174999 eval return 2.197 +/- 0.023
time:  10.743 SPS: 279
179999 success 1.0 +/- 0.0
179999 eval steps mean 13.1 best 12 optimal 8
179999 eval return 2.197 +/- 0.023
time:  11.023 SPS: 279
184999 success 1.0 +/- 0.0
184999 eval steps mean 13.7 best 12 optimal 8
184999 eval return 2.176 +/- 0.029
time:  11.311 SPS: 279
189999 success 1.0 +/- 0.0
189999 eval steps mean 12.9 best 12 optimal 8
189999 eval return 2.22 +/- 0.0
time:  11.607 SPS: 279
194999 success 1.0 +/- 0.0
194999 eval steps mean 13.1 best 12 optimal 8
194999 eval return 2.207 +/- 0.013
time:  11.909 SPS: 279
199999 success 1.0 +/- 0.0
199999 eval steps mean 12.9 best 12 optimal 8
199999 eval return 2.22 +/- 0.0
time:  12.203 SPS: 279
204999 success 1.0 +/- 0.0
204999 eval steps mean 12.9 best 12 optimal 8
204999 eval return 2.22 +/- 0.0
time:  12.504 SPS: 279
209999 success 1.0 +/- 0.0
209999 eval steps mean 12.9 best 12 optimal 8
209999 eval return 2.22 +/- 0.0
time:  12.799 SPS: 279
214999 success 1.0 +/- 0.0
214999 eval steps mean 12.9 best 12 optimal 8
214999 eval return 2.22 +/- 0.0
time:  13.079 SPS: 280
219999 success 1.0 +/- 0.0
219999 eval steps mean 12.9 best 12 optimal 8
219999 eval return 2.22 +/- 0.0
time:  13.371 SPS: 280
224999 success 1.0 +/- 0.0
224999 eval steps mean 13.1 best 12 optimal 8
224999 eval return 2.213 +/- 0.007
time:  13.676 SPS: 280
229999 success 1.0 +/- 0.0
229999 eval steps mean 13.3 best 12 optimal 8
229999 eval return 2.2 +/- 0.013
time:  13.964 SPS: 280
234999 success 1.0 +/- 0.0
234999 eval steps mean 12.9 best 12 optimal 8
234999 eval return 2.22 +/- 0.0
240000
GOAL [12 14]
time:  14.256 SPS: 280
239999 success 0.0 +/- 0.0
239999 eval steps mean 99.9 best 99 optimal 12
239999 eval return -8.557 +/- 0.206
time:  14.558 SPS: 280
244999 success 1.0 +/- 0.0
244999 eval steps mean 12.9 best 12 optimal 12
244999 eval return 2.22 +/- 0.0
time:  14.856 SPS: 280
249999 success 1.0 +/- 0.0
249999 eval steps mean 12.9 best 12 optimal 12
249999 eval return 2.22 +/- 0.0
time:  15.153 SPS: 280
254999 success 1.0 +/- 0.0
254999 eval steps mean 12.9 best 12 optimal 12
254999 eval return 2.22 +/- 0.0
time:  15.447 SPS: 280
259999 success 1.0 +/- 0.0
259999 eval steps mean 13.9 best 13 optimal 12
259999 eval return 2.098 +/- 0.122
time:  15.718 SPS: 280
264999 success 1.0 +/- 0.0
264999 eval steps mean 12.9 best 12 optimal 12
264999 eval return 2.22 +/- 0.0
time:  16.003 SPS: 281
269999 success 1.0 +/- 0.0
269999 eval steps mean 13.1 best 12 optimal 12
269999 eval return 2.211 +/- 0.009
time:  16.303 SPS: 281
274999 success 1.0 +/- 0.0
274999 eval steps mean 12.9 best 12 optimal 12
274999 eval return 2.22 +/- 0.0
time:  16.581 SPS: 281
279999 success 1.0 +/- 0.0
279999 eval steps mean 12.9 best 12 optimal 12
279999 eval return 2.22 +/- 0.0
time:  16.87 SPS: 281
284999 success 1.0 +/- 0.0
284999 eval steps mean 13.3 best 12 optimal 12
284999 eval return 2.184 +/- 0.026
time:  17.157 SPS: 281
289999 success 1.0 +/- 0.0
289999 eval steps mean 12.9 best 12 optimal 12
289999 eval return 2.22 +/- 0.0
time:  17.46 SPS: 281
294999 success 1.0 +/- 0.0
294999 eval steps mean 12.9 best 12 optimal 12
294999 eval return 2.22 +/- 0.0
time:  17.751 SPS: 281
299999 success 1.0 +/- 0.0
299999 eval steps mean 13.0 best 12 optimal 12
299999 eval return 2.213 +/- 0.007
time:  18.042 SPS: 281
304999 success 1.0 +/- 0.0
304999 eval steps mean 13.1 best 12 optimal 12
304999 eval return 2.215 +/- 0.005
time:  18.333 SPS: 281
309999 success 1.0 +/- 0.0
309999 eval steps mean 12.9 best 12 optimal 12
309999 eval return 2.22 +/- 0.0
time:  18.624 SPS: 281
314999 success 1.0 +/- 0.0
314999 eval steps mean 12.9 best 12 optimal 12
314999 eval return 2.22 +/- 0.0
320000
GOAL [12  1]
time:  18.929 SPS: 281
319999 success 0.0 +/- 0.0
319999 eval steps mean 99.9 best 99 optimal 11
319999 eval return -12.997 +/- 0.021
time:  19.224 SPS: 281
324999 success 0.0 +/- 0.0
324999 eval steps mean 99.9 best 99 optimal 11
324999 eval return -8.624 +/- 0.189
time:  19.501 SPS: 282
329999 success 0.0 +/- 0.0
329999 eval steps mean 99.9 best 99 optimal 11
329999 eval return -6.909 +/- 0.267
time:  19.782 SPS: 282
334999 success 0.4 +/- 0.163
334999 eval steps mean 84.5 best 30 optimal 11
334999 eval return -2.871 +/- 0.907
time:  20.08 SPS: 282
339999 success 1.0 +/- 0.0
339999 eval steps mean 11.9 best 11 optimal 11
339999 eval return 2.34 +/- 0.0
time:  20.382 SPS: 282
344999 success 1.0 +/- 0.0
344999 eval steps mean 11.9 best 11 optimal 11
344999 eval return 2.34 +/- 0.0
time:  20.67 SPS: 282
349999 success 1.0 +/- 0.0
349999 eval steps mean 11.9 best 11 optimal 11
349999 eval return 2.34 +/- 0.0
time:  20.958 SPS: 282
354999 success 1.0 +/- 0.0
354999 eval steps mean 12.1 best 12 optimal 11
354999 eval return 2.331 +/- 0.009
time:  21.246 SPS: 282
359999 success 1.0 +/- 0.0
359999 eval steps mean 11.9 best 11 optimal 11
359999 eval return 2.34 +/- 0.0
time:  21.525 SPS: 282
364999 success 1.0 +/- 0.0
364999 eval steps mean 11.9 best 11 optimal 11
364999 eval return 2.34 +/- 0.0
time:  21.818 SPS: 282
369999 success 1.0 +/- 0.0
369999 eval steps mean 11.9 best 11 optimal 11
369999 eval return 2.34 +/- 0.0
time:  22.104 SPS: 282
374999 success 1.0 +/- 0.0
374999 eval steps mean 12.1 best 11 optimal 11
374999 eval return 2.329 +/- 0.011
time:  22.399 SPS: 282
379999 success 1.0 +/- 0.0
379999 eval steps mean 11.9 best 11 optimal 11
379999 eval return 2.34 +/- 0.0
time:  22.682 SPS: 282
384999 success 1.0 +/- 0.0
384999 eval steps mean 20.8 best 11 optimal 11
384999 eval return 1.815 +/- 0.515
time:  22.969 SPS: 282
389999 success 1.0 +/- 0.0
389999 eval steps mean 11.9 best 11 optimal 11
389999 eval return 2.34 +/- 0.0
time:  23.254 SPS: 283
394999 success 1.0 +/- 0.0
394999 eval steps mean 11.9 best 11 optimal 11
394999 eval return 2.34 +/- 0.0
400000
GOAL [10 11]
time:  23.561 SPS: 282
399999 success 0.0 +/- 0.0
399999 eval steps mean 99.9 best 99 optimal 7
399999 eval return -13.23 +/- 0.125
time:  23.854 SPS: 282
404999 success 0.0 +/- 0.0
404999 eval steps mean 99.9 best 99 optimal 7
404999 eval return -11.137 +/- 0.114
time:  24.153 SPS: 282
409999 success 0.0 +/- 0.0
409999 eval steps mean 99.9 best 99 optimal 7
409999 eval return -9.56 +/- 0.046
time:  24.459 SPS: 282
414999 success 0.0 +/- 0.0
414999 eval steps mean 99.9 best 99 optimal 7
414999 eval return -9.52 +/- 0.0
time:  24.764 SPS: 282
419999 success 0.0 +/- 0.0
419999 eval steps mean 99.9 best 99 optimal 7
419999 eval return -9.82 +/- 0.296
time:  25.064 SPS: 282
424999 success 0.0 +/- 0.0
424999 eval steps mean 99.9 best 99 optimal 7
424999 eval return -9.524 +/- 0.003
time:  25.37 SPS: 282
429999 success 0.0 +/- 0.0
429999 eval steps mean 99.9 best 99 optimal 7
429999 eval return -9.738 +/- 0.218
time:  25.687 SPS: 282
434999 success 0.0 +/- 0.0
434999 eval steps mean 99.9 best 99 optimal 7
434999 eval return -9.528 +/- 0.004
time:  25.993 SPS: 282
439999 success 0.0 +/- 0.0
439999 eval steps mean 99.9 best 99 optimal 7
439999 eval return -9.522 +/- 0.002
time:  26.292 SPS: 282
444999 success 0.0 +/- 0.0
444999 eval steps mean 99.9 best 99 optimal 7
444999 eval return -9.522 +/- 0.002
time:  26.609 SPS: 281
449999 success 0.0 +/- 0.0
449999 eval steps mean 99.9 best 99 optimal 7
449999 eval return -9.552 +/- 0.032
time:  26.908 SPS: 281
454999 success 0.0 +/- 0.0
454999 eval steps mean 99.9 best 99 optimal 7
454999 eval return -9.52 +/- 0.0
time:  27.219 SPS: 281
459999 success 0.0 +/- 0.0
459999 eval steps mean 99.9 best 99 optimal 7
459999 eval return -9.532 +/- 0.012
time:  27.537 SPS: 281
464999 success 0.0 +/- 0.0
464999 eval steps mean 99.9 best 99 optimal 7
464999 eval return -9.52 +/- 0.0
time:  27.836 SPS: 281
469999 success 0.0 +/- 0.0
469999 eval steps mean 99.9 best 99 optimal 7
469999 eval return -9.52 +/- 0.0
time:  28.136 SPS: 281
474999 success 0.0 +/- 0.0
474999 eval steps mean 99.9 best 99 optimal 7
474999 eval return -9.521 +/- 0.002
480000
GOAL [6 1]
time:  28.432 SPS: 281
479999 success 0.0 +/- 0.0
479999 eval steps mean 99.9 best 99 optimal 7
479999 eval return -15.362 +/- 0.378
time:  28.719 SPS: 281
484999 success 0.0 +/- 0.0
484999 eval steps mean 99.9 best 99 optimal 7
484999 eval return -10.228 +/- 0.492
time:  29.011 SPS: 281
489999 success 0.0 +/- 0.0
489999 eval steps mean 99.9 best 99 optimal 7
489999 eval return -7.589 +/- 0.066
time:  29.316 SPS: 281
494999 success 0.7 +/- 0.153
494999 eval steps mean 47.9 best 18 optimal 7
494999 eval return -2.643 +/- 1.923
time:  29.614 SPS: 281
499999 success 1.0 +/- 0.0
499999 eval steps mean 18.5 best 17 optimal 7
499999 eval return 1.431 +/- 0.039
time:  29.914 SPS: 281
504999 success 1.0 +/- 0.0
504999 eval steps mean 18.3 best 17 optimal 7
504999 eval return 1.46 +/- 0.027
time:  30.198 SPS: 281
509999 success 1.0 +/- 0.0
509999 eval steps mean 18.3 best 17 optimal 7
509999 eval return 1.454 +/- 0.031
time:  30.475 SPS: 281
514999 success 1.0 +/- 0.0
514999 eval steps mean 18.4 best 18 optimal 7
514999 eval return 1.475 +/- 0.01
time:  30.764 SPS: 281
519999 success 1.0 +/- 0.0
519999 eval steps mean 18.1 best 17 optimal 7
519999 eval return 1.478 +/- 0.012
time:  31.051 SPS: 281
524999 success 1.0 +/- 0.0
524999 eval steps mean 17.9 best 17 optimal 7
524999 eval return 1.49 +/- 0.0
time:  31.339 SPS: 281
529999 success 1.0 +/- 0.0
529999 eval steps mean 17.9 best 17 optimal 7
529999 eval return 1.49 +/- 0.0
time:  31.634 SPS: 281
534999 success 1.0 +/- 0.0
534999 eval steps mean 18.1 best 17 optimal 7
534999 eval return 1.477 +/- 0.013
time:  31.915 SPS: 282
539999 success 1.0 +/- 0.0
539999 eval steps mean 17.9 best 17 optimal 7
539999 eval return 1.49 +/- 0.0
time:  32.22 SPS: 281
544999 success 1.0 +/- 0.0
544999 eval steps mean 19.0 best 17 optimal 7
544999 eval return 1.377 +/- 0.108
time:  32.503 SPS: 282
549999 success 1.0 +/- 0.0
549999 eval steps mean 18.1 best 17 optimal 7
549999 eval return 1.485 +/- 0.005
time:  32.795 SPS: 282
554999 success 1.0 +/- 0.0
554999 eval steps mean 18.1 best 17 optimal 7
554999 eval return 1.485 +/- 0.005
560000
GOAL [5 2]
time:  33.098 SPS: 281
559999 success 0.3 +/- 0.153
559999 eval steps mean 90.1 best 32 optimal 7
559999 eval return -2.284 +/- 0.598
time:  33.401 SPS: 281
564999 success 1.0 +/- 0.0
564999 eval steps mean 21.3 best 19 optimal 7
564999 eval return 1.335 +/- 0.06
time:  33.692 SPS: 281
569999 success 1.0 +/- 0.0
569999 eval steps mean 18.1 best 17 optimal 7
569999 eval return 1.517 +/- 0.013
time:  33.983 SPS: 281
574999 success 1.0 +/- 0.0
574999 eval steps mean 18.5 best 17 optimal 7
574999 eval return 1.511 +/- 0.01
time:  34.259 SPS: 282
579999 success 1.0 +/- 0.0
579999 eval steps mean 18.2 best 17 optimal 7
579999 eval return 1.51 +/- 0.014
time:  34.557 SPS: 282
584999 success 1.0 +/- 0.0
584999 eval steps mean 18.1 best 17 optimal 7
584999 eval return 1.517 +/- 0.013
time:  34.858 SPS: 282
589999 success 1.0 +/- 0.0
589999 eval steps mean 18.1 best 17 optimal 7
589999 eval return 1.515 +/- 0.015
time:  35.152 SPS: 282
594999 success 1.0 +/- 0.0
594999 eval steps mean 18.1 best 17 optimal 7
594999 eval return 1.519 +/- 0.011
time:  35.462 SPS: 281
599999 success 1.0 +/- 0.0
599999 eval steps mean 18.1 best 18 optimal 7
599999 eval return 1.507 +/- 0.023
time:  35.758 SPS: 281
604999 success 1.0 +/- 0.0
604999 eval steps mean 17.9 best 17 optimal 7
604999 eval return 1.53 +/- 0.0
time:  36.048 SPS: 282
609999 success 1.0 +/- 0.0
609999 eval steps mean 17.9 best 17 optimal 7
609999 eval return 1.53 +/- 0.0
time:  36.344 SPS: 282
614999 success 1.0 +/- 0.0
614999 eval steps mean 17.9 best 17 optimal 7
614999 eval return 1.53 +/- 0.0
time:  36.644 SPS: 281
619999 success 1.0 +/- 0.0
619999 eval steps mean 18.1 best 17 optimal 7
619999 eval return 1.521 +/- 0.009
time:  36.942 SPS: 281
624999 success 1.0 +/- 0.0
624999 eval steps mean 18.3 best 17 optimal 7
624999 eval return 1.5 +/- 0.022
time:  37.257 SPS: 281
629999 success 1.0 +/- 0.0
629999 eval steps mean 17.9 best 17 optimal 7
629999 eval return 1.53 +/- 0.0
time:  37.555 SPS: 281
634999 success 1.0 +/- 0.0
634999 eval steps mean 18.3 best 17 optimal 7
634999 eval return 1.494 +/- 0.025
640000
GOAL [10  1]
time:  37.87 SPS: 281
639999 success 0.0 +/- 0.0
639999 eval steps mean 99.9 best 99 optimal 9
639999 eval return -9.16 +/- 0.483
time:  38.16 SPS: 281
644999 success 1.0 +/- 0.0
644999 eval steps mean 14.1 best 13 optimal 9
644999 eval return 2.087 +/- 0.003
time:  38.452 SPS: 281
649999 success 1.0 +/- 0.0
649999 eval steps mean 13.9 best 13 optimal 9
649999 eval return 2.09 +/- 0.0
time:  38.745 SPS: 281
654999 success 1.0 +/- 0.0
654999 eval steps mean 13.9 best 13 optimal 9
654999 eval return 2.09 +/- 0.0
time:  39.033 SPS: 281
659999 success 1.0 +/- 0.0
659999 eval steps mean 13.9 best 13 optimal 9
659999 eval return 2.09 +/- 0.0
time:  39.32 SPS: 281
664999 success 1.0 +/- 0.0
664999 eval steps mean 13.9 best 13 optimal 9
664999 eval return 2.09 +/- 0.0
time:  39.609 SPS: 281
669999 success 1.0 +/- 0.0
669999 eval steps mean 13.9 best 13 optimal 9
669999 eval return 2.09 +/- 0.0
time:  39.902 SPS: 281
674999 success 1.0 +/- 0.0
674999 eval steps mean 14.1 best 13 optimal 9
674999 eval return 2.069 +/- 0.021
time:  40.186 SPS: 282
679999 success 1.0 +/- 0.0
679999 eval steps mean 14.1 best 13 optimal 9
679999 eval return 2.085 +/- 0.005
time:  40.485 SPS: 281
684999 success 1.0 +/- 0.0
684999 eval steps mean 14.3 best 13 optimal 9
684999 eval return 2.076 +/- 0.014
time:  40.769 SPS: 282
689999 success 1.0 +/- 0.0
689999 eval steps mean 13.9 best 13 optimal 9
689999 eval return 2.09 +/- 0.0
time:  41.064 SPS: 282
694999 success 1.0 +/- 0.0
694999 eval steps mean 13.9 best 13 optimal 9
694999 eval return 2.09 +/- 0.0
time:  41.369 SPS: 282
699999 success 1.0 +/- 0.0
699999 eval steps mean 13.9 best 13 optimal 9
699999 eval return 2.09 +/- 0.0
time:  41.664 SPS: 282
704999 success 1.0 +/- 0.0
704999 eval steps mean 13.9 best 13 optimal 9
704999 eval return 2.09 +/- 0.0
time:  41.955 SPS: 282
709999 success 1.0 +/- 0.0
709999 eval steps mean 13.9 best 13 optimal 9
709999 eval return 2.09 +/- 0.0
time:  42.244 SPS: 282
714999 success 1.0 +/- 0.0
714999 eval steps mean 13.9 best 13 optimal 9
714999 eval return 2.09 +/- 0.0
720000
GOAL [ 8 10]
time:  42.542 SPS: 282
719999 success 0.0 +/- 0.0
719999 eval steps mean 99.9 best 99 optimal 4
719999 eval return -18.518 +/- 0.021
time:  42.837 SPS: 282
724999 success 0.0 +/- 0.0
724999 eval steps mean 99.9 best 99 optimal 4
724999 eval return -12.845 +/- 0.256
time:  43.145 SPS: 281
729999 success 0.0 +/- 0.0
729999 eval steps mean 99.9 best 99 optimal 4
729999 eval return -10.916 +/- 0.04
time:  43.446 SPS: 281
734999 success 0.0 +/- 0.0
734999 eval steps mean 99.9 best 99 optimal 4
734999 eval return -5.183 +/- 0.056
time:  43.757 SPS: 281
739999 success 0.0 +/- 0.0
739999 eval steps mean 99.9 best 99 optimal 4
739999 eval return -4.458 +/- 0.038
time:  44.081 SPS: 281
744999 success 0.1 +/- 0.1
744999 eval steps mean 98.1 best 81 optimal 4
744999 eval return -3.907 +/- 0.385
time:  44.388 SPS: 281
749999 success 1.0 +/- 0.0
749999 eval steps mean 17.1 best 16 optimal 4
749999 eval return 1.633 +/- 0.007
time:  44.681 SPS: 281
754999 success 1.0 +/- 0.0
754999 eval steps mean 16.9 best 16 optimal 4
754999 eval return 1.64 +/- 0.0
time:  44.97 SPS: 281
759999 success 1.0 +/- 0.0
759999 eval steps mean 17.3 best 16 optimal 4
759999 eval return 1.596 +/- 0.03
time:  45.264 SPS: 281
764999 success 1.0 +/- 0.0
764999 eval steps mean 17.1 best 16 optimal 4
764999 eval return 1.621 +/- 0.019
time:  45.557 SPS: 281
769999 success 1.0 +/- 0.0
769999 eval steps mean 17.3 best 17 optimal 4
769999 eval return 1.612 +/- 0.025
time:  45.849 SPS: 281
774999 success 1.0 +/- 0.0
774999 eval steps mean 17.1 best 16 optimal 4
774999 eval return 1.619 +/- 0.021
time:  46.124 SPS: 281
779999 success 1.0 +/- 0.0
779999 eval steps mean 16.9 best 16 optimal 4
779999 eval return 1.64 +/- 0.0
time:  46.414 SPS: 281
784999 success 1.0 +/- 0.0
784999 eval steps mean 16.9 best 16 optimal 4
784999 eval return 1.64 +/- 0.0
time:  46.71 SPS: 281
789999 success 1.0 +/- 0.0
789999 eval steps mean 16.9 best 16 optimal 4
789999 eval return 1.64 +/- 0.0
time:  47.006 SPS: 281
794999 success 1.0 +/- 0.0
794999 eval steps mean 17.0 best 16 optimal 4
794999 eval return 1.635 +/- 0.005
800000
GOAL [5 4]
time:  47.31 SPS: 281
799999 success 0.0 +/- 0.0
799999 eval steps mean 99.9 best 99 optimal 5
799999 eval return -22.069 +/- 0.016
time:  47.624 SPS: 281
804999 success 0.0 +/- 0.0
804999 eval steps mean 99.9 best 99 optimal 5
804999 eval return -19.79 +/- 0.97
time:  47.912 SPS: 281
809999 success 0.0 +/- 0.0
809999 eval steps mean 99.9 best 99 optimal 5
809999 eval return -10.555 +/- 0.11
time:  48.216 SPS: 281
814999 success 0.0 +/- 0.0
814999 eval steps mean 99.9 best 99 optimal 5
814999 eval return -10.846 +/- 1.216
time:  48.511 SPS: 281
819999 success 0.0 +/- 0.0
819999 eval steps mean 99.9 best 99 optimal 5
819999 eval return -9.19 +/- 0.029
time:  48.825 SPS: 281
824999 success 0.0 +/- 0.0
824999 eval steps mean 99.9 best 99 optimal 5
824999 eval return -10.389 +/- 1.223
time:  49.124 SPS: 281
829999 success 0.0 +/- 0.0
829999 eval steps mean 99.9 best 99 optimal 5
829999 eval return -9.157 +/- 0.038
time:  49.439 SPS: 281
834999 success 0.0 +/- 0.0
834999 eval steps mean 99.9 best 99 optimal 5
834999 eval return -9.512 +/- 0.058
time:  49.749 SPS: 281
839999 success 0.0 +/- 0.0
839999 eval steps mean 99.9 best 99 optimal 5
839999 eval return -9.21 +/- 0.033
time:  50.061 SPS: 281
844999 success 0.0 +/- 0.0
844999 eval steps mean 99.9 best 99 optimal 5
844999 eval return -9.132 +/- 0.061
time:  50.349 SPS: 281
849999 success 0.0 +/- 0.0
849999 eval steps mean 99.9 best 99 optimal 5
849999 eval return -9.112 +/- 0.035
time:  50.661 SPS: 281
854999 success 0.0 +/- 0.0
854999 eval steps mean 99.9 best 99 optimal 5
854999 eval return -9.111 +/- 0.203
time:  50.945 SPS: 281
859999 success 0.0 +/- 0.0
859999 eval steps mean 99.9 best 99 optimal 5
859999 eval return -7.859 +/- 1.287
time:  51.217 SPS: 281
864999 success 0.0 +/- 0.0
864999 eval steps mean 99.9 best 99 optimal 5
864999 eval return -5.318 +/- 0.074
time:  51.507 SPS: 281
869999 success 0.0 +/- 0.0
869999 eval steps mean 99.9 best 99 optimal 5
869999 eval return -5.421 +/- 0.287
time:  51.805 SPS: 281
874999 success 0.0 +/- 0.0
874999 eval steps mean 99.9 best 99 optimal 5
874999 eval return -5.178 +/- 0.063
880000
GOAL [11 14]
time:  52.119 SPS: 281
879999 success 0.0 +/- 0.0
879999 eval steps mean 99.9 best 99 optimal 11
879999 eval return -20.941 +/- 0.025
time:  52.429 SPS: 281
884999 success 0.0 +/- 0.0
884999 eval steps mean 99.9 best 99 optimal 11
884999 eval return -16.167 +/- 0.253
time:  52.738 SPS: 281
889999 success 0.0 +/- 0.0
889999 eval steps mean 99.9 best 99 optimal 11
889999 eval return -11.816 +/- 0.148
time:  53.04 SPS: 281
894999 success 0.0 +/- 0.0
894999 eval steps mean 99.9 best 99 optimal 11
894999 eval return -12.02 +/- 0.0
time:  53.345 SPS: 281
899999 success 0.0 +/- 0.0
899999 eval steps mean 99.9 best 99 optimal 11
899999 eval return -6.083 +/- 0.324
time:  53.597 SPS: 281
904999 success 0.0 +/- 0.0
904999 eval steps mean 99.9 best 99 optimal 11
904999 eval return -5.515 +/- 0.776
time:  53.859 SPS: 281
909999 success 0.0 +/- 0.0
909999 eval steps mean 99.9 best 99 optimal 11
909999 eval return -3.654 +/- 0.02
time:  54.123 SPS: 281
914999 success 0.0 +/- 0.0
914999 eval steps mean 99.9 best 99 optimal 11
914999 eval return -5.384 +/- 1.205
time:  54.402 SPS: 281
919999 success 0.0 +/- 0.0
919999 eval steps mean 99.9 best 99 optimal 11
919999 eval return -3.578 +/- 0.009
time:  54.663 SPS: 282
924999 success 0.0 +/- 0.0
924999 eval steps mean 99.9 best 99 optimal 11
924999 eval return -3.347 +/- 0.022
time:  54.969 SPS: 281
929999 success 1.0 +/- 0.0
929999 eval steps mean 16.4 best 15 optimal 11
929999 eval return 2.007 +/- 0.033
time:  55.254 SPS: 282
934999 success 1.0 +/- 0.0
934999 eval steps mean 14.3 best 13 optimal 11
934999 eval return 2.08 +/- 0.007
time:  55.531 SPS: 282
939999 success 1.0 +/- 0.0
939999 eval steps mean 13.9 best 13 optimal 11
939999 eval return 2.09 +/- 0.0
time:  55.803 SPS: 282
944999 success 1.0 +/- 0.0
944999 eval steps mean 13.9 best 13 optimal 11
944999 eval return 2.09 +/- 0.0
time:  56.115 SPS: 282
949999 success 1.0 +/- 0.0
949999 eval steps mean 13.9 best 13 optimal 11
949999 eval return 2.09 +/- 0.0
time:  56.392 SPS: 282
954999 success 1.0 +/- 0.0
954999 eval steps mean 13.9 best 13 optimal 11
954999 eval return 2.09 +/- 0.0
960000
GOAL [ 9 13]
time:  56.686 SPS: 282
959999 success 0.0 +/- 0.0
959999 eval steps mean 99.9 best 99 optimal 8
959999 eval return -4.776 +/- 0.007
time:  56.955 SPS: 282
964999 success 0.0 +/- 0.0
964999 eval steps mean 99.9 best 99 optimal 8
964999 eval return -5.763 +/- 0.969
time:  57.25 SPS: 282
969999 success 1.0 +/- 0.0
969999 eval steps mean 20.2 best 18 optimal 8
969999 eval return 1.695 +/- 0.022
time:  57.542 SPS: 282
974999 success 1.0 +/- 0.0
974999 eval steps mean 19.3 best 18 optimal 8
974999 eval return 1.734 +/- 0.013
time:  57.843 SPS: 282
979999 success 1.0 +/- 0.0
979999 eval steps mean 19.7 best 18 optimal 8
979999 eval return 1.718 +/- 0.032
time:  58.137 SPS: 282
984999 success 1.0 +/- 0.0
984999 eval steps mean 19.7 best 18 optimal 8
984999 eval return 1.684 +/- 0.044
time:  58.434 SPS: 282
989999 success 1.0 +/- 0.0
989999 eval steps mean 19.0 best 18 optimal 8
989999 eval return 1.745 +/- 0.005
time:  58.734 SPS: 282
994999 success 1.0 +/- 0.0
994999 eval steps mean 19.3 best 19 optimal 8
994999 eval return 1.726 +/- 0.017
time:  59.031 SPS: 282
999999 success 1.0 +/- 0.0
999999 eval steps mean 19.0 best 18 optimal 8
999999 eval return 1.746 +/- 0.004
time:  59.321 SPS: 282
1004999 success 1.0 +/- 0.0
1004999 eval steps mean 18.9 best 18 optimal 8
1004999 eval return 1.75 +/- 0.0
time:  59.61 SPS: 282
1009999 success 1.0 +/- 0.0
1009999 eval steps mean 18.9 best 18 optimal 8
1009999 eval return 1.75 +/- 0.0
time:  59.908 SPS: 282
1014999 success 1.0 +/- 0.0
1014999 eval steps mean 19.9 best 18 optimal 8
1014999 eval return 1.607 +/- 0.143
time:  60.205 SPS: 282
1019999 success 1.0 +/- 0.0
1019999 eval steps mean 15.3 best 14 optimal 8
1019999 eval return 1.923 +/- 0.02
time:  60.484 SPS: 282
1024999 success 1.0 +/- 0.0
1024999 eval steps mean 14.9 best 14 optimal 8
1024999 eval return 1.95 +/- 0.0
time:  60.784 SPS: 282
1029999 success 1.0 +/- 0.0
1029999 eval steps mean 15.3 best 14 optimal 8
1029999 eval return 1.922 +/- 0.023
time:  61.087 SPS: 282
1034999 success 1.0 +/- 0.0
1034999 eval steps mean 15.3 best 14 optimal 8
1034999 eval return 1.93 +/- 0.02
1040000
GOAL [13 13]
time:  61.397 SPS: 282
1039999 success 0.0 +/- 0.0
1039999 eval steps mean 99.9 best 99 optimal 12
1039999 eval return -8.089 +/- 0.202
time:  61.708 SPS: 282
1044999 success 0.8 +/- 0.133
1044999 eval steps mean 52.6 best 17 optimal 12
1044999 eval return -0.283 +/- 0.942
time:  62.009 SPS: 282
1049999 success 1.0 +/- 0.0
1049999 eval steps mean 17.2 best 16 optimal 12
1049999 eval return 2.026 +/- 0.034
time:  62.311 SPS: 282
1054999 success 1.0 +/- 0.0
1054999 eval steps mean 13.1 best 12 optimal 12
1054999 eval return 2.217 +/- 0.003
time:  62.593 SPS: 282
1059999 success 1.0 +/- 0.0
1059999 eval steps mean 13.3 best 12 optimal 12
1059999 eval return 2.2 +/- 0.02
time:  62.884 SPS: 282
1064999 success 1.0 +/- 0.0
1064999 eval steps mean 12.9 best 12 optimal 12
1064999 eval return 2.22 +/- 0.0
time:  63.163 SPS: 282
1069999 success 1.0 +/- 0.0
1069999 eval steps mean 12.9 best 12 optimal 12
1069999 eval return 2.22 +/- 0.0
time:  63.463 SPS: 282
1074999 success 1.0 +/- 0.0
1074999 eval steps mean 12.9 best 12 optimal 12
1074999 eval return 2.22 +/- 0.0
time:  63.763 SPS: 282
1079999 success 1.0 +/- 0.0
1079999 eval steps mean 12.9 best 12 optimal 12
1079999 eval return 2.22 +/- 0.0
time:  64.056 SPS: 282
1084999 success 1.0 +/- 0.0
1084999 eval steps mean 12.9 best 12 optimal 12
1084999 eval return 2.22 +/- 0.0
time:  64.355 SPS: 282
1089999 success 1.0 +/- 0.0
1089999 eval steps mean 12.9 best 12 optimal 12
1089999 eval return 2.22 +/- 0.0
time:  64.641 SPS: 282
1094999 success 1.0 +/- 0.0
1094999 eval steps mean 12.9 best 12 optimal 12
1094999 eval return 2.22 +/- 0.0
time:  64.934 SPS: 282
1099999 success 1.0 +/- 0.0
1099999 eval steps mean 13.1 best 12 optimal 12
1099999 eval return 2.205 +/- 0.015
time:  65.224 SPS: 282
1104999 success 1.0 +/- 0.0
1104999 eval steps mean 12.9 best 12 optimal 12
1104999 eval return 2.22 +/- 0.0
time:  65.51 SPS: 282
1109999 success 1.0 +/- 0.0
1109999 eval steps mean 12.9 best 12 optimal 12
1109999 eval return 2.22 +/- 0.0
time:  65.81 SPS: 282
1114999 success 1.0 +/- 0.0
1114999 eval steps mean 12.9 best 12 optimal 12
1114999 eval return 2.22 +/- 0.0
1120000
GOAL [14  6]
time:  66.122 SPS: 282
1119999 success 0.0 +/- 0.0
1119999 eval steps mean 99.9 best 99 optimal 8
1119999 eval return -9.992 +/- 0.016
time:  66.441 SPS: 282
1124999 success 0.0 +/- 0.0
1124999 eval steps mean 99.9 best 99 optimal 8
1124999 eval return -9.919 +/- 0.013
time:  66.764 SPS: 282
1129999 success 0.0 +/- 0.0
1129999 eval steps mean 99.9 best 99 optimal 8
1129999 eval return -9.92 +/- 0.013
time:  67.066 SPS: 282
1134999 success 1.0 +/- 0.0
1134999 eval steps mean 8.9 best 8 optimal 8
1134999 eval return 2.64 +/- 0.0
time:  67.353 SPS: 282
1139999 success 1.0 +/- 0.0
1139999 eval steps mean 8.9 best 8 optimal 8
1139999 eval return 2.64 +/- 0.0
time:  67.644 SPS: 282
1144999 success 1.0 +/- 0.0
1144999 eval steps mean 8.9 best 8 optimal 8
1144999 eval return 2.64 +/- 0.0
time:  67.946 SPS: 282
1149999 success 1.0 +/- 0.0
1149999 eval steps mean 15.8 best 8 optimal 8
1149999 eval return 2.555 +/- 0.085
time:  68.235 SPS: 282
1154999 success 1.0 +/- 0.0
1154999 eval steps mean 8.9 best 8 optimal 8
1154999 eval return 2.64 +/- 0.0
time:  68.524 SPS: 282
1159999 success 1.0 +/- 0.0
1159999 eval steps mean 8.9 best 8 optimal 8
1159999 eval return 2.64 +/- 0.0
time:  68.811 SPS: 282
1164999 success 1.0 +/- 0.0
1164999 eval steps mean 8.9 best 8 optimal 8
1164999 eval return 2.64 +/- 0.0
time:  69.096 SPS: 282
1169999 success 1.0 +/- 0.0
1169999 eval steps mean 8.9 best 8 optimal 8
1169999 eval return 2.64 +/- 0.0
time:  69.384 SPS: 282
1174999 success 1.0 +/- 0.0
1174999 eval steps mean 8.9 best 8 optimal 8
1174999 eval return 2.64 +/- 0.0
time:  69.681 SPS: 282
1179999 success 1.0 +/- 0.0
1179999 eval steps mean 8.9 best 8 optimal 8
1179999 eval return 2.64 +/- 0.0
time:  69.965 SPS: 282
1184999 success 1.0 +/- 0.0
1184999 eval steps mean 8.9 best 8 optimal 8
1184999 eval return 2.64 +/- 0.0
time:  70.26 SPS: 282
1189999 success 1.0 +/- 0.0
1189999 eval steps mean 8.9 best 8 optimal 8
1189999 eval return 2.64 +/- 0.0
time:  70.551 SPS: 282
1194999 success 1.0 +/- 0.0
1194999 eval steps mean 8.9 best 8 optimal 8
1194999 eval return 2.64 +/- 0.0
1200000
GOAL [ 8 13]
time:  70.85 SPS: 282
1199999 success 0.0 +/- 0.0
1199999 eval steps mean 99.9 best 99 optimal 7
1199999 eval return -13.308 +/- 0.011
time:  71.157 SPS: 282
1204999 success 0.0 +/- 0.0
1204999 eval steps mean 99.9 best 99 optimal 7
1204999 eval return -13.333 +/- 0.04
time:  71.456 SPS: 282
1209999 success 0.0 +/- 0.0
1209999 eval steps mean 99.9 best 99 optimal 7
1209999 eval return -6.907 +/- 0.048
time:  71.92 SPS: 281
1214999 success 0.0 +/- 0.0
1214999 eval steps mean 99.9 best 99 optimal 7
1214999 eval return -5.778 +/- 0.352
time:  72.352 SPS: 281
1219999 success 1.0 +/- 0.0
1219999 eval steps mean 19.1 best 18 optimal 7
1219999 eval return 1.645 +/- 0.023
time:  72.8 SPS: 280
1224999 success 1.0 +/- 0.0
1224999 eval steps mean 15.9 best 15 optimal 7
1224999 eval return 1.8 +/- 0.0
time:  73.233 SPS: 279
1229999 success 1.0 +/- 0.0
1229999 eval steps mean 17.3 best 16 optimal 7
1229999 eval return 1.724 +/- 0.049
time:  73.678 SPS: 279
1234999 success 1.0 +/- 0.0
1234999 eval steps mean 16.1 best 15 optimal 7
1234999 eval return 1.771 +/- 0.029
time:  74.112 SPS: 278
1239999 success 1.0 +/- 0.0
1239999 eval steps mean 15.9 best 15 optimal 7
1239999 eval return 1.8 +/- 0.0
time:  74.551 SPS: 278
1244999 success 1.0 +/- 0.0
1244999 eval steps mean 15.9 best 15 optimal 7
1244999 eval return 1.8 +/- 0.0
time:  74.987 SPS: 277
1249999 success 1.0 +/- 0.0
1249999 eval steps mean 16.1 best 15 optimal 7
1249999 eval return 1.777 +/- 0.023
time:  75.419 SPS: 277
1254999 success 1.0 +/- 0.0
1254999 eval steps mean 15.9 best 15 optimal 7
1254999 eval return 1.8 +/- 0.0
time:  75.858 SPS: 276
1259999 success 1.0 +/- 0.0
1259999 eval steps mean 15.9 best 15 optimal 7
1259999 eval return 1.8 +/- 0.0
time:  76.193 SPS: 276
1264999 success 1.0 +/- 0.0
1264999 eval steps mean 15.9 best 15 optimal 7
1264999 eval return 1.8 +/- 0.0
time:  76.508 SPS: 276
1269999 success 1.0 +/- 0.0
1269999 eval steps mean 15.9 best 15 optimal 7
1269999 eval return 1.8 +/- 0.0
time:  76.808 SPS: 276
1274999 success 1.0 +/- 0.0
1274999 eval steps mean 16.0 best 15 optimal 7
1274999 eval return 1.796 +/- 0.004
1280000
GOAL [ 5 11]
time:  77.119 SPS: 276
1279999 success 0.0 +/- 0.0
1279999 eval steps mean 99.9 best 99 optimal 6
1279999 eval return -6.056 +/- 0.026
time:  77.385 SPS: 276
1284999 success 0.0 +/- 0.0
1284999 eval steps mean 99.9 best 99 optimal 6
1284999 eval return -5.53 +/- 0.151
time:  77.67 SPS: 276
1289999 success 0.0 +/- 0.0
1289999 eval steps mean 99.9 best 99 optimal 6
1289999 eval return -5.6 +/- 0.88
time:  77.969 SPS: 276
1294999 success 0.0 +/- 0.0
1294999 eval steps mean 99.9 best 99 optimal 6
1294999 eval return -4.384 +/- 0.053
time:  78.274 SPS: 276
1299999 success 1.0 +/- 0.0
1299999 eval steps mean 24.0 best 21 optimal 6
1299999 eval return 1.054 +/- 0.038
time:  78.564 SPS: 276
1304999 success 1.0 +/- 0.0
1304999 eval steps mean 19.1 best 18 optimal 6
1304999 eval return 1.337 +/- 0.013
time:  78.858 SPS: 276
1309999 success 1.0 +/- 0.0
1309999 eval steps mean 19.1 best 18 optimal 6
1309999 eval return 1.345 +/- 0.005
time:  79.159 SPS: 276
1314999 success 0.9 +/- 0.1
1314999 eval steps mean 27.0 best 18 optimal 6
1314999 eval return 0.466 +/- 0.884
time:  79.488 SPS: 276
1319999 success 1.0 +/- 0.0
1319999 eval steps mean 18.9 best 18 optimal 6
1319999 eval return 1.35 +/- 0.0
time:  79.792 SPS: 276
1324999 success 0.9 +/- 0.1
1324999 eval steps mean 27.2 best 18 optimal 6
1324999 eval return 0.444 +/- 0.879
time:  80.092 SPS: 276
1329999 success 1.0 +/- 0.0
1329999 eval steps mean 19.1 best 18 optimal 6
1329999 eval return 1.325 +/- 0.025
time:  80.387 SPS: 276
1334999 success 1.0 +/- 0.0
1334999 eval steps mean 18.9 best 18 optimal 6
1334999 eval return 1.35 +/- 0.0
time:  80.696 SPS: 276
1339999 success 1.0 +/- 0.0
1339999 eval steps mean 19.5 best 19 optimal 6
1339999 eval return 1.293 +/- 0.036
time:  81.108 SPS: 276
1344999 success 1.0 +/- 0.0
1344999 eval steps mean 19.5 best 18 optimal 6
1344999 eval return 1.337 +/- 0.009
time:  81.559 SPS: 275
1349999 success 1.0 +/- 0.0
1349999 eval steps mean 18.9 best 18 optimal 6
1349999 eval return 1.35 +/- 0.0
time:  82.024 SPS: 275
1354999 success 1.0 +/- 0.0
1354999 eval steps mean 19.1 best 18 optimal 6
1354999 eval return 1.347 +/- 0.003
1360000
GOAL [14  5]
time:  82.502 SPS: 274
1359999 success 0.0 +/- 0.0
1359999 eval steps mean 99.9 best 99 optimal 9
1359999 eval return -15.585 +/- 0.025
time:  82.99 SPS: 274
1364999 success 0.0 +/- 0.0
1364999 eval steps mean 99.9 best 99 optimal 9
1364999 eval return -15.238 +/- 0.047
time:  83.456 SPS: 273
1369999 success 0.0 +/- 0.0
1369999 eval steps mean 99.9 best 99 optimal 9
1369999 eval return -6.677 +/- 0.019
time:  83.924 SPS: 273
1374999 success 0.9 +/- 0.1
1374999 eval steps mean 21.9 best 9 optimal 9
1374999 eval return 1.665 +/- 0.741
time:  84.34 SPS: 272
1379999 success 1.0 +/- 0.0
1379999 eval steps mean 9.9 best 9 optimal 9
1379999 eval return 2.55 +/- 0.0
time:  84.769 SPS: 272
1384999 success 1.0 +/- 0.0
1384999 eval steps mean 9.9 best 9 optimal 9
1384999 eval return 2.55 +/- 0.0
time:  85.195 SPS: 271
1389999 success 1.0 +/- 0.0
1389999 eval steps mean 9.9 best 9 optimal 9
1389999 eval return 2.55 +/- 0.0
time:  85.622 SPS: 271
1394999 success 1.0 +/- 0.0
1394999 eval steps mean 9.9 best 9 optimal 9
1394999 eval return 2.55 +/- 0.0
time:  86.042 SPS: 271
1399999 success 1.0 +/- 0.0
1399999 eval steps mean 9.9 best 9 optimal 9
1399999 eval return 2.55 +/- 0.0
time:  86.466 SPS: 270
1404999 success 1.0 +/- 0.0
1404999 eval steps mean 9.9 best 9 optimal 9
1404999 eval return 2.55 +/- 0.0
time:  86.766 SPS: 270
1409999 success 1.0 +/- 0.0
1409999 eval steps mean 9.9 best 9 optimal 9
1409999 eval return 2.55 +/- 0.0
time:  87.064 SPS: 270
1414999 success 1.0 +/- 0.0
1414999 eval steps mean 9.9 best 9 optimal 9
1414999 eval return 2.55 +/- 0.0
time:  87.341 SPS: 270
1419999 success 1.0 +/- 0.0
1419999 eval steps mean 9.9 best 9 optimal 9
1419999 eval return 2.55 +/- 0.0
time:  87.63 SPS: 271
1424999 success 1.0 +/- 0.0
1424999 eval steps mean 9.9 best 9 optimal 9
1424999 eval return 2.55 +/- 0.0
time:  87.914 SPS: 271
1429999 success 1.0 +/- 0.0
1429999 eval steps mean 9.9 best 9 optimal 9
1429999 eval return 2.55 +/- 0.0
time:  88.2 SPS: 271
1434999 success 1.0 +/- 0.0
1434999 eval steps mean 9.9 best 9 optimal 9
1434999 eval return 2.55 +/- 0.0
1440000
GOAL [13  0]
time:  88.525 SPS: 271
1439999 success 0.0 +/- 0.0
1439999 eval steps mean 99.9 best 99 optimal 13
1439999 eval return -7.757 +/- 0.004
time:  88.857 SPS: 271
1444999 success 0.0 +/- 0.0
1444999 eval steps mean 99.9 best 99 optimal 13
1444999 eval return -7.857 +/- 0.007
time:  89.158 SPS: 271
1449999 success 0.0 +/- 0.0
1449999 eval steps mean 99.9 best 99 optimal 13
1449999 eval return -8.006 +/- 0.603
time:  89.439 SPS: 271
1454999 success 0.0 +/- 0.0
1454999 eval steps mean 99.9 best 99 optimal 13
1454999 eval return -7.513 +/- 0.076
time:  89.733 SPS: 271
1459999 success 0.0 +/- 0.0
1459999 eval steps mean 99.9 best 99 optimal 13
1459999 eval return -7.257 +/- 0.007
time:  90.007 SPS: 271
1464999 success 0.0 +/- 0.0
1464999 eval steps mean 99.9 best 99 optimal 13
1464999 eval return -7.241 +/- 0.013
time:  90.287 SPS: 271
1469999 success 0.0 +/- 0.0
1469999 eval steps mean 99.9 best 99 optimal 13
1469999 eval return -7.943 +/- 0.572
time:  90.593 SPS: 271
1474999 success 0.0 +/- 0.0
1474999 eval steps mean 99.9 best 99 optimal 13
1474999 eval return -8.176 +/- 0.945
time:  90.87 SPS: 271
1479999 success 0.0 +/- 0.0
1479999 eval steps mean 99.9 best 99 optimal 13
1479999 eval return -7.137 +/- 0.053
time:  91.144 SPS: 271
1484999 success 0.0 +/- 0.0
1484999 eval steps mean 99.9 best 99 optimal 13
1484999 eval return -7.73 +/- 0.582
time:  91.434 SPS: 271
1489999 success 0.0 +/- 0.0
1489999 eval steps mean 99.9 best 99 optimal 13
1489999 eval return -7.053 +/- 0.216
time:  91.73 SPS: 271
1494999 success 1.0 +/- 0.0
1494999 eval steps mean 14.0 best 13 optimal 13
1494999 eval return 2.082 +/- 0.008
time:  92.018 SPS: 271
1499999 success 1.0 +/- 0.0
1499999 eval steps mean 13.9 best 13 optimal 13
1499999 eval return 2.09 +/- 0.0
time:  92.294 SPS: 271
1504999 success 1.0 +/- 0.0
1504999 eval steps mean 13.9 best 13 optimal 13
1504999 eval return 2.09 +/- 0.0
time:  92.566 SPS: 271
1509999 success 1.0 +/- 0.0
1509999 eval steps mean 13.9 best 13 optimal 13
1509999 eval return 2.09 +/- 0.0
time:  92.855 SPS: 271
1514999 success 1.0 +/- 0.0
1514999 eval steps mean 13.9 best 13 optimal 13
1514999 eval return 2.09 +/- 0.0
1520000
GOAL [ 8 10]
time:  93.199 SPS: 271
1519999 success 0.0 +/- 0.0
1519999 eval steps mean 99.9 best 99 optimal 4
1519999 eval return -18.849 +/- 0.065
time:  93.645 SPS: 271
1524999 success 0.0 +/- 0.0
1524999 eval steps mean 99.9 best 99 optimal 4
1524999 eval return -18.104 +/- 0.246
time:  94.126 SPS: 270
1529999 success 0.0 +/- 0.0
1529999 eval steps mean 99.9 best 99 optimal 4
1529999 eval return -11.407 +/- 0.138
time:  94.551 SPS: 270
1534999 success 0.0 +/- 0.0
1534999 eval steps mean 99.9 best 99 optimal 4
1534999 eval return -9.889 +/- 0.022
time:  95.023 SPS: 270
1539999 success 0.0 +/- 0.0
1539999 eval steps mean 99.9 best 99 optimal 4
1539999 eval return -9.922 +/- 0.012
time:  95.47 SPS: 269
1544999 success 0.0 +/- 0.0
1544999 eval steps mean 99.9 best 99 optimal 4
1544999 eval return -9.635 +/- 1.401
time:  95.786 SPS: 269
1549999 success 0.0 +/- 0.0
1549999 eval steps mean 99.9 best 99 optimal 4
1549999 eval return -7.85 +/- 1.108
time:  96.179 SPS: 269
1554999 success 0.0 +/- 0.0
1554999 eval steps mean 99.9 best 99 optimal 4
1554999 eval return -7.278 +/- 1.214
time:  96.517 SPS: 269
1559999 success 0.1 +/- 0.1
1559999 eval steps mean 98.2 best 83 optimal 4
1559999 eval return -3.696 +/- 0.395
time:  96.808 SPS: 269
1564999 success 1.0 +/- 0.0
1564999 eval steps mean 16.9 best 16 optimal 4
1564999 eval return 1.64 +/- 0.0
time:  97.092 SPS: 269
1569999 success 1.0 +/- 0.0
1569999 eval steps mean 17.1 best 16 optimal 4
1569999 eval return 1.631 +/- 0.009
time:  97.45 SPS: 269
1574999 success 1.0 +/- 0.0
1574999 eval steps mean 17.1 best 16 optimal 4
1574999 eval return 1.623 +/- 0.017
time:  97.856 SPS: 269
1579999 success 1.0 +/- 0.0
1579999 eval steps mean 16.9 best 16 optimal 4
1579999 eval return 1.64 +/- 0.0
time:  98.285 SPS: 268
1584999 success 1.0 +/- 0.0
1584999 eval steps mean 16.9 best 16 optimal 4
1584999 eval return 1.64 +/- 0.0
time:  98.74 SPS: 268
1589999 success 1.0 +/- 0.0
1589999 eval steps mean 17.5 best 16 optimal 4
1589999 eval return 1.625 +/- 0.015
time:  99.173 SPS: 268
1594999 success 1.0 +/- 0.0
1594999 eval steps mean 17.1 best 16 optimal 4
1594999 eval return 1.625 +/- 0.015
1600000
GOAL [12 14]
time:  99.602 SPS: 267
1599999 success 0.0 +/- 0.0
1599999 eval steps mean 99.9 best 99 optimal 12
1599999 eval return -8.514 +/- 0.098
done RL run. Time 99.7860393833335 min
