agent_dict keys dict_keys(['base_algorithm', 'learning_rate', 'num_envs', 'rollout_num_steps', 'gamma', 'gae_lambda', 'num_minibatches', 'update_epochs', 'minibatch_size', 'norm_adv', 'clip_coef', 'clip_vloss', 'ent_coef', 'vf_coef', 'max_grad_norm', 'rpo_alpha', 'parseval_reg', 'input_scale', 'learnable_input_scale', 'add_diag_layer', 'lie_group', 'pion', 'pion_block_size', 'pion_multiplicative', 'oft', 'poet', 'oet_num_blocks', 'poet_exact_cayley', 'layer_norm', 'layer_norm_no_params', 'weight_decay', 'tuned_adam', 'perturb', 'perturb_dist', 'regen', 'regen_wasserstein', 'weight_init', 'net_width', 'net_activation', 'init_gain', 'parseval_norm', 'parseval_num_groups'])
env_dict keys dict_keys(['env', 'change_freq', 'seed', 'env_type'])
Start RL run!
{'base_algorithm': 'ppo_agent', 'learning_rate': 0.001, 'num_envs': 1, 'rollout_num_steps': 128, 'gamma': 0.99, 'gae_lambda': 0.95, 'num_minibatches': 4, 'update_epochs': 4, 'minibatch_size': 32, 'norm_adv': True, 'clip_coef': 0.2, 'clip_vloss': True, 'ent_coef': 0.01, 'vf_coef': 0.5, 'max_grad_norm': 0.5, 'rpo_alpha': 0, 'parseval_reg': 0, 'input_scale': 1, 'learnable_input_scale': False, 'add_diag_layer': False, 'lie_group': False, 'pion': True, 'pion_block_size': None, 'pion_multiplicative': False, 'oft': False, 'poet': False, 'oet_num_blocks': 1, 'poet_exact_cayley': False, 'layer_norm': False, 'layer_norm_no_params': False, 'weight_decay': 0, 'tuned_adam': False, 'perturb': 0.0, 'perturb_dist': 'xavier', 'regen': 0.0, 'regen_wasserstein': False, 'weight_init': 'xavier', 'net_width': 64, 'net_activation': 'tanh', 'init_gain': None, 'parseval_norm': False, 'parseval_num_groups': 1, 'device': 'cpu'}
{'env': 'gridworld_ninerooms', 'change_freq': 80000, 'seed': 128, 'env_type': 'rl', 'local_run': False}
Running on gpu: False
Gridworld args () {'env': 'gridworld_ninerooms', 'change_freq': 80000, 'seed': 128, 'env_type': 'rl', 'local_run': False}
time:  0.046 SPS: 0
0 success 0.1 +/- 0.1
0 eval steps mean 93.1 best 32 optimal 5
0 eval return -6.356 +/- 1.065
time:  0.404 SPS: 206
4999 success 1.0 +/- 0.0
4999 eval steps mean 22.3 best 9 optimal 5
4999 eval return 2.013 +/- 0.305
time:  1.398 SPS: 119
9999 success 1.0 +/- 0.0
9999 eval steps mean 8.4 best 5 optimal 5
9999 eval return 2.766 +/- 0.077
time:  3.375 SPS: 74
14999 success 1.0 +/- 0.0
14999 eval steps mean 5.9 best 5 optimal 5
14999 eval return 2.85 +/- 0.0
time:  5.846 SPS: 57
19999 success 1.0 +/- 0.0
19999 eval steps mean 7.1 best 5 optimal 5
19999 eval return 2.796 +/- 0.036
time:  8.253 SPS: 50
24999 success 1.0 +/- 0.0
24999 eval steps mean 5.9 best 5 optimal 5
24999 eval return 2.85 +/- 0.0
time:  10.657 SPS: 46
29999 success 1.0 +/- 0.0
29999 eval steps mean 5.9 best 5 optimal 5
29999 eval return 2.85 +/- 0.0
time:  13.337 SPS: 43
34999 success 1.0 +/- 0.0
34999 eval steps mean 5.9 best 5 optimal 5
34999 eval return 2.85 +/- 0.0
time:  16.012 SPS: 41
39999 success 1.0 +/- 0.0
39999 eval steps mean 5.9 best 5 optimal 5
39999 eval return 2.85 +/- 0.0
time:  18.608 SPS: 40
44999 success 0.9 +/- 0.1
44999 eval steps mean 16.9 best 6 optimal 5
44999 eval return 2.152 +/- 0.667
time:  21.126 SPS: 39
49999 success 1.0 +/- 0.0
49999 eval steps mean 5.9 best 5 optimal 5
49999 eval return 2.85 +/- 0.0
time:  23.578 SPS: 38
54999 success 1.0 +/- 0.0
54999 eval steps mean 5.9 best 5 optimal 5
54999 eval return 2.85 +/- 0.0
time:  25.968 SPS: 38
59999 success 1.0 +/- 0.0
59999 eval steps mean 5.9 best 5 optimal 5
59999 eval return 2.85 +/- 0.0
time:  28.656 SPS: 37
64999 success 1.0 +/- 0.0
64999 eval steps mean 5.9 best 5 optimal 5
64999 eval return 2.85 +/- 0.0
time:  31.253 SPS: 37
69999 success 1.0 +/- 0.0
69999 eval steps mean 5.9 best 5 optimal 5
69999 eval return 2.85 +/- 0.0
time:  33.947 SPS: 36
74999 success 1.0 +/- 0.0
74999 eval steps mean 6.1 best 5 optimal 5
74999 eval return 2.839 +/- 0.011
80000
GOAL [11  7]
time:  36.72 SPS: 36
79999 success 0.0 +/- 0.0
79999 eval steps mean 99.9 best 99 optimal 4
79999 eval return -4.14 +/- 0.501
time:  39.345 SPS: 36
84999 success 0.0 +/- 0.0
84999 eval steps mean 99.9 best 99 optimal 4
84999 eval return -2.564 +/- 0.056
time:  41.645 SPS: 36
89999 success 1.0 +/- 0.0
89999 eval steps mean 9.0 best 8 optimal 4
89999 eval return 2.817 +/- 0.003
time:  43.809 SPS: 36
94999 success 1.0 +/- 0.0
94999 eval steps mean 8.9 best 8 optimal 4
94999 eval return 2.82 +/- 0.0
time:  46.141 SPS: 36
99999 success 1.0 +/- 0.0
99999 eval steps mean 4.9 best 4 optimal 4
99999 eval return 2.9 +/- 0.0
time:  48.552 SPS: 36
104999 success 1.0 +/- 0.0
104999 eval steps mean 4.9 best 4 optimal 4
104999 eval return 2.9 +/- 0.0
time:  51.071 SPS: 35
109999 success 1.0 +/- 0.0
109999 eval steps mean 4.9 best 4 optimal 4
109999 eval return 2.9 +/- 0.0
time:  53.603 SPS: 35
114999 success 1.0 +/- 0.0
114999 eval steps mean 4.9 best 4 optimal 4
114999 eval return 2.9 +/- 0.0
time:  56.283 SPS: 35
119999 success 1.0 +/- 0.0
119999 eval steps mean 5.3 best 4 optimal 4
119999 eval return 2.888 +/- 0.009
time:  59.051 SPS: 35
124999 success 1.0 +/- 0.0
124999 eval steps mean 4.9 best 4 optimal 4
124999 eval return 2.9 +/- 0.0
time:  61.63 SPS: 35
129999 success 1.0 +/- 0.0
129999 eval steps mean 4.9 best 4 optimal 4
129999 eval return 2.9 +/- 0.0
time:  64.26 SPS: 35
134999 success 1.0 +/- 0.0
134999 eval steps mean 4.9 best 4 optimal 4
134999 eval return 2.9 +/- 0.0
time:  67.05 SPS: 34
139999 success 1.0 +/- 0.0
139999 eval steps mean 4.9 best 4 optimal 4
139999 eval return 2.9 +/- 0.0
time:  69.613 SPS: 34
144999 success 1.0 +/- 0.0
144999 eval steps mean 4.9 best 4 optimal 4
144999 eval return 2.9 +/- 0.0
time:  74.207 SPS: 33
149999 success 0.9 +/- 0.1
149999 eval steps mean 14.4 best 4 optimal 4
149999 eval return 2.219 +/- 0.681
time:  78.003 SPS: 33
154999 success 1.0 +/- 0.0
154999 eval steps mean 4.9 best 4 optimal 4
154999 eval return 2.9 +/- 0.0
160000
GOAL [13  6]
time:  80.563 SPS: 33
159999 success 0.3 +/- 0.153
159999 eval steps mean 82.9 best 8 optimal 7
159999 eval return -1.232 +/- 0.684
time:  87.096 SPS: 31
164999 success 1.0 +/- 0.0
164999 eval steps mean 10.4 best 7 optimal 7
164999 eval return 2.645 +/- 0.075
time:  89.29 SPS: 31
169999 success 1.0 +/- 0.0
169999 eval steps mean 8.6 best 7 optimal 7
169999 eval return 2.702 +/- 0.01
time:  91.875 SPS: 31
174999 success 1.0 +/- 0.0
174999 eval steps mean 7.9 best 7 optimal 7
174999 eval return 2.72 +/- 0.0
time:  96.339 SPS: 31
179999 success 1.0 +/- 0.0
179999 eval steps mean 7.9 best 7 optimal 7
179999 eval return 2.72 +/- 0.0
time:  100.725 SPS: 30
184999 success 1.0 +/- 0.0
184999 eval steps mean 7.9 best 7 optimal 7
184999 eval return 2.72 +/- 0.0
time:  103.087 SPS: 30
189999 success 1.0 +/- 0.0
189999 eval steps mean 7.9 best 7 optimal 7
189999 eval return 2.72 +/- 0.0
time:  105.78 SPS: 30
194999 success 1.0 +/- 0.0
194999 eval steps mean 7.9 best 7 optimal 7
194999 eval return 2.72 +/- 0.0
time:  107.698 SPS: 30
199999 success 1.0 +/- 0.0
199999 eval steps mean 7.9 best 7 optimal 7
199999 eval return 2.72 +/- 0.0
time:  109.048 SPS: 31
204999 success 1.0 +/- 0.0
204999 eval steps mean 7.9 best 7 optimal 7
204999 eval return 2.72 +/- 0.0
time:  111.181 SPS: 31
209999 success 1.0 +/- 0.0
209999 eval steps mean 7.9 best 7 optimal 7
209999 eval return 2.72 +/- 0.0
time:  113.07 SPS: 31
214999 success 1.0 +/- 0.0
214999 eval steps mean 7.9 best 7 optimal 7
214999 eval return 2.72 +/- 0.0
time:  114.453 SPS: 32
219999 success 1.0 +/- 0.0
219999 eval steps mean 7.9 best 7 optimal 7
219999 eval return 2.72 +/- 0.0
time:  115.244 SPS: 32
224999 success 1.0 +/- 0.0
224999 eval steps mean 7.9 best 7 optimal 7
224999 eval return 2.72 +/- 0.0
time:  116.001 SPS: 33
229999 success 1.0 +/- 0.0
229999 eval steps mean 7.9 best 7 optimal 7
229999 eval return 2.72 +/- 0.0
time:  117.702 SPS: 33
234999 success 1.0 +/- 0.0
234999 eval steps mean 7.9 best 7 optimal 7
234999 eval return 2.72 +/- 0.0
240000
GOAL [7 1]
time:  119.374 SPS: 33
239999 success 0.0 +/- 0.0
239999 eval steps mean 99.9 best 99 optimal 6
239999 eval return -11.64 +/- 0.191
time:  120.271 SPS: 33
244999 success 0.0 +/- 0.0
244999 eval steps mean 99.9 best 99 optimal 6
244999 eval return -9.352 +/- 0.022
time:  121.597 SPS: 34
249999 success 0.2 +/- 0.133
249999 eval steps mean 89.1 best 42 optimal 6
249999 eval return -9.205 +/- 1.688
time:  122.068 SPS: 34
254999 success 1.0 +/- 0.0
254999 eval steps mean 31.8 best 17 optimal 6
254999 eval return 0.582 +/- 0.499
time:  122.983 SPS: 35
259999 success 1.0 +/- 0.0
259999 eval steps mean 18.8 best 17 optimal 6
259999 eval return 1.492 +/- 0.069
time:  123.746 SPS: 35
264999 success 1.0 +/- 0.0
264999 eval steps mean 18.1 best 16 optimal 6
264999 eval return 1.611 +/- 0.012
time:  124.552 SPS: 36
269999 success 0.9 +/- 0.1
269999 eval steps mean 27.3 best 17 optimal 6
269999 eval return -0.276 +/- 1.801
time:  125.381 SPS: 36
274999 success 1.0 +/- 0.0
274999 eval steps mean 16.9 best 16 optimal 6
274999 eval return 1.64 +/- 0.0
time:  129.085 SPS: 36
279999 success 1.0 +/- 0.0
279999 eval steps mean 16.9 best 16 optimal 6
279999 eval return 1.64 +/- 0.0
time:  131.544 SPS: 36
284999 success 0.9 +/- 0.1
284999 eval steps mean 25.2 best 16 optimal 6
284999 eval return 0.67 +/- 0.97
time:  132.41 SPS: 36
289999 success 1.0 +/- 0.0
289999 eval steps mean 17.1 best 16 optimal 6
289999 eval return 1.609 +/- 0.031
time:  136.164 SPS: 36
294999 success 1.0 +/- 0.0
294999 eval steps mean 17.3 best 16 optimal 6
294999 eval return 1.618 +/- 0.015
time:  140.093 SPS: 35
299999 success 1.0 +/- 0.0
299999 eval steps mean 17.1 best 16 optimal 6
299999 eval return 1.627 +/- 0.013
time:  142.336 SPS: 35
304999 success 1.0 +/- 0.0
304999 eval steps mean 16.9 best 16 optimal 6
304999 eval return 1.64 +/- 0.0
time:  143.123 SPS: 36
309999 success 1.0 +/- 0.0
309999 eval steps mean 17.3 best 16 optimal 6
309999 eval return 1.576 +/- 0.064
time:  144.306 SPS: 36
314999 success 1.0 +/- 0.0
314999 eval steps mean 16.9 best 16 optimal 6
314999 eval return 1.64 +/- 0.0
320000
GOAL [13  7]
time:  145.405 SPS: 36
319999 success 0.0 +/- 0.0
319999 eval steps mean 99.9 best 99 optimal 6
319999 eval return -12.096 +/- 0.26
time:  146.614 SPS: 36
324999 success 0.8 +/- 0.133
324999 eval steps mean 41.2 best 9 optimal 6
324999 eval return 0.828 +/- 0.958
time:  147.287 SPS: 37
329999 success 1.0 +/- 0.0
329999 eval steps mean 6.9 best 6 optimal 6
329999 eval return 2.79 +/- 0.0
time:  149.315 SPS: 37
334999 success 1.0 +/- 0.0
334999 eval steps mean 7.1 best 6 optimal 6
334999 eval return 2.779 +/- 0.011
time:  150.106 SPS: 37
339999 success 1.0 +/- 0.0
339999 eval steps mean 6.9 best 6 optimal 6
339999 eval return 2.79 +/- 0.0
time:  151.514 SPS: 37
344999 success 1.0 +/- 0.0
344999 eval steps mean 6.9 best 6 optimal 6
344999 eval return 2.79 +/- 0.0
time:  153.673 SPS: 37
349999 success 1.0 +/- 0.0
349999 eval steps mean 6.9 best 6 optimal 6
349999 eval return 2.79 +/- 0.0
time:  155.473 SPS: 38
354999 success 1.0 +/- 0.0
354999 eval steps mean 6.9 best 6 optimal 6
354999 eval return 2.79 +/- 0.0
time:  156.596 SPS: 38
359999 success 0.4 +/- 0.163
359999 eval steps mean 69.3 best 7 optimal 6
359999 eval return -2.348 +/- 1.214
time:  157.758 SPS: 38
364999 success 1.0 +/- 0.0
364999 eval steps mean 6.9 best 6 optimal 6
364999 eval return 2.79 +/- 0.0
time:  158.88 SPS: 38
369999 success 1.0 +/- 0.0
369999 eval steps mean 6.9 best 6 optimal 6
369999 eval return 2.79 +/- 0.0
time:  160.22 SPS: 39
374999 success 0.0 +/- 0.0
374999 eval steps mean 99.9 best 99 optimal 6
374999 eval return -5.035 +/- 0.011
time:  162.04 SPS: 39
379999 success 1.0 +/- 0.0
379999 eval steps mean 6.9 best 6 optimal 6
379999 eval return 2.79 +/- 0.0
time:  164.135 SPS: 39
384999 success 0.1 +/- 0.1
384999 eval steps mean 90.6 best 7 optimal 6
384999 eval return -4.234 +/- 0.78
time:  167.583 SPS: 38
389999 success 1.0 +/- 0.0
389999 eval steps mean 6.9 best 6 optimal 6
389999 eval return 2.79 +/- 0.0
time:  170.895 SPS: 38
394999 success 1.0 +/- 0.0
394999 eval steps mean 6.9 best 6 optimal 6
394999 eval return 2.79 +/- 0.0
400000
GOAL [14  6]
time:  174.178 SPS: 38
399999 success 0.0 +/- 0.0
399999 eval steps mean 99.9 best 99 optimal 8
399999 eval return -2.192 +/- 0.016
time:  177.148 SPS: 38
404999 success 1.0 +/- 0.0
404999 eval steps mean 9.1 best 8 optimal 8
404999 eval return 2.637 +/- 0.003
time:  180.285 SPS: 37
409999 success 1.0 +/- 0.0
409999 eval steps mean 8.9 best 8 optimal 8
409999 eval return 2.64 +/- 0.0
time:  183.408 SPS: 37
414999 success 1.0 +/- 0.0
414999 eval steps mean 8.9 best 8 optimal 8
414999 eval return 2.64 +/- 0.0
time:  186.423 SPS: 37
419999 success 1.0 +/- 0.0
419999 eval steps mean 8.9 best 8 optimal 8
419999 eval return 2.64 +/- 0.0
time:  189.412 SPS: 37
424999 success 1.0 +/- 0.0
424999 eval steps mean 8.9 best 8 optimal 8
424999 eval return 2.64 +/- 0.0
time:  192.32 SPS: 37
429999 success 1.0 +/- 0.0
429999 eval steps mean 8.9 best 8 optimal 8
429999 eval return 2.64 +/- 0.0
time:  195.225 SPS: 37
434999 success 1.0 +/- 0.0
434999 eval steps mean 8.9 best 8 optimal 8
434999 eval return 2.64 +/- 0.0
time:  198.173 SPS: 37
439999 success 1.0 +/- 0.0
439999 eval steps mean 8.9 best 8 optimal 8
439999 eval return 2.64 +/- 0.0
time:  201.011 SPS: 36
444999 success 1.0 +/- 0.0
444999 eval steps mean 8.9 best 8 optimal 8
444999 eval return 2.64 +/- 0.0
time:  203.803 SPS: 36
449999 success 1.0 +/- 0.0
449999 eval steps mean 8.9 best 8 optimal 8
449999 eval return 2.64 +/- 0.0
time:  206.554 SPS: 36
454999 success 1.0 +/- 0.0
454999 eval steps mean 8.9 best 8 optimal 8
454999 eval return 2.64 +/- 0.0
time:  209.349 SPS: 36
459999 success 1.0 +/- 0.0
459999 eval steps mean 8.9 best 8 optimal 8
459999 eval return 2.64 +/- 0.0
time:  211.409 SPS: 36
464999 success 0.9 +/- 0.1
464999 eval steps mean 18.4 best 8 optimal 8
464999 eval return 2.241 +/- 0.392
time:  214.197 SPS: 36
469999 success 1.0 +/- 0.0
469999 eval steps mean 8.9 best 8 optimal 8
469999 eval return 2.64 +/- 0.0
time:  216.957 SPS: 36
474999 success 1.0 +/- 0.0
474999 eval steps mean 8.9 best 8 optimal 8
474999 eval return 2.64 +/- 0.0
480000
GOAL [11  5]
time:  219.774 SPS: 36
479999 success 0.0 +/- 0.0
479999 eval steps mean 99.9 best 99 optimal 6
479999 eval return -3.695 +/- 0.264
time:  222.246 SPS: 36
484999 success 0.2 +/- 0.133
484999 eval steps mean 93.7 best 44 optimal 6
484999 eval return -2.42 +/- 0.875
time:  224.618 SPS: 36
489999 success 0.4 +/- 0.163
489999 eval steps mean 62.7 best 6 optimal 6
489999 eval return -1.928 +/- 1.287
time:  227.049 SPS: 36
494999 success 1.0 +/- 0.0
494999 eval steps mean 6.9 best 6 optimal 6
494999 eval return 2.79 +/- 0.0
time:  229.605 SPS: 36
499999 success 1.0 +/- 0.0
499999 eval steps mean 7.1 best 6 optimal 6
499999 eval return 2.783 +/- 0.007
time:  231.982 SPS: 36
504999 success 1.0 +/- 0.0
504999 eval steps mean 6.9 best 6 optimal 6
504999 eval return 2.79 +/- 0.0
time:  234.364 SPS: 36
509999 success 1.0 +/- 0.0
509999 eval steps mean 6.9 best 6 optimal 6
509999 eval return 2.79 +/- 0.0
time:  236.859 SPS: 36
514999 success 1.0 +/- 0.0
514999 eval steps mean 6.9 best 6 optimal 6
514999 eval return 2.79 +/- 0.0
time:  239.283 SPS: 36
519999 success 1.0 +/- 0.0
519999 eval steps mean 6.9 best 6 optimal 6
519999 eval return 2.79 +/- 0.0
time:  241.891 SPS: 36
524999 success 1.0 +/- 0.0
524999 eval steps mean 6.9 best 6 optimal 6
524999 eval return 2.79 +/- 0.0
time:  244.538 SPS: 36
529999 success 1.0 +/- 0.0
529999 eval steps mean 6.9 best 6 optimal 6
529999 eval return 2.79 +/- 0.0
time:  247.147 SPS: 36
534999 success 1.0 +/- 0.0
534999 eval steps mean 6.9 best 6 optimal 6
534999 eval return 2.79 +/- 0.0
time:  248.467 SPS: 36
539999 success 1.0 +/- 0.0
539999 eval steps mean 6.9 best 6 optimal 6
539999 eval return 2.79 +/- 0.0
time:  249.286 SPS: 36
544999 success 1.0 +/- 0.0
544999 eval steps mean 7.1 best 6 optimal 6
544999 eval return 2.783 +/- 0.007
time:  250.132 SPS: 36
549999 success 1.0 +/- 0.0
549999 eval steps mean 7.1 best 6 optimal 6
549999 eval return 2.783 +/- 0.007
time:  250.927 SPS: 36
554999 success 1.0 +/- 0.0
554999 eval steps mean 6.9 best 6 optimal 6
554999 eval return 2.79 +/- 0.0
560000
GOAL [ 5 12]
time:  251.655 SPS: 37
559999 success 0.0 +/- 0.0
559999 eval steps mean 99.9 best 99 optimal 7
559999 eval return -17.595 +/- 0.737
time:  252.366 SPS: 37
564999 success 0.0 +/- 0.0
564999 eval steps mean 99.9 best 99 optimal 7
564999 eval return -15.061 +/- 0.215
time:  253.129 SPS: 37
569999 success 0.0 +/- 0.0
569999 eval steps mean 99.9 best 99 optimal 7
569999 eval return -7.407 +/- 0.229
time:  253.927 SPS: 37
574999 success 0.0 +/- 0.0
574999 eval steps mean 99.9 best 99 optimal 7
574999 eval return -5.417 +/- 0.053
time:  254.924 SPS: 37
579999 success 0.0 +/- 0.0
579999 eval steps mean 99.9 best 99 optimal 7
579999 eval return -5.308 +/- 0.139
time:  255.968 SPS: 38
584999 success 0.9 +/- 0.1
584999 eval steps mean 38.1 best 18 optimal 7
584999 eval return -0.829 +/- 1.623
time:  256.599 SPS: 38
589999 success 0.9 +/- 0.1
589999 eval steps mean 22.5 best 13 optimal 7
589999 eval return 0.322 +/- 1.768
time:  257.385 SPS: 38
594999 success 1.0 +/- 0.0
594999 eval steps mean 21.3 best 13 optimal 7
594999 eval return 1.748 +/- 0.199
time:  258.391 SPS: 38
599999 success 1.0 +/- 0.0
599999 eval steps mean 18.1 best 13 optimal 7
599999 eval return 1.869 +/- 0.221
time:  259.401 SPS: 38
604999 success 1.0 +/- 0.0
604999 eval steps mean 14.1 best 13 optimal 7
604999 eval return 2.079 +/- 0.011
time:  260.421 SPS: 39
609999 success 1.0 +/- 0.0
609999 eval steps mean 14.1 best 13 optimal 7
609999 eval return 2.087 +/- 0.003
time:  261.427 SPS: 39
614999 success 1.0 +/- 0.0
614999 eval steps mean 13.9 best 13 optimal 7
614999 eval return 2.09 +/- 0.0
time:  262.347 SPS: 39
619999 success 1.0 +/- 0.0
619999 eval steps mean 13.9 best 13 optimal 7
619999 eval return 2.09 +/- 0.0
time:  263.35 SPS: 39
624999 success 1.0 +/- 0.0
624999 eval steps mean 14.1 best 13 optimal 7
624999 eval return 2.065 +/- 0.025
time:  264.376 SPS: 39
629999 success 1.0 +/- 0.0
629999 eval steps mean 13.9 best 13 optimal 7
629999 eval return 2.09 +/- 0.0
time:  265.391 SPS: 39
634999 success 1.0 +/- 0.0
634999 eval steps mean 15.7 best 14 optimal 7
634999 eval return 1.989 +/- 0.037
640000
GOAL [ 7 10]
time:  266.463 SPS: 40
639999 success 0.0 +/- 0.0
639999 eval steps mean 99.9 best 99 optimal 3
639999 eval return -8.295 +/- 0.543
time:  267.196 SPS: 40
644999 success 1.0 +/- 0.0
644999 eval steps mean 18.6 best 17 optimal 3
644999 eval return 1.437 +/- 0.019
time:  267.829 SPS: 40
649999 success 0.9 +/- 0.1
649999 eval steps mean 32.7 best 18 optimal 3
649999 eval return -1.175 +/- 1.737
time:  268.529 SPS: 40
654999 success 1.0 +/- 0.0
654999 eval steps mean 18.5 best 17 optimal 3
654999 eval return 1.459 +/- 0.011
time:  269.387 SPS: 40
659999 success 1.0 +/- 0.0
659999 eval steps mean 17.9 best 17 optimal 3
659999 eval return 1.47 +/- 0.0
time:  270.249 SPS: 41
664999 success 1.0 +/- 0.0
664999 eval steps mean 18.1 best 17 optimal 3
664999 eval return 1.462 +/- 0.007
time:  271.082 SPS: 41
669999 success 1.0 +/- 0.0
669999 eval steps mean 18.1 best 17 optimal 3
669999 eval return 1.457 +/- 0.013
time:  271.872 SPS: 41
674999 success 1.0 +/- 0.0
674999 eval steps mean 18.0 best 17 optimal 3
674999 eval return 1.464 +/- 0.006
time:  273.26 SPS: 41
679999 success 1.0 +/- 0.0
679999 eval steps mean 18.9 best 17 optimal 3
679999 eval return 1.443 +/- 0.014
time:  279.264 SPS: 40
684999 success 1.0 +/- 0.0
684999 eval steps mean 22.7 best 18 optimal 3
684999 eval return 1.338 +/- 0.043
time:  284.57 SPS: 40
689999 success 1.0 +/- 0.0
689999 eval steps mean 17.9 best 17 optimal 3
689999 eval return 1.47 +/- 0.0
time:  290.315 SPS: 39
694999 success 0.0 +/- 0.0
694999 eval steps mean 99.9 best 99 optimal 3
694999 eval return -16.811 +/- 0.484
time:  293.43 SPS: 39
699999 success 1.0 +/- 0.0
699999 eval steps mean 17.9 best 17 optimal 3
699999 eval return 1.47 +/- 0.0
time:  296.763 SPS: 39
704999 success 1.0 +/- 0.0
704999 eval steps mean 18.1 best 17 optimal 3
704999 eval return 1.447 +/- 0.023
time:  303.207 SPS: 39
709999 success 1.0 +/- 0.0
709999 eval steps mean 18.1 best 17 optimal 3
709999 eval return 1.447 +/- 0.023
time:  309.292 SPS: 38
714999 success 1.0 +/- 0.0
714999 eval steps mean 18.6 best 18 optimal 3
714999 eval return 1.451 +/- 0.014
720000
GOAL [6 1]
time:  315.61 SPS: 38
719999 success 0.0 +/- 0.0
719999 eval steps mean 99.9 best 99 optimal 7
719999 eval return -20.815 +/- 0.104
time:  321.53 SPS: 37
724999 success 0.0 +/- 0.0
724999 eval steps mean 99.9 best 99 optimal 7
724999 eval return -19.137 +/- 0.062
time:  327.853 SPS: 37
729999 success 0.0 +/- 0.0
729999 eval steps mean 99.9 best 99 optimal 7
729999 eval return -11.143 +/- 0.442
time:  333.285 SPS: 36
734999 success 0.0 +/- 0.0
734999 eval steps mean 99.9 best 99 optimal 7
734999 eval return -7.341 +/- 0.026
time:  334.293 SPS: 36
739999 success 0.0 +/- 0.0
739999 eval steps mean 99.9 best 99 optimal 7
739999 eval return -5.706 +/- 0.18
time:  335.052 SPS: 37
744999 success 1.0 +/- 0.0
744999 eval steps mean 19.9 best 15 optimal 7
744999 eval return 1.641 +/- 0.048
time:  335.517 SPS: 37
749999 success 1.0 +/- 0.0
749999 eval steps mean 16.1 best 15 optimal 7
749999 eval return 1.789 +/- 0.011
time:  336.471 SPS: 37
754999 success 1.0 +/- 0.0
754999 eval steps mean 16.1 best 15 optimal 7
754999 eval return 1.797 +/- 0.003
time:  337.395 SPS: 37
759999 success 1.0 +/- 0.0
759999 eval steps mean 20.2 best 16 optimal 7
759999 eval return 1.538 +/- 0.182
time:  338.398 SPS: 37
764999 success 1.0 +/- 0.0
764999 eval steps mean 15.9 best 15 optimal 7
764999 eval return 1.8 +/- 0.0
time:  339.378 SPS: 37
769999 success 1.0 +/- 0.0
769999 eval steps mean 32.5 best 16 optimal 7
769999 eval return 0.597 +/- 0.449
time:  340.357 SPS: 37
774999 success 1.0 +/- 0.0
774999 eval steps mean 25.9 best 18 optimal 7
774999 eval return 1.548 +/- 0.041
time:  341.299 SPS: 38
779999 success 0.4 +/- 0.163
779999 eval steps mean 73.1 best 16 optimal 7
779999 eval return -9.94 +/- 2.657
time:  342.281 SPS: 38
784999 success 1.0 +/- 0.0
784999 eval steps mean 15.9 best 15 optimal 7
784999 eval return 1.8 +/- 0.0
time:  343.163 SPS: 38
789999 success 1.0 +/- 0.0
789999 eval steps mean 15.9 best 15 optimal 7
789999 eval return 1.8 +/- 0.0
time:  344.095 SPS: 38
794999 success 0.9 +/- 0.1
794999 eval steps mean 25.7 best 15 optimal 7
794999 eval return -0.184 +/- 1.923
800000
GOAL [10  3]
time:  345.041 SPS: 38
799999 success 0.0 +/- 0.0
799999 eval steps mean 99.9 best 99 optimal 7
799999 eval return -7.142 +/- 0.023
time:  345.933 SPS: 38
804999 success 0.0 +/- 0.0
804999 eval steps mean 99.9 best 99 optimal 7
804999 eval return -7.307 +/- 0.044
time:  346.837 SPS: 38
809999 success 0.1 +/- 0.1
809999 eval steps mean 95.4 best 55 optimal 7
809999 eval return -4.24 +/- 0.622
time:  347.753 SPS: 39
814999 success 0.0 +/- 0.0
814999 eval steps mean 99.9 best 99 optimal 7
814999 eval return -4.437 +/- 0.043
time:  348.589 SPS: 39
819999 success 0.1 +/- 0.1
819999 eval steps mean 93.5 best 36 optimal 7
819999 eval return -3.777 +/- 0.495
time:  349.22 SPS: 39
824999 success 0.9 +/- 0.1
824999 eval steps mean 29.9 best 19 optimal 7
824999 eval return 0.185 +/- 0.941
time:  349.885 SPS: 39
829999 success 1.0 +/- 0.0
829999 eval steps mean 21.1 best 20 optimal 7
829999 eval return 1.2 +/- 0.059
time:  350.738 SPS: 39
834999 success 1.0 +/- 0.0
834999 eval steps mean 20.2 best 20 optimal 7
834999 eval return 1.277 +/- 0.016
time:  351.674 SPS: 39
839999 success 0.5 +/- 0.167
839999 eval steps mean 60.6 best 20 optimal 7
839999 eval return -3.531 +/- 1.604
time:  352.485 SPS: 39
844999 success 1.0 +/- 0.0
844999 eval steps mean 23.1 best 13 optimal 7
844999 eval return 1.359 +/- 0.386
time:  353.225 SPS: 40
849999 success 0.3 +/- 0.153
849999 eval steps mean 77.7 best 20 optimal 7
849999 eval return -3.67 +/- 0.987
time:  353.841 SPS: 40
854999 success 1.0 +/- 0.0
854999 eval steps mean 20.1 best 19 optimal 7
854999 eval return 1.277 +/- 0.023
time:  354.514 SPS: 40
859999 success 1.0 +/- 0.0
859999 eval steps mean 14.3 best 13 optimal 7
859999 eval return 2.284 +/- 0.006
time:  355.28 SPS: 40
864999 success 1.0 +/- 0.0
864999 eval steps mean 14.0 best 13 optimal 7
864999 eval return 2.283 +/- 0.007
time:  356.118 SPS: 40
869999 success 1.0 +/- 0.0
869999 eval steps mean 16.1 best 15 optimal 7
869999 eval return 2.217 +/- 0.003
time:  356.949 SPS: 40
874999 success 1.0 +/- 0.0
874999 eval steps mean 14.3 best 13 optimal 7
874999 eval return 2.278 +/- 0.008
880000
GOAL [ 9 14]
time:  357.744 SPS: 40
879999 success 0.0 +/- 0.0
879999 eval steps mean 99.9 best 99 optimal 9
879999 eval return -15.288 +/- 0.031
time:  358.462 SPS: 41
884999 success 0.0 +/- 0.0
884999 eval steps mean 99.9 best 99 optimal 9
884999 eval return -7.195 +/- 0.332
time:  359.05 SPS: 41
889999 success 1.0 +/- 0.0
889999 eval steps mean 21.0 best 16 optimal 9
889999 eval return 1.626 +/- 0.062
time:  359.711 SPS: 41
894999 success 1.0 +/- 0.0
894999 eval steps mean 17.8 best 16 optimal 9
894999 eval return 1.779 +/- 0.007
time:  360.534 SPS: 41
899999 success 1.0 +/- 0.0
899999 eval steps mean 16.4 best 15 optimal 9
899999 eval return 1.769 +/- 0.026
time:  361.287 SPS: 41
904999 success 1.0 +/- 0.0
904999 eval steps mean 15.9 best 15 optimal 9
904999 eval return 1.8 +/- 0.0
time:  362.103 SPS: 41
909999 success 1.0 +/- 0.0
909999 eval steps mean 15.9 best 15 optimal 9
909999 eval return 1.8 +/- 0.0
time:  362.952 SPS: 42
914999 success 1.0 +/- 0.0
914999 eval steps mean 16.1 best 15 optimal 9
914999 eval return 1.793 +/- 0.007
time:  363.752 SPS: 42
919999 success 1.0 +/- 0.0
919999 eval steps mean 15.9 best 15 optimal 9
919999 eval return 1.8 +/- 0.0
time:  364.534 SPS: 42
924999 success 1.0 +/- 0.0
924999 eval steps mean 16.1 best 15 optimal 9
924999 eval return 1.783 +/- 0.017
time:  365.376 SPS: 42
929999 success 1.0 +/- 0.0
929999 eval steps mean 24.6 best 16 optimal 9
929999 eval return 1.459 +/- 0.139
time:  366.193 SPS: 42
934999 success 1.0 +/- 0.0
934999 eval steps mean 15.9 best 15 optimal 9
934999 eval return 1.8 +/- 0.0
time:  367.013 SPS: 42
939999 success 1.0 +/- 0.0
939999 eval steps mean 15.9 best 15 optimal 9
939999 eval return 1.8 +/- 0.0
time:  367.836 SPS: 42
944999 success 1.0 +/- 0.0
944999 eval steps mean 15.9 best 15 optimal 9
944999 eval return 1.8 +/- 0.0
time:  368.657 SPS: 42
949999 success 1.0 +/- 0.0
949999 eval steps mean 16.5 best 15 optimal 9
949999 eval return 1.773 +/- 0.021
time:  369.451 SPS: 43
954999 success 1.0 +/- 0.0
954999 eval steps mean 15.9 best 15 optimal 9
954999 eval return 1.8 +/- 0.0
960000
GOAL [6 0]
time:  370.31 SPS: 43
959999 success 0.0 +/- 0.0
959999 eval steps mean 99.9 best 99 optimal 8
959999 eval return -21.372 +/- 0.36
time:  371.092 SPS: 43
964999 success 1.0 +/- 0.0
964999 eval steps mean 28.7 best 19 optimal 8
964999 eval return 0.593 +/- 0.166
time:  371.86 SPS: 43
969999 success 0.9 +/- 0.1
969999 eval steps mean 29.7 best 19 optimal 8
969999 eval return 0.133 +/- 0.994
time:  372.653 SPS: 43
974999 success 1.0 +/- 0.0
974999 eval steps mean 19.1 best 18 optimal 8
974999 eval return 1.297 +/- 0.013
time:  373.457 SPS: 43
979999 success 1.0 +/- 0.0
979999 eval steps mean 19.4 best 18 optimal 8
979999 eval return 1.29 +/- 0.015
time:  374.365 SPS: 43
984999 success 0.6 +/- 0.163
984999 eval steps mean 51.5 best 19 optimal 8
984999 eval return -5.775 +/- 2.886
time:  375.282 SPS: 43
989999 success 1.0 +/- 0.0
989999 eval steps mean 19.3 best 18 optimal 8
989999 eval return 1.246 +/- 0.043
time:  376.146 SPS: 44
994999 success 1.0 +/- 0.0
994999 eval steps mean 18.9 best 18 optimal 8
994999 eval return 1.31 +/- 0.0
time:  377.078 SPS: 44
999999 success 1.0 +/- 0.0
999999 eval steps mean 19.3 best 18 optimal 8
999999 eval return 1.242 +/- 0.068
time:  377.919 SPS: 44
1004999 success 1.0 +/- 0.0
1004999 eval steps mean 19.1 best 18 optimal 8
1004999 eval return 1.281 +/- 0.029
time:  378.799 SPS: 44
1009999 success 1.0 +/- 0.0
1009999 eval steps mean 20.7 best 18 optimal 8
1009999 eval return 1.003 +/- 0.306
time:  380.784 SPS: 44
1014999 success 1.0 +/- 0.0
1014999 eval steps mean 19.5 best 18 optimal 8
1014999 eval return 1.235 +/- 0.041
time:  381.625 SPS: 44
1019999 success 1.0 +/- 0.0
1019999 eval steps mean 18.9 best 18 optimal 8
1019999 eval return 1.31 +/- 0.0
time:  382.476 SPS: 44
1024999 success 1.0 +/- 0.0
1024999 eval steps mean 19.1 best 18 optimal 8
1024999 eval return 1.281 +/- 0.029
time:  385.254 SPS: 44
1029999 success 0.9 +/- 0.1
1029999 eval steps mean 27.0 best 18 optimal 8
1029999 eval return -0.445 +/- 1.755
time:  386.49 SPS: 44
1034999 success 1.0 +/- 0.0
1034999 eval steps mean 18.9 best 18 optimal 8
1034999 eval return 1.31 +/- 0.0
1040000
GOAL [7 4]
time:  387.433 SPS: 44
1039999 success 0.0 +/- 0.0
1039999 eval steps mean 99.9 best 99 optimal 3
1039999 eval return -5.517 +/- 0.021
time:  388.592 SPS: 44
1044999 success 0.0 +/- 0.0
1044999 eval steps mean 99.9 best 99 optimal 3
1044999 eval return -6.308 +/- 0.571
time:  389.688 SPS: 44
1049999 success 0.0 +/- 0.0
1049999 eval steps mean 99.9 best 99 optimal 3
1049999 eval return -5.7 +/- 0.731
time:  391.253 SPS: 44
1054999 success 0.0 +/- 0.0
1054999 eval steps mean 99.9 best 99 optimal 3
1054999 eval return -4.273 +/- 0.4
time:  394.884 SPS: 44
1059999 success 1.0 +/- 0.0
1059999 eval steps mean 22.1 best 18 optimal 3
1059999 eval return 0.917 +/- 0.366
time:  398.041 SPS: 44
1064999 success 1.0 +/- 0.0
1064999 eval steps mean 17.9 best 17 optimal 3
1064999 eval return 1.47 +/- 0.0
time:  398.785 SPS: 44
1069999 success 1.0 +/- 0.0
1069999 eval steps mean 18.3 best 17 optimal 3
1069999 eval return 1.448 +/- 0.019
time:  399.561 SPS: 44
1074999 success 1.0 +/- 0.0
1074999 eval steps mean 18.1 best 17 optimal 3
1074999 eval return 1.445 +/- 0.025
time:  400.721 SPS: 44
1079999 success 1.0 +/- 0.0
1079999 eval steps mean 18.1 best 17 optimal 3
1079999 eval return 1.463 +/- 0.007
time:  404.045 SPS: 44
1084999 success 1.0 +/- 0.0
1084999 eval steps mean 18.1 best 17 optimal 3
1084999 eval return 1.455 +/- 0.015
time:  404.839 SPS: 44
1089999 success 1.0 +/- 0.0
1089999 eval steps mean 17.9 best 17 optimal 3
1089999 eval return 1.47 +/- 0.0
time:  405.677 SPS: 44
1094999 success 1.0 +/- 0.0
1094999 eval steps mean 18.2 best 17 optimal 3
1094999 eval return 1.454 +/- 0.016
time:  406.506 SPS: 45
1099999 success 1.0 +/- 0.0
1099999 eval steps mean 18.1 best 17 optimal 3
1099999 eval return 1.439 +/- 0.031
time:  407.301 SPS: 45
1104999 success 1.0 +/- 0.0
1104999 eval steps mean 17.9 best 17 optimal 3
1104999 eval return 1.47 +/- 0.0
time:  408.08 SPS: 45
1109999 success 1.0 +/- 0.0
1109999 eval steps mean 17.9 best 17 optimal 3
1109999 eval return 1.47 +/- 0.0
time:  408.96 SPS: 45
1114999 success 1.0 +/- 0.0
1114999 eval steps mean 17.9 best 17 optimal 3
1114999 eval return 1.47 +/- 0.0
1120000
GOAL [ 9 14]
time:  410.153 SPS: 45
1119999 success 0.0 +/- 0.0
1119999 eval steps mean 99.9 best 99 optimal 9
1119999 eval return -20.488 +/- 0.154
time:  412.241 SPS: 45
1124999 success 0.0 +/- 0.0
1124999 eval steps mean 99.9 best 99 optimal 9
1124999 eval return -13.608 +/- 0.153
time:  412.989 SPS: 45
1129999 success 0.0 +/- 0.0
1129999 eval steps mean 99.9 best 99 optimal 9
1129999 eval return -7.793 +/- 0.292
time:  413.697 SPS: 45
1134999 success 0.0 +/- 0.0
1134999 eval steps mean 99.9 best 99 optimal 9
1134999 eval return -5.53 +/- 0.153
time:  414.948 SPS: 45
1139999 success 1.0 +/- 0.0
1139999 eval steps mean 19.8 best 16 optimal 9
1139999 eval return 1.317 +/- 0.196
time:  415.692 SPS: 45
1144999 success 1.0 +/- 0.0
1144999 eval steps mean 16.1 best 15 optimal 9
1144999 eval return 1.787 +/- 0.013
time:  416.434 SPS: 46
1149999 success 1.0 +/- 0.0
1149999 eval steps mean 15.9 best 15 optimal 9
1149999 eval return 1.8 +/- 0.0
time:  417.175 SPS: 46
1154999 success 1.0 +/- 0.0
1154999 eval steps mean 15.9 best 15 optimal 9
1154999 eval return 1.8 +/- 0.0
time:  418.257 SPS: 46
1159999 success 1.0 +/- 0.0
1159999 eval steps mean 17.8 best 16 optimal 9
1159999 eval return 1.766 +/- 0.027
time:  419.111 SPS: 46
1164999 success 1.0 +/- 0.0
1164999 eval steps mean 15.9 best 15 optimal 9
1164999 eval return 1.8 +/- 0.0
time:  419.943 SPS: 46
1169999 success 1.0 +/- 0.0
1169999 eval steps mean 16.1 best 15 optimal 9
1169999 eval return 1.779 +/- 0.021
time:  421.509 SPS: 46
1174999 success 1.0 +/- 0.0
1174999 eval steps mean 15.9 best 15 optimal 9
1174999 eval return 1.8 +/- 0.0
time:  422.697 SPS: 46
1179999 success 1.0 +/- 0.0
1179999 eval steps mean 19.3 best 15 optimal 9
1179999 eval return 1.257 +/- 0.272
time:  423.579 SPS: 46
1184999 success 1.0 +/- 0.0
1184999 eval steps mean 28.4 best 16 optimal 9
1184999 eval return 0.933 +/- 0.579
time:  424.436 SPS: 46
1189999 success 1.0 +/- 0.0
1189999 eval steps mean 15.9 best 15 optimal 9
1189999 eval return 1.8 +/- 0.0
time:  425.271 SPS: 46
1194999 success 1.0 +/- 0.0
1194999 eval steps mean 27.1 best 16 optimal 9
1194999 eval return 1.18 +/- 0.135
1200000
GOAL [6 4]
time:  426.345 SPS: 46
1199999 success 0.0 +/- 0.0
1199999 eval steps mean 99.9 best 99 optimal 4
1199999 eval return -22.314 +/- 0.031
time:  427.232 SPS: 47
1204999 success 0.0 +/- 0.0
1204999 eval steps mean 99.9 best 99 optimal 4
1204999 eval return -18.744 +/- 0.139
time:  428.602 SPS: 47
1209999 success 0.0 +/- 0.0
1209999 eval steps mean 99.9 best 99 optimal 4
1209999 eval return -8.285 +/- 0.086
time:  429.465 SPS: 47
1214999 success 0.0 +/- 0.0
1214999 eval steps mean 99.9 best 99 optimal 4
1214999 eval return -7.789 +/- 0.172
time:  430.445 SPS: 47
1219999 success 0.0 +/- 0.0
1219999 eval steps mean 99.9 best 99 optimal 4
1219999 eval return -6.097 +/- 0.118
time:  431.999 SPS: 47
1224999 success 0.0 +/- 0.0
1224999 eval steps mean 99.9 best 99 optimal 4
1224999 eval return -5.84 +/- 0.036
time:  432.951 SPS: 47
1229999 success 1.0 +/- 0.0
1229999 eval steps mean 28.4 best 25 optimal 4
1229999 eval return 1.086 +/- 0.091
time:  433.473 SPS: 47
1234999 success 1.0 +/- 0.0
1234999 eval steps mean 17.1 best 16 optimal 4
1234999 eval return 1.633 +/- 0.007
time:  434.488 SPS: 47
1239999 success 1.0 +/- 0.0
1239999 eval steps mean 16.9 best 16 optimal 4
1239999 eval return 1.64 +/- 0.0
time:  435.567 SPS: 47
1244999 success 1.0 +/- 0.0
1244999 eval steps mean 17.3 best 16 optimal 4
1244999 eval return 1.632 +/- 0.006
time:  438.521 SPS: 47
1249999 success 1.0 +/- 0.0
1249999 eval steps mean 16.9 best 16 optimal 4
1249999 eval return 1.64 +/- 0.0
time:  440.723 SPS: 47
1254999 success 1.0 +/- 0.0
1254999 eval steps mean 16.9 best 16 optimal 4
1254999 eval return 1.64 +/- 0.0
time:  441.876 SPS: 47
1259999 success 1.0 +/- 0.0
1259999 eval steps mean 23.4 best 17 optimal 4
1259999 eval return 0.711 +/- 0.384
time:  444.121 SPS: 47
1264999 success 1.0 +/- 0.0
1264999 eval steps mean 16.9 best 16 optimal 4
1264999 eval return 1.64 +/- 0.0
time:  445.101 SPS: 47
1269999 success 1.0 +/- 0.0
1269999 eval steps mean 17.1 best 16 optimal 4
1269999 eval return 1.637 +/- 0.003
time:  446.154 SPS: 47
1274999 success 1.0 +/- 0.0
1274999 eval steps mean 16.9 best 16 optimal 4
1274999 eval return 1.64 +/- 0.0
1280000
GOAL [11  0]
time:  447.179 SPS: 47
1279999 success 0.0 +/- 0.0
1279999 eval steps mean 99.9 best 99 optimal 11
1279999 eval return -9.253 +/- 0.091
time:  448.384 SPS: 47
1284999 success 0.0 +/- 0.0
1284999 eval steps mean 99.9 best 99 optimal 11
1284999 eval return -9.916 +/- 0.349
time:  449.085 SPS: 47
1289999 success 1.0 +/- 0.0
1289999 eval steps mean 19.2 best 14 optimal 11
1289999 eval return 1.632 +/- 0.372
time:  449.803 SPS: 47
1294999 success 1.0 +/- 0.0
1294999 eval steps mean 14.3 best 13 optimal 11
1294999 eval return 2.078 +/- 0.012
time:  450.575 SPS: 48
1299999 success 1.0 +/- 0.0
1299999 eval steps mean 14.2 best 13 optimal 11
1299999 eval return 2.072 +/- 0.012
time:  451.384 SPS: 48
1304999 success 1.0 +/- 0.0
1304999 eval steps mean 13.9 best 13 optimal 11
1304999 eval return 2.09 +/- 0.0
time:  452.252 SPS: 48
1309999 success 1.0 +/- 0.0
1309999 eval steps mean 14.1 best 14 optimal 11
1309999 eval return 2.083 +/- 0.007
time:  453.103 SPS: 48
1314999 success 1.0 +/- 0.0
1314999 eval steps mean 13.9 best 13 optimal 11
1314999 eval return 2.09 +/- 0.0
time:  453.942 SPS: 48
1319999 success 1.0 +/- 0.0
1319999 eval steps mean 13.9 best 13 optimal 11
1319999 eval return 2.09 +/- 0.0
time:  454.76 SPS: 48
1324999 success 1.0 +/- 0.0
1324999 eval steps mean 14.3 best 13 optimal 11
1324999 eval return 2.042 +/- 0.048
time:  455.652 SPS: 48
1329999 success 1.0 +/- 0.0
1329999 eval steps mean 13.9 best 13 optimal 11
1329999 eval return 2.09 +/- 0.0
time:  456.769 SPS: 48
1334999 success 1.0 +/- 0.0
1334999 eval steps mean 13.9 best 13 optimal 11
1334999 eval return 2.09 +/- 0.0
time:  457.599 SPS: 48
1339999 success 1.0 +/- 0.0
1339999 eval steps mean 14.0 best 13 optimal 11
1339999 eval return 2.089 +/- 0.001
time:  458.468 SPS: 48
1344999 success 1.0 +/- 0.0
1344999 eval steps mean 15.7 best 13 optimal 11
1344999 eval return 1.927 +/- 0.052
time:  459.304 SPS: 48
1349999 success 1.0 +/- 0.0
1349999 eval steps mean 13.9 best 13 optimal 11
1349999 eval return 2.09 +/- 0.0
time:  460.141 SPS: 49
1354999 success 1.0 +/- 0.0
1354999 eval steps mean 13.9 best 13 optimal 11
1354999 eval return 2.09 +/- 0.0
1360000
GOAL [10  8]
time:  461.026 SPS: 49
1359999 success 0.0 +/- 0.0
1359999 eval steps mean 99.9 best 99 optimal 4
1359999 eval return -10.576 +/- 0.007
time:  461.924 SPS: 49
1364999 success 0.0 +/- 0.0
1364999 eval steps mean 99.9 best 99 optimal 4
1364999 eval return -8.401 +/- 0.294
time:  462.724 SPS: 49
1369999 success 0.8 +/- 0.133
1369999 eval steps mean 23.9 best 4 optimal 4
1369999 eval return 1.176 +/- 1.15
time:  463.551 SPS: 49
1374999 success 1.0 +/- 0.0
1374999 eval steps mean 4.9 best 4 optimal 4
1374999 eval return 2.9 +/- 0.0
time:  464.433 SPS: 49
1379999 success 1.0 +/- 0.0
1379999 eval steps mean 4.9 best 4 optimal 4
1379999 eval return 2.9 +/- 0.0
time:  466.58 SPS: 49
1384999 success 1.0 +/- 0.0
1384999 eval steps mean 5.5 best 5 optimal 4
1384999 eval return 2.889 +/- 0.008
time:  467.775 SPS: 49
1389999 success 1.0 +/- 0.0
1389999 eval steps mean 4.9 best 4 optimal 4
1389999 eval return 2.9 +/- 0.0
time:  469.233 SPS: 49
1394999 success 1.0 +/- 0.0
1394999 eval steps mean 4.9 best 4 optimal 4
1394999 eval return 2.9 +/- 0.0
time:  470.488 SPS: 49
1399999 success 1.0 +/- 0.0
1399999 eval steps mean 5.1 best 4 optimal 4
1399999 eval return 2.895 +/- 0.005
time:  473.12 SPS: 49
1404999 success 1.0 +/- 0.0
1404999 eval steps mean 5.1 best 5 optimal 4
1404999 eval return 2.893 +/- 0.007
time:  473.986 SPS: 49
1409999 success 1.0 +/- 0.0
1409999 eval steps mean 4.9 best 4 optimal 4
1409999 eval return 2.9 +/- 0.0
time:  476.353 SPS: 49
1414999 success 1.0 +/- 0.0
1414999 eval steps mean 4.9 best 4 optimal 4
1414999 eval return 2.9 +/- 0.0
time:  477.246 SPS: 49
1419999 success 1.0 +/- 0.0
1419999 eval steps mean 4.9 best 4 optimal 4
1419999 eval return 2.9 +/- 0.0
time:  478.016 SPS: 49
1424999 success 1.0 +/- 0.0
1424999 eval steps mean 4.9 best 4 optimal 4
1424999 eval return 2.9 +/- 0.0
time:  479.431 SPS: 49
1429999 success 1.0 +/- 0.0
1429999 eval steps mean 4.9 best 4 optimal 4
1429999 eval return 2.9 +/- 0.0
time:  480.233 SPS: 49
1434999 success 1.0 +/- 0.0
1434999 eval steps mean 4.9 best 4 optimal 4
1434999 eval return 2.9 +/- 0.0
1440000
GOAL [7 3]
time:  481.142 SPS: 49
1439999 success 0.0 +/- 0.0
1439999 eval steps mean 99.9 best 99 optimal 4
1439999 eval return -12.893 +/- 0.335
time:  481.961 SPS: 49
1444999 success 0.0 +/- 0.0
1444999 eval steps mean 99.9 best 99 optimal 4
1444999 eval return -7.358 +/- 0.58
time:  482.522 SPS: 50
1449999 success 0.8 +/- 0.133
1449999 eval steps mean 39.7 best 17 optimal 4
1449999 eval return -1.462 +/- 1.839
time:  482.773 SPS: 50
1454999 success 1.0 +/- 0.0
1454999 eval steps mean 17.3 best 17 optimal 4
1454999 eval return 1.592 +/- 0.034
time:  483.346 SPS: 50
1459999 success 1.0 +/- 0.0
1459999 eval steps mean 18.2 best 16 optimal 4
1459999 eval return 1.559 +/- 0.059
time:  484.37 SPS: 50
1464999 success 1.0 +/- 0.0
1464999 eval steps mean 16.9 best 16 optimal 4
1464999 eval return 1.64 +/- 0.0
time:  485.222 SPS: 50
1469999 success 1.0 +/- 0.0
1469999 eval steps mean 21.7 best 16 optimal 4
1469999 eval return 1.404 +/- 0.132
time:  486.069 SPS: 50
1474999 success 1.0 +/- 0.0
1474999 eval steps mean 17.1 best 16 optimal 4
1474999 eval return 1.625 +/- 0.015
time:  486.94 SPS: 50
1479999 success 1.0 +/- 0.0
1479999 eval steps mean 16.9 best 16 optimal 4
1479999 eval return 1.64 +/- 0.0
time:  487.853 SPS: 50
1484999 success 1.0 +/- 0.0
1484999 eval steps mean 17.7 best 16 optimal 4
1484999 eval return 1.556 +/- 0.069
time:  488.698 SPS: 50
1489999 success 1.0 +/- 0.0
1489999 eval steps mean 16.9 best 16 optimal 4
1489999 eval return 1.64 +/- 0.0
time:  489.822 SPS: 50
1494999 success 1.0 +/- 0.0
1494999 eval steps mean 16.9 best 16 optimal 4
1494999 eval return 1.64 +/- 0.0
time:  491.342 SPS: 50
1499999 success 1.0 +/- 0.0
1499999 eval steps mean 17.1 best 16 optimal 4
1499999 eval return 1.633 +/- 0.007
time:  493.968 SPS: 50
1504999 success 1.0 +/- 0.0
1504999 eval steps mean 17.1 best 16 optimal 4
1504999 eval return 1.635 +/- 0.005
time:  494.923 SPS: 50
1509999 success 1.0 +/- 0.0
1509999 eval steps mean 17.0 best 16 optimal 4
1509999 eval return 1.628 +/- 0.012
time:  495.751 SPS: 50
1514999 success 1.0 +/- 0.0
1514999 eval steps mean 17.5 best 16 optimal 4
1514999 eval return 1.625 +/- 0.015
1520000
GOAL [10 13]
time:  497.88 SPS: 50
1519999 success 0.0 +/- 0.0
1519999 eval steps mean 99.9 best 99 optimal 9
1519999 eval return -17.944 +/- 0.048
time:  498.598 SPS: 50
1524999 success 0.0 +/- 0.0
1524999 eval steps mean 99.9 best 99 optimal 9
1524999 eval return -12.897 +/- 0.016
time:  499.27 SPS: 51
1529999 success 1.0 +/- 0.0
1529999 eval steps mean 14.5 best 13 optimal 9
1529999 eval return 2.039 +/- 0.036
time:  499.956 SPS: 51
1534999 success 1.0 +/- 0.0
1534999 eval steps mean 13.9 best 13 optimal 9
1534999 eval return 2.09 +/- 0.0
time:  500.732 SPS: 51
1539999 success 1.0 +/- 0.0
1539999 eval steps mean 13.9 best 13 optimal 9
1539999 eval return 2.09 +/- 0.0
time:  501.564 SPS: 51
1544999 success 1.0 +/- 0.0
1544999 eval steps mean 13.9 best 13 optimal 9
1544999 eval return 2.09 +/- 0.0
time:  502.344 SPS: 51
1549999 success 1.0 +/- 0.0
1549999 eval steps mean 14.2 best 13 optimal 9
1549999 eval return 2.065 +/- 0.017
time:  503.181 SPS: 51
1554999 success 1.0 +/- 0.0
1554999 eval steps mean 14.3 best 13 optimal 9
1554999 eval return 2.056 +/- 0.023
time:  503.941 SPS: 51
1559999 success 0.7 +/- 0.153
1559999 eval steps mean 49.9 best 14 optimal 9
1559999 eval return -2.234 +/- 1.519
time:  504.681 SPS: 51
1564999 success 1.0 +/- 0.0
1564999 eval steps mean 13.9 best 13 optimal 9
1564999 eval return 2.09 +/- 0.0
time:  505.408 SPS: 51
1569999 success 1.0 +/- 0.0
1569999 eval steps mean 13.9 best 13 optimal 9
1569999 eval return 2.09 +/- 0.0
time:  506.097 SPS: 51
1574999 success 1.0 +/- 0.0
1574999 eval steps mean 28.4 best 14 optimal 9
1574999 eval return 1.794 +/- 0.111
time:  506.757 SPS: 51
1579999 success 1.0 +/- 0.0
1579999 eval steps mean 14.1 best 13 optimal 9
1579999 eval return 2.075 +/- 0.015
time:  507.441 SPS: 52
1584999 success 1.0 +/- 0.0
1584999 eval steps mean 13.9 best 13 optimal 9
1584999 eval return 2.09 +/- 0.0
time:  508.131 SPS: 52
1589999 success 1.0 +/- 0.0
1589999 eval steps mean 13.9 best 13 optimal 9
1589999 eval return 2.09 +/- 0.0
time:  508.799 SPS: 52
1594999 success 1.0 +/- 0.0
1594999 eval steps mean 13.9 best 13 optimal 9
1594999 eval return 2.09 +/- 0.0
1600000
GOAL [11  0]
time:  509.481 SPS: 52
1599999 success 0.0 +/- 0.0
1599999 eval steps mean 99.9 best 99 optimal 11
1599999 eval return -15.255 +/- 0.025
done RL run. Time 509.5203294750002 min
