agent_dict keys dict_keys(['base_algorithm', 'learning_rate', 'num_envs', 'rollout_num_steps', 'gamma', 'gae_lambda', 'num_minibatches', 'update_epochs', 'minibatch_size', 'norm_adv', 'clip_coef', 'clip_vloss', 'ent_coef', 'vf_coef', 'max_grad_norm', 'rpo_alpha', 'parseval_reg', 'input_scale', 'learnable_input_scale', 'add_diag_layer', 'lie_group', 'pion', 'pion_block_size', 'pion_multiplicative', 'oft', 'poet', 'oet_num_blocks', 'poet_exact_cayley', 'layer_norm', 'layer_norm_no_params', 'weight_decay', 'tuned_adam', 'perturb', 'perturb_dist', 'regen', 'regen_wasserstein', 'weight_init', 'net_width', 'net_activation', 'init_gain', 'parseval_norm', 'parseval_num_groups'])
env_dict keys dict_keys(['env', 'change_freq', 'seed', 'env_type'])
Start RL run!
{'base_algorithm': 'ppo_agent', 'learning_rate': 0.0005, 'num_envs': 1, 'rollout_num_steps': 128, 'gamma': 0.99, 'gae_lambda': 0.95, 'num_minibatches': 4, 'update_epochs': 4, 'minibatch_size': 32, 'norm_adv': True, 'clip_coef': 0.2, 'clip_vloss': True, 'ent_coef': 0.01, 'vf_coef': 0.5, 'max_grad_norm': 0.5, 'rpo_alpha': 0, 'parseval_reg': 0, 'input_scale': 1, 'learnable_input_scale': False, 'add_diag_layer': False, 'lie_group': False, 'pion': False, 'pion_block_size': None, 'pion_multiplicative': False, 'oft': False, 'poet': True, 'oet_num_blocks': 1, 'poet_exact_cayley': True, 'layer_norm': False, 'layer_norm_no_params': False, 'weight_decay': 0, 'tuned_adam': False, 'perturb': 0.0, 'perturb_dist': 'xavier', 'regen': 0.0, 'regen_wasserstein': False, 'weight_init': 'orthogonal', 'net_width': 64, 'net_activation': 'tanh', 'init_gain': None, 'parseval_norm': False, 'parseval_num_groups': 1, 'device': 'cpu'}
{'env': 'gridworld_ninerooms', 'change_freq': 80000, 'seed': 125, 'env_type': 'rl', 'local_run': False}
Running on gpu: False
Gridworld args () {'env': 'gridworld_ninerooms', 'change_freq': 80000, 'seed': 125, 'env_type': 'rl', 'local_run': False}
time:  0.049 SPS: 0
0 success 0.0 +/- 0.0
0 eval steps mean 99.9 best 99 optimal 6
0 eval return -14.084 +/- 0.533
time:  0.436 SPS: 191
4999 success 0.0 +/- 0.0
4999 eval steps mean 99.9 best 99 optimal 6
4999 eval return -13.33 +/- 0.438
time:  0.816 SPS: 204
9999 success 0.0 +/- 0.0
9999 eval steps mean 99.9 best 99 optimal 6
9999 eval return -9.674 +/- 0.581
time:  1.191 SPS: 209
14999 success 0.1 +/- 0.1
14999 eval steps mean 98.7 best 88 optimal 6
14999 eval return -10.61 +/- 0.961
time:  1.567 SPS: 212
19999 success 0.3 +/- 0.153
19999 eval steps mean 86.1 best 24 optimal 6
19999 eval return -8.002 +/- 1.632
time:  1.976 SPS: 210
24999 success 0.3 +/- 0.153
24999 eval steps mean 88.3 best 48 optimal 6
24999 eval return -8.054 +/- 1.615
time:  2.347 SPS: 212
29999 success 0.7 +/- 0.153
29999 eval steps mean 64.7 best 26 optimal 6
29999 eval return -4.228 +/- 1.87
time:  2.709 SPS: 215
34999 success 0.7 +/- 0.153
34999 eval steps mean 51.9 best 21 optimal 6
34999 eval return -1.379 +/- 1.233
time:  3.054 SPS: 218
39999 success 1.0 +/- 0.0
39999 eval steps mean 26.1 best 15 optimal 6
39999 eval return 0.95 +/- 0.364
time:  3.398 SPS: 220
44999 success 1.0 +/- 0.0
44999 eval steps mean 18.1 best 15 optimal 6
44999 eval return 1.709 +/- 0.081
time:  3.757 SPS: 221
49999 success 1.0 +/- 0.0
49999 eval steps mean 16.8 best 14 optimal 6
49999 eval return 1.728 +/- 0.1
time:  4.115 SPS: 222
54999 success 1.0 +/- 0.0
54999 eval steps mean 16.4 best 14 optimal 6
54999 eval return 1.872 +/- 0.048
time:  4.472 SPS: 223
59999 success 1.0 +/- 0.0
59999 eval steps mean 15.1 best 14 optimal 6
59999 eval return 1.939 +/- 0.011
time:  4.818 SPS: 224
64999 success 1.0 +/- 0.0
64999 eval steps mean 16.3 best 14 optimal 6
64999 eval return 1.825 +/- 0.063
time:  5.179 SPS: 225
69999 success 1.0 +/- 0.0
69999 eval steps mean 16.1 best 15 optimal 6
69999 eval return 1.919 +/- 0.011
time:  5.509 SPS: 226
74999 success 1.0 +/- 0.0
74999 eval steps mean 17.0 best 14 optimal 6
74999 eval return 1.802 +/- 0.085
80000
GOAL [10  2]
time:  5.871 SPS: 227
79999 success 0.0 +/- 0.0
79999 eval steps mean 99.9 best 99 optimal 8
79999 eval return -16.704 +/- 0.267
time:  6.232 SPS: 227
84999 success 0.0 +/- 0.0
84999 eval steps mean 99.9 best 99 optimal 8
84999 eval return -12.977 +/- 0.493
time:  6.612 SPS: 226
89999 success 0.1 +/- 0.1
89999 eval steps mean 95.4 best 55 optimal 8
89999 eval return -11.631 +/- 1.526
time:  6.971 SPS: 227
94999 success 1.0 +/- 0.0
94999 eval steps mean 18.7 best 15 optimal 8
94999 eval return 1.725 +/- 0.092
time:  7.318 SPS: 227
99999 success 1.0 +/- 0.0
99999 eval steps mean 14.0 best 12 optimal 8
99999 eval return 2.168 +/- 0.028
time:  7.671 SPS: 228
104999 success 1.0 +/- 0.0
104999 eval steps mean 13.2 best 12 optimal 8
104999 eval return 2.203 +/- 0.017
time:  8.014 SPS: 228
109999 success 1.0 +/- 0.0
109999 eval steps mean 12.9 best 12 optimal 8
109999 eval return 2.22 +/- 0.0
time:  8.36 SPS: 229
114999 success 1.0 +/- 0.0
114999 eval steps mean 12.9 best 12 optimal 8
114999 eval return 2.22 +/- 0.0
time:  8.721 SPS: 229
119999 success 1.0 +/- 0.0
119999 eval steps mean 12.9 best 12 optimal 8
119999 eval return 2.22 +/- 0.0
time:  9.075 SPS: 229
124999 success 1.0 +/- 0.0
124999 eval steps mean 13.3 best 12 optimal 8
124999 eval return 2.202 +/- 0.015
time:  9.445 SPS: 229
129999 success 1.0 +/- 0.0
129999 eval steps mean 13.1 best 12 optimal 8
129999 eval return 2.209 +/- 0.011
time:  9.804 SPS: 229
134999 success 1.0 +/- 0.0
134999 eval steps mean 12.9 best 12 optimal 8
134999 eval return 2.22 +/- 0.0
time:  10.163 SPS: 229
139999 success 1.0 +/- 0.0
139999 eval steps mean 12.9 best 12 optimal 8
139999 eval return 2.22 +/- 0.0
time:  10.511 SPS: 229
144999 success 1.0 +/- 0.0
144999 eval steps mean 12.9 best 12 optimal 8
144999 eval return 2.22 +/- 0.0
time:  10.87 SPS: 229
149999 success 1.0 +/- 0.0
149999 eval steps mean 13.3 best 12 optimal 8
149999 eval return 2.21 +/- 0.007
time:  11.238 SPS: 229
154999 success 1.0 +/- 0.0
154999 eval steps mean 12.9 best 12 optimal 8
154999 eval return 2.22 +/- 0.0
160000
GOAL [7 1]
time:  11.61 SPS: 229
159999 success 0.1 +/- 0.1
159999 eval steps mean 96.7 best 68 optimal 6
159999 eval return -6.218 +/- 0.845
time:  11.987 SPS: 229
164999 success 0.9 +/- 0.1
164999 eval steps mean 28.4 best 17 optimal 6
164999 eval return 0.372 +/- 1.078
time:  12.337 SPS: 229
169999 success 1.0 +/- 0.0
169999 eval steps mean 17.3 best 16 optimal 6
169999 eval return 1.624 +/- 0.011
time:  12.696 SPS: 229
174999 success 1.0 +/- 0.0
174999 eval steps mean 17.7 best 16 optimal 6
174999 eval return 1.57 +/- 0.033
time:  13.046 SPS: 229
179999 success 1.0 +/- 0.0
179999 eval steps mean 16.9 best 16 optimal 6
179999 eval return 1.64 +/- 0.0
time:  13.404 SPS: 230
184999 success 1.0 +/- 0.0
184999 eval steps mean 17.1 best 16 optimal 6
184999 eval return 1.609 +/- 0.031
time:  13.767 SPS: 230
189999 success 1.0 +/- 0.0
189999 eval steps mean 16.9 best 16 optimal 6
189999 eval return 1.64 +/- 0.0
time:  14.121 SPS: 230
194999 success 1.0 +/- 0.0
194999 eval steps mean 17.9 best 17 optimal 6
194999 eval return 1.595 +/- 0.022
time:  14.466 SPS: 230
199999 success 1.0 +/- 0.0
199999 eval steps mean 16.9 best 16 optimal 6
199999 eval return 1.64 +/- 0.0
time:  14.827 SPS: 230
204999 success 1.0 +/- 0.0
204999 eval steps mean 18.7 best 16 optimal 6
204999 eval return 1.389 +/- 0.194
time:  15.182 SPS: 230
209999 success 1.0 +/- 0.0
209999 eval steps mean 18.1 best 16 optimal 6
209999 eval return 1.562 +/- 0.029
time:  15.534 SPS: 230
214999 success 1.0 +/- 0.0
214999 eval steps mean 18.6 best 16 optimal 6
214999 eval return 1.554 +/- 0.081
time:  15.883 SPS: 230
219999 success 1.0 +/- 0.0
219999 eval steps mean 17.1 best 16 optimal 6
219999 eval return 1.635 +/- 0.005
time:  16.242 SPS: 230
224999 success 1.0 +/- 0.0
224999 eval steps mean 17.6 best 17 optimal 6
224999 eval return 1.624 +/- 0.008
time:  16.597 SPS: 230
229999 success 1.0 +/- 0.0
229999 eval steps mean 17.3 best 16 optimal 6
229999 eval return 1.596 +/- 0.032
time:  16.965 SPS: 230
234999 success 1.0 +/- 0.0
234999 eval steps mean 16.9 best 16 optimal 6
234999 eval return 1.64 +/- 0.0
240000
GOAL [ 6 11]
time:  17.33 SPS: 230
239999 success 0.0 +/- 0.0
239999 eval steps mean 99.9 best 99 optimal 5
239999 eval return -19.567 +/- 0.268
time:  17.684 SPS: 230
244999 success 0.0 +/- 0.0
244999 eval steps mean 99.9 best 99 optimal 5
244999 eval return -10.327 +/- 0.042
time:  18.017 SPS: 231
249999 success 0.0 +/- 0.0
249999 eval steps mean 99.9 best 99 optimal 5
249999 eval return -9.06 +/- 0.411
time:  18.365 SPS: 231
254999 success 0.9 +/- 0.1
254999 eval steps mean 29.8 best 18 optimal 5
254999 eval return 0.435 +/- 0.903
time:  18.728 SPS: 231
259999 success 1.0 +/- 0.0
259999 eval steps mean 15.9 best 15 optimal 5
259999 eval return 1.8 +/- 0.0
time:  19.085 SPS: 231
264999 success 1.0 +/- 0.0
264999 eval steps mean 16.2 best 15 optimal 5
264999 eval return 1.764 +/- 0.031
time:  19.447 SPS: 231
269999 success 1.0 +/- 0.0
269999 eval steps mean 15.9 best 15 optimal 5
269999 eval return 1.8 +/- 0.0
time:  19.794 SPS: 231
274999 success 1.0 +/- 0.0
274999 eval steps mean 16.0 best 15 optimal 5
274999 eval return 1.79 +/- 0.01
time:  20.162 SPS: 231
279999 success 1.0 +/- 0.0
279999 eval steps mean 15.9 best 15 optimal 5
279999 eval return 1.8 +/- 0.0
time:  20.515 SPS: 231
284999 success 1.0 +/- 0.0
284999 eval steps mean 15.9 best 15 optimal 5
284999 eval return 1.8 +/- 0.0
time:  20.876 SPS: 231
289999 success 1.0 +/- 0.0
289999 eval steps mean 15.9 best 15 optimal 5
289999 eval return 1.8 +/- 0.0
time:  21.235 SPS: 231
294999 success 1.0 +/- 0.0
294999 eval steps mean 16.5 best 15 optimal 5
294999 eval return 1.773 +/- 0.019
time:  21.586 SPS: 231
299999 success 1.0 +/- 0.0
299999 eval steps mean 15.9 best 15 optimal 5
299999 eval return 1.8 +/- 0.0
time:  21.93 SPS: 231
304999 success 1.0 +/- 0.0
304999 eval steps mean 16.5 best 15 optimal 5
304999 eval return 1.759 +/- 0.028
time:  22.288 SPS: 231
309999 success 1.0 +/- 0.0
309999 eval steps mean 15.9 best 15 optimal 5
309999 eval return 1.8 +/- 0.0
time:  22.646 SPS: 231
314999 success 1.0 +/- 0.0
314999 eval steps mean 15.9 best 15 optimal 5
314999 eval return 1.8 +/- 0.0
320000
GOAL [ 8 13]
time:  23.019 SPS: 231
319999 success 0.0 +/- 0.0
319999 eval steps mean 99.9 best 99 optimal 7
319999 eval return -5.304 +/- 0.17
time:  23.387 SPS: 231
324999 success 1.0 +/- 0.0
324999 eval steps mean 22.5 best 20 optimal 7
324999 eval return 1.315 +/- 0.017
time:  23.745 SPS: 231
329999 success 1.0 +/- 0.0
329999 eval steps mean 20.4 best 19 optimal 7
329999 eval return 1.363 +/- 0.03
time:  24.102 SPS: 231
334999 success 1.0 +/- 0.0
334999 eval steps mean 18.1 best 17 optimal 7
334999 eval return 1.469 +/- 0.021
time:  24.456 SPS: 231
339999 success 1.0 +/- 0.0
339999 eval steps mean 21.1 best 18 optimal 7
339999 eval return 1.352 +/- 0.018
time:  24.802 SPS: 231
344999 success 1.0 +/- 0.0
344999 eval steps mean 19.1 best 17 optimal 7
344999 eval return 1.438 +/- 0.034
time:  25.165 SPS: 231
349999 success 1.0 +/- 0.0
349999 eval steps mean 19.3 best 17 optimal 7
349999 eval return 1.461 +/- 0.023
time:  25.526 SPS: 231
354999 success 1.0 +/- 0.0
354999 eval steps mean 19.1 best 18 optimal 7
354999 eval return 1.468 +/- 0.014
time:  25.864 SPS: 231
359999 success 1.0 +/- 0.0
359999 eval steps mean 19.0 best 17 optimal 7
359999 eval return 1.449 +/- 0.017
time:  26.222 SPS: 231
364999 success 1.0 +/- 0.0
364999 eval steps mean 18.1 best 17 optimal 7
364999 eval return 1.469 +/- 0.021
time:  26.575 SPS: 232
369999 success 1.0 +/- 0.0
369999 eval steps mean 17.9 best 17 optimal 7
369999 eval return 1.49 +/- 0.0
time:  26.927 SPS: 232
374999 success 1.0 +/- 0.0
374999 eval steps mean 17.9 best 17 optimal 7
374999 eval return 1.49 +/- 0.0
time:  27.282 SPS: 232
379999 success 1.0 +/- 0.0
379999 eval steps mean 17.9 best 17 optimal 7
379999 eval return 1.49 +/- 0.0
time:  27.642 SPS: 232
384999 success 1.0 +/- 0.0
384999 eval steps mean 17.9 best 17 optimal 7
384999 eval return 1.49 +/- 0.0
time:  27.998 SPS: 232
389999 success 1.0 +/- 0.0
389999 eval steps mean 17.9 best 17 optimal 7
389999 eval return 1.49 +/- 0.0
time:  28.359 SPS: 232
394999 success 1.0 +/- 0.0
394999 eval steps mean 17.9 best 17 optimal 7
394999 eval return 1.49 +/- 0.0
400000
GOAL [13  1]
time:  28.742 SPS: 231
399999 success 0.0 +/- 0.0
399999 eval steps mean 99.9 best 99 optimal 12
399999 eval return -16.79 +/- 0.021
time:  29.094 SPS: 232
404999 success 0.1 +/- 0.1
404999 eval steps mean 97.8 best 79 optimal 12
404999 eval return -10.955 +/- 0.849
time:  29.456 SPS: 231
409999 success 1.0 +/- 0.0
409999 eval steps mean 22.5 best 15 optimal 12
409999 eval return 1.345 +/- 0.248
time:  29.801 SPS: 232
414999 success 0.8 +/- 0.133
414999 eval steps mean 30.9 best 12 optimal 12
414999 eval return 0.322 +/- 1.258
time:  30.156 SPS: 232
419999 success 1.0 +/- 0.0
419999 eval steps mean 14.0 best 13 optimal 12
419999 eval return 2.204 +/- 0.007
time:  30.507 SPS: 232
424999 success 1.0 +/- 0.0
424999 eval steps mean 12.9 best 12 optimal 12
424999 eval return 2.22 +/- 0.0
time:  30.862 SPS: 232
429999 success 1.0 +/- 0.0
429999 eval steps mean 13.3 best 13 optimal 12
429999 eval return 2.214 +/- 0.006
time:  31.215 SPS: 232
434999 success 1.0 +/- 0.0
434999 eval steps mean 16.1 best 12 optimal 12
434999 eval return 2.152 +/- 0.048
time:  31.561 SPS: 232
439999 success 1.0 +/- 0.0
439999 eval steps mean 13.1 best 13 optimal 12
439999 eval return 2.209 +/- 0.011
time:  31.911 SPS: 232
444999 success 1.0 +/- 0.0
444999 eval steps mean 12.9 best 12 optimal 12
444999 eval return 2.22 +/- 0.0
time:  32.259 SPS: 232
449999 success 1.0 +/- 0.0
449999 eval steps mean 12.9 best 12 optimal 12
449999 eval return 2.22 +/- 0.0
time:  32.614 SPS: 232
454999 success 1.0 +/- 0.0
454999 eval steps mean 13.1 best 12 optimal 12
454999 eval return 2.211 +/- 0.009
time:  32.969 SPS: 232
459999 success 1.0 +/- 0.0
459999 eval steps mean 12.9 best 12 optimal 12
459999 eval return 2.22 +/- 0.0
time:  33.324 SPS: 232
464999 success 1.0 +/- 0.0
464999 eval steps mean 12.9 best 12 optimal 12
464999 eval return 2.22 +/- 0.0
time:  33.67 SPS: 232
469999 success 1.0 +/- 0.0
469999 eval steps mean 12.9 best 12 optimal 12
469999 eval return 2.22 +/- 0.0
time:  34.027 SPS: 232
474999 success 1.0 +/- 0.0
474999 eval steps mean 12.9 best 12 optimal 12
474999 eval return 2.22 +/- 0.0
480000
GOAL [10 11]
time:  34.39 SPS: 232
479999 success 0.0 +/- 0.0
479999 eval steps mean 99.9 best 99 optimal 7
479999 eval return -12.656 +/- 0.061
time:  34.757 SPS: 232
484999 success 0.1 +/- 0.1
484999 eval steps mean 98.4 best 85 optimal 7
484999 eval return -3.825 +/- 0.517
time:  35.124 SPS: 232
489999 success 1.0 +/- 0.0
489999 eval steps mean 12.3 best 11 optimal 7
489999 eval return 2.314 +/- 0.018
time:  35.479 SPS: 232
494999 success 1.0 +/- 0.0
494999 eval steps mean 13.4 best 11 optimal 7
494999 eval return 2.248 +/- 0.079
time:  35.85 SPS: 232
499999 success 1.0 +/- 0.0
499999 eval steps mean 12.3 best 11 optimal 7
499999 eval return 2.334 +/- 0.006
time:  36.199 SPS: 232
504999 success 1.0 +/- 0.0
504999 eval steps mean 11.9 best 11 optimal 7
504999 eval return 2.34 +/- 0.0
time:  36.562 SPS: 232
509999 success 1.0 +/- 0.0
509999 eval steps mean 11.9 best 11 optimal 7
509999 eval return 2.34 +/- 0.0
time:  36.921 SPS: 232
514999 success 1.0 +/- 0.0
514999 eval steps mean 12.0 best 11 optimal 7
514999 eval return 2.335 +/- 0.005
time:  37.28 SPS: 232
519999 success 1.0 +/- 0.0
519999 eval steps mean 11.9 best 11 optimal 7
519999 eval return 2.34 +/- 0.0
time:  37.632 SPS: 232
524999 success 1.0 +/- 0.0
524999 eval steps mean 12.1 best 12 optimal 7
524999 eval return 2.337 +/- 0.003
time:  37.989 SPS: 232
529999 success 1.0 +/- 0.0
529999 eval steps mean 11.9 best 11 optimal 7
529999 eval return 2.34 +/- 0.0
time:  38.35 SPS: 232
534999 success 1.0 +/- 0.0
534999 eval steps mean 11.9 best 11 optimal 7
534999 eval return 2.34 +/- 0.0
time:  38.696 SPS: 232
539999 success 1.0 +/- 0.0
539999 eval steps mean 11.9 best 11 optimal 7
539999 eval return 2.34 +/- 0.0
time:  39.058 SPS: 232
544999 success 1.0 +/- 0.0
544999 eval steps mean 12.1 best 11 optimal 7
544999 eval return 2.331 +/- 0.009
time:  39.408 SPS: 232
549999 success 1.0 +/- 0.0
549999 eval steps mean 12.5 best 11 optimal 7
549999 eval return 2.293 +/- 0.047
time:  39.761 SPS: 232
554999 success 1.0 +/- 0.0
554999 eval steps mean 11.9 best 11 optimal 7
554999 eval return 2.34 +/- 0.0
560000
GOAL [ 6 11]
time:  40.126 SPS: 232
559999 success 0.0 +/- 0.0
559999 eval steps mean 99.9 best 99 optimal 5
559999 eval return -6.808 +/- 0.038
time:  40.49 SPS: 232
564999 success 1.0 +/- 0.0
564999 eval steps mean 33.1 best 18 optimal 5
564999 eval return 0.801 +/- 0.271
time:  40.857 SPS: 232
569999 success 1.0 +/- 0.0
569999 eval steps mean 18.1 best 17 optimal 5
569999 eval return 1.485 +/- 0.005
time:  41.2 SPS: 232
574999 success 1.0 +/- 0.0
574999 eval steps mean 17.9 best 17 optimal 5
574999 eval return 1.49 +/- 0.0
time:  41.555 SPS: 232
579999 success 1.0 +/- 0.0
579999 eval steps mean 17.9 best 17 optimal 5
579999 eval return 1.49 +/- 0.0
time:  41.915 SPS: 232
584999 success 1.0 +/- 0.0
584999 eval steps mean 18.1 best 17 optimal 5
584999 eval return 1.487 +/- 0.003
time:  42.269 SPS: 232
589999 success 0.9 +/- 0.1
589999 eval steps mean 27.9 best 17 optimal 5
589999 eval return 0.563 +/- 0.897
time:  42.626 SPS: 232
594999 success 1.0 +/- 0.0
594999 eval steps mean 18.9 best 17 optimal 5
594999 eval return 1.335 +/- 0.128
time:  42.991 SPS: 232
599999 success 1.0 +/- 0.0
599999 eval steps mean 18.7 best 17 optimal 5
599999 eval return 1.396 +/- 0.083
time:  43.346 SPS: 232
604999 success 1.0 +/- 0.0
604999 eval steps mean 17.9 best 17 optimal 5
604999 eval return 1.49 +/- 0.0
time:  43.691 SPS: 232
609999 success 1.0 +/- 0.0
609999 eval steps mean 18.5 best 17 optimal 5
609999 eval return 1.479 +/- 0.006
time:  44.044 SPS: 232
614999 success 1.0 +/- 0.0
614999 eval steps mean 17.9 best 17 optimal 5
614999 eval return 1.49 +/- 0.0
time:  44.4 SPS: 232
619999 success 1.0 +/- 0.0
619999 eval steps mean 17.9 best 17 optimal 5
619999 eval return 1.49 +/- 0.0
time:  44.763 SPS: 232
624999 success 1.0 +/- 0.0
624999 eval steps mean 18.1 best 17 optimal 5
624999 eval return 1.483 +/- 0.007
time:  45.127 SPS: 232
629999 success 1.0 +/- 0.0
629999 eval steps mean 18.3 best 17 optimal 5
629999 eval return 1.478 +/- 0.008
time:  45.473 SPS: 232
634999 success 1.0 +/- 0.0
634999 eval steps mean 17.9 best 17 optimal 5
634999 eval return 1.49 +/- 0.0
640000
GOAL [5 4]
time:  45.846 SPS: 232
639999 success 0.0 +/- 0.0
639999 eval steps mean 99.9 best 99 optimal 5
639999 eval return -19.809 +/- 0.012
time:  46.219 SPS: 232
644999 success 0.0 +/- 0.0
644999 eval steps mean 99.9 best 99 optimal 5
644999 eval return -18.805 +/- 0.291
time:  46.592 SPS: 232
649999 success 0.0 +/- 0.0
649999 eval steps mean 99.9 best 99 optimal 5
649999 eval return -9.679 +/- 0.09
time:  46.95 SPS: 232
654999 success 0.0 +/- 0.0
654999 eval steps mean 99.9 best 99 optimal 5
654999 eval return -6.542 +/- 1.234
time:  47.313 SPS: 232
659999 success 0.0 +/- 0.0
659999 eval steps mean 99.9 best 99 optimal 5
659999 eval return -4.617 +/- 0.094
time:  47.688 SPS: 232
664999 success 0.0 +/- 0.0
664999 eval steps mean 99.9 best 99 optimal 5
664999 eval return -4.311 +/- 0.346
time:  48.056 SPS: 232
669999 success 0.0 +/- 0.0
669999 eval steps mean 99.9 best 99 optimal 5
669999 eval return -4.062 +/- 0.088
time:  48.422 SPS: 232
674999 success 0.1 +/- 0.1
674999 eval steps mean 94.4 best 45 optimal 5
674999 eval return -3.214 +/- 0.433
time:  48.798 SPS: 232
679999 success 0.0 +/- 0.0
679999 eval steps mean 99.9 best 99 optimal 5
679999 eval return -4.548 +/- 0.047
time:  49.156 SPS: 232
684999 success 0.0 +/- 0.0
684999 eval steps mean 99.9 best 99 optimal 5
684999 eval return -3.649 +/- 0.042
time:  49.522 SPS: 232
689999 success 0.0 +/- 0.0
689999 eval steps mean 99.9 best 99 optimal 5
689999 eval return -3.774 +/- 0.25
time:  49.91 SPS: 232
694999 success 0.3 +/- 0.153
694999 eval steps mean 82.1 best 26 optimal 5
694999 eval return -2.471 +/- 0.795
time:  50.29 SPS: 231
699999 success 1.0 +/- 0.0
699999 eval steps mean 18.2 best 16 optimal 5
699999 eval return 1.513 +/- 0.277
time:  50.651 SPS: 231
704999 success 1.0 +/- 0.0
704999 eval steps mean 16.7 best 15 optimal 5
704999 eval return 1.734 +/- 0.048
time:  51.006 SPS: 232
709999 success 1.0 +/- 0.0
709999 eval steps mean 15.9 best 15 optimal 5
709999 eval return 1.8 +/- 0.0
time:  51.361 SPS: 232
714999 success 1.0 +/- 0.0
714999 eval steps mean 16.0 best 16 optimal 5
714999 eval return 1.791 +/- 0.009
720000
GOAL [9 0]
time:  51.731 SPS: 231
719999 success 0.0 +/- 0.0
719999 eval steps mean 99.9 best 99 optimal 9
719999 eval return -8.433 +/- 0.069
time:  52.085 SPS: 231
724999 success 0.0 +/- 0.0
724999 eval steps mean 99.9 best 99 optimal 9
724999 eval return -11.934 +/- 1.178
time:  52.451 SPS: 231
729999 success 0.6 +/- 0.163
729999 eval steps mean 63.8 best 24 optimal 9
729999 eval return -5.657 +/- 1.909
time:  52.817 SPS: 231
734999 success 0.9 +/- 0.1
734999 eval steps mean 31.5 best 22 optimal 9
734999 eval return 0.214 +/- 0.84
time:  53.173 SPS: 231
739999 success 1.0 +/- 0.0
739999 eval steps mean 21.2 best 19 optimal 9
739999 eval return 1.096 +/- 0.03
time:  53.521 SPS: 231
744999 success 1.0 +/- 0.0
744999 eval steps mean 20.0 best 19 optimal 9
744999 eval return 1.159 +/- 0.001
time:  53.887 SPS: 231
749999 success 1.0 +/- 0.0
749999 eval steps mean 19.9 best 19 optimal 9
749999 eval return 1.16 +/- 0.0
time:  54.256 SPS: 231
754999 success 1.0 +/- 0.0
754999 eval steps mean 19.9 best 19 optimal 9
754999 eval return 1.16 +/- 0.0
time:  54.599 SPS: 231
759999 success 1.0 +/- 0.0
759999 eval steps mean 19.9 best 19 optimal 9
759999 eval return 1.16 +/- 0.0
time:  54.966 SPS: 231
764999 success 1.0 +/- 0.0
764999 eval steps mean 19.9 best 19 optimal 9
764999 eval return 1.16 +/- 0.0
time:  55.321 SPS: 231
769999 success 1.0 +/- 0.0
769999 eval steps mean 19.9 best 19 optimal 9
769999 eval return 1.16 +/- 0.0
time:  55.682 SPS: 231
774999 success 1.0 +/- 0.0
774999 eval steps mean 20.9 best 19 optimal 9
774999 eval return 1.115 +/- 0.015
time:  56.028 SPS: 232
779999 success 1.0 +/- 0.0
779999 eval steps mean 19.9 best 19 optimal 9
779999 eval return 1.16 +/- 0.0
time:  56.388 SPS: 232
784999 success 1.0 +/- 0.0
784999 eval steps mean 19.9 best 19 optimal 9
784999 eval return 1.16 +/- 0.0
time:  56.751 SPS: 232
789999 success 1.0 +/- 0.0
789999 eval steps mean 20.0 best 19 optimal 9
789999 eval return 1.159 +/- 0.001
time:  57.106 SPS: 232
794999 success 1.0 +/- 0.0
794999 eval steps mean 20.2 best 19 optimal 9
794999 eval return 1.156 +/- 0.003
800000
GOAL [12  4]
time:  57.471 SPS: 231
799999 success 0.0 +/- 0.0
799999 eval steps mean 99.9 best 99 optimal 8
799999 eval return -7.759 +/- 0.011
time:  57.839 SPS: 231
804999 success 0.0 +/- 0.0
804999 eval steps mean 99.9 best 99 optimal 8
804999 eval return -7.906 +/- 0.015
time:  58.21 SPS: 231
809999 success 0.0 +/- 0.0
809999 eval steps mean 99.9 best 99 optimal 8
809999 eval return -7.622 +/- 0.015
time:  58.587 SPS: 231
814999 success 0.0 +/- 0.0
814999 eval steps mean 99.9 best 99 optimal 8
814999 eval return -6.873 +/- 0.066
time:  58.923 SPS: 231
819999 success 0.5 +/- 0.167
819999 eval steps mean 71.7 best 32 optimal 8
819999 eval return -3.099 +/- 1.153
time:  59.283 SPS: 231
824999 success 1.0 +/- 0.0
824999 eval steps mean 23.3 best 23 optimal 8
824999 eval return 0.986 +/- 0.031
time:  59.646 SPS: 231
829999 success 1.0 +/- 0.0
829999 eval steps mean 23.5 best 22 optimal 8
829999 eval return 1.024 +/- 0.002
time:  60.003 SPS: 231
834999 success 0.9 +/- 0.1
834999 eval steps mean 31.4 best 22 optimal 8
834999 eval return 0.187 +/- 0.796
time:  60.375 SPS: 231
839999 success 1.0 +/- 0.0
839999 eval steps mean 23.0 best 22 optimal 8
839999 eval return 1.029 +/- 0.001
time:  60.742 SPS: 231
844999 success 1.0 +/- 0.0
844999 eval steps mean 23.8 best 23 optimal 8
844999 eval return 0.988 +/- 0.023
time:  61.113 SPS: 231
849999 success 0.9 +/- 0.1
849999 eval steps mean 30.6 best 22 optimal 8
849999 eval return 0.475 +/- 0.555
time:  61.482 SPS: 231
854999 success 1.0 +/- 0.0
854999 eval steps mean 22.9 best 22 optimal 8
854999 eval return 1.03 +/- 0.0
time:  61.837 SPS: 231
859999 success 1.0 +/- 0.0
859999 eval steps mean 33.3 best 23 optimal 8
859999 eval return 0.44 +/- 0.169
time:  62.19 SPS: 231
864999 success 1.0 +/- 0.0
864999 eval steps mean 23.1 best 22 optimal 8
864999 eval return 1.027 +/- 0.003
time:  62.552 SPS: 231
869999 success 1.0 +/- 0.0
869999 eval steps mean 22.9 best 22 optimal 8
869999 eval return 1.03 +/- 0.0
time:  62.899 SPS: 231
874999 success 1.0 +/- 0.0
874999 eval steps mean 22.9 best 22 optimal 8
874999 eval return 1.03 +/- 0.0
880000
GOAL [10  0]
time:  63.269 SPS: 231
879999 success 0.0 +/- 0.0
879999 eval steps mean 99.9 best 99 optimal 10
879999 eval return -6.91 +/- 0.289
time:  63.641 SPS: 231
884999 success 0.9 +/- 0.1
884999 eval steps mean 29.2 best 20 optimal 10
884999 eval return -0.279 +/- 1.268
time:  64.003 SPS: 231
889999 success 1.0 +/- 0.0
889999 eval steps mean 21.1 best 20 optimal 10
889999 eval return 1.009 +/- 0.011
time:  64.355 SPS: 231
894999 success 1.0 +/- 0.0
894999 eval steps mean 21.0 best 20 optimal 10
894999 eval return 1.019 +/- 0.001
time:  64.704 SPS: 231
899999 success 1.0 +/- 0.0
899999 eval steps mean 20.9 best 20 optimal 10
899999 eval return 1.02 +/- 0.0
time:  65.061 SPS: 231
904999 success 1.0 +/- 0.0
904999 eval steps mean 20.9 best 20 optimal 10
904999 eval return 1.02 +/- 0.0
time:  65.417 SPS: 231
909999 success 1.0 +/- 0.0
909999 eval steps mean 20.9 best 20 optimal 10
909999 eval return 1.02 +/- 0.0
time:  65.781 SPS: 231
914999 success 0.9 +/- 0.1
914999 eval steps mean 30.5 best 21 optimal 10
914999 eval return -0.566 +/- 1.441
time:  66.148 SPS: 231
919999 success 1.0 +/- 0.0
919999 eval steps mean 21.6 best 20 optimal 10
919999 eval return 0.901 +/- 0.119
time:  66.53 SPS: 231
924999 success 1.0 +/- 0.0
924999 eval steps mean 20.9 best 20 optimal 10
924999 eval return 1.02 +/- 0.0
time:  66.895 SPS: 231
929999 success 1.0 +/- 0.0
929999 eval steps mean 20.9 best 20 optimal 10
929999 eval return 1.02 +/- 0.0
time:  67.252 SPS: 231
934999 success 1.0 +/- 0.0
934999 eval steps mean 21.1 best 20 optimal 10
934999 eval return 0.987 +/- 0.033
time:  67.627 SPS: 231
939999 success 1.0 +/- 0.0
939999 eval steps mean 20.9 best 20 optimal 10
939999 eval return 1.02 +/- 0.0
time:  67.999 SPS: 231
944999 success 1.0 +/- 0.0
944999 eval steps mean 20.9 best 20 optimal 10
944999 eval return 1.02 +/- 0.0
time:  68.349 SPS: 231
949999 success 1.0 +/- 0.0
949999 eval steps mean 20.9 best 20 optimal 10
949999 eval return 1.02 +/- 0.0
time:  68.709 SPS: 231
954999 success 1.0 +/- 0.0
954999 eval steps mean 20.9 best 20 optimal 10
954999 eval return 1.02 +/- 0.0
960000
GOAL [14 11]
time:  69.088 SPS: 231
959999 success 0.0 +/- 0.0
959999 eval steps mean 99.9 best 99 optimal 11
959999 eval return -14.535 +/- 0.061
time:  69.437 SPS: 231
964999 success 0.0 +/- 0.0
964999 eval steps mean 99.9 best 99 optimal 11
964999 eval return -10.891 +/- 0.166
time:  69.811 SPS: 231
969999 success 0.1 +/- 0.1
969999 eval steps mean 95.0 best 51 optimal 11
969999 eval return -9.209 +/- 0.885
time:  70.179 SPS: 231
974999 success 0.9 +/- 0.1
974999 eval steps mean 21.3 best 12 optimal 11
974999 eval return 1.752 +/- 0.569
time:  70.536 SPS: 231
979999 success 1.0 +/- 0.0
979999 eval steps mean 11.9 best 11 optimal 11
979999 eval return 2.34 +/- 0.0
time:  70.878 SPS: 231
984999 success 1.0 +/- 0.0
984999 eval steps mean 11.9 best 11 optimal 11
984999 eval return 2.34 +/- 0.0
time:  71.227 SPS: 231
989999 success 1.0 +/- 0.0
989999 eval steps mean 11.9 best 11 optimal 11
989999 eval return 2.34 +/- 0.0
time:  71.642 SPS: 231
994999 success 1.0 +/- 0.0
994999 eval steps mean 11.9 best 11 optimal 11
994999 eval return 2.34 +/- 0.0
time:  72.162 SPS: 230
999999 success 1.0 +/- 0.0
999999 eval steps mean 11.9 best 11 optimal 11
999999 eval return 2.34 +/- 0.0
time:  72.691 SPS: 230
1004999 success 1.0 +/- 0.0
1004999 eval steps mean 12.1 best 11 optimal 11
1004999 eval return 2.329 +/- 0.011
time:  73.212 SPS: 229
1009999 success 1.0 +/- 0.0
1009999 eval steps mean 11.9 best 11 optimal 11
1009999 eval return 2.34 +/- 0.0
time:  73.728 SPS: 229
1014999 success 1.0 +/- 0.0
1014999 eval steps mean 11.9 best 11 optimal 11
1014999 eval return 2.34 +/- 0.0
time:  74.238 SPS: 228
1019999 success 1.0 +/- 0.0
1019999 eval steps mean 11.9 best 11 optimal 11
1019999 eval return 2.34 +/- 0.0
time:  74.781 SPS: 228
1024999 success 1.0 +/- 0.0
1024999 eval steps mean 11.9 best 11 optimal 11
1024999 eval return 2.34 +/- 0.0
time:  75.312 SPS: 227
1029999 success 1.0 +/- 0.0
1029999 eval steps mean 14.3 best 12 optimal 11
1029999 eval return 2.206 +/- 0.026
time:  75.83 SPS: 227
1034999 success 1.0 +/- 0.0
1034999 eval steps mean 11.9 best 11 optimal 11
1034999 eval return 2.34 +/- 0.0
1040000
GOAL [10  0]
time:  76.254 SPS: 227
1039999 success 0.0 +/- 0.0
1039999 eval steps mean 99.9 best 99 optimal 10
1039999 eval return -15.238 +/- 0.262
time:  76.603 SPS: 227
1044999 success 0.0 +/- 0.0
1044999 eval steps mean 99.9 best 99 optimal 10
1044999 eval return -11.144 +/- 0.215
time:  76.956 SPS: 227
1049999 success 0.1 +/- 0.1
1049999 eval steps mean 93.1 best 32 optimal 10
1049999 eval return -10.576 +/- 1.827
time:  77.326 SPS: 227
1054999 success 1.0 +/- 0.0
1054999 eval steps mean 23.5 best 15 optimal 10
1054999 eval return 1.337 +/- 0.232
time:  77.692 SPS: 227
1059999 success 1.0 +/- 0.0
1059999 eval steps mean 15.7 best 14 optimal 10
1059999 eval return 1.86 +/- 0.09
time:  78.086 SPS: 227
1064999 success 1.0 +/- 0.0
1064999 eval steps mean 15.3 best 15 optimal 10
1064999 eval return 1.924 +/- 0.018
time:  78.443 SPS: 227
1069999 success 1.0 +/- 0.0
1069999 eval steps mean 14.9 best 14 optimal 10
1069999 eval return 1.95 +/- 0.0
time:  78.796 SPS: 227
1074999 success 1.0 +/- 0.0
1074999 eval steps mean 15.3 best 14 optimal 10
1074999 eval return 1.936 +/- 0.009
time:  79.17 SPS: 227
1079999 success 1.0 +/- 0.0
1079999 eval steps mean 15.3 best 14 optimal 10
1079999 eval return 1.934 +/- 0.012
time:  79.566 SPS: 227
1084999 success 1.0 +/- 0.0
1084999 eval steps mean 14.9 best 14 optimal 10
1084999 eval return 1.95 +/- 0.0
time:  79.93 SPS: 227
1089999 success 1.0 +/- 0.0
1089999 eval steps mean 14.9 best 14 optimal 10
1089999 eval return 1.95 +/- 0.0
time:  80.287 SPS: 227
1094999 success 1.0 +/- 0.0
1094999 eval steps mean 14.9 best 14 optimal 10
1094999 eval return 1.95 +/- 0.0
time:  80.655 SPS: 227
1099999 success 1.0 +/- 0.0
1099999 eval steps mean 14.9 best 14 optimal 10
1099999 eval return 1.95 +/- 0.0
time:  81.127 SPS: 227
1104999 success 1.0 +/- 0.0
1104999 eval steps mean 14.9 best 14 optimal 10
1104999 eval return 1.95 +/- 0.0
time:  81.669 SPS: 226
1109999 success 1.0 +/- 0.0
1109999 eval steps mean 15.1 best 14 optimal 10
1109999 eval return 1.947 +/- 0.003
time:  82.23 SPS: 225
1114999 success 1.0 +/- 0.0
1114999 eval steps mean 14.9 best 14 optimal 10
1114999 eval return 1.95 +/- 0.0
1120000
GOAL [13  0]
time:  82.789 SPS: 225
1119999 success 0.0 +/- 0.0
1119999 eval steps mean 99.9 best 99 optimal 13
1119999 eval return -3.619 +/- 0.014
time:  83.314 SPS: 225
1124999 success 1.0 +/- 0.0
1124999 eval steps mean 16.9 best 15 optimal 13
1124999 eval return 1.954 +/- 0.035
time:  83.865 SPS: 224
1129999 success 1.0 +/- 0.0
1129999 eval steps mean 14.1 best 13 optimal 13
1129999 eval return 2.073 +/- 0.017
time:  84.384 SPS: 224
1134999 success 1.0 +/- 0.0
1134999 eval steps mean 13.9 best 13 optimal 13
1134999 eval return 2.09 +/- 0.0
time:  84.899 SPS: 223
1139999 success 1.0 +/- 0.0
1139999 eval steps mean 13.9 best 13 optimal 13
1139999 eval return 2.09 +/- 0.0
time:  85.432 SPS: 223
1144999 success 1.0 +/- 0.0
1144999 eval steps mean 13.9 best 13 optimal 13
1144999 eval return 2.09 +/- 0.0
time:  85.947 SPS: 223
1149999 success 1.0 +/- 0.0
1149999 eval steps mean 13.9 best 13 optimal 13
1149999 eval return 2.09 +/- 0.0
time:  86.479 SPS: 222
1154999 success 1.0 +/- 0.0
1154999 eval steps mean 14.1 best 13 optimal 13
1154999 eval return 2.085 +/- 0.005
time:  86.847 SPS: 222
1159999 success 1.0 +/- 0.0
1159999 eval steps mean 13.9 best 13 optimal 13
1159999 eval return 2.09 +/- 0.0
time:  87.21 SPS: 222
1164999 success 1.0 +/- 0.0
1164999 eval steps mean 13.9 best 13 optimal 13
1164999 eval return 2.09 +/- 0.0
time:  87.564 SPS: 222
1169999 success 1.0 +/- 0.0
1169999 eval steps mean 13.9 best 13 optimal 13
1169999 eval return 2.09 +/- 0.0
time:  87.921 SPS: 222
1174999 success 1.0 +/- 0.0
1174999 eval steps mean 14.1 best 13 optimal 13
1174999 eval return 2.085 +/- 0.005
time:  88.283 SPS: 222
1179999 success 1.0 +/- 0.0
1179999 eval steps mean 14.1 best 13 optimal 13
1179999 eval return 2.075 +/- 0.015
time:  88.674 SPS: 222
1184999 success 1.0 +/- 0.0
1184999 eval steps mean 13.9 best 13 optimal 13
1184999 eval return 2.09 +/- 0.0
time:  89.044 SPS: 222
1189999 success 0.9 +/- 0.1
1189999 eval steps mean 30.1 best 14 optimal 13
1189999 eval return 0.661 +/- 1.285
time:  89.376 SPS: 222
1194999 success 1.0 +/- 0.0
1194999 eval steps mean 13.9 best 13 optimal 13
1194999 eval return 2.09 +/- 0.0
1200000
GOAL [12 11]
time:  89.745 SPS: 222
1199999 success 0.0 +/- 0.0
1199999 eval steps mean 99.9 best 99 optimal 9
1199999 eval return -12.04 +/- 0.031
time:  90.072 SPS: 222
1204999 success 0.0 +/- 0.0
1204999 eval steps mean 99.9 best 99 optimal 9
1204999 eval return -6.02 +/- 0.0
time:  90.38 SPS: 223
1209999 success 0.0 +/- 0.0
1209999 eval steps mean 99.9 best 99 optimal 9
1209999 eval return -5.989 +/- 0.031
time:  90.699 SPS: 223
1214999 success 0.0 +/- 0.0
1214999 eval steps mean 99.9 best 99 optimal 9
1214999 eval return -6.368 +/- 0.247
time:  91.027 SPS: 223
1219999 success 0.0 +/- 0.0
1219999 eval steps mean 99.9 best 99 optimal 9
1219999 eval return -6.02 +/- 0.0
time:  91.351 SPS: 223
1224999 success 0.0 +/- 0.0
1224999 eval steps mean 99.9 best 99 optimal 9
1224999 eval return -6.02 +/- 0.0
time:  91.68 SPS: 223
1229999 success 0.0 +/- 0.0
1229999 eval steps mean 99.9 best 99 optimal 9
1229999 eval return -6.02 +/- 0.0
time:  91.997 SPS: 223
1234999 success 0.0 +/- 0.0
1234999 eval steps mean 99.9 best 99 optimal 9
1234999 eval return -6.02 +/- 0.0
time:  92.324 SPS: 223
1239999 success 0.0 +/- 0.0
1239999 eval steps mean 99.9 best 99 optimal 9
1239999 eval return -6.02 +/- 0.0
time:  92.647 SPS: 223
1244999 success 0.0 +/- 0.0
1244999 eval steps mean 99.9 best 99 optimal 9
1244999 eval return -6.02 +/- 0.0
time:  92.962 SPS: 224
1249999 success 0.0 +/- 0.0
1249999 eval steps mean 99.9 best 99 optimal 9
1249999 eval return -6.02 +/- 0.0
time:  93.396 SPS: 223
1254999 success 0.0 +/- 0.0
1254999 eval steps mean 99.9 best 99 optimal 9
1254999 eval return -6.02 +/- 0.0
time:  93.936 SPS: 223
1259999 success 0.0 +/- 0.0
1259999 eval steps mean 99.9 best 99 optimal 9
1259999 eval return -5.743 +/- 0.357
time:  94.44 SPS: 223
1264999 success 0.0 +/- 0.0
1264999 eval steps mean 99.9 best 99 optimal 9
1264999 eval return -4.24 +/- 0.016
time:  94.971 SPS: 222
1269999 success 0.0 +/- 0.0
1269999 eval steps mean 99.9 best 99 optimal 9
1269999 eval return -3.261 +/- 0.168
time:  95.531 SPS: 222
1274999 success 0.0 +/- 0.0
1274999 eval steps mean 99.9 best 99 optimal 9
1274999 eval return -2.746 +/- 0.033
1280000
GOAL [10  7]
time:  96.01 SPS: 222
1279999 success 1.0 +/- 0.0
1279999 eval steps mean 3.9 best 3 optimal 3
1279999 eval return 2.94 +/- 0.0
time:  96.427 SPS: 222
1284999 success 1.0 +/- 0.0
1284999 eval steps mean 3.9 best 3 optimal 3
1284999 eval return 2.94 +/- 0.0
time:  96.787 SPS: 222
1289999 success 1.0 +/- 0.0
1289999 eval steps mean 3.9 best 3 optimal 3
1289999 eval return 2.94 +/- 0.0
time:  97.143 SPS: 222
1294999 success 1.0 +/- 0.0
1294999 eval steps mean 3.9 best 3 optimal 3
1294999 eval return 2.94 +/- 0.0
time:  97.63 SPS: 221
1299999 success 1.0 +/- 0.0
1299999 eval steps mean 3.9 best 3 optimal 3
1299999 eval return 2.94 +/- 0.0
time:  98.101 SPS: 221
1304999 success 1.0 +/- 0.0
1304999 eval steps mean 3.9 best 3 optimal 3
1304999 eval return 2.94 +/- 0.0
time:  98.65 SPS: 221
1309999 success 1.0 +/- 0.0
1309999 eval steps mean 3.9 best 3 optimal 3
1309999 eval return 2.94 +/- 0.0
time:  99.173 SPS: 220
1314999 success 1.0 +/- 0.0
1314999 eval steps mean 3.9 best 3 optimal 3
1314999 eval return 2.94 +/- 0.0
time:  99.673 SPS: 220
1319999 success 1.0 +/- 0.0
1319999 eval steps mean 3.9 best 3 optimal 3
1319999 eval return 2.94 +/- 0.0
time:  100.097 SPS: 220
1324999 success 1.0 +/- 0.0
1324999 eval steps mean 3.9 best 3 optimal 3
1324999 eval return 2.94 +/- 0.0
time:  100.387 SPS: 220
1329999 success 1.0 +/- 0.0
1329999 eval steps mean 3.9 best 3 optimal 3
1329999 eval return 2.94 +/- 0.0
time:  100.68 SPS: 220
1334999 success 1.0 +/- 0.0
1334999 eval steps mean 3.9 best 3 optimal 3
1334999 eval return 2.94 +/- 0.0
time:  100.973 SPS: 221
1339999 success 1.0 +/- 0.0
1339999 eval steps mean 3.9 best 3 optimal 3
1339999 eval return 2.94 +/- 0.0
time:  101.246 SPS: 221
1344999 success 1.0 +/- 0.0
1344999 eval steps mean 3.9 best 3 optimal 3
1344999 eval return 2.94 +/- 0.0
time:  101.523 SPS: 221
1349999 success 1.0 +/- 0.0
1349999 eval steps mean 3.9 best 3 optimal 3
1349999 eval return 2.94 +/- 0.0
time:  101.785 SPS: 221
1354999 success 1.0 +/- 0.0
1354999 eval steps mean 3.9 best 3 optimal 3
1354999 eval return 2.94 +/- 0.0
1360000
GOAL [12  8]
time:  102.05 SPS: 222
1359999 success 0.1 +/- 0.1
1359999 eval steps mean 92.8 best 29 optimal 6
1359999 eval return -3.005 +/- 0.599
time:  102.328 SPS: 222
1364999 success 1.0 +/- 0.0
1364999 eval steps mean 6.9 best 6 optimal 6
1364999 eval return 2.79 +/- 0.0
time:  102.656 SPS: 222
1369999 success 1.0 +/- 0.0
1369999 eval steps mean 6.9 best 6 optimal 6
1369999 eval return 2.79 +/- 0.0
time:  102.938 SPS: 222
1374999 success 1.0 +/- 0.0
1374999 eval steps mean 6.9 best 6 optimal 6
1374999 eval return 2.79 +/- 0.0
time:  103.252 SPS: 222
1379999 success 1.0 +/- 0.0
1379999 eval steps mean 6.9 best 6 optimal 6
1379999 eval return 2.79 +/- 0.0
time:  103.503 SPS: 223
1384999 success 1.0 +/- 0.0
1384999 eval steps mean 6.9 best 6 optimal 6
1384999 eval return 2.79 +/- 0.0
time:  103.737 SPS: 223
1389999 success 1.0 +/- 0.0
1389999 eval steps mean 6.9 best 6 optimal 6
1389999 eval return 2.79 +/- 0.0
time:  104.068 SPS: 223
1394999 success 1.0 +/- 0.0
1394999 eval steps mean 6.9 best 6 optimal 6
1394999 eval return 2.79 +/- 0.0
time:  104.386 SPS: 223
1399999 success 1.0 +/- 0.0
1399999 eval steps mean 6.9 best 6 optimal 6
1399999 eval return 2.79 +/- 0.0
time:  104.593 SPS: 223
1404999 success 1.0 +/- 0.0
1404999 eval steps mean 6.9 best 6 optimal 6
1404999 eval return 2.79 +/- 0.0
time:  104.857 SPS: 224
1409999 success 1.0 +/- 0.0
1409999 eval steps mean 6.9 best 6 optimal 6
1409999 eval return 2.79 +/- 0.0
time:  105.142 SPS: 224
1414999 success 1.0 +/- 0.0
1414999 eval steps mean 6.9 best 6 optimal 6
1414999 eval return 2.79 +/- 0.0
time:  105.442 SPS: 224
1419999 success 1.0 +/- 0.0
1419999 eval steps mean 6.9 best 6 optimal 6
1419999 eval return 2.79 +/- 0.0
time:  105.738 SPS: 224
1424999 success 1.0 +/- 0.0
1424999 eval steps mean 6.9 best 6 optimal 6
1424999 eval return 2.79 +/- 0.0
time:  105.963 SPS: 224
1429999 success 1.0 +/- 0.0
1429999 eval steps mean 7.1 best 6 optimal 6
1429999 eval return 2.787 +/- 0.003
time:  106.259 SPS: 225
1434999 success 1.0 +/- 0.0
1434999 eval steps mean 6.9 best 6 optimal 6
1434999 eval return 2.79 +/- 0.0
1440000
GOAL [ 6 13]
time:  106.471 SPS: 225
1439999 success 0.0 +/- 0.0
1439999 eval steps mean 99.9 best 99 optimal 7
1439999 eval return -11.703 +/- 0.324
time:  106.751 SPS: 225
1444999 success 0.0 +/- 0.0
1444999 eval steps mean 99.9 best 99 optimal 7
1444999 eval return -9.852 +/- 0.12
time:  107.04 SPS: 225
1449999 success 0.0 +/- 0.0
1449999 eval steps mean 99.9 best 99 optimal 7
1449999 eval return -9.556 +/- 0.183
time:  107.267 SPS: 226
1454999 success 0.9 +/- 0.1
1454999 eval steps mean 29.4 best 18 optimal 7
1454999 eval return -0.469 +/- 1.595
time:  107.477 SPS: 226
1459999 success 1.0 +/- 0.0
1459999 eval steps mean 19.0 best 17 optimal 7
1459999 eval return 1.437 +/- 0.027
time:  107.713 SPS: 226
1464999 success 1.0 +/- 0.0
1464999 eval steps mean 17.9 best 17 optimal 7
1464999 eval return 1.49 +/- 0.0
time:  107.929 SPS: 227
1469999 success 1.0 +/- 0.0
1469999 eval steps mean 19.0 best 17 optimal 7
1469999 eval return 1.45 +/- 0.025
time:  108.149 SPS: 227
1474999 success 1.0 +/- 0.0
1474999 eval steps mean 18.5 best 18 optimal 7
1474999 eval return 1.413 +/- 0.039
time:  108.379 SPS: 227
1479999 success 1.0 +/- 0.0
1479999 eval steps mean 18.4 best 18 optimal 7
1479999 eval return 1.472 +/- 0.01
time:  108.598 SPS: 227
1484999 success 1.0 +/- 0.0
1484999 eval steps mean 17.9 best 17 optimal 7
1484999 eval return 1.49 +/- 0.0
time:  108.809 SPS: 228
1489999 success 1.0 +/- 0.0
1489999 eval steps mean 18.4 best 18 optimal 7
1489999 eval return 1.477 +/- 0.007
time:  109.025 SPS: 228
1494999 success 1.0 +/- 0.0
1494999 eval steps mean 18.1 best 17 optimal 7
1494999 eval return 1.481 +/- 0.009
time:  109.229 SPS: 228
1499999 success 1.0 +/- 0.0
1499999 eval steps mean 17.9 best 17 optimal 7
1499999 eval return 1.49 +/- 0.0
time:  109.437 SPS: 229
1504999 success 1.0 +/- 0.0
1504999 eval steps mean 18.7 best 17 optimal 7
1504999 eval return 1.472 +/- 0.01
time:  109.655 SPS: 229
1509999 success 1.0 +/- 0.0
1509999 eval steps mean 18.3 best 17 optimal 7
1509999 eval return 1.464 +/- 0.023
time:  109.921 SPS: 229
1514999 success 1.0 +/- 0.0
1514999 eval steps mean 18.3 best 17 optimal 7
1514999 eval return 1.48 +/- 0.007
1520000
GOAL [ 7 10]
time:  110.204 SPS: 229
1519999 success 0.0 +/- 0.0
1519999 eval steps mean 99.9 best 99 optimal 3
1519999 eval return -6.568 +/- 0.434
time:  110.501 SPS: 230
1524999 success 0.0 +/- 0.0
1524999 eval steps mean 99.9 best 99 optimal 3
1524999 eval return -5.15 +/- 0.036
time:  110.773 SPS: 230
1529999 success 0.0 +/- 0.0
1529999 eval steps mean 99.9 best 99 optimal 3
1529999 eval return -5.212 +/- 0.085
time:  111.066 SPS: 230
1534999 success 0.0 +/- 0.0
1534999 eval steps mean 99.9 best 99 optimal 3
1534999 eval return -4.633 +/- 0.06
time:  111.289 SPS: 230
1539999 success 0.0 +/- 0.0
1539999 eval steps mean 99.9 best 99 optimal 3
1539999 eval return -3.898 +/- 0.046
time:  111.539 SPS: 230
1544999 success 0.0 +/- 0.0
1544999 eval steps mean 99.9 best 99 optimal 3
1544999 eval return -4.514 +/- 0.244
time:  111.851 SPS: 230
1549999 success 0.0 +/- 0.0
1549999 eval steps mean 99.9 best 99 optimal 3
1549999 eval return -3.968 +/- 0.028
time:  112.181 SPS: 231
1554999 success 0.0 +/- 0.0
1554999 eval steps mean 99.9 best 99 optimal 3
1554999 eval return -3.73 +/- 0.016
time:  112.442 SPS: 231
1559999 success 0.0 +/- 0.0
1559999 eval steps mean 99.9 best 99 optimal 3
1559999 eval return -5.194 +/- 0.495
time:  112.673 SPS: 231
1564999 success 0.0 +/- 0.0
1564999 eval steps mean 99.9 best 99 optimal 3
1564999 eval return -4.158 +/- 0.335
time:  112.907 SPS: 231
1569999 success 1.0 +/- 0.0
1569999 eval steps mean 29.6 best 22 optimal 3
1569999 eval return 0.383 +/- 0.426
time:  113.129 SPS: 232
1574999 success 1.0 +/- 0.0
1574999 eval steps mean 17.9 best 17 optimal 3
1574999 eval return 1.47 +/- 0.0
time:  113.351 SPS: 232
1579999 success 1.0 +/- 0.0
1579999 eval steps mean 18.4 best 17 optimal 3
1579999 eval return 1.445 +/- 0.017
time:  113.569 SPS: 232
1584999 success 1.0 +/- 0.0
1584999 eval steps mean 17.9 best 17 optimal 3
1584999 eval return 1.47 +/- 0.0
time:  113.788 SPS: 232
1589999 success 1.0 +/- 0.0
1589999 eval steps mean 18.1 best 17 optimal 3
1589999 eval return 1.459 +/- 0.011
time:  114.018 SPS: 233
1594999 success 1.0 +/- 0.0
1594999 eval steps mean 17.9 best 17 optimal 3
1594999 eval return 1.47 +/- 0.0
1600000
GOAL [12 11]
time:  114.237 SPS: 233
1599999 success 0.0 +/- 0.0
1599999 eval steps mean 99.9 best 99 optimal 9
1599999 eval return -6.461 +/- 0.114
done RL run. Time 114.3215553716669 min
