agent_dict keys dict_keys(['base_algorithm', 'learning_rate', 'num_envs', 'rollout_num_steps', 'gamma', 'gae_lambda', 'num_minibatches', 'update_epochs', 'minibatch_size', 'norm_adv', 'clip_coef', 'clip_vloss', 'ent_coef', 'vf_coef', 'max_grad_norm', 'rpo_alpha', 'parseval_reg', 'input_scale', 'learnable_input_scale', 'add_diag_layer', 'lie_group', 'pion', 'pion_block_size', 'oft', 'poet', 'oet_num_blocks', 'layer_norm', 'layer_norm_no_params', 'weight_decay', 'tuned_adam', 'perturb', 'perturb_dist', 'regen', 'regen_wasserstein', 'weight_init', 'net_width', 'net_activation', 'init_gain', 'parseval_norm', 'parseval_num_groups'])
env_dict keys dict_keys(['env', 'change_freq', 'seed', 'env_type'])
Start RL run!
{'base_algorithm': 'ppo_agent', 'learning_rate': 0.001, 'num_envs': 1, 'rollout_num_steps': 128, 'gamma': 0.99, 'gae_lambda': 0.95, 'num_minibatches': 4, 'update_epochs': 4, 'minibatch_size': 32, 'norm_adv': True, 'clip_coef': 0.2, 'clip_vloss': True, 'ent_coef': 0.01, 'vf_coef': 0.5, 'max_grad_norm': 0.5, 'rpo_alpha': 0, 'parseval_reg': 0, 'input_scale': 1, 'learnable_input_scale': False, 'add_diag_layer': False, 'lie_group': False, 'pion': True, 'pion_block_size': None, 'oft': False, 'poet': False, 'oet_num_blocks': 1, 'layer_norm': False, 'layer_norm_no_params': False, 'weight_decay': 0, 'tuned_adam': False, 'perturb': 0.0, 'perturb_dist': 'xavier', 'regen': 0.0, 'regen_wasserstein': False, 'weight_init': 'xavier', 'net_width': 64, 'net_activation': 'tanh', 'init_gain': None, 'parseval_norm': False, 'parseval_num_groups': 1, 'device': 'cpu'}
{'env': 'gridworld_ninerooms', 'change_freq': 40000, 'seed': 126, 'env_type': 'rl', 'local_run': False}
Running on gpu: False
Gridworld args () {'env': 'gridworld_ninerooms', 'change_freq': 40000, 'seed': 126, 'env_type': 'rl', 'local_run': False}
time:  0.056 SPS: 0
0 success 0.0 +/- 0.0
0 eval steps mean 99.9 best 99 optimal 10
0 eval return -13.894 +/- 0.509
time:  0.43 SPS: 193
4999 success 0.1 +/- 0.1
4999 eval steps mean 98.4 best 85 optimal 10
4999 eval return -6.911 +/- 0.859
time:  2.157 SPS: 77
9999 success 1.0 +/- 0.0
9999 eval steps mean 47.3 best 27 optimal 10
9999 eval return -0.76 +/- 0.691
time:  6.403 SPS: 39
14999 success 1.0 +/- 0.0
14999 eval steps mean 18.8 best 15 optimal 10
14999 eval return 1.746 +/- 0.101
time:  12.167 SPS: 27
19999 success 1.0 +/- 0.0
19999 eval steps mean 15.9 best 15 optimal 10
19999 eval return 1.835 +/- 0.064
time:  19.034 SPS: 21
24999 success 1.0 +/- 0.0
24999 eval steps mean 14.9 best 14 optimal 10
24999 eval return 1.95 +/- 0.0
time:  25.926 SPS: 19
29999 success 1.0 +/- 0.0
29999 eval steps mean 15.1 best 14 optimal 10
29999 eval return 1.927 +/- 0.023
time:  32.865 SPS: 17
34999 success 1.0 +/- 0.0
34999 eval steps mean 15.5 best 15 optimal 10
34999 eval return 1.926 +/- 0.015
40000
GOAL [12 14]
time:  40.013 SPS: 16
39999 success 0.0 +/- 0.0
39999 eval steps mean 99.9 best 99 optimal 12
39999 eval return -14.955 +/- 0.053
time:  46.35 SPS: 16
44999 success 0.0 +/- 0.0
44999 eval steps mean 99.9 best 99 optimal 12
44999 eval return -6.176 +/- 0.04
time:  51.278 SPS: 16
49999 success 0.8 +/- 0.133
49999 eval steps mean 47.8 best 17 optimal 12
49999 eval return -2.981 +/- 2.034
time:  55.712 SPS: 16
54999 success 1.0 +/- 0.0
54999 eval steps mean 15.3 best 13 optimal 12
54999 eval return 2.157 +/- 0.036
time:  61.691 SPS: 16
59999 success 1.0 +/- 0.0
59999 eval steps mean 13.3 best 12 optimal 12
59999 eval return 2.205 +/- 0.008
time:  68.585 SPS: 15
64999 success 1.0 +/- 0.0
64999 eval steps mean 13.3 best 12 optimal 12
64999 eval return 2.186 +/- 0.023
time:  75.535 SPS: 15
69999 success 1.0 +/- 0.0
69999 eval steps mean 12.9 best 12 optimal 12
69999 eval return 2.22 +/- 0.0
time:  82.24 SPS: 15
74999 success 1.0 +/- 0.0
74999 eval steps mean 13.5 best 12 optimal 12
74999 eval return 2.191 +/- 0.029
80000
GOAL [10 12]
time:  88.332 SPS: 15
79999 success 0.0 +/- 0.0
79999 eval steps mean 99.9 best 99 optimal 8
79999 eval return -3.581 +/- 0.125
time:  94.108 SPS: 15
84999 success 1.0 +/- 0.0
84999 eval steps mean 14.1 best 12 optimal 8
84999 eval return 2.202 +/- 0.007
time:  99.3 SPS: 15
89999 success 1.0 +/- 0.0
89999 eval steps mean 13.4 best 12 optimal 8
89999 eval return 2.172 +/- 0.04
time:  104.429 SPS: 15
94999 success 1.0 +/- 0.0
94999 eval steps mean 12.9 best 12 optimal 8
94999 eval return 2.22 +/- 0.0
time:  109.845 SPS: 15
99999 success 1.0 +/- 0.0
99999 eval steps mean 13.8 best 12 optimal 8
99999 eval return 2.156 +/- 0.026
time:  115.49 SPS: 15
104999 success 1.0 +/- 0.0
104999 eval steps mean 13.1 best 12 optimal 8
104999 eval return 2.215 +/- 0.005
time:  120.693 SPS: 15
109999 success 1.0 +/- 0.0
109999 eval steps mean 13.5 best 12 optimal 8
109999 eval return 2.184 +/- 0.032
time:  125.65 SPS: 15
114999 success 1.0 +/- 0.0
114999 eval steps mean 12.9 best 12 optimal 8
114999 eval return 2.22 +/- 0.0
120000
GOAL [12 14]
time:  131.469 SPS: 15
119999 success 0.0 +/- 0.0
119999 eval steps mean 99.9 best 99 optimal 12
119999 eval return -8.923 +/- 0.555
time:  136.731 SPS: 15
124999 success 1.0 +/- 0.0
124999 eval steps mean 14.4 best 12 optimal 12
124999 eval return 2.178 +/- 0.018
time:  142.079 SPS: 15
129999 success 1.0 +/- 0.0
129999 eval steps mean 12.9 best 12 optimal 12
129999 eval return 2.22 +/- 0.0
time:  147.744 SPS: 15
134999 success 1.0 +/- 0.0
134999 eval steps mean 13.1 best 13 optimal 12
134999 eval return 2.211 +/- 0.009
time:  153.526 SPS: 15
139999 success 1.0 +/- 0.0
139999 eval steps mean 12.9 best 12 optimal 12
139999 eval return 2.22 +/- 0.0
time:  159.547 SPS: 15
144999 success 1.0 +/- 0.0
144999 eval steps mean 12.9 best 12 optimal 12
144999 eval return 2.22 +/- 0.0
time:  165.452 SPS: 15
149999 success 1.0 +/- 0.0
149999 eval steps mean 13.7 best 12 optimal 12
149999 eval return 2.13 +/- 0.084
time:  171.378 SPS: 15
154999 success 1.0 +/- 0.0
154999 eval steps mean 13.1 best 12 optimal 12
154999 eval return 2.217 +/- 0.003
160000
GOAL [12  1]
time:  177.109 SPS: 15
159999 success 0.0 +/- 0.0
159999 eval steps mean 99.9 best 99 optimal 11
159999 eval return -12.7 +/- 0.027
time:  181.881 SPS: 15
164999 success 0.6 +/- 0.163
164999 eval steps mean 73.8 best 14 optimal 11
164999 eval return -4.702 +/- 2.259
time:  186.152 SPS: 15
169999 success 1.0 +/- 0.0
169999 eval steps mean 12.8 best 11 optimal 11
169999 eval return 2.283 +/- 0.033
time:  191.318 SPS: 15
174999 success 1.0 +/- 0.0
174999 eval steps mean 20.3 best 11 optimal 11
174999 eval return 1.325 +/- 1.015
time:  196.962 SPS: 15
179999 success 1.0 +/- 0.0
179999 eval steps mean 13.0 best 11 optimal 11
179999 eval return 2.276 +/- 0.035
time:  202.573 SPS: 15
184999 success 1.0 +/- 0.0
184999 eval steps mean 12.1 best 11 optimal 11
184999 eval return 2.335 +/- 0.005
time:  208.238 SPS: 15
189999 success 1.0 +/- 0.0
189999 eval steps mean 11.9 best 11 optimal 11
189999 eval return 2.34 +/- 0.0
time:  214.223 SPS: 15
194999 success 1.0 +/- 0.0
194999 eval steps mean 11.9 best 11 optimal 11
194999 eval return 2.34 +/- 0.0
200000
GOAL [10 11]
time:  220.26 SPS: 15
199999 success 0.0 +/- 0.0
199999 eval steps mean 99.9 best 99 optimal 7
199999 eval return -12.402 +/- 0.094
time:  225.691 SPS: 15
204999 success 0.0 +/- 0.0
204999 eval steps mean 99.9 best 99 optimal 7
204999 eval return -3.104 +/- 0.127
time:  230.056 SPS: 15
209999 success 1.0 +/- 0.0
209999 eval steps mean 15.8 best 14 optimal 7
209999 eval return 2.259 +/- 0.007
time:  234.677 SPS: 15
214999 success 1.0 +/- 0.0
214999 eval steps mean 12.5 best 11 optimal 7
214999 eval return 2.303 +/- 0.025
time:  240.349 SPS: 15
219999 success 1.0 +/- 0.0
219999 eval steps mean 11.9 best 11 optimal 7
219999 eval return 2.34 +/- 0.0
time:  246.217 SPS: 15
224999 success 1.0 +/- 0.0
224999 eval steps mean 11.9 best 11 optimal 7
224999 eval return 2.34 +/- 0.0
time:  251.92 SPS: 15
229999 success 1.0 +/- 0.0
229999 eval steps mean 12.7 best 11 optimal 7
229999 eval return 2.296 +/- 0.034
time:  257.381 SPS: 15
234999 success 1.0 +/- 0.0
234999 eval steps mean 11.9 best 11 optimal 7
234999 eval return 2.34 +/- 0.0
240000
GOAL [6 1]
time:  263.14 SPS: 15
239999 success 0.0 +/- 0.0
239999 eval steps mean 99.9 best 99 optimal 7
239999 eval return -19.351 +/- 0.236
time:  268.508 SPS: 15
244999 success 0.0 +/- 0.0
244999 eval steps mean 99.9 best 99 optimal 7
244999 eval return -16.917 +/- 0.207
time:  273.68 SPS: 15
249999 success 0.0 +/- 0.0
249999 eval steps mean 99.9 best 99 optimal 7
249999 eval return -9.115 +/- 0.09
time:  277.364 SPS: 15
254999 success 0.7 +/- 0.153
254999 eval steps mean 45.7 best 19 optimal 7
254999 eval return -4.082 +/- 2.704
time:  279.46 SPS: 15
259999 success 1.0 +/- 0.0
259999 eval steps mean 18.1 best 17 optimal 7
259999 eval return 1.483 +/- 0.007
time:  283.215 SPS: 15
264999 success 1.0 +/- 0.0
264999 eval steps mean 18.5 best 18 optimal 7
264999 eval return 1.449 +/- 0.023
time:  287.963 SPS: 15
269999 success 1.0 +/- 0.0
269999 eval steps mean 18.1 best 17 optimal 7
269999 eval return 1.471 +/- 0.019
time:  292.964 SPS: 15
274999 success 1.0 +/- 0.0
274999 eval steps mean 18.4 best 17 optimal 7
274999 eval return 1.464 +/- 0.017
280000
GOAL [5 2]
time:  297.733 SPS: 15
279999 success 0.2 +/- 0.133
279999 eval steps mean 90.1 best 40 optimal 7
279999 eval return -2.473 +/- 0.545
time:  302.758 SPS: 15
284999 success 1.0 +/- 0.0
284999 eval steps mean 31.5 best 18 optimal 7
284999 eval return 1.214 +/- 0.087
time:  306.583 SPS: 15
289999 success 1.0 +/- 0.0
289999 eval steps mean 18.9 best 18 optimal 7
289999 eval return 1.445 +/- 0.061
time:  309.942 SPS: 15
294999 success 1.0 +/- 0.0
294999 eval steps mean 18.5 best 18 optimal 7
294999 eval return 1.495 +/- 0.02
time:  314.762 SPS: 15
299999 success 1.0 +/- 0.0
299999 eval steps mean 17.9 best 17 optimal 7
299999 eval return 1.53 +/- 0.0
time:  319.123 SPS: 15
304999 success 1.0 +/- 0.0
304999 eval steps mean 18.1 best 17 optimal 7
304999 eval return 1.503 +/- 0.027
time:  323.531 SPS: 15
309999 success 1.0 +/- 0.0
309999 eval steps mean 18.9 best 17 optimal 7
309999 eval return 1.507 +/- 0.023
time:  328.422 SPS: 15
314999 success 1.0 +/- 0.0
314999 eval steps mean 18.3 best 17 optimal 7
314999 eval return 1.491 +/- 0.027
320000
GOAL [10  1]
time:  333.554 SPS: 15
319999 success 0.0 +/- 0.0
319999 eval steps mean 99.9 best 99 optimal 9
319999 eval return -7.377 +/- 0.058
time:  338.406 SPS: 16
324999 success 0.4 +/- 0.163
324999 eval steps mean 71.3 best 14 optimal 9
324999 eval return -1.318 +/- 0.877
time:  342.415 SPS: 16
329999 success 1.0 +/- 0.0
329999 eval steps mean 22.2 best 14 optimal 9
329999 eval return 1.499 +/- 0.257
time:  346.98 SPS: 16
334999 success 1.0 +/- 0.0
334999 eval steps mean 13.9 best 13 optimal 9
334999 eval return 2.09 +/- 0.0
time:  351.673 SPS: 16
339999 success 1.0 +/- 0.0
339999 eval steps mean 14.1 best 13 optimal 9
339999 eval return 2.071 +/- 0.019
time:  356.753 SPS: 16
344999 success 1.0 +/- 0.0
344999 eval steps mean 13.9 best 13 optimal 9
344999 eval return 2.09 +/- 0.0
time:  361.762 SPS: 16
349999 success 1.0 +/- 0.0
349999 eval steps mean 14.7 best 14 optimal 9
349999 eval return 1.99 +/- 0.041
time:  367.484 SPS: 16
354999 success 1.0 +/- 0.0
354999 eval steps mean 13.9 best 13 optimal 9
354999 eval return 2.09 +/- 0.0
360000
GOAL [ 8 10]
time:  373.382 SPS: 16
359999 success 0.0 +/- 0.0
359999 eval steps mean 99.9 best 99 optimal 4
359999 eval return -18.931 +/- 0.092
time:  377.556 SPS: 16
364999 success 1.0 +/- 0.0
364999 eval steps mean 22.1 best 19 optimal 4
364999 eval return 0.957 +/- 0.129
time:  379.601 SPS: 16
369999 success 1.0 +/- 0.0
369999 eval steps mean 19.3 best 18 optimal 4
369999 eval return 1.352 +/- 0.015
time:  383.329 SPS: 16
374999 success 1.0 +/- 0.0
374999 eval steps mean 20.7 best 18 optimal 4
374999 eval return 1.223 +/- 0.072
time:  386.842 SPS: 16
379999 success 1.0 +/- 0.0
379999 eval steps mean 17.2 best 16 optimal 4
379999 eval return 1.634 +/- 0.003
time:  391.317 SPS: 16
384999 success 1.0 +/- 0.0
384999 eval steps mean 18.7 best 16 optimal 4
384999 eval return 1.444 +/- 0.135
time:  396.36 SPS: 16
389999 success 1.0 +/- 0.0
389999 eval steps mean 17.1 best 16 optimal 4
389999 eval return 1.617 +/- 0.023
time:  401.882 SPS: 16
394999 success 1.0 +/- 0.0
394999 eval steps mean 17.1 best 16 optimal 4
394999 eval return 1.615 +/- 0.025
400000
GOAL [5 4]
time:  407.375 SPS: 16
399999 success 0.0 +/- 0.0
399999 eval steps mean 99.9 best 99 optimal 5
399999 eval return -20.417 +/- 0.201
time:  411.023 SPS: 16
404999 success 0.0 +/- 0.0
404999 eval steps mean 99.9 best 99 optimal 5
404999 eval return -9.769 +/- 0.538
time:  414.459 SPS: 16
409999 success 0.0 +/- 0.0
409999 eval steps mean 99.9 best 99 optimal 5
409999 eval return -5.476 +/- 0.136
time:  417.802 SPS: 16
414999 success 0.3 +/- 0.153
414999 eval steps mean 87.8 best 27 optimal 5
414999 eval return -3.933 +/- 0.763
time:  420.127 SPS: 16
419999 success 1.0 +/- 0.0
419999 eval steps mean 20.6 best 19 optimal 5
419999 eval return 1.103 +/- 0.021
time:  424.038 SPS: 16
424999 success 0.8 +/- 0.133
424999 eval steps mean 57.7 best 24 optimal 5
424999 eval return -2.756 +/- 1.228
time:  428.715 SPS: 16
429999 success 1.0 +/- 0.0
429999 eval steps mean 24.5 best 20 optimal 5
429999 eval return 1.005 +/- 0.05
time:  434.048 SPS: 16
434999 success 1.0 +/- 0.0
434999 eval steps mean 20.6 best 19 optimal 5
434999 eval return 1.114 +/- 0.045
440000
GOAL [11 14]
time:  439.111 SPS: 16
439999 success 0.0 +/- 0.0
439999 eval steps mean 99.9 best 99 optimal 11
439999 eval return -20.086 +/- 0.3
time:  444.008 SPS: 16
444999 success 0.0 +/- 0.0
444999 eval steps mean 99.9 best 99 optimal 11
444999 eval return -12.386 +/- 0.01
time:  449.751 SPS: 16
449999 success 0.0 +/- 0.0
449999 eval steps mean 99.9 best 99 optimal 11
449999 eval return -11.258 +/- 0.12
time:  455.265 SPS: 16
454999 success 0.0 +/- 0.0
454999 eval steps mean 99.9 best 99 optimal 11
454999 eval return -7.779 +/- 0.033
time:  461.005 SPS: 16
459999 success 0.0 +/- 0.0
459999 eval steps mean 99.9 best 99 optimal 11
459999 eval return -6.947 +/- 0.049
time:  466.404 SPS: 16
464999 success 0.5 +/- 0.167
464999 eval steps mean 83.7 best 38 optimal 11
464999 eval return -0.632 +/- 0.596
time:  471.054 SPS: 16
469999 success 1.0 +/- 0.0
469999 eval steps mean 14.1 best 13 optimal 11
469999 eval return 2.073 +/- 0.017
time:  476.542 SPS: 16
474999 success 1.0 +/- 0.0
474999 eval steps mean 14.3 best 13 optimal 11
474999 eval return 2.068 +/- 0.022
480000
GOAL [ 9 13]
time:  482.368 SPS: 16
479999 success 0.0 +/- 0.0
479999 eval steps mean 99.9 best 99 optimal 8
479999 eval return -4.97 +/- 0.009
time:  487.961 SPS: 16
484999 success 1.0 +/- 0.0
484999 eval steps mean 16.1 best 15 optimal 8
484999 eval return 1.918 +/- 0.017
time:  492.044 SPS: 16
489999 success 0.4 +/- 0.163
489999 eval steps mean 65.9 best 14 optimal 8
489999 eval return -2.536 +/- 1.267
time:  496.592 SPS: 16
494999 success 0.8 +/- 0.133
494999 eval steps mean 31.9 best 14 optimal 8
494999 eval return 0.606 +/- 0.896
time:  501.816 SPS: 16
499999 success 1.0 +/- 0.0
499999 eval steps mean 15.3 best 15 optimal 8
499999 eval return 1.922 +/- 0.019
time:  507.186 SPS: 16
504999 success 1.0 +/- 0.0
504999 eval steps mean 15.6 best 14 optimal 8
504999 eval return 1.928 +/- 0.01
time:  512.583 SPS: 16
509999 success 1.0 +/- 0.0
509999 eval steps mean 19.9 best 15 optimal 8
509999 eval return 1.857 +/- 0.031
time:  517.806 SPS: 16
514999 success 1.0 +/- 0.0
514999 eval steps mean 14.9 best 14 optimal 8
514999 eval return 1.95 +/- 0.0
520000
GOAL [13 13]
time:  523.031 SPS: 16
519999 success 0.0 +/- 0.0
519999 eval steps mean 99.9 best 99 optimal 12
519999 eval return -7.074 +/- 0.08
time:  528.014 SPS: 16
524999 success 0.0 +/- 0.0
524999 eval steps mean 99.9 best 99 optimal 12
524999 eval return -4.193 +/- 0.226
time:  532.746 SPS: 16
529999 success 1.0 +/- 0.0
529999 eval steps mean 20.1 best 18 optimal 12
529999 eval return 1.967 +/- 0.008
time:  537.812 SPS: 16
534999 success 0.9 +/- 0.1
534999 eval steps mean 28.4 best 18 optimal 12
534999 eval return 1.092 +/- 0.815
time:  543.374 SPS: 16
539999 success 1.0 +/- 0.0
539999 eval steps mean 19.3 best 19 optimal 12
539999 eval return 1.979 +/- 0.007
time:  549.253 SPS: 16
544999 success 1.0 +/- 0.0
544999 eval steps mean 15.3 best 15 optimal 12
544999 eval return 2.116 +/- 0.014
time:  555.139 SPS: 16
549999 success 1.0 +/- 0.0
549999 eval steps mean 16.5 best 14 optimal 12
549999 eval return 1.972 +/- 0.173
time:  561.166 SPS: 16
554999 success 1.0 +/- 0.0
554999 eval steps mean 14.5 best 12 optimal 12
554999 eval return 2.196 +/- 0.009
560000
GOAL [14  6]
time:  567.085 SPS: 16
559999 success 0.0 +/- 0.0
559999 eval steps mean 99.9 best 99 optimal 8
559999 eval return -10.104 +/- 0.037
