D:\anaconda\envs\parseval\lib\site-packages\gymnasium\spaces\box.py:231: UserWarning: [33mWARN: Box low's precision lowered by casting to float32, current low.dtype=float64[0m
  gym.logger.warn(
D:\anaconda\envs\parseval\lib\site-packages\gymnasium\spaces\box.py:297: UserWarning: [33mWARN: Box high's precision lowered by casting to float32, current high.dtype=float64[0m
  gym.logger.warn(
D:\anaconda\envs\parseval\lib\site-packages\gymnasium\spaces\box.py:231: UserWarning: [33mWARN: Box low's precision lowered by casting to float32, current low.dtype=float64[0m
  gym.logger.warn(
D:\anaconda\envs\parseval\lib\site-packages\gymnasium\spaces\box.py:297: UserWarning: [33mWARN: Box high's precision lowered by casting to float32, current high.dtype=float64[0m
  gym.logger.warn(
agent_dict keys dict_keys(['base_algorithm', 'learning_rate', 'num_envs', 'rollout_num_steps', 'gamma', 'gae_lambda', 'num_minibatches', 'update_epochs', 'minibatch_size', 'norm_adv', 'clip_coef', 'clip_vloss', 'ent_coef', 'vf_coef', 'max_grad_norm', 'rpo_alpha', 'parseval_reg', 'input_scale', 'learnable_input_scale', 'add_diag_layer', 'lie_group', 'pion', 'pion_block_size', 'pion_multiplicative', 'oft', 'poet', 'oet_num_blocks', 'poet_exact_cayley', 'layer_norm', 'layer_norm_no_params', 'weight_decay', 'tuned_adam', 'perturb', 'perturb_dist', 'regen', 'regen_wasserstein', 'weight_init', 'net_width', 'net_activation', 'init_gain', 'parseval_norm', 'parseval_num_groups'])
env_dict keys dict_keys(['env', 'change_freq', 'seed', 'env_sequence', 'env_type'])
Start RL run!
{'base_algorithm': 'ppo_agent', 'learning_rate': 0.002, 'num_envs': 1, 'rollout_num_steps': 2048, 'gamma': 0.99, 'gae_lambda': 0.95, 'num_minibatches': 32, 'update_epochs': 10, 'minibatch_size': 64, 'norm_adv': True, 'clip_coef': 0.2, 'clip_vloss': True, 'ent_coef': 0.0, 'vf_coef': 0.5, 'max_grad_norm': 0.5, 'rpo_alpha': 0.5, 'parseval_reg': 0, 'input_scale': 1, 'learnable_input_scale': False, 'add_diag_layer': False, 'lie_group': False, 'pion': True, 'pion_block_size': None, 'pion_multiplicative': False, 'oft': False, 'poet': False, 'oet_num_blocks': 1, 'poet_exact_cayley': False, 'layer_norm': False, 'layer_norm_no_params': False, 'weight_decay': 0, 'tuned_adam': False, 'perturb': 0.0, 'perturb_dist': 'xavier', 'regen': 0.0, 'regen_wasserstein': False, 'weight_init': 'xavier', 'net_width': 64, 'net_activation': 'tanh', 'init_gain': None, 'parseval_norm': False, 'parseval_num_groups': 1, 'device': 'cpu'}
{'env': 'metaworld_sequence_set0', 'change_freq': 1000000.0, 'seed': 126, 'env_sequence': 'set0', 'env_type': 'rl', 'local_run': False}
Running on gpu: False
TASK 1  226 reach-v3
time:  0.034 SPS: 0
0 success 0.0 +/- 0.0
0 eval return 225.613 +/- 33.898
time:  0.813 SPS: 512
24999 success 0.7 +/- 0.153
24999 eval return 1424.433 +/- 37.193
time:  1.82 SPS: 457
49999 success 0.9 +/- 0.1
49999 eval return 1530.041 +/- 47.813
time:  2.863 SPS: 436
74999 success 1.0 +/- 0.0
74999 eval return 1617.313 +/- 15.539
time:  3.93 SPS: 424
99999 success 1.0 +/- 0.0
99999 eval return 1722.439 +/- 22.542
time:  4.984 SPS: 418
124999 success 0.9 +/- 0.1
124999 eval return 1609.124 +/- 32.948
time:  5.977 SPS: 418
149999 success 1.0 +/- 0.0
149999 eval return 1608.75 +/- 63.481
time:  6.989 SPS: 417
174999 success 1.0 +/- 0.0
174999 eval return 1639.223 +/- 32.289
time:  7.977 SPS: 417
199999 success 1.0 +/- 0.0
199999 eval return 1738.87 +/- 29.878
time:  8.993 SPS: 416
224999 success 1.0 +/- 0.0
224999 eval return 1770.909 +/- 17.178
time:  10.196 SPS: 408
249999 success 1.0 +/- 0.0
249999 eval return 1714.758 +/- 39.573
time:  11.408 SPS: 401
274999 success 1.0 +/- 0.0
274999 eval return 1655.552 +/- 29.804
time:  12.69 SPS: 394
299999 success 1.0 +/- 0.0
299999 eval return 1722.162 +/- 17.862
time:  13.849 SPS: 391
324999 success 1.0 +/- 0.0
324999 eval return 1673.109 +/- 60.277
time:  14.861 SPS: 392
349999 success 1.0 +/- 0.0
349999 eval return 1673.328 +/- 30.218
time:  15.9 SPS: 393
374999 success 1.0 +/- 0.0
374999 eval return 1773.138 +/- 10.228
time:  16.893 SPS: 394
399999 success 1.0 +/- 0.0
399999 eval return 1671.591 +/- 48.877
time:  17.894 SPS: 395
424999 success 1.0 +/- 0.0
424999 eval return 1580.77 +/- 81.209
time:  19.045 SPS: 393
449999 success 1.0 +/- 0.0
449999 eval return 1668.688 +/- 43.418
time:  20.263 SPS: 390
474999 success 1.0 +/- 0.0
474999 eval return 1758.317 +/- 15.249
time:  21.53 SPS: 387
499999 success 1.0 +/- 0.0
499999 eval return 1669.368 +/- 30.704
time:  22.773 SPS: 384
524999 success 1.0 +/- 0.0
524999 eval return 1684.689 +/- 27.67
time:  23.999 SPS: 381
549999 success 1.0 +/- 0.0
549999 eval return 1757.113 +/- 18.19
time:  25.219 SPS: 380
574999 success 0.9 +/- 0.1
574999 eval return 1649.24 +/- 47.757
time:  26.398 SPS: 378
599999 success 1.0 +/- 0.0
599999 eval return 1718.433 +/- 54.33
time:  27.624 SPS: 377
624999 success 1.0 +/- 0.0
624999 eval return 1765.423 +/- 24.984
time:  28.811 SPS: 376
649999 success 1.0 +/- 0.0
649999 eval return 1749.441 +/- 31.749
time:  30.001 SPS: 374
674999 success 1.0 +/- 0.0
674999 eval return 1727.105 +/- 22.535
time:  31.18 SPS: 374
699999 success 1.0 +/- 0.0
699999 eval return 1777.39 +/- 16.118
time:  32.412 SPS: 372
724999 success 1.0 +/- 0.0
724999 eval return 1723.307 +/- 25.055
time:  33.611 SPS: 371
749999 success 1.0 +/- 0.0
749999 eval return 1721.33 +/- 58.74
time:  34.838 SPS: 370
774999 success 1.0 +/- 0.0
774999 eval return 1727.657 +/- 21.248
time:  36.067 SPS: 369
799999 success 1.0 +/- 0.0
799999 eval return 1701.254 +/- 28.004
time:  37.278 SPS: 368
824999 success 1.0 +/- 0.0
824999 eval return 1793.384 +/- 12.813
time:  38.533 SPS: 367
849999 success 0.9 +/- 0.1
849999 eval return 1653.139 +/- 73.196
time:  39.738 SPS: 366
874999 success 0.8 +/- 0.133
874999 eval return 1612.377 +/- 33.278
time:  40.938 SPS: 366
899999 success 0.9 +/- 0.1
899999 eval return 1588.292 +/- 64.061
time:  42.142 SPS: 365
924999 success 1.0 +/- 0.0
924999 eval return 1695.277 +/- 44.324
time:  43.354 SPS: 365
949999 success 1.0 +/- 0.0
949999 eval return 1758.651 +/- 12.211
time:  44.618 SPS: 364
974999 success 1.0 +/- 0.0
974999 eval return 1780.32 +/- 11.302
TASK 2  326 button-press-v3
time:  45.81 SPS: 363
999999 success 0.0 +/- 0.0
999999 eval return 119.972 +/- 7.956
time:  46.889 SPS: 364
1024999 success 0.0 +/- 0.0
1024999 eval return 252.989 +/- 22.342
time:  47.996 SPS: 364
1049999 success 0.0 +/- 0.0
1049999 eval return 373.478 +/- 16.148
time:  49.127 SPS: 364
1074999 success 0.3 +/- 0.153
1074999 eval return 538.774 +/- 102.528
time:  50.391 SPS: 363
1099999 success 0.5 +/- 0.167
1099999 eval return 451.204 +/- 96.581
time:  51.642 SPS: 363
1124999 success 0.9 +/- 0.1
1124999 eval return 902.037 +/- 103.724
time:  52.881 SPS: 362
1149999 success 1.0 +/- 0.0
1149999 eval return 917.621 +/- 86.231
time:  54.117 SPS: 361
1174999 success 0.9 +/- 0.1
1174999 eval return 1218.225 +/- 79.879
time:  55.408 SPS: 360
1199999 success 0.9 +/- 0.1
1199999 eval return 1222.781 +/- 128.967
time:  56.693 SPS: 360
1224999 success 0.9 +/- 0.1
1224999 eval return 1077.811 +/- 89.796
time:  57.885 SPS: 359
1249999 success 0.9 +/- 0.1
1249999 eval return 1222.841 +/- 97.179
time:  59.084 SPS: 359
1274999 success 0.9 +/- 0.1
1274999 eval return 1273.686 +/- 98.667
time:  60.323 SPS: 359
1299999 success 1.0 +/- 0.0
1299999 eval return 1392.366 +/- 17.808
time:  61.615 SPS: 358
1324999 success 1.0 +/- 0.0
1324999 eval return 1204.118 +/- 110.656
time:  62.904 SPS: 357
1349999 success 0.8 +/- 0.133
1349999 eval return 1253.173 +/- 81.021
time:  64.152 SPS: 357
1374999 success 1.0 +/- 0.0
1374999 eval return 1307.968 +/- 65.992
time:  65.416 SPS: 356
1399999 success 1.0 +/- 0.0
1399999 eval return 1285.486 +/- 70.778
time:  66.662 SPS: 356
1424999 success 0.8 +/- 0.133
1424999 eval return 1203.781 +/- 92.451
time:  67.912 SPS: 355
1449999 success 0.9 +/- 0.1
1449999 eval return 1252.572 +/- 88.067
time:  69.153 SPS: 355
1474999 success 0.9 +/- 0.1
1474999 eval return 1278.676 +/- 74.986
time:  70.374 SPS: 355
1499999 success 1.0 +/- 0.0
1499999 eval return 1338.657 +/- 26.707
time:  71.632 SPS: 354
1524999 success 1.0 +/- 0.0
1524999 eval return 1344.867 +/- 59.837
time:  72.905 SPS: 354
1549999 success 1.0 +/- 0.0
1549999 eval return 1243.085 +/- 94.569
time:  74.197 SPS: 353
1574999 success 1.0 +/- 0.0
1574999 eval return 1183.465 +/- 93.383
time:  75.467 SPS: 353
1599999 success 0.8 +/- 0.133
1599999 eval return 1098.179 +/- 106.548
time:  76.704 SPS: 353
1624999 success 1.0 +/- 0.0
1624999 eval return 1301.832 +/- 81.823
time:  77.984 SPS: 352
1649999 success 0.9 +/- 0.1
1649999 eval return 1281.931 +/- 81.869
time:  79.26 SPS: 352
1674999 success 1.0 +/- 0.0
1674999 eval return 1058.802 +/- 138.489
time:  80.581 SPS: 351
1699999 success 1.0 +/- 0.0
1699999 eval return 1286.082 +/- 50.079
time:  81.832 SPS: 351
1724999 success 0.9 +/- 0.1
1724999 eval return 1174.138 +/- 109.246
time:  83.037 SPS: 351
1749999 success 1.0 +/- 0.0
1749999 eval return 1303.421 +/- 41.597
time:  84.245 SPS: 351
1774999 success 1.0 +/- 0.0
1774999 eval return 1315.97 +/- 42.627
time:  85.454 SPS: 351
1799999 success 1.0 +/- 0.0
1799999 eval return 1212.75 +/- 134.967
time:  86.693 SPS: 350
1824999 success 1.0 +/- 0.0
1824999 eval return 1074.52 +/- 135.953
time:  87.892 SPS: 350
1849999 success 1.0 +/- 0.0
1849999 eval return 1115.681 +/- 103.147
time:  89.124 SPS: 350
1874999 success 1.0 +/- 0.0
1874999 eval return 1003.881 +/- 120.931
time:  90.349 SPS: 350
1899999 success 0.9 +/- 0.1
1899999 eval return 1180.022 +/- 93.45
time:  91.561 SPS: 350
1924999 success 0.7 +/- 0.153
1924999 eval return 1133.688 +/- 114.562
time:  92.811 SPS: 350
1949999 success 1.0 +/- 0.0
1949999 eval return 1384.109 +/- 31.746
time:  94.029 SPS: 350
1974999 success 1.0 +/- 0.0
1974999 eval return 1424.314 +/- 18.454
TASK 3  426 plate-slide-side-v3
time:  95.257 SPS: 349
1999999 success 0.0 +/- 0.0
1999999 eval return 6.613 +/- 0.191
time:  96.46 SPS: 349
2024999 success 0.0 +/- 0.0
2024999 eval return 6.206 +/- 0.142
time:  97.665 SPS: 349
2049999 success 0.0 +/- 0.0
2049999 eval return 7.276 +/- 0.221
time:  98.925 SPS: 349
2074999 success 0.0 +/- 0.0
2074999 eval return 15.488 +/- 4.769
time:  100.151 SPS: 349
2099999 success 0.0 +/- 0.0
2099999 eval return 265.327 +/- 33.919
time:  101.413 SPS: 349
2124999 success 0.0 +/- 0.0
2124999 eval return 426.004 +/- 33.964
time:  102.689 SPS: 348
2149999 success 0.0 +/- 0.0
2149999 eval return 477.69 +/- 9.104
time:  104.034 SPS: 348
2174999 success 0.0 +/- 0.0
2174999 eval return 744.05 +/- 72.85
time:  105.362 SPS: 348
2199999 success 0.1 +/- 0.1
2199999 eval return 481.76 +/- 127.462
time:  106.729 SPS: 347
2224999 success 0.6 +/- 0.163
2224999 eval return 1132.622 +/- 73.975
time:  108.095 SPS: 346
2249999 success 0.9 +/- 0.1
2249999 eval return 957.606 +/- 108.627
time:  109.452 SPS: 346
2274999 success 0.6 +/- 0.163
2274999 eval return 1226.465 +/- 18.035
time:  110.864 SPS: 345
2299999 success 0.6 +/- 0.163
2299999 eval return 879.472 +/- 83.414
time:  112.193 SPS: 345
2324999 success 0.9 +/- 0.1
2324999 eval return 1306.538 +/- 53.798
time:  113.571 SPS: 344
2349999 success 1.0 +/- 0.0
2349999 eval return 1358.409 +/- 51.911
time:  114.968 SPS: 344
2374999 success 1.0 +/- 0.0
2374999 eval return 1344.143 +/- 55.201
time:  116.336 SPS: 343
2399999 success 1.0 +/- 0.0
2399999 eval return 1444.121 +/- 34.656
time:  117.744 SPS: 343
2424999 success 1.0 +/- 0.0
2424999 eval return 1247.022 +/- 64.079
time:  119.024 SPS: 343
2449999 success 0.9 +/- 0.1
2449999 eval return 1339.93 +/- 40.779
time:  120.35 SPS: 342
2474999 success 0.6 +/- 0.163
2474999 eval return 957.965 +/- 133.286
time:  121.636 SPS: 342
2499999 success 0.7 +/- 0.153
2499999 eval return 1129.994 +/- 70.012
time:  122.947 SPS: 342
2524999 success 0.7 +/- 0.153
2524999 eval return 1357.147 +/- 34.274
time:  124.278 SPS: 341
2549999 success 1.0 +/- 0.0
2549999 eval return 1266.75 +/- 140.898
time:  125.607 SPS: 341
2574999 success 1.0 +/- 0.0
2574999 eval return 1277.83 +/- 86.617
time:  126.972 SPS: 341
2599999 success 1.0 +/- 0.0
2599999 eval return 1387.928 +/- 63.103
time:  128.335 SPS: 340
2624999 success 0.9 +/- 0.1
2624999 eval return 1205.369 +/- 132.442
time:  129.683 SPS: 340
2649999 success 0.9 +/- 0.1
2649999 eval return 1346.554 +/- 36.984
time:  131.089 SPS: 340
2674999 success 1.0 +/- 0.0
2674999 eval return 1452.701 +/- 39.546
time:  132.442 SPS: 339
2699999 success 1.0 +/- 0.0
2699999 eval return 1342.486 +/- 80.594
time:  133.804 SPS: 339
2724999 success 1.0 +/- 0.0
2724999 eval return 1419.933 +/- 41.231
time:  135.149 SPS: 339
2749999 success 0.9 +/- 0.1
2749999 eval return 1313.031 +/- 78.39
time:  136.474 SPS: 338
2774999 success 1.0 +/- 0.0
2774999 eval return 1216.116 +/- 102.234
time:  137.868 SPS: 338
2799999 success 0.7 +/- 0.153
2799999 eval return 1180.79 +/- 129.929
time:  139.201 SPS: 338
2824999 success 0.8 +/- 0.133
2824999 eval return 1291.032 +/- 84.739
time:  140.559 SPS: 337
2849999 success 0.8 +/- 0.133
2849999 eval return 1369.43 +/- 56.626
time:  141.886 SPS: 337
2874999 success 0.7 +/- 0.153
2874999 eval return 1244.519 +/- 63.389
time:  143.289 SPS: 337
2899999 success 0.9 +/- 0.1
2899999 eval return 1398.117 +/- 51.076
time:  144.629 SPS: 337
2924999 success 1.0 +/- 0.0
2924999 eval return 1432.293 +/- 45.146
time:  145.963 SPS: 336
2949999 success 0.9 +/- 0.1
2949999 eval return 1479.51 +/- 43.664
time:  147.308 SPS: 336
2974999 success 0.9 +/- 0.1
2974999 eval return 1153.337 +/- 186.142
TASK 4  526 door-close-v3
time:  148.66 SPS: 336
2999999 success 0.0 +/- 0.0
2999999 eval return 24.699 +/- 2.39
time:  149.958 SPS: 336
3024999 success 0.0 +/- 0.0
3024999 eval return 20.588 +/- 3.289
time:  151.249 SPS: 336
3049999 success 0.7 +/- 0.153
3049999 eval return 823.906 +/- 59.951
time:  152.61 SPS: 335
3074999 success 0.9 +/- 0.1
3074999 eval return 1332.687 +/- 60.251
time:  153.963 SPS: 335
3099999 success 0.9 +/- 0.1
3099999 eval return 1311.597 +/- 131.153
time:  155.316 SPS: 335
3124999 success 1.0 +/- 0.0
3124999 eval return 1436.397 +/- 16.44
time:  156.688 SPS: 335
3149999 success 1.0 +/- 0.0
3149999 eval return 1475.283 +/- 8.364
time:  158.018 SPS: 334
3174999 success 1.0 +/- 0.0
3174999 eval return 1465.725 +/- 8.114
time:  159.398 SPS: 334
3199999 success 1.0 +/- 0.0
3199999 eval return 1453.624 +/- 7.386
time:  160.673 SPS: 334
3224999 success 0.9 +/- 0.1
3224999 eval return 1277.62 +/- 46.004
time:  161.978 SPS: 334
3249999 success 0.9 +/- 0.1
3249999 eval return 1323.58 +/- 34.582
time:  163.309 SPS: 334
3274999 success 1.0 +/- 0.0
3274999 eval return 1468.878 +/- 8.576
time:  164.619 SPS: 334
3299999 success 1.0 +/- 0.0
3299999 eval return 1463.959 +/- 9.042
time:  165.971 SPS: 333
3324999 success 1.0 +/- 0.0
3324999 eval return 1492.948 +/- 6.535
time:  167.28 SPS: 333
3349999 success 1.0 +/- 0.0
3349999 eval return 1421.359 +/- 16.183
time:  168.586 SPS: 333
3374999 success 1.0 +/- 0.0
3374999 eval return 1466.704 +/- 10.879
time:  169.95 SPS: 333
3399999 success 1.0 +/- 0.0
3399999 eval return 1452.114 +/- 12.917
time:  171.275 SPS: 333
3424999 success 1.0 +/- 0.0
3424999 eval return 1483.394 +/- 5.24
time:  172.625 SPS: 333
3449999 success 1.0 +/- 0.0
3449999 eval return 1488.712 +/- 8.676
time:  173.996 SPS: 332
3474999 success 1.0 +/- 0.0
3474999 eval return 1489.631 +/- 6.073
time:  175.368 SPS: 332
3499999 success 1.0 +/- 0.0
3499999 eval return 1494.008 +/- 3.956
time:  176.732 SPS: 332
3524999 success 1.0 +/- 0.0
3524999 eval return 1496.645 +/- 4.218
time:  178.037 SPS: 332
3549999 success 1.0 +/- 0.0
3549999 eval return 1497.49 +/- 2.345
time:  179.329 SPS: 332
3574999 success 1.0 +/- 0.0
3574999 eval return 1494.023 +/- 4.508
time:  180.649 SPS: 332
3599999 success 1.0 +/- 0.0
3599999 eval return 1499.037 +/- 6.037
time:  182.065 SPS: 331
3624999 success 1.0 +/- 0.0
3624999 eval return 1483.222 +/- 6.808
time:  183.441 SPS: 331
3649999 success 1.0 +/- 0.0
3649999 eval return 1476.642 +/- 6.336
time:  184.809 SPS: 331
3674999 success 1.0 +/- 0.0
3674999 eval return 1481.822 +/- 7.72
time:  186.177 SPS: 331
3699999 success 0.8 +/- 0.133
3699999 eval return 1348.163 +/- 37.962
time:  187.486 SPS: 331
3724999 success 1.0 +/- 0.0
3724999 eval return 1299.315 +/- 34.863
time:  188.84 SPS: 330
3749999 success 1.0 +/- 0.0
3749999 eval return 1465.711 +/- 22.256
time:  190.188 SPS: 330
3774999 success 1.0 +/- 0.0
3774999 eval return 1462.027 +/- 12.278
time:  191.558 SPS: 330
3799999 success 1.0 +/- 0.0
3799999 eval return 1477.316 +/- 12.153
time:  192.875 SPS: 330
3824999 success 1.0 +/- 0.0
3824999 eval return 1476.07 +/- 10.094
time:  194.267 SPS: 330
3849999 success 1.0 +/- 0.0
3849999 eval return 1472.833 +/- 7.814
time:  195.665 SPS: 330
3874999 success 1.0 +/- 0.0
3874999 eval return 1413.181 +/- 24.525
time:  196.99 SPS: 329
3899999 success 0.5 +/- 0.167
3899999 eval return 1083.438 +/- 51.059
time:  198.279 SPS: 329
3924999 success 0.3 +/- 0.153
3924999 eval return 1006.235 +/- 92.451
time:  199.579 SPS: 329
3949999 success 1.0 +/- 0.0
3949999 eval return 1477.121 +/- 19.341
time:  200.865 SPS: 329
3974999 success 1.0 +/- 0.0
3974999 eval return 1472.152 +/- 12.425
TASK 5  626 plate-slide-back-side-v3
time:  202.148 SPS: 329
3999999 success 0.0 +/- 0.0
3999999 eval return 74.391 +/- 8.937
time:  203.432 SPS: 329
4024999 success 0.0 +/- 0.0
4024999 eval return 534.657 +/- 76.697
time:  204.737 SPS: 329
4049999 success 0.0 +/- 0.0
4049999 eval return 546.784 +/- 91.189
time:  206.028 SPS: 329
4074999 success 0.7 +/- 0.153
4074999 eval return 1044.433 +/- 108.927
time:  207.283 SPS: 329
4099999 success 0.9 +/- 0.1
4099999 eval return 1410.74 +/- 38.333
time:  208.581 SPS: 329
4124999 success 0.9 +/- 0.1
4124999 eval return 1198.58 +/- 109.104
time:  209.843 SPS: 329
4149999 success 1.0 +/- 0.0
4149999 eval return 1397.52 +/- 44.786
time:  211.11 SPS: 329
4174999 success 0.9 +/- 0.1
4174999 eval return 1354.538 +/- 138.58
time:  212.393 SPS: 329
4199999 success 0.9 +/- 0.1
4199999 eval return 1208.325 +/- 136.65
time:  213.68 SPS: 329
4224999 success 0.8 +/- 0.133
4224999 eval return 1177.193 +/- 136.137
time:  214.981 SPS: 329
4249999 success 0.9 +/- 0.1
4249999 eval return 1242.422 +/- 164.437
time:  216.245 SPS: 329
4274999 success 0.7 +/- 0.153
4274999 eval return 876.641 +/- 186.492
time:  217.516 SPS: 329
4299999 success 0.8 +/- 0.133
4299999 eval return 1186.501 +/- 193.222
time:  218.829 SPS: 329
4324999 success 1.0 +/- 0.0
4324999 eval return 1570.69 +/- 39.643
time:  220.163 SPS: 329
4349999 success 0.9 +/- 0.1
4349999 eval return 1395.312 +/- 143.345
time:  221.444 SPS: 329
4374999 success 0.6 +/- 0.163
4374999 eval return 979.022 +/- 255.963
time:  222.76 SPS: 329
4399999 success 1.0 +/- 0.0
4399999 eval return 1563.362 +/- 34.34
time:  224.104 SPS: 329
4424999 success 1.0 +/- 0.0
4424999 eval return 1569.037 +/- 21.851
time:  225.424 SPS: 329
4449999 success 0.8 +/- 0.133
4449999 eval return 1273.346 +/- 206.823
time:  226.788 SPS: 328
4474999 success 1.0 +/- 0.0
4474999 eval return 1462.183 +/- 18.49
time:  228.13 SPS: 328
4499999 success 0.9 +/- 0.1
4499999 eval return 1241.882 +/- 144.361
time:  229.47 SPS: 328
4524999 success 0.9 +/- 0.1
4524999 eval return 1391.304 +/- 153.531
time:  230.788 SPS: 328
4549999 success 1.0 +/- 0.0
4549999 eval return 1473.437 +/- 66.194
time:  232.111 SPS: 328
4574999 success 1.0 +/- 0.0
4574999 eval return 1626.488 +/- 17.578
time:  233.526 SPS: 328
4599999 success 0.9 +/- 0.1
4599999 eval return 1420.905 +/- 154.654
time:  234.858 SPS: 328
4624999 success 1.0 +/- 0.0
4624999 eval return 1544.299 +/- 42.945
time:  236.177 SPS: 328
4649999 success 0.7 +/- 0.153
4649999 eval return 1039.074 +/- 218.113
time:  237.507 SPS: 328
4674999 success 0.8 +/- 0.133
4674999 eval return 1162.207 +/- 181.85
time:  238.84 SPS: 327
4699999 success 1.0 +/- 0.0
4699999 eval return 1397.759 +/- 60.839
time:  240.184 SPS: 327
4724999 success 0.9 +/- 0.1
4724999 eval return 1437.947 +/- 159.694
time:  241.512 SPS: 327
4749999 success 1.0 +/- 0.0
4749999 eval return 1473.221 +/- 60.523
time:  242.99 SPS: 327
4774999 success 1.0 +/- 0.0
4774999 eval return 1335.877 +/- 153.92
time:  244.445 SPS: 327
4799999 success 0.8 +/- 0.133
4799999 eval return 1293.467 +/- 208.271
time:  245.78 SPS: 327
4824999 success 0.8 +/- 0.133
4824999 eval return 921.671 +/- 221.516
time:  247.157 SPS: 327
4849999 success 0.9 +/- 0.1
4849999 eval return 1404.702 +/- 166.033
time:  248.493 SPS: 326
4874999 success 1.0 +/- 0.0
4874999 eval return 1603.347 +/- 42.09
time:  249.802 SPS: 326
4899999 success 0.9 +/- 0.1
4899999 eval return 1406.881 +/- 152.19
time:  251.105 SPS: 326
4924999 success 1.0 +/- 0.0
4924999 eval return 1552.675 +/- 24.536
time:  252.413 SPS: 326
4949999 success 0.8 +/- 0.133
4949999 eval return 1124.076 +/- 189.866
time:  253.756 SPS: 326
4974999 success 1.0 +/- 0.0
4974999 eval return 1518.898 +/- 35.118
TASK 6  726 plate-slide-back-v3
time:  255.143 SPS: 326
4999999 success 0.0 +/- 0.0
4999999 eval return 63.019 +/- 2.324
time:  256.476 SPS: 326
5024999 success 0.0 +/- 0.0
5024999 eval return 134.684 +/- 16.006
time:  257.9 SPS: 326
5049999 success 0.0 +/- 0.0
5049999 eval return 323.817 +/- 35.04
time:  259.428 SPS: 326
5074999 success 0.0 +/- 0.0
5074999 eval return 450.695 +/- 27.147
time:  260.915 SPS: 325
5099999 success 0.0 +/- 0.0
5099999 eval return 452.088 +/- 26.496
time:  262.405 SPS: 325
5124999 success 0.0 +/- 0.0
5124999 eval return 537.407 +/- 11.119
time:  263.868 SPS: 325
5149999 success 0.0 +/- 0.0
5149999 eval return 478.828 +/- 20.987
time:  265.309 SPS: 325
5174999 success 0.0 +/- 0.0
5174999 eval return 554.676 +/- 18.81
time:  266.785 SPS: 324
5199999 success 0.0 +/- 0.0
5199999 eval return 537.23 +/- 34.76
time:  268.21 SPS: 324
5224999 success 0.0 +/- 0.0
5224999 eval return 453.007 +/- 40.507
time:  269.63 SPS: 324
5249999 success 0.0 +/- 0.0
5249999 eval return 644.538 +/- 8.17
time:  271.061 SPS: 324
5274999 success 0.0 +/- 0.0
5274999 eval return 594.162 +/- 34.217
time:  272.548 SPS: 324
5299999 success 0.0 +/- 0.0
5299999 eval return 610.918 +/- 21.099
time:  274.03 SPS: 323
5324999 success 0.0 +/- 0.0
5324999 eval return 607.479 +/- 47.182
time:  275.459 SPS: 323
5349999 success 0.0 +/- 0.0
5349999 eval return 632.655 +/- 43.336
time:  277.163 SPS: 323
5374999 success 0.0 +/- 0.0
5374999 eval return 675.069 +/- 12.814
time:  278.609 SPS: 323
5399999 success 0.0 +/- 0.0
5399999 eval return 646.989 +/- 19.817
time:  280.036 SPS: 322
5424999 success 0.0 +/- 0.0
5424999 eval return 567.367 +/- 54.948
time:  281.483 SPS: 322
5449999 success 0.0 +/- 0.0
5449999 eval return 696.517 +/- 18.79
time:  282.943 SPS: 322
5474999 success 0.0 +/- 0.0
5474999 eval return 640.417 +/- 71.593
time:  284.322 SPS: 322
5499999 success 0.1 +/- 0.1
5499999 eval return 674.489 +/- 50.347
time:  285.645 SPS: 322
5524999 success 0.5 +/- 0.167
5524999 eval return 934.234 +/- 53.1
time:  286.952 SPS: 322
5549999 success 0.8 +/- 0.133
5549999 eval return 1061.062 +/- 89.803
time:  288.369 SPS: 322
5574999 success 0.9 +/- 0.1
5574999 eval return 1336.254 +/- 117.356
time:  289.746 SPS: 322
5599999 success 1.0 +/- 0.0
5599999 eval return 1478.667 +/- 80.237
time:  291.117 SPS: 322
5624999 success 1.0 +/- 0.0
5624999 eval return 1477.588 +/- 36.95
time:  292.444 SPS: 321
5649999 success 1.0 +/- 0.0
5649999 eval return 1635.805 +/- 16.886
time:  293.805 SPS: 321
5674999 success 1.0 +/- 0.0
5674999 eval return 1608.859 +/- 16.75
time:  295.229 SPS: 321
5699999 success 1.0 +/- 0.0
5699999 eval return 1612.025 +/- 29.661
time:  296.609 SPS: 321
5724999 success 0.9 +/- 0.1
5724999 eval return 1510.85 +/- 154.613
time:  297.977 SPS: 321
5749999 success 1.0 +/- 0.0
5749999 eval return 1570.136 +/- 30.378
time:  299.305 SPS: 321
5774999 success 1.0 +/- 0.0
5774999 eval return 1462.74 +/- 30.826
time:  300.684 SPS: 321
5799999 success 1.0 +/- 0.0
5799999 eval return 1469.919 +/- 51.556
time:  302.039 SPS: 321
5824999 success 1.0 +/- 0.0
5824999 eval return 1220.452 +/- 154.312
time:  303.46 SPS: 321
5849999 success 1.0 +/- 0.0
5849999 eval return 1443.829 +/- 76.235
time:  304.887 SPS: 321
5874999 success 1.0 +/- 0.0
5874999 eval return 1468.9 +/- 42.723
time:  306.199 SPS: 321
5899999 success 0.9 +/- 0.1
5899999 eval return 1251.181 +/- 217.481
time:  307.533 SPS: 321
5924999 success 1.0 +/- 0.0
5924999 eval return 1447.455 +/- 135.316
time:  308.966 SPS: 320
5949999 success 1.0 +/- 0.0
5949999 eval return 1697.17 +/- 15.704
time:  310.333 SPS: 320
5974999 success 0.9 +/- 0.1
5974999 eval return 1465.612 +/- 140.445
TASK 7  826 coffee-button-v3
time:  311.678 SPS: 320
5999999 success 0.0 +/- 0.0
5999999 eval return 41.438 +/- 1.316
time:  313.048 SPS: 320
6024999 success 0.0 +/- 0.0
6024999 eval return 27.766 +/- 1.115
time:  314.314 SPS: 320
6049999 success 0.0 +/- 0.0
6049999 eval return 59.44 +/- 1.264
time:  315.582 SPS: 320
6074999 success 0.6 +/- 0.163
6074999 eval return 355.948 +/- 69.804
time:  316.854 SPS: 320
6099999 success 0.8 +/- 0.133
6099999 eval return 669.615 +/- 77.397
time:  318.133 SPS: 320
6124999 success 0.7 +/- 0.153
6124999 eval return 670.133 +/- 131.564
time:  319.41 SPS: 320
6149999 success 0.8 +/- 0.133
6149999 eval return 767.686 +/- 153.04
time:  320.682 SPS: 320
6174999 success 1.0 +/- 0.0
6174999 eval return 1045.182 +/- 128.483
time:  321.927 SPS: 320
6199999 success 0.9 +/- 0.1
6199999 eval return 1099.229 +/- 109.491
time:  323.231 SPS: 320
6224999 success 1.0 +/- 0.0
6224999 eval return 1059.879 +/- 109.642
time:  324.583 SPS: 320
6249999 success 1.0 +/- 0.0
6249999 eval return 1148.937 +/- 59.579
time:  325.936 SPS: 320
6274999 success 1.0 +/- 0.0
6274999 eval return 1169.167 +/- 42.698
time:  327.238 SPS: 320
6299999 success 1.0 +/- 0.0
6299999 eval return 1228.33 +/- 60.046
time:  328.457 SPS: 320
6324999 success 1.0 +/- 0.0
6324999 eval return 1211.928 +/- 65.402
time:  329.763 SPS: 320
6349999 success 1.0 +/- 0.0
6349999 eval return 1360.88 +/- 46.227
time:  331.109 SPS: 320
6374999 success 1.0 +/- 0.0
6374999 eval return 1053.018 +/- 66.14
time:  332.412 SPS: 320
6399999 success 1.0 +/- 0.0
6399999 eval return 1217.479 +/- 86.279
time:  333.682 SPS: 320
6424999 success 1.0 +/- 0.0
6424999 eval return 1295.604 +/- 53.486
time:  334.979 SPS: 320
6449999 success 1.0 +/- 0.0
6449999 eval return 1127.473 +/- 112.91
time:  336.253 SPS: 320
6474999 success 1.0 +/- 0.0
6474999 eval return 1330.922 +/- 34.503
time:  337.518 SPS: 320
6499999 success 1.0 +/- 0.0
6499999 eval return 1150.786 +/- 78.958
time:  338.834 SPS: 320
6524999 success 1.0 +/- 0.0
6524999 eval return 1323.485 +/- 57.945
time:  340.134 SPS: 320
6549999 success 1.0 +/- 0.0
6549999 eval return 1297.084 +/- 45.313
time:  341.349 SPS: 321
6574999 success 1.0 +/- 0.0
6574999 eval return 1144.614 +/- 61.442
time:  342.56 SPS: 321
6599999 success 1.0 +/- 0.0
6599999 eval return 1142.236 +/- 86.386
time:  343.745 SPS: 321
6624999 success 0.8 +/- 0.133
6624999 eval return 909.156 +/- 88.255
time:  345.059 SPS: 321
6649999 success 1.0 +/- 0.0
6649999 eval return 1223.355 +/- 51.744
time:  346.33 SPS: 321
6674999 success 0.9 +/- 0.1
6674999 eval return 1175.236 +/- 118.26
time:  347.557 SPS: 321
6699999 success 1.0 +/- 0.0
6699999 eval return 1220.74 +/- 56.496
time:  348.775 SPS: 321
6724999 success 1.0 +/- 0.0
6724999 eval return 1244.785 +/- 50.841
time:  349.963 SPS: 321
6749999 success 1.0 +/- 0.0
6749999 eval return 1210.976 +/- 32.097
time:  351.258 SPS: 321
6774999 success 1.0 +/- 0.0
6774999 eval return 1103.683 +/- 75.78
time:  352.538 SPS: 321
6799999 success 1.0 +/- 0.0
6799999 eval return 1189.515 +/- 47.541
time:  353.812 SPS: 321
6824999 success 0.9 +/- 0.1
6824999 eval return 1026.327 +/- 102.807
time:  355.104 SPS: 321
6849999 success 1.0 +/- 0.0
6849999 eval return 1330.32 +/- 37.03
time:  356.374 SPS: 321
6874999 success 1.0 +/- 0.0
6874999 eval return 1327.28 +/- 63.663
time:  357.601 SPS: 321
6899999 success 0.9 +/- 0.1
6899999 eval return 1145.987 +/- 140.485
time:  358.863 SPS: 321
6924999 success 1.0 +/- 0.0
6924999 eval return 1363.218 +/- 36.356
time:  360.061 SPS: 321
6949999 success 0.9 +/- 0.1
6949999 eval return 1243.118 +/- 111.76
time:  361.282 SPS: 321
6974999 success 1.0 +/- 0.0
6974999 eval return 1324.445 +/- 50.662
TASK 8  926 sweep-into-v3
time:  362.511 SPS: 321
6999999 success 0.0 +/- 0.0
6999999 eval return 16.804 +/- 1.107
time:  363.911 SPS: 321
7024999 success 0.0 +/- 0.0
7024999 eval return 22.576 +/- 1.397
time:  365.32 SPS: 321
7049999 success 0.0 +/- 0.0
7049999 eval return 30.098 +/- 1.12
time:  366.765 SPS: 321
7074999 success 0.0 +/- 0.0
7074999 eval return 47.444 +/- 5.03
time:  368.268 SPS: 321
7099999 success 0.0 +/- 0.0
7099999 eval return 107.112 +/- 6.283
time:  369.869 SPS: 321
7124999 success 0.0 +/- 0.0
7124999 eval return 163.156 +/- 12.425
time:  371.522 SPS: 320
7149999 success 0.0 +/- 0.0
7149999 eval return 215.627 +/- 27.599
time:  373.178 SPS: 320
7174999 success 0.0 +/- 0.0
7174999 eval return 256.879 +/- 16.955
time:  374.897 SPS: 320
7199999 success 0.0 +/- 0.0
7199999 eval return 232.586 +/- 22.018
time:  377.259 SPS: 319
7224999 success 0.0 +/- 0.0
7224999 eval return 247.698 +/- 19.866
time:  379.161 SPS: 318
7249999 success 0.0 +/- 0.0
7249999 eval return 266.743 +/- 34.693
time:  381.062 SPS: 318
7274999 success 0.0 +/- 0.0
7274999 eval return 212.259 +/- 31.626
time:  383.03 SPS: 317
7299999 success 0.0 +/- 0.0
7299999 eval return 270.176 +/- 25.821
time:  384.948 SPS: 317
7324999 success 0.0 +/- 0.0
7324999 eval return 299.548 +/- 25.476
time:  386.826 SPS: 316
7349999 success 0.0 +/- 0.0
7349999 eval return 291.866 +/- 18.866
time:  388.727 SPS: 316
7374999 success 0.0 +/- 0.0
7374999 eval return 305.953 +/- 25.118
time:  390.563 SPS: 315
7399999 success 0.0 +/- 0.0
7399999 eval return 236.014 +/- 28.736
time:  392.389 SPS: 315
7424999 success 0.0 +/- 0.0
7424999 eval return 245.867 +/- 35.138
time:  394.242 SPS: 314
7449999 success 0.0 +/- 0.0
7449999 eval return 321.085 +/- 13.124
time:  396.131 SPS: 314
7474999 success 0.0 +/- 0.0
7474999 eval return 318.269 +/- 29.431
time:  398.026 SPS: 314
7499999 success 0.0 +/- 0.0
7499999 eval return 273.767 +/- 17.058
time:  399.904 SPS: 313
7524999 success 0.0 +/- 0.0
7524999 eval return 227.621 +/- 29.71
time:  401.82 SPS: 313
7549999 success 0.0 +/- 0.0
7549999 eval return 279.538 +/- 21.754
time:  403.666 SPS: 312
7574999 success 0.0 +/- 0.0
7574999 eval return 296.771 +/- 16.235
time:  405.517 SPS: 312
7599999 success 0.0 +/- 0.0
7599999 eval return 265.78 +/- 26.742
time:  407.4 SPS: 311
7624999 success 0.0 +/- 0.0
7624999 eval return 297.57 +/- 12.296
time:  409.287 SPS: 311
7649999 success 0.0 +/- 0.0
7649999 eval return 307.715 +/- 34.829
time:  411.197 SPS: 311
7674999 success 0.1 +/- 0.1
7674999 eval return 399.728 +/- 30.311
time:  412.979 SPS: 310
7699999 success 0.7 +/- 0.153
7699999 eval return 544.146 +/- 113.071
time:  414.7 SPS: 310
7724999 success 0.3 +/- 0.153
7724999 eval return 496.581 +/- 92.61
time:  416.451 SPS: 310
7749999 success 0.8 +/- 0.133
7749999 eval return 1020.509 +/- 160.445
time:  418.077 SPS: 309
7774999 success 0.6 +/- 0.163
7774999 eval return 613.038 +/- 204.414
time:  419.633 SPS: 309
7799999 success 0.9 +/- 0.1
7799999 eval return 1380.1 +/- 155.27
time:  421.252 SPS: 309
7824999 success 0.6 +/- 0.163
7824999 eval return 802.773 +/- 189.866
time:  422.871 SPS: 309
7849999 success 0.9 +/- 0.1
7849999 eval return 1262.101 +/- 174.353
time:  424.483 SPS: 309
7874999 success 0.9 +/- 0.1
7874999 eval return 1169.851 +/- 200.991
time:  426.09 SPS: 309
7899999 success 1.0 +/- 0.0
7899999 eval return 1357.182 +/- 69.38
time:  427.682 SPS: 308
7924999 success 0.9 +/- 0.1
7924999 eval return 1246.659 +/- 200.855
time:  429.272 SPS: 308
7949999 success 0.7 +/- 0.153
7949999 eval return 877.243 +/- 225.262
time:  430.895 SPS: 308
7974999 success 0.9 +/- 0.1
7974999 eval return 900.381 +/- 203.739
TASK 9  1026 reach-wall-v3
time:  432.479 SPS: 308
7999999 success 0.0 +/- 0.0
7999999 eval return 440.939 +/- 12.443
time:  433.863 SPS: 308
8024999 success 0.0 +/- 0.0
8024999 eval return 482.211 +/- 11.329
time:  435.159 SPS: 308
8049999 success 0.2 +/- 0.133
8049999 eval return 527.851 +/- 47.742
time:  436.436 SPS: 308
8074999 success 0.0 +/- 0.0
8074999 eval return 460.786 +/- 11.098
time:  437.763 SPS: 308
8099999 success 0.3 +/- 0.153
8099999 eval return 820.084 +/- 108.99
time:  439.012 SPS: 308
8124999 success 0.9 +/- 0.1
8124999 eval return 1600.963 +/- 40.934
time:  440.222 SPS: 308
8149999 success 1.0 +/- 0.0
8149999 eval return 1633.146 +/- 19.107
time:  441.426 SPS: 308
8174999 success 1.0 +/- 0.0
8174999 eval return 1701.751 +/- 25.423
time:  442.64 SPS: 308
8199999 success 1.0 +/- 0.0
8199999 eval return 1712.729 +/- 25.149
time:  443.889 SPS: 308
8224999 success 1.0 +/- 0.0
8224999 eval return 1719.99 +/- 17.111
time:  445.083 SPS: 308
8249999 success 1.0 +/- 0.0
8249999 eval return 1741.842 +/- 25.478
time:  446.301 SPS: 309
8274999 success 1.0 +/- 0.0
8274999 eval return 1667.718 +/- 24.54
time:  447.52 SPS: 309
8299999 success 1.0 +/- 0.0
8299999 eval return 1814.122 +/- 4.682
time:  448.706 SPS: 309
8324999 success 1.0 +/- 0.0
8324999 eval return 1799.895 +/- 10.673
time:  449.953 SPS: 309
8349999 success 1.0 +/- 0.0
8349999 eval return 1758.48 +/- 12.704
time:  451.185 SPS: 309
8374999 success 1.0 +/- 0.0
8374999 eval return 1773.43 +/- 12.256
time:  452.39 SPS: 309
8399999 success 1.0 +/- 0.0
8399999 eval return 1720.384 +/- 23.296
time:  453.602 SPS: 309
8424999 success 1.0 +/- 0.0
8424999 eval return 1703.494 +/- 35.514
time:  454.81 SPS: 309
8449999 success 1.0 +/- 0.0
8449999 eval return 1747.693 +/- 30.159
time:  456.058 SPS: 309
8474999 success 1.0 +/- 0.0
8474999 eval return 1704.835 +/- 26.721
time:  457.27 SPS: 309
8499999 success 1.0 +/- 0.0
8499999 eval return 1667.502 +/- 45.073
time:  458.494 SPS: 309
8524999 success 1.0 +/- 0.0
8524999 eval return 1654.011 +/- 23.847
time:  459.704 SPS: 309
8549999 success 0.9 +/- 0.1
8549999 eval return 1594.835 +/- 31.088
time:  460.973 SPS: 310
8574999 success 0.9 +/- 0.1
8574999 eval return 1689.266 +/- 17.163
time:  462.184 SPS: 310
8599999 success 1.0 +/- 0.0
8599999 eval return 1793.148 +/- 9.746
time:  463.385 SPS: 310
8624999 success 1.0 +/- 0.0
8624999 eval return 1611.335 +/- 57.266
time:  464.596 SPS: 310
8649999 success 1.0 +/- 0.0
8649999 eval return 1680.792 +/- 32.645
time:  465.804 SPS: 310
8674999 success 1.0 +/- 0.0
8674999 eval return 1720.352 +/- 32.736
time:  467.057 SPS: 310
8699999 success 1.0 +/- 0.0
8699999 eval return 1722.318 +/- 21.403
time:  468.237 SPS: 310
8724999 success 1.0 +/- 0.0
8724999 eval return 1711.859 +/- 22.372
time:  469.373 SPS: 310
8749999 success 1.0 +/- 0.0
8749999 eval return 1650.232 +/- 29.472
time:  470.545 SPS: 310
8774999 success 1.0 +/- 0.0
8774999 eval return 1637.803 +/- 39.094
time:  471.714 SPS: 310
8799999 success 1.0 +/- 0.0
8799999 eval return 1711.664 +/- 15.03
time:  472.905 SPS: 311
8824999 success 0.9 +/- 0.1
8824999 eval return 1520.855 +/- 34.809
time:  474.045 SPS: 311
8849999 success 0.9 +/- 0.1
8849999 eval return 1591.128 +/- 62.823
time:  475.167 SPS: 311
8874999 success 1.0 +/- 0.0
8874999 eval return 1677.98 +/- 35.138
time:  476.233 SPS: 311
8899999 success 1.0 +/- 0.0
8899999 eval return 1710.656 +/- 22.817
time:  477.305 SPS: 311
8924999 success 1.0 +/- 0.0
8924999 eval return 1777.858 +/- 10.567
time:  478.361 SPS: 311
8949999 success 1.0 +/- 0.0
8949999 eval return 1713.18 +/- 16.429
time:  479.334 SPS: 312
8974999 success 1.0 +/- 0.0
8974999 eval return 1731.821 +/- 14.367
TASK 10  1126 drawer-close-v3
time:  480.319 SPS: 312
8999999 success 0.4 +/- 0.163
8999999 eval return 474.939 +/- 237.826
time:  481.295 SPS: 312
9024999 success 1.0 +/- 0.0
9024999 eval return 1629.389 +/- 137.132
time:  482.26 SPS: 312
9049999 success 0.7 +/- 0.153
9049999 eval return 1151.134 +/- 273.269
time:  483.277 SPS: 312
9074999 success 1.0 +/- 0.0
9074999 eval return 1639.843 +/- 154.214
time:  484.277 SPS: 313
9099999 success 1.0 +/- 0.0
9099999 eval return 1820.468 +/- 15.024
time:  485.309 SPS: 313
9124999 success 1.0 +/- 0.0
9124999 eval return 1827.461 +/- 10.77
time:  486.329 SPS: 313
9149999 success 0.9 +/- 0.1
9149999 eval return 1407.672 +/- 225.081
time:  487.332 SPS: 313
9174999 success 1.0 +/- 0.0
9174999 eval return 1786.544 +/- 41.368
time:  488.37 SPS: 313
9199999 success 1.0 +/- 0.0
9199999 eval return 1483.154 +/- 217.491
time:  489.383 SPS: 314
9224999 success 0.9 +/- 0.1
9224999 eval return 1636.78 +/- 181.804
time:  490.4 SPS: 314
9249999 success 1.0 +/- 0.0
9249999 eval return 1750.953 +/- 72.144
time:  491.442 SPS: 314
9274999 success 1.0 +/- 0.0
9274999 eval return 1801.516 +/- 11.594
time:  492.506 SPS: 314
9299999 success 1.0 +/- 0.0
9299999 eval return 1825.065 +/- 9.205
time:  493.51 SPS: 314
9324999 success 1.0 +/- 0.0
9324999 eval return 1845.321 +/- 3.6
time:  494.556 SPS: 315
9349999 success 1.0 +/- 0.0
9349999 eval return 1831.683 +/- 12.402
time:  495.591 SPS: 315
9374999 success 1.0 +/- 0.0
9374999 eval return 1829.086 +/- 7.915
time:  496.61 SPS: 315
9399999 success 1.0 +/- 0.0
9399999 eval return 1697.578 +/- 134.203
time:  497.662 SPS: 315
9424999 success 1.0 +/- 0.0
9424999 eval return 1825.968 +/- 12.414
time:  498.688 SPS: 315
9449999 success 1.0 +/- 0.0
9449999 eval return 1815.056 +/- 17.711
time:  499.719 SPS: 316
9474999 success 1.0 +/- 0.0
9474999 eval return 1824.389 +/- 10.314
time:  500.702 SPS: 316
9499999 success 1.0 +/- 0.0
9499999 eval return 1708.326 +/- 63.252
time:  501.713 SPS: 316
9524999 success 1.0 +/- 0.0
9524999 eval return 1798.558 +/- 27.843
time:  502.717 SPS: 316
9549999 success 1.0 +/- 0.0
9549999 eval return 1704.836 +/- 50.358
time:  503.715 SPS: 316
9574999 success 1.0 +/- 0.0
9574999 eval return 1819.313 +/- 9.236
time:  504.715 SPS: 317
9599999 success 1.0 +/- 0.0
9599999 eval return 1824.575 +/- 13.298
time:  505.718 SPS: 317
9624999 success 1.0 +/- 0.0
9624999 eval return 1807.551 +/- 34.579
time:  506.707 SPS: 317
9649999 success 1.0 +/- 0.0
9649999 eval return 1764.274 +/- 46.55
time:  507.77 SPS: 317
9674999 success 1.0 +/- 0.0
9674999 eval return 1725.823 +/- 46.986
time:  508.774 SPS: 317
9699999 success 1.0 +/- 0.0
9699999 eval return 1815.449 +/- 11.261
time:  509.762 SPS: 317
9724999 success 1.0 +/- 0.0
9724999 eval return 1616.37 +/- 149.811
time:  510.759 SPS: 318
9749999 success 1.0 +/- 0.0
9749999 eval return 1638.734 +/- 128.868
time:  511.711 SPS: 318
9774999 success 1.0 +/- 0.0
9774999 eval return 1697.229 +/- 121.195
time:  512.728 SPS: 318
9799999 success 1.0 +/- 0.0
9799999 eval return 1817.201 +/- 26.191
time:  513.752 SPS: 318
9824999 success 0.8 +/- 0.133
9824999 eval return 1414.424 +/- 241.995
time:  514.611 SPS: 319
9849999 success 1.0 +/- 0.0
9849999 eval return 1542.145 +/- 179.843
time:  515.413 SPS: 319
9874999 success 1.0 +/- 0.0
9874999 eval return 1789.518 +/- 28.956
time:  516.208 SPS: 319
9899999 success 1.0 +/- 0.0
9899999 eval return 1716.145 +/- 50.149
time:  517.073 SPS: 319
9924999 success 1.0 +/- 0.0
9924999 eval return 1697.83 +/- 120.866
time:  517.831 SPS: 320
9949999 success 1.0 +/- 0.0
9949999 eval return 1781.305 +/- 33.079
time:  518.602 SPS: 320
9974999 success 1.0 +/- 0.0
9974999 eval return 1831.585 +/- 10.964
TASK 11  1226 reach-v3
time:  519.412 SPS: 320
9999999 success 0.0 +/- 0.0
9999999 eval return 219.662 +/- 17.491
done RL run. Time 519.4454548033334 min
