D:\anaconda\envs\parseval\lib\site-packages\gymnasium\spaces\box.py:231: UserWarning: [33mWARN: Box low's precision lowered by casting to float32, current low.dtype=float64[0m
  gym.logger.warn(
D:\anaconda\envs\parseval\lib\site-packages\gymnasium\spaces\box.py:297: UserWarning: [33mWARN: Box high's precision lowered by casting to float32, current high.dtype=float64[0m
  gym.logger.warn(
D:\anaconda\envs\parseval\lib\site-packages\gymnasium\spaces\box.py:231: UserWarning: [33mWARN: Box low's precision lowered by casting to float32, current low.dtype=float64[0m
  gym.logger.warn(
D:\anaconda\envs\parseval\lib\site-packages\gymnasium\spaces\box.py:297: UserWarning: [33mWARN: Box high's precision lowered by casting to float32, current high.dtype=float64[0m
  gym.logger.warn(
agent_dict keys dict_keys(['base_algorithm', 'learning_rate', 'num_envs', 'rollout_num_steps', 'gamma', 'gae_lambda', 'num_minibatches', 'update_epochs', 'minibatch_size', 'norm_adv', 'clip_coef', 'clip_vloss', 'ent_coef', 'vf_coef', 'max_grad_norm', 'rpo_alpha', 'parseval_reg', 'input_scale', 'learnable_input_scale', 'add_diag_layer', 'lie_group', 'pion', 'pion_block_size', 'pion_multiplicative', 'oft', 'poet', 'oet_num_blocks', 'poet_exact_cayley', 'layer_norm', 'layer_norm_no_params', 'weight_decay', 'tuned_adam', 'perturb', 'perturb_dist', 'regen', 'regen_wasserstein', 'weight_init', 'net_width', 'net_activation', 'init_gain', 'parseval_norm', 'parseval_num_groups'])
env_dict keys dict_keys(['env', 'change_freq', 'seed', 'env_sequence', 'env_type'])
Start RL run!
{'base_algorithm': 'ppo_agent', 'learning_rate': 0.0006, 'num_envs': 1, 'rollout_num_steps': 2048, 'gamma': 0.99, 'gae_lambda': 0.95, 'num_minibatches': 32, 'update_epochs': 10, 'minibatch_size': 64, 'norm_adv': True, 'clip_coef': 0.2, 'clip_vloss': True, 'ent_coef': 0.0, 'vf_coef': 0.5, 'max_grad_norm': 0.5, 'rpo_alpha': 0.5, 'parseval_reg': 0, 'input_scale': 1, 'learnable_input_scale': False, 'add_diag_layer': False, 'lie_group': False, 'pion': False, 'pion_block_size': None, 'pion_multiplicative': False, 'oft': False, 'poet': True, 'oet_num_blocks': 1, 'poet_exact_cayley': True, 'layer_norm': False, 'layer_norm_no_params': False, 'weight_decay': 0, 'tuned_adam': False, 'perturb': 0.0, 'perturb_dist': 'xavier', 'regen': 0.0, 'regen_wasserstein': False, 'weight_init': 'orthogonal', 'net_width': 64, 'net_activation': 'tanh', 'init_gain': None, 'parseval_norm': False, 'parseval_num_groups': 1, 'device': 'cpu'}
{'env': 'metaworld_sequence_set0', 'change_freq': 1000000.0, 'seed': 125, 'env_sequence': 'set0', 'env_type': 'rl', 'local_run': False}
Running on gpu: False
TASK 1  225 reach-v3
time:  0.052 SPS: 0
0 success 0.1 +/- 0.1
0 eval return 376.654 +/- 96.441
time:  1.609 SPS: 258
24999 success 0.7 +/- 0.153
24999 eval return 1302.966 +/- 58.024
time:  3.188 SPS: 261
49999 success 1.0 +/- 0.0
49999 eval return 1689.977 +/- 21.729
time:  4.763 SPS: 262
74999 success 1.0 +/- 0.0
74999 eval return 1655.132 +/- 28.491
time:  6.342 SPS: 262
99999 success 0.9 +/- 0.1
99999 eval return 1671.848 +/- 34.166
time:  7.944 SPS: 262
124999 success 1.0 +/- 0.0
124999 eval return 1790.953 +/- 24.312
time:  9.485 SPS: 263
149999 success 1.0 +/- 0.0
149999 eval return 1788.676 +/- 10.674
time:  11.02 SPS: 264
174999 success 1.0 +/- 0.0
174999 eval return 1796.912 +/- 9.818
time:  12.538 SPS: 265
199999 success 1.0 +/- 0.0
199999 eval return 1778.167 +/- 11.355
time:  14.046 SPS: 266
224999 success 1.0 +/- 0.0
224999 eval return 1749.913 +/- 16.387
time:  15.673 SPS: 265
249999 success 1.0 +/- 0.0
249999 eval return 1732.944 +/- 16.79
time:  17.252 SPS: 265
274999 success 1.0 +/- 0.0
274999 eval return 1711.743 +/- 30.506
time:  18.81 SPS: 265
299999 success 1.0 +/- 0.0
299999 eval return 1769.038 +/- 26.378
time:  20.376 SPS: 265
324999 success 1.0 +/- 0.0
324999 eval return 1749.614 +/- 27.46
time:  21.92 SPS: 266
349999 success 1.0 +/- 0.0
349999 eval return 1756.304 +/- 23.22
time:  23.527 SPS: 265
374999 success 1.0 +/- 0.0
374999 eval return 1805.459 +/- 18.463
time:  25.074 SPS: 265
399999 success 1.0 +/- 0.0
399999 eval return 1846.501 +/- 10.464
time:  26.634 SPS: 265
424999 success 1.0 +/- 0.0
424999 eval return 1798.773 +/- 23.942
time:  28.142 SPS: 266
449999 success 1.0 +/- 0.0
449999 eval return 1836.096 +/- 8.54
time:  29.677 SPS: 266
474999 success 1.0 +/- 0.0
474999 eval return 1836.524 +/- 10.031
time:  31.294 SPS: 266
499999 success 1.0 +/- 0.0
499999 eval return 1761.655 +/- 17.679
time:  32.891 SPS: 266
524999 success 1.0 +/- 0.0
524999 eval return 1759.025 +/- 14.286
time:  34.474 SPS: 265
549999 success 1.0 +/- 0.0
549999 eval return 1772.419 +/- 9.073
time:  36.086 SPS: 265
574999 success 1.0 +/- 0.0
574999 eval return 1801.32 +/- 9.334
time:  37.754 SPS: 264
599999 success 1.0 +/- 0.0
599999 eval return 1799.931 +/- 23.923
time:  39.37 SPS: 264
624999 success 1.0 +/- 0.0
624999 eval return 1829.088 +/- 4.873
time:  40.92 SPS: 264
649999 success 1.0 +/- 0.0
649999 eval return 1814.851 +/- 13.001
time:  42.545 SPS: 264
674999 success 1.0 +/- 0.0
674999 eval return 1811.003 +/- 14.485
time:  44.169 SPS: 264
699999 success 1.0 +/- 0.0
699999 eval return 1781.363 +/- 36.156
time:  45.859 SPS: 263
724999 success 1.0 +/- 0.0
724999 eval return 1746.545 +/- 24.507
time:  47.483 SPS: 263
749999 success 1.0 +/- 0.0
749999 eval return 1764.685 +/- 19.036
time:  49.125 SPS: 262
774999 success 1.0 +/- 0.0
774999 eval return 1746.284 +/- 23.964
time:  50.712 SPS: 262
799999 success 1.0 +/- 0.0
799999 eval return 1681.61 +/- 29.825
time:  52.306 SPS: 262
824999 success 1.0 +/- 0.0
824999 eval return 1755.88 +/- 32.044
time:  54.002 SPS: 262
849999 success 1.0 +/- 0.0
849999 eval return 1797.533 +/- 30.768
time:  55.592 SPS: 262
874999 success 1.0 +/- 0.0
874999 eval return 1808.846 +/- 14.805
time:  57.23 SPS: 262
899999 success 1.0 +/- 0.0
899999 eval return 1827.903 +/- 28.97
time:  58.824 SPS: 262
924999 success 1.0 +/- 0.0
924999 eval return 1838.202 +/- 5.823
time:  60.44 SPS: 261
949999 success 1.0 +/- 0.0
949999 eval return 1756.381 +/- 27.885
time:  62.12 SPS: 261
974999 success 1.0 +/- 0.0
974999 eval return 1788.704 +/- 36.274
TASK 2  325 button-press-v3
time:  63.734 SPS: 261
999999 success 0.0 +/- 0.0
999999 eval return 40.361 +/- 1.007
time:  65.161 SPS: 262
1024999 success 0.0 +/- 0.0
1024999 eval return 46.941 +/- 2.308
time:  66.603 SPS: 262
1049999 success 0.0 +/- 0.0
1049999 eval return 71.389 +/- 0.982
time:  68.067 SPS: 263
1074999 success 0.0 +/- 0.0
1074999 eval return 140.212 +/- 6.832
time:  69.611 SPS: 263
1099999 success 0.0 +/- 0.0
1099999 eval return 321.715 +/- 35.279
time:  71.121 SPS: 263
1124999 success 1.0 +/- 0.0
1124999 eval return 993.797 +/- 105.506
time:  72.653 SPS: 263
1149999 success 1.0 +/- 0.0
1149999 eval return 992.717 +/- 118.167
time:  74.204 SPS: 263
1174999 success 1.0 +/- 0.0
1174999 eval return 1243.769 +/- 65.967
time:  75.767 SPS: 263
1199999 success 1.0 +/- 0.0
1199999 eval return 995.281 +/- 154.837
time:  77.377 SPS: 263
1224999 success 1.0 +/- 0.0
1224999 eval return 1295.428 +/- 72.074
time:  78.93 SPS: 263
1249999 success 1.0 +/- 0.0
1249999 eval return 1127.155 +/- 108.909
time:  80.51 SPS: 263
1274999 success 1.0 +/- 0.0
1274999 eval return 1163.429 +/- 105.483
time:  82.065 SPS: 264
1299999 success 1.0 +/- 0.0
1299999 eval return 1177.277 +/- 109.148
time:  83.674 SPS: 263
1324999 success 1.0 +/- 0.0
1324999 eval return 1047.153 +/- 111.577
time:  85.39 SPS: 263
1349999 success 0.8 +/- 0.133
1349999 eval return 1143.453 +/- 104.676
time:  87.004 SPS: 263
1374999 success 1.0 +/- 0.0
1374999 eval return 1140.322 +/- 66.241
time:  88.634 SPS: 263
1399999 success 1.0 +/- 0.0
1399999 eval return 1074.342 +/- 125.004
time:  90.277 SPS: 263
1424999 success 1.0 +/- 0.0
1424999 eval return 1276.001 +/- 28.762
time:  91.971 SPS: 262
1449999 success 1.0 +/- 0.0
1449999 eval return 1319.555 +/- 36.518
time:  93.627 SPS: 262
1474999 success 1.0 +/- 0.0
1474999 eval return 1303.836 +/- 42.052
time:  95.232 SPS: 262
1499999 success 1.0 +/- 0.0
1499999 eval return 1204.128 +/- 72.731
time:  96.848 SPS: 262
1524999 success 1.0 +/- 0.0
1524999 eval return 1249.549 +/- 47.493
time:  98.437 SPS: 262
1549999 success 1.0 +/- 0.0
1549999 eval return 1295.684 +/- 64.351
time:  100.123 SPS: 262
1574999 success 1.0 +/- 0.0
1574999 eval return 1322.06 +/- 59.424
time:  101.685 SPS: 262
1599999 success 1.0 +/- 0.0
1599999 eval return 1387.181 +/- 21.131
time:  103.262 SPS: 262
1624999 success 0.9 +/- 0.1
1624999 eval return 1199.448 +/- 75.837
time:  104.834 SPS: 262
1649999 success 1.0 +/- 0.0
1649999 eval return 1381.929 +/- 21.134
time:  106.388 SPS: 262
1674999 success 1.0 +/- 0.0
1674999 eval return 1280.15 +/- 61.382
time:  108.057 SPS: 262
1699999 success 1.0 +/- 0.0
1699999 eval return 1232.433 +/- 68.894
time:  109.693 SPS: 262
1724999 success 1.0 +/- 0.0
1724999 eval return 1250.805 +/- 110.104
time:  111.307 SPS: 262
1749999 success 1.0 +/- 0.0
1749999 eval return 1373.002 +/- 18.841
time:  112.931 SPS: 261
1774999 success 1.0 +/- 0.0
1774999 eval return 1269.993 +/- 80.167
time:  114.57 SPS: 261
1799999 success 1.0 +/- 0.0
1799999 eval return 1250.272 +/- 96.114
time:  116.259 SPS: 261
1824999 success 1.0 +/- 0.0
1824999 eval return 1392.353 +/- 20.763
time:  117.896 SPS: 261
1849999 success 1.0 +/- 0.0
1849999 eval return 1363.458 +/- 44.124
time:  119.495 SPS: 261
1874999 success 1.0 +/- 0.0
1874999 eval return 1406.596 +/- 10.729
time:  121.118 SPS: 261
1899999 success 1.0 +/- 0.0
1899999 eval return 1385.608 +/- 17.596
time:  122.747 SPS: 261
1924999 success 1.0 +/- 0.0
1924999 eval return 1381.608 +/- 37.586
time:  124.537 SPS: 260
1949999 success 1.0 +/- 0.0
1949999 eval return 1348.644 +/- 33.738
time:  126.161 SPS: 260
1974999 success 1.0 +/- 0.0
1974999 eval return 1379.192 +/- 24.112
TASK 3  425 plate-slide-side-v3
time:  127.802 SPS: 260
1999999 success 0.0 +/- 0.0
1999999 eval return 7.455 +/- 0.276
time:  129.404 SPS: 260
2024999 success 0.0 +/- 0.0
2024999 eval return 18.312 +/- 1.001
time:  131.024 SPS: 260
2049999 success 0.0 +/- 0.0
2049999 eval return 57.251 +/- 2.532
time:  132.75 SPS: 260
2074999 success 0.0 +/- 0.0
2074999 eval return 108.121 +/- 13.591
time:  134.395 SPS: 260
2099999 success 0.0 +/- 0.0
2099999 eval return 156.574 +/- 26.195
time:  136.057 SPS: 260
2124999 success 0.0 +/- 0.0
2124999 eval return 391.023 +/- 45.03
time:  137.738 SPS: 260
2149999 success 0.0 +/- 0.0
2149999 eval return 463.739 +/- 41.828
time:  139.486 SPS: 259
2174999 success 0.0 +/- 0.0
2174999 eval return 540.785 +/- 50.753
time:  141.148 SPS: 259
2199999 success 0.9 +/- 0.1
2199999 eval return 910.932 +/- 159.659
time:  142.898 SPS: 259
2224999 success 0.7 +/- 0.153
2224999 eval return 1037.971 +/- 92.656
time:  144.588 SPS: 259
2249999 success 0.8 +/- 0.133
2249999 eval return 893.728 +/- 73.478
time:  146.312 SPS: 259
2274999 success 0.9 +/- 0.1
2274999 eval return 1303.937 +/- 125.436
time:  148.144 SPS: 258
2299999 success 1.0 +/- 0.0
2299999 eval return 1422.74 +/- 66.776
time:  149.892 SPS: 258
2324999 success 0.9 +/- 0.1
2324999 eval return 1280.238 +/- 153.158
time:  151.542 SPS: 258
2349999 success 1.0 +/- 0.0
2349999 eval return 1545.258 +/- 35.669
time:  153.235 SPS: 258
2374999 success 0.9 +/- 0.1
2374999 eval return 1404.634 +/- 155.736
time:  154.936 SPS: 258
2399999 success 1.0 +/- 0.0
2399999 eval return 1461.086 +/- 79.989
time:  156.698 SPS: 257
2424999 success 1.0 +/- 0.0
2424999 eval return 1456.108 +/- 33.24
time:  158.398 SPS: 257
2449999 success 0.9 +/- 0.1
2449999 eval return 1336.264 +/- 151.178
time:  160.052 SPS: 257
2474999 success 0.9 +/- 0.1
2474999 eval return 1251.127 +/- 145.577
time:  161.723 SPS: 257
2499999 success 0.9 +/- 0.1
2499999 eval return 1280.955 +/- 39.107
time:  163.413 SPS: 257
2524999 success 1.0 +/- 0.0
2524999 eval return 1359.283 +/- 55.908
time:  165.237 SPS: 257
2549999 success 1.0 +/- 0.0
2549999 eval return 1270.656 +/- 81.068
time:  166.988 SPS: 257
2574999 success 1.0 +/- 0.0
2574999 eval return 1478.748 +/- 43.087
time:  168.745 SPS: 256
2599999 success 0.8 +/- 0.133
2599999 eval return 1146.37 +/- 189.619
time:  170.467 SPS: 256
2624999 success 1.0 +/- 0.0
2624999 eval return 1535.765 +/- 36.16
time:  172.228 SPS: 256
2649999 success 1.0 +/- 0.0
2649999 eval return 1570.257 +/- 23.181
time:  174.037 SPS: 256
2674999 success 1.0 +/- 0.0
2674999 eval return 1516.413 +/- 46.297
time:  175.803 SPS: 255
2699999 success 0.9 +/- 0.1
2699999 eval return 1388.871 +/- 149.675
time:  177.516 SPS: 255
2724999 success 1.0 +/- 0.0
2724999 eval return 1532.832 +/- 26.138
time:  179.215 SPS: 255
2749999 success 1.0 +/- 0.0
2749999 eval return 1439.996 +/- 32.52
time:  180.912 SPS: 255
2774999 success 1.0 +/- 0.0
2774999 eval return 1359.831 +/- 54.097
time:  182.633 SPS: 255
2799999 success 0.9 +/- 0.1
2799999 eval return 1244.709 +/- 137.048
time:  184.248 SPS: 255
2824999 success 0.9 +/- 0.1
2824999 eval return 1183.996 +/- 139.403
time:  185.912 SPS: 255
2849999 success 1.0 +/- 0.0
2849999 eval return 1131.289 +/- 108.235
time:  187.598 SPS: 255
2874999 success 0.9 +/- 0.1
2874999 eval return 996.609 +/- 204.237
time:  189.316 SPS: 255
2899999 success 1.0 +/- 0.0
2899999 eval return 1464.742 +/- 35.886
time:  190.976 SPS: 255
2924999 success 1.0 +/- 0.0
2924999 eval return 1409.122 +/- 118.198
time:  192.623 SPS: 255
2949999 success 1.0 +/- 0.0
2949999 eval return 1438.859 +/- 25.649
time:  194.301 SPS: 255
2974999 success 1.0 +/- 0.0
2974999 eval return 1392.596 +/- 26.607
TASK 4  525 door-close-v3
time:  195.945 SPS: 255
2999999 success 0.2 +/- 0.133
2999999 eval return 255.522 +/- 143.02
time:  197.639 SPS: 255
3024999 success 0.8 +/- 0.133
3024999 eval return 1175.918 +/- 183.791
time:  199.282 SPS: 255
3049999 success 1.0 +/- 0.0
3049999 eval return 1458.622 +/- 25.112
time:  200.975 SPS: 255
3074999 success 0.9 +/- 0.1
3074999 eval return 1264.381 +/- 48.015
time:  202.635 SPS: 254
3099999 success 1.0 +/- 0.0
3099999 eval return 1487.334 +/- 11.58
time:  204.284 SPS: 254
3124999 success 1.0 +/- 0.0
3124999 eval return 1506.094 +/- 12.964
time:  206.034 SPS: 254
3149999 success 1.0 +/- 0.0
3149999 eval return 1511.09 +/- 7.671
time:  207.757 SPS: 254
3174999 success 1.0 +/- 0.0
3174999 eval return 1436.494 +/- 29.532
time:  209.439 SPS: 254
3199999 success 1.0 +/- 0.0
3199999 eval return 1439.092 +/- 36.885
time:  211.087 SPS: 254
3224999 success 1.0 +/- 0.0
3224999 eval return 1479.213 +/- 27.208
time:  212.759 SPS: 254
3249999 success 1.0 +/- 0.0
3249999 eval return 1497.019 +/- 6.468
time:  214.6 SPS: 254
3274999 success 1.0 +/- 0.0
3274999 eval return 1459.553 +/- 14.486
time:  216.251 SPS: 254
3299999 success 1.0 +/- 0.0
3299999 eval return 1497.119 +/- 23.292
time:  217.974 SPS: 254
3324999 success 1.0 +/- 0.0
3324999 eval return 1471.138 +/- 28.996
time:  219.638 SPS: 254
3349999 success 1.0 +/- 0.0
3349999 eval return 1486.64 +/- 18.407
time:  221.401 SPS: 254
3374999 success 1.0 +/- 0.0
3374999 eval return 1529.068 +/- 6.728
time:  223.164 SPS: 253
3399999 success 1.0 +/- 0.0
3399999 eval return 1501.719 +/- 9.632
time:  225.099 SPS: 253
3424999 success 0.9 +/- 0.1
3424999 eval return 1331.911 +/- 54.124
time:  226.845 SPS: 253
3449999 success 0.9 +/- 0.1
3449999 eval return 1357.244 +/- 140.161
time:  228.572 SPS: 253
3474999 success 0.8 +/- 0.133
3474999 eval return 1351.513 +/- 127.157
time:  230.275 SPS: 253
3499999 success 1.0 +/- 0.0
3499999 eval return 1525.95 +/- 6.548
time:  232.044 SPS: 253
3524999 success 1.0 +/- 0.0
3524999 eval return 1513.861 +/- 8.885
time:  233.757 SPS: 253
3549999 success 1.0 +/- 0.0
3549999 eval return 1505.303 +/- 16.452
time:  235.426 SPS: 253
3574999 success 1.0 +/- 0.0
3574999 eval return 1523.581 +/- 7.323
time:  237.256 SPS: 252
3599999 success 0.8 +/- 0.133
3599999 eval return 1230.75 +/- 189.817
time:  239.039 SPS: 252
3624999 success 1.0 +/- 0.0
3624999 eval return 1478.168 +/- 13.772
time:  240.851 SPS: 252
3649999 success 1.0 +/- 0.0
3649999 eval return 1490.493 +/- 14.926
time:  242.654 SPS: 252
3674999 success 0.9 +/- 0.1
3674999 eval return 1461.959 +/- 27.393
time:  244.46 SPS: 252
3699999 success 1.0 +/- 0.0
3699999 eval return 1488.974 +/- 24.522
time:  246.215 SPS: 252
3724999 success 1.0 +/- 0.0
3724999 eval return 1480.511 +/- 11.259
time:  248.102 SPS: 251
3749999 success 1.0 +/- 0.0
3749999 eval return 1492.765 +/- 11.304
time:  249.933 SPS: 251
3774999 success 1.0 +/- 0.0
3774999 eval return 1488.025 +/- 16.526
time:  251.761 SPS: 251
3799999 success 1.0 +/- 0.0
3799999 eval return 1499.462 +/- 10.178
time:  253.505 SPS: 251
3824999 success 1.0 +/- 0.0
3824999 eval return 1498.363 +/- 13.383
time:  255.355 SPS: 251
3849999 success 1.0 +/- 0.0
3849999 eval return 1373.489 +/- 14.09
time:  257.306 SPS: 250
3874999 success 0.9 +/- 0.1
3874999 eval return 1313.332 +/- 137.746
time:  259.31 SPS: 250
3899999 success 1.0 +/- 0.0
3899999 eval return 1460.179 +/- 39.936
time:  261.112 SPS: 250
3924999 success 1.0 +/- 0.0
3924999 eval return 1514.047 +/- 13.558
time:  262.88 SPS: 250
3949999 success 1.0 +/- 0.0
3949999 eval return 1539.265 +/- 3.675
time:  264.683 SPS: 250
3974999 success 1.0 +/- 0.0
3974999 eval return 1518.171 +/- 10.008
TASK 5  625 plate-slide-back-side-v3
time:  266.438 SPS: 250
3999999 success 0.0 +/- 0.0
3999999 eval return 28.499 +/- 1.424
time:  268.14 SPS: 250
4024999 success 0.0 +/- 0.0
4024999 eval return 387.593 +/- 105.265
time:  269.861 SPS: 250
4049999 success 0.5 +/- 0.167
4049999 eval return 705.663 +/- 157.22
time:  271.618 SPS: 250
4074999 success 0.7 +/- 0.153
4074999 eval return 928.709 +/- 201.639
time:  273.362 SPS: 249
4099999 success 0.7 +/- 0.153
4099999 eval return 880.557 +/- 181.478
time:  275.145 SPS: 249
4124999 success 0.7 +/- 0.153
4124999 eval return 872.37 +/- 181.751
time:  276.926 SPS: 249
4149999 success 0.4 +/- 0.163
4149999 eval return 693.453 +/- 235.14
time:  278.677 SPS: 249
4174999 success 0.7 +/- 0.153
4174999 eval return 1073.151 +/- 200.913
time:  280.444 SPS: 249
4199999 success 0.9 +/- 0.1
4199999 eval return 1265.973 +/- 120.09
time:  282.117 SPS: 249
4224999 success 0.7 +/- 0.153
4224999 eval return 975.818 +/- 197.87
time:  283.954 SPS: 249
4249999 success 0.9 +/- 0.1
4249999 eval return 1468.073 +/- 159.026
time:  285.724 SPS: 249
4274999 success 0.8 +/- 0.133
4274999 eval return 1273.693 +/- 206.823
time:  287.509 SPS: 249
4299999 success 0.9 +/- 0.1
4299999 eval return 1376.954 +/- 132.948
time:  289.205 SPS: 249
4324999 success 1.0 +/- 0.0
4324999 eval return 1506.219 +/- 50.391
time:  291.064 SPS: 249
4349999 success 0.7 +/- 0.153
4349999 eval return 1081.024 +/- 216.204
time:  292.829 SPS: 249
4374999 success 0.9 +/- 0.1
4374999 eval return 1406.551 +/- 154.106
time:  294.647 SPS: 248
4399999 success 0.8 +/- 0.133
4399999 eval return 1306.755 +/- 212.805
time:  296.349 SPS: 248
4424999 success 0.9 +/- 0.1
4424999 eval return 1368.901 +/- 159.617
time:  298.046 SPS: 248
4449999 success 0.8 +/- 0.133
4449999 eval return 1237.325 +/- 171.742
time:  299.805 SPS: 248
4474999 success 1.0 +/- 0.0
4474999 eval return 1421.291 +/- 76.97
time:  301.439 SPS: 248
4499999 success 0.9 +/- 0.1
4499999 eval return 1223.332 +/- 144.388
time:  303.069 SPS: 248
4524999 success 0.9 +/- 0.1
4524999 eval return 1370.709 +/- 148.622
time:  304.785 SPS: 248
4549999 success 0.8 +/- 0.133
4549999 eval return 1181.143 +/- 193.172
time:  306.587 SPS: 248
4574999 success 0.8 +/- 0.133
4574999 eval return 1211.786 +/- 198.983
time:  308.353 SPS: 248
4599999 success 0.9 +/- 0.1
4599999 eval return 1371.519 +/- 153.274
time:  310.012 SPS: 248
4624999 success 0.9 +/- 0.1
4624999 eval return 1143.752 +/- 152.391
time:  311.76 SPS: 248
4649999 success 0.9 +/- 0.1
4649999 eval return 1409.912 +/- 135.517
time:  313.481 SPS: 248
4674999 success 0.9 +/- 0.1
4674999 eval return 1176.293 +/- 189.069
time:  315.163 SPS: 248
4699999 success 0.8 +/- 0.133
4699999 eval return 1300.313 +/- 211.855
time:  316.909 SPS: 248
4724999 success 0.9 +/- 0.1
4724999 eval return 1377.008 +/- 159.731
time:  318.646 SPS: 248
4749999 success 0.9 +/- 0.1
4749999 eval return 1388.958 +/- 162.389
time:  320.359 SPS: 248
4774999 success 0.8 +/- 0.133
4774999 eval return 1307.941 +/- 207.456
time:  322.112 SPS: 248
4799999 success 0.9 +/- 0.1
4799999 eval return 1431.312 +/- 147.69
time:  323.711 SPS: 248
4824999 success 0.8 +/- 0.133
4824999 eval return 1283.883 +/- 189.677
time:  325.394 SPS: 248
4849999 success 1.0 +/- 0.0
4849999 eval return 1595.94 +/- 22.026
time:  327.072 SPS: 248
4874999 success 0.9 +/- 0.1
4874999 eval return 1236.797 +/- 134.748
time:  328.765 SPS: 248
4899999 success 1.0 +/- 0.0
4899999 eval return 1584.332 +/- 26.19
time:  330.381 SPS: 248
4924999 success 0.9 +/- 0.1
4924999 eval return 1262.25 +/- 92.2
time:  331.98 SPS: 248
4949999 success 0.8 +/- 0.133
4949999 eval return 1165.792 +/- 171.44
time:  333.701 SPS: 248
4974999 success 0.6 +/- 0.163
4974999 eval return 950.813 +/- 240.885
TASK 6  725 plate-slide-back-v3
time:  335.449 SPS: 248
4999999 success 0.0 +/- 0.0
4999999 eval return 22.214 +/- 0.467
time:  337.148 SPS: 248
5024999 success 0.0 +/- 0.0
5024999 eval return 25.501 +/- 0.312
time:  338.778 SPS: 248
5049999 success 0.0 +/- 0.0
5049999 eval return 59.45 +/- 1.453
time:  340.496 SPS: 248
5074999 success 0.0 +/- 0.0
5074999 eval return 116.935 +/- 2.274
time:  342.095 SPS: 248
5099999 success 0.4 +/- 0.163
5099999 eval return 531.917 +/- 152.268
time:  343.722 SPS: 248
5124999 success 0.3 +/- 0.153
5124999 eval return 779.875 +/- 123.813
time:  345.307 SPS: 248
5149999 success 0.7 +/- 0.153
5149999 eval return 1006.928 +/- 139.249
time:  346.913 SPS: 248
5174999 success 0.9 +/- 0.1
5174999 eval return 1244.657 +/- 128.161
time:  348.623 SPS: 248
5199999 success 1.0 +/- 0.0
5199999 eval return 1415.144 +/- 43.512
time:  350.222 SPS: 248
5224999 success 1.0 +/- 0.0
5224999 eval return 1545.204 +/- 31.846
time:  351.814 SPS: 248
5249999 success 1.0 +/- 0.0
5249999 eval return 1415.916 +/- 31.93
time:  353.37 SPS: 248
5274999 success 0.9 +/- 0.1
5274999 eval return 1248.171 +/- 166.394
time:  354.946 SPS: 248
5299999 success 0.9 +/- 0.1
5299999 eval return 1447.799 +/- 149.01
time:  356.594 SPS: 248
5324999 success 1.0 +/- 0.0
5324999 eval return 1516.724 +/- 86.867
time:  358.783 SPS: 248
5349999 success 1.0 +/- 0.0
5349999 eval return 1449.785 +/- 57.481
time:  360.456 SPS: 248
5374999 success 1.0 +/- 0.0
5374999 eval return 1414.069 +/- 66.811
time:  362.119 SPS: 248
5399999 success 1.0 +/- 0.0
5399999 eval return 1574.927 +/- 46.245
time:  363.814 SPS: 248
5424999 success 1.0 +/- 0.0
5424999 eval return 1552.557 +/- 21.383
time:  365.623 SPS: 248
5449999 success 0.9 +/- 0.1
5449999 eval return 1392.353 +/- 151.087
time:  367.307 SPS: 248
5474999 success 1.0 +/- 0.0
5474999 eval return 1567.053 +/- 42.763
time:  368.989 SPS: 248
5499999 success 0.9 +/- 0.1
5499999 eval return 1376.207 +/- 143.96
time:  370.681 SPS: 248
5524999 success 1.0 +/- 0.0
5524999 eval return 1532.978 +/- 51.35
time:  372.353 SPS: 248
5549999 success 0.8 +/- 0.133
5549999 eval return 1293.863 +/- 196.768
time:  374.093 SPS: 248
5574999 success 0.9 +/- 0.1
5574999 eval return 1276.032 +/- 198.521
time:  375.768 SPS: 248
5599999 success 1.0 +/- 0.0
5599999 eval return 1627.297 +/- 24.222
time:  377.435 SPS: 248
5624999 success 1.0 +/- 0.0
5624999 eval return 1524.899 +/- 74.462
time:  379.149 SPS: 248
5649999 success 1.0 +/- 0.0
5649999 eval return 1394.224 +/- 113.99
time:  380.835 SPS: 248
5674999 success 0.9 +/- 0.1
5674999 eval return 1266.13 +/- 159.412
time:  382.58 SPS: 248
5699999 success 0.8 +/- 0.133
5699999 eval return 1240.392 +/- 179.608
time:  384.276 SPS: 248
5724999 success 1.0 +/- 0.0
5724999 eval return 1424.215 +/- 49.804
time:  385.94 SPS: 248
5749999 success 0.9 +/- 0.1
5749999 eval return 1348.773 +/- 144.194
time:  387.653 SPS: 248
5774999 success 0.9 +/- 0.1
5774999 eval return 1209.662 +/- 168.104
time:  389.398 SPS: 248
5799999 success 1.0 +/- 0.0
5799999 eval return 1479.178 +/- 106.076
time:  391.063 SPS: 248
5824999 success 0.9 +/- 0.1
5824999 eval return 1373.251 +/- 150.165
time:  392.729 SPS: 248
5849999 success 1.0 +/- 0.0
5849999 eval return 1595.418 +/- 21.248
time:  394.411 SPS: 248
5874999 success 1.0 +/- 0.0
5874999 eval return 1597.036 +/- 29.497
time:  396.094 SPS: 248
5899999 success 1.0 +/- 0.0
5899999 eval return 1589.624 +/- 37.399
time:  397.84 SPS: 248
5924999 success 1.0 +/- 0.0
5924999 eval return 1495.81 +/- 53.563
time:  399.523 SPS: 248
5949999 success 1.0 +/- 0.0
5949999 eval return 1644.654 +/- 25.194
time:  401.216 SPS: 248
5974999 success 0.9 +/- 0.1
5974999 eval return 1384.001 +/- 143.34
TASK 7  825 coffee-button-v3
time:  402.905 SPS: 248
5999999 success 0.0 +/- 0.0
5999999 eval return 52.369 +/- 1.193
time:  404.602 SPS: 248
6024999 success 0.6 +/- 0.163
6024999 eval return 91.247 +/- 8.605
time:  406.287 SPS: 248
6049999 success 1.0 +/- 0.0
6049999 eval return 905.76 +/- 113.84
time:  407.908 SPS: 248
6074999 success 0.9 +/- 0.1
6074999 eval return 821.451 +/- 151.023
time:  409.568 SPS: 248
6099999 success 0.8 +/- 0.133
6099999 eval return 851.648 +/- 140.517
time:  411.194 SPS: 248
6124999 success 0.9 +/- 0.1
6124999 eval return 674.588 +/- 154.677
time:  412.8 SPS: 248
6149999 success 1.0 +/- 0.0
6149999 eval return 944.485 +/- 96.455
time:  414.501 SPS: 248
6174999 success 0.6 +/- 0.163
6174999 eval return 872.557 +/- 172.559
time:  416.102 SPS: 248
6199999 success 0.9 +/- 0.1
6199999 eval return 1064.548 +/- 97.573
time:  417.664 SPS: 248
6224999 success 0.9 +/- 0.1
6224999 eval return 1083.605 +/- 117.316
time:  419.197 SPS: 248
6249999 success 1.0 +/- 0.0
6249999 eval return 1099.431 +/- 46.39
time:  420.764 SPS: 248
6274999 success 0.7 +/- 0.153
6274999 eval return 1021.773 +/- 145.684
time:  422.378 SPS: 248
6299999 success 0.9 +/- 0.1
6299999 eval return 1123.891 +/- 92.245
time:  423.934 SPS: 248
6324999 success 0.9 +/- 0.1
6324999 eval return 1173.703 +/- 85.618
time:  425.491 SPS: 248
6349999 success 1.0 +/- 0.0
6349999 eval return 1270.971 +/- 49.88
time:  427.051 SPS: 248
6374999 success 1.0 +/- 0.0
6374999 eval return 1132.648 +/- 65.498
time:  428.648 SPS: 248
6399999 success 1.0 +/- 0.0
6399999 eval return 1379.252 +/- 55.036
time:  430.202 SPS: 248
6424999 success 1.0 +/- 0.0
6424999 eval return 1250.321 +/- 27.79
time:  431.768 SPS: 248
6449999 success 1.0 +/- 0.0
6449999 eval return 1121.9 +/- 55.45
time:  433.353 SPS: 249
6474999 success 1.0 +/- 0.0
6474999 eval return 1114.319 +/- 34.872
time:  434.9 SPS: 249
6499999 success 1.0 +/- 0.0
6499999 eval return 1177.638 +/- 58.093
time:  436.524 SPS: 249
6524999 success 1.0 +/- 0.0
6524999 eval return 1146.189 +/- 74.732
time:  438.077 SPS: 249
6549999 success 1.0 +/- 0.0
6549999 eval return 1144.031 +/- 57.748
time:  439.655 SPS: 249
6574999 success 1.0 +/- 0.0
6574999 eval return 1148.805 +/- 45.831
time:  441.24 SPS: 249
6599999 success 1.0 +/- 0.0
6599999 eval return 1160.05 +/- 59.324
time:  442.801 SPS: 249
6624999 success 1.0 +/- 0.0
6624999 eval return 1219.01 +/- 48.448
time:  444.429 SPS: 249
6649999 success 1.0 +/- 0.0
6649999 eval return 1262.18 +/- 32.066
time:  445.969 SPS: 249
6674999 success 1.0 +/- 0.0
6674999 eval return 1213.81 +/- 20.492
time:  447.498 SPS: 249
6699999 success 0.9 +/- 0.1
6699999 eval return 1105.754 +/- 102.345
time:  449.021 SPS: 249
6724999 success 1.0 +/- 0.0
6724999 eval return 1212.31 +/- 39.115
time:  450.491 SPS: 249
6749999 success 1.0 +/- 0.0
6749999 eval return 1250.794 +/- 48.172
time:  452.036 SPS: 249
6774999 success 1.0 +/- 0.0
6774999 eval return 1210.861 +/- 80.342
time:  453.517 SPS: 249
6799999 success 0.9 +/- 0.1
6799999 eval return 1189.301 +/- 109.631
time:  455.007 SPS: 249
6824999 success 1.0 +/- 0.0
6824999 eval return 1237.384 +/- 79.797
time:  456.418 SPS: 250
6849999 success 1.0 +/- 0.0
6849999 eval return 1281.113 +/- 60.391
time:  457.764 SPS: 250
6874999 success 1.0 +/- 0.0
6874999 eval return 1279.279 +/- 78.811
time:  459.151 SPS: 250
6899999 success 1.0 +/- 0.0
6899999 eval return 1384.87 +/- 28.681
time:  460.419 SPS: 250
6924999 success 1.0 +/- 0.0
6924999 eval return 1256.316 +/- 41.707
time:  461.642 SPS: 250
6949999 success 1.0 +/- 0.0
6949999 eval return 1252.779 +/- 40.673
time:  462.919 SPS: 251
6974999 success 1.0 +/- 0.0
6974999 eval return 1164.558 +/- 69.975
TASK 8  925 sweep-into-v3
time:  464.164 SPS: 251
6999999 success 0.0 +/- 0.0
6999999 eval return 19.053 +/- 3.588
time:  465.655 SPS: 251
7024999 success 0.0 +/- 0.0
7024999 eval return 29.717 +/- 4.734
time:  467.025 SPS: 251
7049999 success 0.0 +/- 0.0
7049999 eval return 46.727 +/- 2.57
time:  468.453 SPS: 251
7074999 success 0.0 +/- 0.0
7074999 eval return 56.516 +/- 9.773
time:  469.919 SPS: 251
7099999 success 0.0 +/- 0.0
7099999 eval return 124.66 +/- 18.66
time:  471.549 SPS: 251
7124999 success 0.0 +/- 0.0
7124999 eval return 204.307 +/- 23.714
time:  473.173 SPS: 251
7149999 success 0.0 +/- 0.0
7149999 eval return 188.519 +/- 30.164
time:  474.798 SPS: 251
7174999 success 0.0 +/- 0.0
7174999 eval return 225.955 +/- 26.423
time:  476.454 SPS: 251
7199999 success 0.0 +/- 0.0
7199999 eval return 243.492 +/- 32.074
time:  478.11 SPS: 251
7224999 success 0.0 +/- 0.0
7224999 eval return 296.623 +/- 24.74
time:  479.804 SPS: 251
7249999 success 0.5 +/- 0.167
7249999 eval return 455.027 +/- 124.754
time:  481.438 SPS: 251
7274999 success 0.5 +/- 0.167
7274999 eval return 525.349 +/- 181.935
time:  483.05 SPS: 251
7299999 success 0.5 +/- 0.167
7299999 eval return 377.704 +/- 141.044
time:  484.633 SPS: 251
7324999 success 0.5 +/- 0.167
7324999 eval return 624.259 +/- 192.558
time:  486.181 SPS: 251
7349999 success 0.3 +/- 0.153
7349999 eval return 385.268 +/- 183.236
time:  487.842 SPS: 251
7374999 success 0.4 +/- 0.163
7374999 eval return 648.454 +/- 253.877
time:  489.348 SPS: 252
7399999 success 0.7 +/- 0.153
7399999 eval return 776.055 +/- 198.774
time:  490.85 SPS: 252
7424999 success 0.5 +/- 0.167
7424999 eval return 478.929 +/- 145.912
time:  492.354 SPS: 252
7449999 success 0.6 +/- 0.163
7449999 eval return 493.725 +/- 165.446
time:  493.849 SPS: 252
7474999 success 0.5 +/- 0.167
7474999 eval return 681.1 +/- 233.677
time:  495.39 SPS: 252
7499999 success 0.7 +/- 0.153
7499999 eval return 435.123 +/- 125.322
time:  496.675 SPS: 252
7524999 success 0.6 +/- 0.163
7524999 eval return 494.721 +/- 208.39
time:  497.856 SPS: 252
7549999 success 1.0 +/- 0.0
7549999 eval return 1256.192 +/- 99.408
time:  499.108 SPS: 252
7574999 success 0.9 +/- 0.1
7574999 eval return 763.317 +/- 170.058
time:  500.296 SPS: 253
7599999 success 0.9 +/- 0.1
7599999 eval return 1263.675 +/- 156.13
time:  501.511 SPS: 253
7624999 success 0.6 +/- 0.163
7624999 eval return 752.908 +/- 224.757
time:  502.644 SPS: 253
7649999 success 0.6 +/- 0.163
7649999 eval return 763.314 +/- 215.235
time:  503.765 SPS: 253
7674999 success 0.8 +/- 0.133
7674999 eval return 776.7 +/- 186.21
time:  504.901 SPS: 254
7699999 success 0.6 +/- 0.163
7699999 eval return 563.556 +/- 157.593
time:  506.031 SPS: 254
7724999 success 0.9 +/- 0.1
7724999 eval return 1138.708 +/- 153.564
time:  507.205 SPS: 254
7749999 success 0.9 +/- 0.1
7749999 eval return 744.429 +/- 159.607
time:  508.328 SPS: 254
7774999 success 0.7 +/- 0.153
7774999 eval return 983.242 +/- 216.377
time:  509.457 SPS: 255
7799999 success 0.9 +/- 0.1
7799999 eval return 875.753 +/- 190.547
time:  510.589 SPS: 255
7824999 success 0.7 +/- 0.153
7824999 eval return 820.856 +/- 215.032
time:  511.726 SPS: 255
7849999 success 0.7 +/- 0.153
7849999 eval return 886.021 +/- 201.659
time:  512.755 SPS: 255
7874999 success 0.8 +/- 0.133
7874999 eval return 925.136 +/- 203.751
time:  513.684 SPS: 256
7899999 success 0.9 +/- 0.1
7899999 eval return 1394.922 +/- 160.742
time:  514.613 SPS: 256
7924999 success 0.6 +/- 0.163
7924999 eval return 915.221 +/- 244.802
time:  515.488 SPS: 257
7949999 success 0.7 +/- 0.153
7949999 eval return 777.609 +/- 196.642
time:  516.342 SPS: 257
7974999 success 0.5 +/- 0.167
7974999 eval return 639.098 +/- 211.141
TASK 9  1025 reach-wall-v3
time:  517.163 SPS: 257
7999999 success 0.1 +/- 0.1
7999999 eval return 432.511 +/- 17.788
time:  517.825 SPS: 258
8024999 success 0.0 +/- 0.0
8024999 eval return 542.866 +/- 39.22
time:  518.501 SPS: 258
8049999 success 0.0 +/- 0.0
8049999 eval return 944.652 +/- 20.909
time:  519.151 SPS: 259
8074999 success 0.2 +/- 0.133
8074999 eval return 1345.41 +/- 21.578
time:  519.823 SPS: 259
8099999 success 0.9 +/- 0.1
8099999 eval return 1511.318 +/- 17.523
time:  520.473 SPS: 260
8124999 success 0.9 +/- 0.1
8124999 eval return 1634.39 +/- 11.518
time:  521.11 SPS: 260
8149999 success 1.0 +/- 0.0
8149999 eval return 1632.613 +/- 21.419
time:  521.748 SPS: 261
8174999 success 1.0 +/- 0.0
8174999 eval return 1663.276 +/- 7.916
time:  522.389 SPS: 261
8199999 success 1.0 +/- 0.0
8199999 eval return 1720.822 +/- 14.655
time:  523.066 SPS: 262
8224999 success 1.0 +/- 0.0
8224999 eval return 1778.186 +/- 5.702
time:  523.706 SPS: 262
8249999 success 1.0 +/- 0.0
8249999 eval return 1789.304 +/- 8.531
time:  524.337 SPS: 263
8274999 success 1.0 +/- 0.0
8274999 eval return 1777.506 +/- 9.018
time:  524.971 SPS: 263
8299999 success 1.0 +/- 0.0
8299999 eval return 1801.562 +/- 7.209
time:  525.609 SPS: 263
8324999 success 1.0 +/- 0.0
8324999 eval return 1701.473 +/- 23.009
time:  526.267 SPS: 264
8349999 success 0.8 +/- 0.133
8349999 eval return 1693.469 +/- 22.352
time:  526.901 SPS: 264
8374999 success 0.6 +/- 0.163
8374999 eval return 1529.773 +/- 22.902
time:  527.544 SPS: 265
8399999 success 1.0 +/- 0.0
8399999 eval return 1668.171 +/- 8.51
time:  528.183 SPS: 265
8424999 success 1.0 +/- 0.0
8424999 eval return 1739.913 +/- 23.386
time:  528.817 SPS: 266
8449999 success 1.0 +/- 0.0
8449999 eval return 1792.399 +/- 16.173
time:  529.478 SPS: 266
8474999 success 1.0 +/- 0.0
8474999 eval return 1771.916 +/- 6.996
time:  530.107 SPS: 267
8499999 success 1.0 +/- 0.0
8499999 eval return 1787.452 +/- 7.833
time:  530.737 SPS: 267
8524999 success 1.0 +/- 0.0
8524999 eval return 1752.486 +/- 7.824
time:  531.372 SPS: 268
8549999 success 1.0 +/- 0.0
8549999 eval return 1716.723 +/- 22.015
time:  532.041 SPS: 268
8574999 success 1.0 +/- 0.0
8574999 eval return 1678.913 +/- 25.668
time:  532.678 SPS: 269
8599999 success 1.0 +/- 0.0
8599999 eval return 1697.42 +/- 15.826
time:  533.319 SPS: 269
8624999 success 1.0 +/- 0.0
8624999 eval return 1718.994 +/- 22.101
time:  533.955 SPS: 269
8649999 success 1.0 +/- 0.0
8649999 eval return 1710.438 +/- 30.349
time:  534.595 SPS: 270
8674999 success 1.0 +/- 0.0
8674999 eval return 1616.428 +/- 34.038
time:  535.265 SPS: 270
8699999 success 1.0 +/- 0.0
8699999 eval return 1788.759 +/- 10.319
time:  535.898 SPS: 271
8724999 success 1.0 +/- 0.0
8724999 eval return 1790.445 +/- 11.988
time:  536.535 SPS: 271
8749999 success 1.0 +/- 0.0
8749999 eval return 1792.302 +/- 8.941
time:  537.177 SPS: 272
8774999 success 0.9 +/- 0.1
8774999 eval return 1684.906 +/- 24.093
time:  537.816 SPS: 272
8799999 success 0.9 +/- 0.1
8799999 eval return 1725.427 +/- 15.588
time:  538.476 SPS: 273
8824999 success 1.0 +/- 0.0
8824999 eval return 1744.971 +/- 6.359
time:  539.114 SPS: 273
8849999 success 1.0 +/- 0.0
8849999 eval return 1743.413 +/- 12.836
time:  539.756 SPS: 274
8874999 success 1.0 +/- 0.0
8874999 eval return 1751.245 +/- 10.106
time:  540.393 SPS: 274
8899999 success 1.0 +/- 0.0
8899999 eval return 1683.618 +/- 21.7
time:  541.036 SPS: 274
8924999 success 1.0 +/- 0.0
8924999 eval return 1745.685 +/- 10.917
time:  541.699 SPS: 275
8949999 success 1.0 +/- 0.0
8949999 eval return 1748.248 +/- 11.57
time:  542.333 SPS: 275
8974999 success 1.0 +/- 0.0
8974999 eval return 1784.297 +/- 16.374
TASK 10  1125 drawer-close-v3
time:  542.979 SPS: 276
8999999 success 0.1 +/- 0.1
8999999 eval return 115.143 +/- 113.653
time:  543.616 SPS: 276
9024999 success 1.0 +/- 0.0
9024999 eval return 1676.315 +/- 150.704
time:  544.281 SPS: 277
9049999 success 1.0 +/- 0.0
9049999 eval return 1746.79 +/- 54.899
time:  544.967 SPS: 277
9074999 success 1.0 +/- 0.0
9074999 eval return 1838.463 +/- 4.591
time:  545.617 SPS: 277
9099999 success 1.0 +/- 0.0
9099999 eval return 1825.702 +/- 9.101
time:  546.27 SPS: 278
9124999 success 1.0 +/- 0.0
9124999 eval return 1841.811 +/- 4.432
time:  546.916 SPS: 278
9149999 success 1.0 +/- 0.0
9149999 eval return 1834.511 +/- 5.042
time:  547.56 SPS: 279
9174999 success 0.9 +/- 0.1
9174999 eval return 1660.099 +/- 184.37
time:  548.225 SPS: 279
9199999 success 0.9 +/- 0.1
9199999 eval return 1652.521 +/- 182.604
time:  548.871 SPS: 280
9224999 success 1.0 +/- 0.0
9224999 eval return 1825.005 +/- 22.778
time:  549.524 SPS: 280
9249999 success 1.0 +/- 0.0
9249999 eval return 1340.2 +/- 257.176
time:  550.182 SPS: 280
9274999 success 1.0 +/- 0.0
9274999 eval return 1839.094 +/- 3.256
time:  550.857 SPS: 281
9299999 success 1.0 +/- 0.0
9299999 eval return 1511.364 +/- 222.291
time:  551.502 SPS: 281
9324999 success 1.0 +/- 0.0
9324999 eval return 1673.206 +/- 170.228
time:  552.164 SPS: 282
9349999 success 1.0 +/- 0.0
9349999 eval return 1843.763 +/- 2.949
time:  552.811 SPS: 282
9374999 success 1.0 +/- 0.0
9374999 eval return 1839.829 +/- 2.525
time:  553.459 SPS: 283
9399999 success 1.0 +/- 0.0
9399999 eval return 1766.546 +/- 70.73
time:  554.131 SPS: 283
9424999 success 1.0 +/- 0.0
9424999 eval return 1835.371 +/- 3.345
time:  554.767 SPS: 283
9449999 success 1.0 +/- 0.0
9449999 eval return 1849.603 +/- 2.991
time:  555.404 SPS: 284
9474999 success 0.8 +/- 0.133
9474999 eval return 1484.843 +/- 244.394
time:  556.05 SPS: 284
9499999 success 1.0 +/- 0.0
9499999 eval return 1844.666 +/- 4.184
time:  556.709 SPS: 285
9524999 success 1.0 +/- 0.0
9524999 eval return 1851.68 +/- 3.653
time:  557.424 SPS: 285
9549999 success 1.0 +/- 0.0
9549999 eval return 1849.883 +/- 5.97
time:  558.089 SPS: 285
9574999 success 0.9 +/- 0.1
9574999 eval return 1486.343 +/- 237.454
time:  558.753 SPS: 286
9599999 success 1.0 +/- 0.0
9599999 eval return 1839.426 +/- 7.545
time:  559.417 SPS: 286
9624999 success 1.0 +/- 0.0
9624999 eval return 1810.944 +/- 19.304
time:  560.078 SPS: 287
9649999 success 1.0 +/- 0.0
9649999 eval return 1818.703 +/- 27.48
time:  560.75 SPS: 287
9674999 success 1.0 +/- 0.0
9674999 eval return 1774.493 +/- 37.286
time:  561.386 SPS: 287
9699999 success 1.0 +/- 0.0
9699999 eval return 1715.797 +/- 33.573
time:  562.027 SPS: 288
9724999 success 0.8 +/- 0.133
9724999 eval return 1447.838 +/- 238.106
time:  562.677 SPS: 288
9749999 success 1.0 +/- 0.0
9749999 eval return 1803.011 +/- 24.725
time:  563.329 SPS: 289
9774999 success 0.9 +/- 0.1
9774999 eval return 1547.303 +/- 199.162
time:  564.001 SPS: 289
9799999 success 1.0 +/- 0.0
9799999 eval return 1746.474 +/- 56.164
time:  564.646 SPS: 290
9824999 success 1.0 +/- 0.0
9824999 eval return 1634.11 +/- 63.902
time:  565.277 SPS: 290
9849999 success 0.9 +/- 0.1
9849999 eval return 1386.113 +/- 190.98
time:  565.905 SPS: 290
9874999 success 1.0 +/- 0.0
9874999 eval return 1829.291 +/- 4.978
time:  566.531 SPS: 291
9899999 success 1.0 +/- 0.0
9899999 eval return 1737.514 +/- 106.394
time:  567.197 SPS: 291
9924999 success 1.0 +/- 0.0
9924999 eval return 1711.249 +/- 97.047
time:  567.854 SPS: 292
9949999 success 0.9 +/- 0.1
9949999 eval return 1588.472 +/- 184.515
time:  568.5 SPS: 292
9974999 success 0.9 +/- 0.1
9974999 eval return 1506.441 +/- 201.332
TASK 11  1225 reach-v3
time:  569.118 SPS: 292
9999999 success 0.3 +/- 0.153
9999999 eval return 917.0 +/- 101.812
done RL run. Time 569.1396665416665 min
