agent_dict keys dict_keys(['base_algorithm', 'learning_rate', 'num_envs', 'rollout_num_steps', 'gamma', 'gae_lambda', 'num_minibatches', 'update_epochs', 'minibatch_size', 'norm_adv', 'clip_coef', 'clip_vloss', 'ent_coef', 'vf_coef', 'max_grad_norm', 'rpo_alpha', 'parseval_reg', 'input_scale', 'learnable_input_scale', 'add_diag_layer', 'lie_group', 'pion', 'pion_block_size', 'pion_multiplicative', 'oft', 'poet', 'oet_num_blocks', 'poet_exact_cayley', 'layer_norm', 'layer_norm_no_params', 'weight_decay', 'tuned_adam', 'perturb', 'perturb_dist', 'regen', 'regen_wasserstein', 'weight_init', 'net_width', 'net_activation', 'init_gain', 'parseval_norm', 'parseval_num_groups'])
env_dict keys dict_keys(['env', 'change_freq', 'seed', 'env_type'])
Start RL run!
{'base_algorithm': 'ppo_agent', 'learning_rate': 0.003, 'num_envs': 1, 'rollout_num_steps': 128, 'gamma': 0.99, 'gae_lambda': 0.95, 'num_minibatches': 4, 'update_epochs': 4, 'minibatch_size': 32, 'norm_adv': True, 'clip_coef': 0.2, 'clip_vloss': True, 'ent_coef': 0.01, 'vf_coef': 0.5, 'max_grad_norm': 0.5, 'rpo_alpha': 0, 'parseval_reg': 0, 'input_scale': 1, 'learnable_input_scale': False, 'add_diag_layer': False, 'lie_group': False, 'pion': False, 'pion_block_size': None, 'pion_multiplicative': False, 'oft': True, 'poet': False, 'oet_num_blocks': 9, 'poet_exact_cayley': False, 'layer_norm': False, 'layer_norm_no_params': False, 'weight_decay': 0, 'tuned_adam': False, 'perturb': 0.0, 'perturb_dist': 'xavier', 'regen': 0.0, 'regen_wasserstein': False, 'weight_init': 'orthogonal', 'net_width': 64, 'net_activation': 'tanh', 'init_gain': None, 'parseval_norm': False, 'parseval_num_groups': 1, 'device': 'cpu'}
{'env': 'gridworld_ninerooms', 'change_freq': 40000, 'seed': 124, 'env_type': 'rl', 'local_run': False}
Running on gpu: False
Gridworld args () {'env': 'gridworld_ninerooms', 'change_freq': 40000, 'seed': 124, 'env_type': 'rl', 'local_run': False}
time:  0.043 SPS: 0
0 success 0.0 +/- 0.0
0 eval steps mean 99.9 best 99 optimal 10
0 eval return -11.322 +/- 0.509
time:  0.44 SPS: 189
4999 success 1.0 +/- 0.0
4999 eval steps mean 21.6 best 10 optimal 10
4999 eval return 1.9 +/- 0.234
time:  0.866 SPS: 192
9999 success 1.0 +/- 0.0
9999 eval steps mean 14.2 best 10 optimal 10
9999 eval return 2.136 +/- 0.191
time:  1.353 SPS: 184
14999 success 1.0 +/- 0.0
14999 eval steps mean 12.2 best 10 optimal 10
14999 eval return 2.43 +/- 0.009
time:  1.819 SPS: 183
19999 success 1.0 +/- 0.0
19999 eval steps mean 11.9 best 10 optimal 10
19999 eval return 2.421 +/- 0.019
time:  2.295 SPS: 181
24999 success 1.0 +/- 0.0
24999 eval steps mean 11.6 best 10 optimal 10
24999 eval return 2.397 +/- 0.037
time:  2.763 SPS: 180
29999 success 1.0 +/- 0.0
29999 eval steps mean 13.5 best 11 optimal 10
29999 eval return 2.381 +/- 0.02
time:  3.253 SPS: 179
34999 success 1.0 +/- 0.0
34999 eval steps mean 19.9 best 11 optimal 10
34999 eval return 2.307 +/- 0.051
40000
GOAL [12 11]
time:  3.755 SPS: 177
39999 success 1.0 +/- 0.0
39999 eval steps mean 9.9 best 9 optimal 9
39999 eval return 2.55 +/- 0.0
time:  4.241 SPS: 176
44999 success 1.0 +/- 0.0
44999 eval steps mean 11.1 best 9 optimal 9
44999 eval return 2.53 +/- 0.02
time:  4.728 SPS: 176
49999 success 1.0 +/- 0.0
49999 eval steps mean 9.9 best 9 optimal 9
49999 eval return 2.55 +/- 0.0
time:  5.213 SPS: 175
54999 success 0.9 +/- 0.1
54999 eval steps mean 18.9 best 9 optimal 9
54999 eval return 1.885 +/- 0.665
time:  5.703 SPS: 175
59999 success 1.0 +/- 0.0
59999 eval steps mean 9.9 best 9 optimal 9
59999 eval return 2.55 +/- 0.0
time:  6.192 SPS: 174
64999 success 1.0 +/- 0.0
64999 eval steps mean 9.9 best 9 optimal 9
64999 eval return 2.55 +/- 0.0
time:  6.681 SPS: 174
69999 success 1.0 +/- 0.0
69999 eval steps mean 12.7 best 10 optimal 9
69999 eval return 2.328 +/- 0.053
time:  7.159 SPS: 174
74999 success 1.0 +/- 0.0
74999 eval steps mean 9.9 best 9 optimal 9
74999 eval return 2.55 +/- 0.0
80000
GOAL [ 9 14]
time:  7.667 SPS: 173
79999 success 0.0 +/- 0.0
79999 eval steps mean 99.9 best 99 optimal 9
79999 eval return -8.972 +/- 0.713
time:  8.182 SPS: 173
84999 success 0.0 +/- 0.0
84999 eval steps mean 99.9 best 99 optimal 9
84999 eval return -12.253 +/- 0.331
time:  8.687 SPS: 172
89999 success 0.0 +/- 0.0
89999 eval steps mean 99.9 best 99 optimal 9
89999 eval return -8.61 +/- 0.841
time:  9.202 SPS: 172
94999 success 0.7 +/- 0.153
94999 eval steps mean 57.3 best 26 optimal 9
94999 eval return -1.783 +/- 1.456
time:  9.701 SPS: 171
99999 success 1.0 +/- 0.0
99999 eval steps mean 17.5 best 16 optimal 9
99999 eval return 1.704 +/- 0.04
time:  10.197 SPS: 171
104999 success 1.0 +/- 0.0
104999 eval steps mean 16.9 best 16 optimal 9
104999 eval return 1.725 +/- 0.041
time:  10.685 SPS: 171
109999 success 0.9 +/- 0.1
109999 eval steps mean 24.5 best 15 optimal 9
109999 eval return 0.252 +/- 1.54
time:  11.178 SPS: 171
114999 success 1.0 +/- 0.0
114999 eval steps mean 18.3 best 16 optimal 9
114999 eval return 1.638 +/- 0.064
120000
GOAL [11  9]
time:  11.683 SPS: 171
119999 success 0.0 +/- 0.0
119999 eval steps mean 99.9 best 99 optimal 6
119999 eval return -8.565 +/- 0.078
time:  12.202 SPS: 170
124999 success 0.0 +/- 0.0
124999 eval steps mean 99.9 best 99 optimal 6
124999 eval return -5.601 +/- 0.793
time:  12.735 SPS: 170
129999 success 1.0 +/- 0.0
129999 eval steps mean 6.9 best 6 optimal 6
129999 eval return 2.79 +/- 0.0
time:  13.216 SPS: 170
134999 success 1.0 +/- 0.0
134999 eval steps mean 10.1 best 6 optimal 6
134999 eval return 2.758 +/- 0.032
time:  13.665 SPS: 170
139999 success 0.0 +/- 0.0
139999 eval steps mean 99.9 best 99 optimal 6
139999 eval return -4.889 +/- 0.031
time:  14.15 SPS: 170
144999 success 0.0 +/- 0.0
144999 eval steps mean 99.9 best 99 optimal 6
144999 eval return -4.92 +/- 0.0
time:  14.62 SPS: 170
149999 success 0.0 +/- 0.0
149999 eval steps mean 99.9 best 99 optimal 6
149999 eval return -4.885 +/- 0.122
time:  15.104 SPS: 171
154999 success 0.1 +/- 0.1
154999 eval steps mean 90.6 best 7 optimal 6
154999 eval return -4.627 +/- 0.928
160000
GOAL [13 14]
time:  15.623 SPS: 170
159999 success 0.0 +/- 0.0
159999 eval steps mean 99.9 best 99 optimal 13
159999 eval return -8.111 +/- 0.009
time:  16.134 SPS: 170
164999 success 0.0 +/- 0.0
164999 eval steps mean 99.9 best 99 optimal 13
164999 eval return -7.391 +/- 0.024
time:  16.667 SPS: 170
169999 success 0.4 +/- 0.163
169999 eval steps mean 71.1 best 17 optimal 13
169999 eval return -5.292 +/- 1.663
time:  17.172 SPS: 169
174999 success 1.0 +/- 0.0
174999 eval steps mean 17.5 best 14 optimal 13
174999 eval return 1.843 +/- 0.052
time:  17.664 SPS: 169
179999 success 1.0 +/- 0.0
179999 eval steps mean 14.3 best 14 optimal 13
179999 eval return 2.078 +/- 0.008
time:  18.143 SPS: 169
184999 success 1.0 +/- 0.0
184999 eval steps mean 13.9 best 13 optimal 13
184999 eval return 2.09 +/- 0.0
time:  18.632 SPS: 169
189999 success 0.3 +/- 0.153
189999 eval steps mean 83.9 best 18 optimal 13
189999 eval return -5.804 +/- 1.493
time:  19.148 SPS: 169
194999 success 1.0 +/- 0.0
194999 eval steps mean 17.0 best 13 optimal 13
194999 eval return 1.627 +/- 0.463
200000
GOAL [14  8]
time:  19.661 SPS: 169
199999 success 0.0 +/- 0.0
199999 eval steps mean 99.9 best 99 optimal 8
199999 eval return -7.948 +/- 0.414
time:  20.19 SPS: 169
204999 success 1.0 +/- 0.0
204999 eval steps mean 8.9 best 8 optimal 8
204999 eval return 2.64 +/- 0.0
time:  20.688 SPS: 169
209999 success 1.0 +/- 0.0
209999 eval steps mean 8.9 best 8 optimal 8
209999 eval return 2.64 +/- 0.0
time:  21.162 SPS: 169
214999 success 1.0 +/- 0.0
214999 eval steps mean 8.9 best 8 optimal 8
214999 eval return 2.64 +/- 0.0
time:  21.65 SPS: 169
219999 success 0.9 +/- 0.1
219999 eval steps mean 18.0 best 8 optimal 8
219999 eval return 2.178 +/- 0.462
time:  22.104 SPS: 169
224999 success 0.0 +/- 0.0
224999 eval steps mean 99.9 best 99 optimal 8
224999 eval return -1.28 +/- 0.0
time:  22.581 SPS: 169
229999 success 0.0 +/- 0.0
229999 eval steps mean 99.9 best 99 optimal 8
229999 eval return -1.28 +/- 0.0
time:  23.054 SPS: 169
234999 success 0.0 +/- 0.0
234999 eval steps mean 99.9 best 99 optimal 8
234999 eval return -1.28 +/- 0.0
240000
GOAL [12  5]
time:  23.537 SPS: 169
239999 success 0.0 +/- 0.0
239999 eval steps mean 99.9 best 99 optimal 7
239999 eval return -4.02 +/- 0.0
time:  24.03 SPS: 169
244999 success 0.0 +/- 0.0
244999 eval steps mean 99.9 best 99 optimal 7
244999 eval return -4.02 +/- 0.0
time:  24.512 SPS: 169
249999 success 0.0 +/- 0.0
249999 eval steps mean 99.9 best 99 optimal 7
249999 eval return -4.02 +/- 0.0
time:  24.991 SPS: 170
254999 success 0.0 +/- 0.0
254999 eval steps mean 99.9 best 99 optimal 7
254999 eval return -4.02 +/- 0.0
time:  25.466 SPS: 170
259999 success 0.0 +/- 0.0
259999 eval steps mean 99.9 best 99 optimal 7
259999 eval return -4.02 +/- 0.0
time:  25.951 SPS: 170
264999 success 0.0 +/- 0.0
264999 eval steps mean 99.9 best 99 optimal 7
264999 eval return -4.02 +/- 0.0
time:  26.431 SPS: 170
269999 success 0.0 +/- 0.0
269999 eval steps mean 99.9 best 99 optimal 7
269999 eval return -4.02 +/- 0.0
time:  26.911 SPS: 170
274999 success 0.0 +/- 0.0
274999 eval steps mean 99.9 best 99 optimal 7
274999 eval return -4.02 +/- 0.0
280000
GOAL [8 4]
time:  27.418 SPS: 170
279999 success 0.0 +/- 0.0
279999 eval steps mean 99.9 best 99 optimal 4
279999 eval return -11.146 +/- 0.062
time:  27.931 SPS: 170
284999 success 0.0 +/- 0.0
284999 eval steps mean 99.9 best 99 optimal 4
284999 eval return -7.378 +/- 0.611
time:  28.463 SPS: 169
289999 success 0.0 +/- 0.0
289999 eval steps mean 99.9 best 99 optimal 4
289999 eval return -4.633 +/- 0.339
time:  29.002 SPS: 169
294999 success 0.1 +/- 0.1
294999 eval steps mean 98.0 best 81 optimal 4
294999 eval return -4.256 +/- 0.511
time:  29.537 SPS: 169
299999 success 0.9 +/- 0.1
299999 eval steps mean 29.0 best 17 optimal 4
299999 eval return 0.305 +/- 1.113
time:  30.028 SPS: 169
304999 success 1.0 +/- 0.0
304999 eval steps mean 17.9 best 16 optimal 4
304999 eval return 1.584 +/- 0.047
time:  30.499 SPS: 169
309999 success 1.0 +/- 0.0
309999 eval steps mean 17.7 best 17 optimal 4
309999 eval return 1.562 +/- 0.053
time:  30.985 SPS: 169
314999 success 1.0 +/- 0.0
314999 eval steps mean 17.3 best 16 optimal 4
314999 eval return 1.608 +/- 0.029
320000
GOAL [13  2]
time:  31.484 SPS: 169
319999 success 0.0 +/- 0.0
319999 eval steps mean 99.9 best 99 optimal 11
319999 eval return -6.435 +/- 0.137
time:  32.005 SPS: 169
324999 success 0.9 +/- 0.1
324999 eval steps mean 20.7 best 11 optimal 11
324999 eval return 1.259 +/- 1.081
time:  32.485 SPS: 169
329999 success 0.9 +/- 0.1
329999 eval steps mean 20.7 best 12 optimal 11
329999 eval return 1.487 +/- 0.853
time:  32.959 SPS: 169
334999 success 1.0 +/- 0.0
334999 eval steps mean 11.9 best 11 optimal 11
334999 eval return 2.34 +/- 0.0
time:  33.443 SPS: 169
339999 success 0.6 +/- 0.163
339999 eval steps mean 48.9 best 11 optimal 11
339999 eval return -0.221 +/- 1.059
time:  33.932 SPS: 169
344999 success 1.0 +/- 0.0
344999 eval steps mean 11.9 best 11 optimal 11
344999 eval return 2.34 +/- 0.0
time:  34.424 SPS: 169
349999 success 1.0 +/- 0.0
349999 eval steps mean 12.1 best 11 optimal 11
349999 eval return 2.325 +/- 0.015
time:  34.917 SPS: 169
354999 success 0.9 +/- 0.1
354999 eval steps mean 25.1 best 12 optimal 11
354999 eval return 1.378 +/- 0.851
360000
GOAL [10 14]
time:  35.414 SPS: 169
359999 success 0.0 +/- 0.0
359999 eval steps mean 99.9 best 99 optimal 10
359999 eval return -15.565 +/- 0.387
time:  35.914 SPS: 169
364999 success 0.0 +/- 0.0
364999 eval steps mean 99.9 best 99 optimal 10
364999 eval return -4.875 +/- 0.328
time:  36.425 SPS: 169
369999 success 1.0 +/- 0.0
369999 eval steps mean 14.9 best 14 optimal 10
369999 eval return 1.95 +/- 0.0
time:  36.918 SPS: 169
374999 success 1.0 +/- 0.0
374999 eval steps mean 15.0 best 14 optimal 10
374999 eval return 1.948 +/- 0.002
time:  37.421 SPS: 169
379999 success 1.0 +/- 0.0
379999 eval steps mean 14.9 best 14 optimal 10
379999 eval return 1.95 +/- 0.0
time:  37.909 SPS: 169
384999 success 1.0 +/- 0.0
384999 eval steps mean 15.0 best 15 optimal 10
384999 eval return 1.948 +/- 0.002
time:  38.396 SPS: 169
389999 success 1.0 +/- 0.0
389999 eval steps mean 32.3 best 18 optimal 10
389999 eval return 1.226 +/- 0.422
time:  38.886 SPS: 169
394999 success 0.0 +/- 0.0
394999 eval steps mean 99.9 best 99 optimal 10
394999 eval return -5.589 +/- 0.642
400000
GOAL [8 3]
time:  39.429 SPS: 169
399999 success 0.0 +/- 0.0
399999 eval steps mean 99.9 best 99 optimal 5
399999 eval return -18.112 +/- 0.015
time:  39.942 SPS: 168
404999 success 0.0 +/- 0.0
404999 eval steps mean 99.9 best 99 optimal 5
404999 eval return -10.92 +/- 0.061
time:  40.487 SPS: 168
409999 success 0.0 +/- 0.0
409999 eval steps mean 99.9 best 99 optimal 5
409999 eval return -10.825 +/- 0.203
time:  41.022 SPS: 168
414999 success 0.0 +/- 0.0
414999 eval steps mean 99.9 best 99 optimal 5
414999 eval return -10.628 +/- 0.006
time:  41.559 SPS: 168
419999 success 0.0 +/- 0.0
419999 eval steps mean 99.9 best 99 optimal 5
419999 eval return -10.83 +/- 0.02
time:  42.088 SPS: 168
424999 success 0.0 +/- 0.0
424999 eval steps mean 99.9 best 99 optimal 5
424999 eval return -10.62 +/- 0.0
time:  42.636 SPS: 168
429999 success 0.0 +/- 0.0
429999 eval steps mean 99.9 best 99 optimal 5
429999 eval return -10.706 +/- 0.086
time:  43.161 SPS: 167
434999 success 0.0 +/- 0.0
434999 eval steps mean 99.9 best 99 optimal 5
434999 eval return -10.622 +/- 0.002
440000
GOAL [11  9]
time:  43.719 SPS: 167
439999 success 0.0 +/- 0.0
439999 eval steps mean 99.9 best 99 optimal 6
439999 eval return -2.58 +/- 0.0
time:  44.253 SPS: 167
444999 success 0.0 +/- 0.0
444999 eval steps mean 99.9 best 99 optimal 6
444999 eval return -2.58 +/- 0.0
time:  44.791 SPS: 167
449999 success 0.0 +/- 0.0
449999 eval steps mean 99.9 best 99 optimal 6
449999 eval return -2.58 +/- 0.0
time:  45.308 SPS: 167
454999 success 0.0 +/- 0.0
454999 eval steps mean 99.9 best 99 optimal 6
454999 eval return -2.58 +/- 0.0
time:  45.845 SPS: 167
459999 success 0.0 +/- 0.0
459999 eval steps mean 99.9 best 99 optimal 6
459999 eval return -2.58 +/- 0.0
time:  46.376 SPS: 167
464999 success 0.0 +/- 0.0
464999 eval steps mean 99.9 best 99 optimal 6
464999 eval return -2.58 +/- 0.0
time:  46.92 SPS: 166
469999 success 0.0 +/- 0.0
469999 eval steps mean 99.9 best 99 optimal 6
469999 eval return -2.58 +/- 0.0
time:  47.466 SPS: 166
474999 success 0.0 +/- 0.0
474999 eval steps mean 99.9 best 99 optimal 6
474999 eval return -2.58 +/- 0.0
480000
GOAL [12 10]
time:  48.025 SPS: 166
479999 success 0.0 +/- 0.0
479999 eval steps mean 99.9 best 99 optimal 8
479999 eval return -3.62 +/- 0.0
time:  48.56 SPS: 166
484999 success 0.0 +/- 0.0
484999 eval steps mean 99.9 best 99 optimal 8
484999 eval return -3.62 +/- 0.0
time:  49.102 SPS: 166
489999 success 0.0 +/- 0.0
489999 eval steps mean 99.9 best 99 optimal 8
489999 eval return -3.62 +/- 0.0
time:  49.643 SPS: 166
494999 success 0.0 +/- 0.0
494999 eval steps mean 99.9 best 99 optimal 8
494999 eval return -3.62 +/- 0.0
time:  50.168 SPS: 166
499999 success 0.0 +/- 0.0
499999 eval steps mean 99.9 best 99 optimal 8
499999 eval return -3.624 +/- 0.004
time:  50.701 SPS: 166
504999 success 0.0 +/- 0.0
504999 eval steps mean 99.9 best 99 optimal 8
504999 eval return -3.62 +/- 0.0
time:  51.249 SPS: 165
509999 success 0.0 +/- 0.0
509999 eval steps mean 99.9 best 99 optimal 8
509999 eval return -3.748 +/- 0.128
time:  51.78 SPS: 165
514999 success 1.0 +/- 0.0
514999 eval steps mean 8.9 best 8 optimal 8
514999 eval return 2.64 +/- 0.0
520000
GOAL [9 0]
time:  52.272 SPS: 165
519999 success 0.0 +/- 0.0
519999 eval steps mean 99.9 best 99 optimal 9
519999 eval return -18.191 +/- 0.017
time:  52.758 SPS: 165
524999 success 0.0 +/- 0.0
524999 eval steps mean 99.9 best 99 optimal 9
524999 eval return -12.02 +/- 0.0
time:  53.237 SPS: 165
529999 success 0.0 +/- 0.0
529999 eval steps mean 99.9 best 99 optimal 9
529999 eval return -12.02 +/- 0.0
time:  53.714 SPS: 166
534999 success 0.0 +/- 0.0
534999 eval steps mean 99.9 best 99 optimal 9
534999 eval return -12.02 +/- 0.0
time:  54.191 SPS: 166
539999 success 0.0 +/- 0.0
539999 eval steps mean 99.9 best 99 optimal 9
539999 eval return -12.02 +/- 0.0
time:  54.659 SPS: 166
544999 success 0.0 +/- 0.0
544999 eval steps mean 99.9 best 99 optimal 9
544999 eval return -12.02 +/- 0.0
time:  55.138 SPS: 166
549999 success 0.0 +/- 0.0
549999 eval steps mean 99.9 best 99 optimal 9
549999 eval return -12.02 +/- 0.0
time:  55.618 SPS: 166
554999 success 0.0 +/- 0.0
554999 eval steps mean 99.9 best 99 optimal 9
554999 eval return -12.02 +/- 0.0
560000
GOAL [8 0]
time:  56.112 SPS: 166
559999 success 0.0 +/- 0.0
559999 eval steps mean 99.9 best 99 optimal 8
559999 eval return -13.02 +/- 0.0
time:  56.59 SPS: 166
564999 success 0.0 +/- 0.0
564999 eval steps mean 99.9 best 99 optimal 8
564999 eval return -13.02 +/- 0.0
time:  57.066 SPS: 166
569999 success 0.0 +/- 0.0
569999 eval steps mean 99.9 best 99 optimal 8
569999 eval return -13.02 +/- 0.0
time:  57.538 SPS: 166
574999 success 0.0 +/- 0.0
574999 eval steps mean 99.9 best 99 optimal 8
574999 eval return -13.02 +/- 0.0
time:  57.998 SPS: 166
579999 success 0.0 +/- 0.0
579999 eval steps mean 99.9 best 99 optimal 8
579999 eval return -13.02 +/- 0.0
time:  58.478 SPS: 166
584999 success 0.0 +/- 0.0
584999 eval steps mean 99.9 best 99 optimal 8
584999 eval return -13.02 +/- 0.0
time:  58.949 SPS: 166
589999 success 0.0 +/- 0.0
589999 eval steps mean 99.9 best 99 optimal 8
589999 eval return -13.02 +/- 0.0
time:  59.43 SPS: 166
594999 success 0.0 +/- 0.0
594999 eval steps mean 99.9 best 99 optimal 8
594999 eval return -13.02 +/- 0.0
600000
GOAL [ 9 14]
time:  59.928 SPS: 166
599999 success 0.0 +/- 0.0
599999 eval steps mean 99.9 best 99 optimal 9
599999 eval return -12.02 +/- 0.0
time:  60.403 SPS: 166
604999 success 0.0 +/- 0.0
604999 eval steps mean 99.9 best 99 optimal 9
604999 eval return -12.02 +/- 0.0
time:  60.887 SPS: 166
609999 success 0.0 +/- 0.0
609999 eval steps mean 99.9 best 99 optimal 9
609999 eval return -12.02 +/- 0.0
time:  61.353 SPS: 167
614999 success 0.0 +/- 0.0
614999 eval steps mean 99.9 best 99 optimal 9
614999 eval return -12.02 +/- 0.0
time:  61.841 SPS: 167
619999 success 0.0 +/- 0.0
619999 eval steps mean 99.9 best 99 optimal 9
619999 eval return -12.02 +/- 0.0
time:  62.321 SPS: 167
624999 success 0.0 +/- 0.0
624999 eval steps mean 99.9 best 99 optimal 9
624999 eval return -12.02 +/- 0.0
time:  62.796 SPS: 167
629999 success 0.0 +/- 0.0
629999 eval steps mean 99.9 best 99 optimal 9
629999 eval return -12.02 +/- 0.0
time:  63.273 SPS: 167
634999 success 0.0 +/- 0.0
634999 eval steps mean 99.9 best 99 optimal 9
634999 eval return -12.02 +/- 0.0
640000
GOAL [13  3]
time:  63.763 SPS: 167
639999 success 0.0 +/- 0.0
639999 eval steps mean 99.9 best 99 optimal 10
639999 eval return -7.02 +/- 0.0
time:  64.235 SPS: 167
644999 success 0.0 +/- 0.0
644999 eval steps mean 99.9 best 99 optimal 10
644999 eval return -7.02 +/- 0.0
time:  64.715 SPS: 167
649999 success 0.0 +/- 0.0
649999 eval steps mean 99.9 best 99 optimal 10
649999 eval return -7.02 +/- 0.0
time:  65.197 SPS: 167
654999 success 0.0 +/- 0.0
654999 eval steps mean 99.9 best 99 optimal 10
654999 eval return -7.02 +/- 0.0
time:  65.681 SPS: 167
659999 success 0.0 +/- 0.0
659999 eval steps mean 99.9 best 99 optimal 10
659999 eval return -7.02 +/- 0.0
time:  66.162 SPS: 167
664999 success 0.0 +/- 0.0
664999 eval steps mean 99.9 best 99 optimal 10
664999 eval return -7.02 +/- 0.0
time:  66.631 SPS: 167
669999 success 0.0 +/- 0.0
669999 eval steps mean 99.9 best 99 optimal 10
669999 eval return -7.02 +/- 0.0
time:  67.1 SPS: 167
674999 success 0.0 +/- 0.0
674999 eval steps mean 99.9 best 99 optimal 10
674999 eval return -7.02 +/- 0.0
680000
GOAL [14  6]
time:  67.581 SPS: 167
679999 success 0.0 +/- 0.0
679999 eval steps mean 99.9 best 99 optimal 8
679999 eval return -1.28 +/- 0.0
time:  68.058 SPS: 167
684999 success 0.0 +/- 0.0
684999 eval steps mean 99.9 best 99 optimal 8
684999 eval return -1.28 +/- 0.0
time:  68.532 SPS: 167
689999 success 0.0 +/- 0.0
689999 eval steps mean 99.9 best 99 optimal 8
689999 eval return -1.28 +/- 0.0
time:  69.015 SPS: 167
694999 success 0.0 +/- 0.0
694999 eval steps mean 99.9 best 99 optimal 8
694999 eval return -1.28 +/- 0.0
time:  69.488 SPS: 167
699999 success 0.0 +/- 0.0
699999 eval steps mean 99.9 best 99 optimal 8
699999 eval return -1.28 +/- 0.0
time:  69.965 SPS: 167
704999 success 0.0 +/- 0.0
704999 eval steps mean 99.9 best 99 optimal 8
704999 eval return -1.28 +/- 0.0
time:  70.447 SPS: 167
709999 success 0.0 +/- 0.0
709999 eval steps mean 99.9 best 99 optimal 8
709999 eval return -1.28 +/- 0.0
time:  70.922 SPS: 168
714999 success 0.0 +/- 0.0
714999 eval steps mean 99.9 best 99 optimal 8
714999 eval return -1.28 +/- 0.0
720000
GOAL [6 4]
time:  71.401 SPS: 168
719999 success 0.0 +/- 0.0
719999 eval steps mean 99.9 best 99 optimal 4
719999 eval return -15.0 +/- 0.0
time:  71.886 SPS: 168
724999 success 0.0 +/- 0.0
724999 eval steps mean 99.9 best 99 optimal 4
724999 eval return -15.0 +/- 0.0
time:  72.364 SPS: 168
729999 success 0.0 +/- 0.0
729999 eval steps mean 99.9 best 99 optimal 4
729999 eval return -15.0 +/- 0.0
time:  72.832 SPS: 168
734999 success 0.0 +/- 0.0
734999 eval steps mean 99.9 best 99 optimal 4
734999 eval return -15.0 +/- 0.0
time:  73.31 SPS: 168
739999 success 0.0 +/- 0.0
739999 eval steps mean 99.9 best 99 optimal 4
739999 eval return -15.0 +/- 0.0
time:  73.791 SPS: 168
744999 success 0.0 +/- 0.0
744999 eval steps mean 99.9 best 99 optimal 4
744999 eval return -15.0 +/- 0.0
time:  74.272 SPS: 168
749999 success 0.0 +/- 0.0
749999 eval steps mean 99.9 best 99 optimal 4
749999 eval return -15.0 +/- 0.0
time:  74.749 SPS: 168
754999 success 0.0 +/- 0.0
754999 eval steps mean 99.9 best 99 optimal 4
754999 eval return -15.0 +/- 0.0
760000
GOAL [10  4]
time:  75.231 SPS: 168
759999 success 0.0 +/- 0.0
759999 eval steps mean 99.9 best 99 optimal 6
759999 eval return -7.02 +/- 0.0
time:  75.708 SPS: 168
764999 success 0.0 +/- 0.0
764999 eval steps mean 99.9 best 99 optimal 6
764999 eval return -7.02 +/- 0.0
time:  76.185 SPS: 168
769999 success 0.0 +/- 0.0
769999 eval steps mean 99.9 best 99 optimal 6
769999 eval return -7.02 +/- 0.0
time:  76.664 SPS: 168
774999 success 0.0 +/- 0.0
774999 eval steps mean 99.9 best 99 optimal 6
774999 eval return -7.02 +/- 0.0
time:  77.143 SPS: 168
779999 success 0.0 +/- 0.0
779999 eval steps mean 99.9 best 99 optimal 6
779999 eval return -7.02 +/- 0.0
time:  77.621 SPS: 168
784999 success 0.0 +/- 0.0
784999 eval steps mean 99.9 best 99 optimal 6
784999 eval return -7.02 +/- 0.0
time:  78.099 SPS: 168
789999 success 0.0 +/- 0.0
789999 eval steps mean 99.9 best 99 optimal 6
789999 eval return -7.02 +/- 0.0
time:  78.586 SPS: 168
794999 success 0.0 +/- 0.0
794999 eval steps mean 99.9 best 99 optimal 6
794999 eval return -7.02 +/- 0.0
800000
GOAL [14  5]
time:  79.083 SPS: 168
799999 success 0.0 +/- 0.0
799999 eval steps mean 99.9 best 99 optimal 9
799999 eval return -2.28 +/- 0.0
done RL run. Time 79.23836294166668 min
