agent_dict keys dict_keys(['base_algorithm', 'learning_rate', 'num_envs', 'rollout_num_steps', 'gamma', 'gae_lambda', 'num_minibatches', 'update_epochs', 'minibatch_size', 'norm_adv', 'clip_coef', 'clip_vloss', 'ent_coef', 'vf_coef', 'max_grad_norm', 'rpo_alpha', 'parseval_reg', 'input_scale', 'learnable_input_scale', 'add_diag_layer', 'lie_group', 'pion', 'pion_block_size', 'pion_multiplicative', 'oft', 'poet', 'oet_num_blocks', 'poet_exact_cayley', 'layer_norm', 'layer_norm_no_params', 'weight_decay', 'tuned_adam', 'perturb', 'perturb_dist', 'regen', 'regen_wasserstein', 'weight_init', 'net_width', 'net_activation', 'init_gain', 'parseval_norm', 'parseval_num_groups'])
env_dict keys dict_keys(['env', 'change_freq', 'seed', 'env_type'])
Start RL run!
{'base_algorithm': 'ppo_agent', 'learning_rate': 0.01, 'num_envs': 1, 'rollout_num_steps': 128, 'gamma': 0.99, 'gae_lambda': 0.95, 'num_minibatches': 4, 'update_epochs': 4, 'minibatch_size': 32, 'norm_adv': True, 'clip_coef': 0.2, 'clip_vloss': True, 'ent_coef': 0.01, 'vf_coef': 0.5, 'max_grad_norm': 0.5, 'rpo_alpha': 0, 'parseval_reg': 0, 'input_scale': 1, 'learnable_input_scale': False, 'add_diag_layer': False, 'lie_group': False, 'pion': False, 'pion_block_size': None, 'pion_multiplicative': False, 'oft': False, 'poet': True, 'oet_num_blocks': 1, 'poet_exact_cayley': True, 'layer_norm': False, 'layer_norm_no_params': False, 'weight_decay': 0, 'tuned_adam': False, 'perturb': 0.0, 'perturb_dist': 'xavier', 'regen': 0.0, 'regen_wasserstein': False, 'weight_init': 'orthogonal', 'net_width': 64, 'net_activation': 'tanh', 'init_gain': None, 'parseval_norm': False, 'parseval_num_groups': 1, 'device': 'cpu'}
{'env': 'gridworld_ninerooms', 'change_freq': 40000, 'seed': 128, 'env_type': 'rl', 'local_run': False}
Running on gpu: False
Gridworld args () {'env': 'gridworld_ninerooms', 'change_freq': 40000, 'seed': 128, 'env_type': 'rl', 'local_run': False}
time:  0.042 SPS: 0
0 success 0.1 +/- 0.1
0 eval steps mean 92.7 best 28 optimal 5
0 eval return -5.759 +/- 1.076
time:  0.552 SPS: 150
4999 success 1.0 +/- 0.0
4999 eval steps mean 6.8 best 5 optimal 5
4999 eval return 2.818 +/- 0.015
time:  1.137 SPS: 146
9999 success 1.0 +/- 0.0
9999 eval steps mean 6.7 best 5 optimal 5
9999 eval return 2.822 +/- 0.021
time:  1.725 SPS: 144
14999 success 0.0 +/- 0.0
14999 eval steps mean 99.9 best 99 optimal 5
14999 eval return -6.979 +/- 0.021
time:  2.346 SPS: 142
19999 success 0.3 +/- 0.153
19999 eval steps mean 74.0 best 6 optimal 5
19999 eval return -2.014 +/- 0.996
time:  2.983 SPS: 139
24999 success 0.8 +/- 0.133
24999 eval steps mean 24.7 best 5 optimal 5
24999 eval return 1.087 +/- 1.181
time:  3.6 SPS: 138
29999 success 0.2 +/- 0.133
29999 eval steps mean 87.9 best 23 optimal 5
29999 eval return -4.426 +/- 1.008
time:  4.262 SPS: 136
34999 success 1.0 +/- 0.0
34999 eval steps mean 5.9 best 5 optimal 5
34999 eval return 2.85 +/- 0.0
40000
GOAL [11  7]
time:  4.873 SPS: 136
39999 success 0.0 +/- 0.0
39999 eval steps mean 99.9 best 99 optimal 4
39999 eval return -3.48 +/- 0.275
time:  5.554 SPS: 135
44999 success 1.0 +/- 0.0
44999 eval steps mean 4.9 best 4 optimal 4
44999 eval return 2.9 +/- 0.0
time:  6.171 SPS: 135
49999 success 0.0 +/- 0.0
49999 eval steps mean 99.9 best 99 optimal 4
49999 eval return -4.657 +/- 0.127
time:  6.846 SPS: 133
54999 success 1.0 +/- 0.0
54999 eval steps mean 4.9 best 4 optimal 4
54999 eval return 2.9 +/- 0.0
time:  7.467 SPS: 133
59999 success 1.0 +/- 0.0
59999 eval steps mean 4.9 best 4 optimal 4
59999 eval return 2.9 +/- 0.0
time:  8.097 SPS: 133
64999 success 1.0 +/- 0.0
64999 eval steps mean 4.9 best 4 optimal 4
64999 eval return 2.9 +/- 0.0
time:  8.716 SPS: 133
69999 success 1.0 +/- 0.0
69999 eval steps mean 4.9 best 4 optimal 4
69999 eval return 2.9 +/- 0.0
time:  9.339 SPS: 133
74999 success 1.0 +/- 0.0
74999 eval steps mean 4.9 best 4 optimal 4
74999 eval return 2.9 +/- 0.0
80000
GOAL [13  6]
time:  9.98 SPS: 133
79999 success 0.0 +/- 0.0
79999 eval steps mean 99.9 best 99 optimal 7
79999 eval return -2.14 +/- 0.0
time:  10.623 SPS: 133
84999 success 0.0 +/- 0.0
84999 eval steps mean 99.9 best 99 optimal 7
84999 eval return -2.14 +/- 0.0
time:  11.261 SPS: 133
89999 success 0.0 +/- 0.0
89999 eval steps mean 99.9 best 99 optimal 7
89999 eval return -2.14 +/- 0.0
time:  11.9 SPS: 133
94999 success 0.0 +/- 0.0
94999 eval steps mean 99.9 best 99 optimal 7
94999 eval return -2.14 +/- 0.0
time:  12.541 SPS: 132
99999 success 0.0 +/- 0.0
99999 eval steps mean 99.9 best 99 optimal 7
99999 eval return -2.14 +/- 0.0
time:  13.182 SPS: 132
104999 success 0.0 +/- 0.0
104999 eval steps mean 99.9 best 99 optimal 7
104999 eval return -2.14 +/- 0.0
time:  13.809 SPS: 132
109999 success 0.0 +/- 0.0
109999 eval steps mean 99.9 best 99 optimal 7
109999 eval return -2.14 +/- 0.0
time:  14.438 SPS: 132
114999 success 0.0 +/- 0.0
114999 eval steps mean 99.9 best 99 optimal 7
114999 eval return -2.14 +/- 0.0
120000
GOAL [7 1]
time:  15.081 SPS: 132
119999 success 0.0 +/- 0.0
119999 eval steps mean 99.9 best 99 optimal 6
119999 eval return -13.405 +/- 0.563
time:  15.727 SPS: 132
124999 success 0.0 +/- 0.0
124999 eval steps mean 99.9 best 99 optimal 6
124999 eval return -13.02 +/- 0.0
time:  16.372 SPS: 132
129999 success 0.0 +/- 0.0
129999 eval steps mean 99.9 best 99 optimal 6
129999 eval return -13.02 +/- 0.0
time:  17.014 SPS: 132
134999 success 0.0 +/- 0.0
134999 eval steps mean 99.9 best 99 optimal 6
134999 eval return -13.02 +/- 0.0
time:  17.642 SPS: 132
139999 success 0.0 +/- 0.0
139999 eval steps mean 99.9 best 99 optimal 6
139999 eval return -13.02 +/- 0.0
time:  18.27 SPS: 132
144999 success 0.0 +/- 0.0
144999 eval steps mean 99.9 best 99 optimal 6
144999 eval return -13.02 +/- 0.0
time:  18.906 SPS: 132
149999 success 0.0 +/- 0.0
149999 eval steps mean 99.9 best 99 optimal 6
149999 eval return -13.02 +/- 0.0
time:  19.523 SPS: 132
154999 success 0.0 +/- 0.0
154999 eval steps mean 99.9 best 99 optimal 6
154999 eval return -13.02 +/- 0.0
160000
GOAL [13  7]
time:  20.179 SPS: 132
159999 success 1.0 +/- 0.0
159999 eval steps mean 6.9 best 6 optimal 6
159999 eval return 2.79 +/- 0.0
time:  20.808 SPS: 132
164999 success 1.0 +/- 0.0
164999 eval steps mean 6.9 best 6 optimal 6
164999 eval return 2.79 +/- 0.0
time:  21.44 SPS: 132
169999 success 1.0 +/- 0.0
169999 eval steps mean 6.9 best 6 optimal 6
169999 eval return 2.79 +/- 0.0
time:  22.078 SPS: 132
174999 success 1.0 +/- 0.0
174999 eval steps mean 6.9 best 6 optimal 6
174999 eval return 2.79 +/- 0.0
time:  22.716 SPS: 132
179999 success 1.0 +/- 0.0
179999 eval steps mean 6.9 best 6 optimal 6
179999 eval return 2.79 +/- 0.0
time:  23.353 SPS: 132
184999 success 1.0 +/- 0.0
184999 eval steps mean 6.9 best 6 optimal 6
184999 eval return 2.79 +/- 0.0
time:  23.994 SPS: 131
189999 success 1.0 +/- 0.0
189999 eval steps mean 6.9 best 6 optimal 6
189999 eval return 2.79 +/- 0.0
time:  24.62 SPS: 132
194999 success 1.0 +/- 0.0
194999 eval steps mean 6.9 best 6 optimal 6
194999 eval return 2.79 +/- 0.0
200000
GOAL [14  6]
time:  25.274 SPS: 131
199999 success 0.0 +/- 0.0
199999 eval steps mean 99.9 best 99 optimal 8
199999 eval return -1.28 +/- 0.0
time:  25.905 SPS: 131
204999 success 0.0 +/- 0.0
204999 eval steps mean 99.9 best 99 optimal 8
204999 eval return -1.28 +/- 0.0
time:  26.541 SPS: 131
209999 success 0.0 +/- 0.0
209999 eval steps mean 99.9 best 99 optimal 8
209999 eval return -1.28 +/- 0.0
time:  27.193 SPS: 131
214999 success 0.0 +/- 0.0
214999 eval steps mean 99.9 best 99 optimal 8
214999 eval return -1.28 +/- 0.0
time:  27.832 SPS: 131
219999 success 0.0 +/- 0.0
219999 eval steps mean 99.9 best 99 optimal 8
219999 eval return -1.28 +/- 0.0
time:  28.472 SPS: 131
224999 success 0.0 +/- 0.0
224999 eval steps mean 99.9 best 99 optimal 8
224999 eval return -1.28 +/- 0.0
time:  29.105 SPS: 131
229999 success 0.0 +/- 0.0
229999 eval steps mean 99.9 best 99 optimal 8
229999 eval return -1.28 +/- 0.0
time:  29.738 SPS: 131
234999 success 0.0 +/- 0.0
234999 eval steps mean 99.9 best 99 optimal 8
234999 eval return -1.28 +/- 0.0
240000
GOAL [11  5]
time:  30.395 SPS: 131
239999 success 0.0 +/- 0.0
239999 eval steps mean 99.9 best 99 optimal 6
239999 eval return -4.92 +/- 0.0
time:  31.026 SPS: 131
244999 success 0.0 +/- 0.0
244999 eval steps mean 99.9 best 99 optimal 6
244999 eval return -4.92 +/- 0.0
time:  31.652 SPS: 131
249999 success 0.0 +/- 0.0
249999 eval steps mean 99.9 best 99 optimal 6
249999 eval return -4.92 +/- 0.0
time:  32.285 SPS: 131
254999 success 0.0 +/- 0.0
254999 eval steps mean 99.9 best 99 optimal 6
254999 eval return -4.92 +/- 0.0
time:  32.933 SPS: 131
259999 success 0.0 +/- 0.0
259999 eval steps mean 99.9 best 99 optimal 6
259999 eval return -4.92 +/- 0.0
time:  33.559 SPS: 131
264999 success 0.0 +/- 0.0
264999 eval steps mean 99.9 best 99 optimal 6
264999 eval return -4.92 +/- 0.0
time:  34.182 SPS: 131
269999 success 0.0 +/- 0.0
269999 eval steps mean 99.9 best 99 optimal 6
269999 eval return -4.92 +/- 0.0
time:  34.828 SPS: 131
274999 success 0.0 +/- 0.0
274999 eval steps mean 99.9 best 99 optimal 6
274999 eval return -4.92 +/- 0.0
280000
GOAL [ 5 12]
time:  35.475 SPS: 131
279999 success 0.0 +/- 0.0
279999 eval steps mean 99.9 best 99 optimal 7
279999 eval return -13.96 +/- 0.0
time:  36.123 SPS: 131
284999 success 0.0 +/- 0.0
284999 eval steps mean 99.9 best 99 optimal 7
284999 eval return -13.96 +/- 0.0
time:  36.747 SPS: 131
289999 success 0.0 +/- 0.0
289999 eval steps mean 99.9 best 99 optimal 7
289999 eval return -13.96 +/- 0.0
time:  37.371 SPS: 131
294999 success 0.0 +/- 0.0
294999 eval steps mean 99.9 best 99 optimal 7
294999 eval return -13.96 +/- 0.0
time:  38.008 SPS: 131
299999 success 0.0 +/- 0.0
299999 eval steps mean 99.9 best 99 optimal 7
299999 eval return -13.96 +/- 0.0
time:  38.629 SPS: 131
304999 success 0.0 +/- 0.0
304999 eval steps mean 99.9 best 99 optimal 7
304999 eval return -13.96 +/- 0.0
time:  39.272 SPS: 131
309999 success 0.0 +/- 0.0
309999 eval steps mean 99.9 best 99 optimal 7
309999 eval return -13.96 +/- 0.0
time:  39.909 SPS: 131
314999 success 0.0 +/- 0.0
314999 eval steps mean 99.9 best 99 optimal 7
314999 eval return -13.96 +/- 0.0
320000
GOAL [ 7 10]
time:  40.552 SPS: 131
319999 success 0.0 +/- 0.0
319999 eval steps mean 99.9 best 99 optimal 3
319999 eval return -14.02 +/- 0.0
time:  41.177 SPS: 131
324999 success 0.0 +/- 0.0
324999 eval steps mean 99.9 best 99 optimal 3
324999 eval return -14.02 +/- 0.0
time:  41.807 SPS: 131
329999 success 0.0 +/- 0.0
329999 eval steps mean 99.9 best 99 optimal 3
329999 eval return -14.02 +/- 0.0
time:  42.441 SPS: 131
334999 success 0.0 +/- 0.0
334999 eval steps mean 99.9 best 99 optimal 3
334999 eval return -14.02 +/- 0.0
time:  43.057 SPS: 131
339999 success 0.0 +/- 0.0
339999 eval steps mean 99.9 best 99 optimal 3
339999 eval return -14.02 +/- 0.0
time:  43.68 SPS: 131
344999 success 0.0 +/- 0.0
344999 eval steps mean 99.9 best 99 optimal 3
344999 eval return -14.02 +/- 0.0
time:  44.308 SPS: 131
349999 success 0.0 +/- 0.0
349999 eval steps mean 99.9 best 99 optimal 3
349999 eval return -14.02 +/- 0.0
time:  44.936 SPS: 131
354999 success 0.0 +/- 0.0
354999 eval steps mean 99.9 best 99 optimal 3
354999 eval return -14.02 +/- 0.0
360000
GOAL [6 1]
time:  45.572 SPS: 131
359999 success 0.0 +/- 0.0
359999 eval steps mean 99.9 best 99 optimal 7
359999 eval return -14.0 +/- 0.0
time:  46.18 SPS: 131
364999 success 0.0 +/- 0.0
364999 eval steps mean 99.9 best 99 optimal 7
364999 eval return -14.0 +/- 0.0
time:  46.801 SPS: 131
369999 success 0.0 +/- 0.0
369999 eval steps mean 99.9 best 99 optimal 7
369999 eval return -14.0 +/- 0.0
time:  47.44 SPS: 131
374999 success 0.0 +/- 0.0
374999 eval steps mean 99.9 best 99 optimal 7
374999 eval return -14.0 +/- 0.0
time:  48.067 SPS: 131
379999 success 0.0 +/- 0.0
379999 eval steps mean 99.9 best 99 optimal 7
379999 eval return -14.0 +/- 0.0
time:  48.694 SPS: 131
384999 success 0.0 +/- 0.0
384999 eval steps mean 99.9 best 99 optimal 7
384999 eval return -14.0 +/- 0.0
time:  49.309 SPS: 131
389999 success 0.0 +/- 0.0
389999 eval steps mean 99.9 best 99 optimal 7
389999 eval return -14.0 +/- 0.0
time:  49.957 SPS: 131
394999 success 0.0 +/- 0.0
394999 eval steps mean 99.9 best 99 optimal 7
394999 eval return -14.0 +/- 0.0
400000
GOAL [10  3]
time:  50.593 SPS: 131
399999 success 0.0 +/- 0.0
399999 eval steps mean 99.9 best 99 optimal 7
399999 eval return -8.02 +/- 0.0
time:  51.215 SPS: 131
404999 success 0.0 +/- 0.0
404999 eval steps mean 99.9 best 99 optimal 7
404999 eval return -8.02 +/- 0.0
time:  51.841 SPS: 131
409999 success 0.0 +/- 0.0
409999 eval steps mean 99.9 best 99 optimal 7
409999 eval return -8.02 +/- 0.0
time:  52.481 SPS: 131
414999 success 0.0 +/- 0.0
414999 eval steps mean 99.9 best 99 optimal 7
414999 eval return -8.02 +/- 0.0
time:  53.117 SPS: 131
419999 success 0.0 +/- 0.0
419999 eval steps mean 99.9 best 99 optimal 7
419999 eval return -8.02 +/- 0.0
time:  53.755 SPS: 131
424999 success 0.0 +/- 0.0
424999 eval steps mean 99.9 best 99 optimal 7
424999 eval return -8.02 +/- 0.0
time:  54.389 SPS: 131
429999 success 0.0 +/- 0.0
429999 eval steps mean 99.9 best 99 optimal 7
429999 eval return -8.02 +/- 0.0
time:  55.028 SPS: 131
434999 success 0.0 +/- 0.0
434999 eval steps mean 99.9 best 99 optimal 7
434999 eval return -8.02 +/- 0.0
440000
GOAL [ 9 14]
time:  55.673 SPS: 131
439999 success 0.0 +/- 0.0
439999 eval steps mean 99.9 best 99 optimal 9
439999 eval return -12.02 +/- 0.0
time:  56.304 SPS: 131
444999 success 0.0 +/- 0.0
444999 eval steps mean 99.9 best 99 optimal 9
444999 eval return -12.02 +/- 0.0
time:  56.922 SPS: 131
449999 success 0.0 +/- 0.0
449999 eval steps mean 99.9 best 99 optimal 9
449999 eval return -12.02 +/- 0.0
time:  57.558 SPS: 131
454999 success 0.0 +/- 0.0
454999 eval steps mean 99.9 best 99 optimal 9
454999 eval return -12.02 +/- 0.0
time:  58.187 SPS: 131
459999 success 0.0 +/- 0.0
459999 eval steps mean 99.9 best 99 optimal 9
459999 eval return -12.02 +/- 0.0
time:  58.815 SPS: 131
464999 success 0.0 +/- 0.0
464999 eval steps mean 99.9 best 99 optimal 9
464999 eval return -12.02 +/- 0.0
time:  59.448 SPS: 131
469999 success 0.0 +/- 0.0
469999 eval steps mean 99.9 best 99 optimal 9
469999 eval return -12.02 +/- 0.0
time:  60.083 SPS: 131
474999 success 0.0 +/- 0.0
474999 eval steps mean 99.9 best 99 optimal 9
474999 eval return -12.02 +/- 0.0
480000
GOAL [6 0]
time:  60.721 SPS: 131
479999 success 0.0 +/- 0.0
479999 eval steps mean 99.9 best 99 optimal 8
479999 eval return -15.0 +/- 0.0
time:  61.352 SPS: 131
484999 success 0.0 +/- 0.0
484999 eval steps mean 99.9 best 99 optimal 8
484999 eval return -15.0 +/- 0.0
time:  61.976 SPS: 131
489999 success 0.0 +/- 0.0
489999 eval steps mean 99.9 best 99 optimal 8
489999 eval return -15.0 +/- 0.0
time:  62.605 SPS: 131
494999 success 0.0 +/- 0.0
494999 eval steps mean 99.9 best 99 optimal 8
494999 eval return -15.0 +/- 0.0
time:  63.233 SPS: 131
499999 success 0.0 +/- 0.0
499999 eval steps mean 99.9 best 99 optimal 8
499999 eval return -15.0 +/- 0.0
time:  63.867 SPS: 131
504999 success 0.0 +/- 0.0
504999 eval steps mean 99.9 best 99 optimal 8
504999 eval return -15.0 +/- 0.0
time:  64.487 SPS: 131
509999 success 0.0 +/- 0.0
509999 eval steps mean 99.9 best 99 optimal 8
509999 eval return -15.0 +/- 0.0
time:  65.128 SPS: 131
514999 success 0.0 +/- 0.0
514999 eval steps mean 99.9 best 99 optimal 8
514999 eval return -15.0 +/- 0.0
520000
GOAL [7 4]
time:  65.776 SPS: 131
519999 success 0.0 +/- 0.0
519999 eval steps mean 99.9 best 99 optimal 3
519999 eval return -14.02 +/- 0.0
time:  66.413 SPS: 131
524999 success 0.0 +/- 0.0
524999 eval steps mean 99.9 best 99 optimal 3
524999 eval return -14.02 +/- 0.0
time:  67.054 SPS: 131
529999 success 0.0 +/- 0.0
529999 eval steps mean 99.9 best 99 optimal 3
529999 eval return -14.02 +/- 0.0
time:  67.681 SPS: 131
534999 success 0.0 +/- 0.0
534999 eval steps mean 99.9 best 99 optimal 3
534999 eval return -14.02 +/- 0.0
time:  68.307 SPS: 131
539999 success 0.0 +/- 0.0
539999 eval steps mean 99.9 best 99 optimal 3
539999 eval return -14.02 +/- 0.0
time:  68.94 SPS: 131
544999 success 0.0 +/- 0.0
544999 eval steps mean 99.9 best 99 optimal 3
544999 eval return -14.02 +/- 0.0
time:  69.551 SPS: 131
549999 success 0.0 +/- 0.0
549999 eval steps mean 99.9 best 99 optimal 3
549999 eval return -14.02 +/- 0.0
time:  70.185 SPS: 131
554999 success 0.0 +/- 0.0
554999 eval steps mean 99.9 best 99 optimal 3
554999 eval return -14.02 +/- 0.0
560000
GOAL [ 9 14]
time:  70.836 SPS: 131
559999 success 0.0 +/- 0.0
559999 eval steps mean 99.9 best 99 optimal 9
559999 eval return -12.02 +/- 0.0
time:  71.472 SPS: 131
564999 success 0.0 +/- 0.0
564999 eval steps mean 99.9 best 99 optimal 9
564999 eval return -12.02 +/- 0.0
time:  72.101 SPS: 131
569999 success 0.0 +/- 0.0
569999 eval steps mean 99.9 best 99 optimal 9
569999 eval return -12.02 +/- 0.0
time:  72.721 SPS: 131
574999 success 0.0 +/- 0.0
574999 eval steps mean 99.9 best 99 optimal 9
574999 eval return -12.02 +/- 0.0
time:  73.35 SPS: 131
579999 success 0.0 +/- 0.0
579999 eval steps mean 99.9 best 99 optimal 9
579999 eval return -12.02 +/- 0.0
time:  73.979 SPS: 131
584999 success 0.0 +/- 0.0
584999 eval steps mean 99.9 best 99 optimal 9
584999 eval return -12.02 +/- 0.0
time:  74.609 SPS: 131
589999 success 0.0 +/- 0.0
589999 eval steps mean 99.9 best 99 optimal 9
589999 eval return -12.02 +/- 0.0
time:  75.229 SPS: 131
594999 success 0.0 +/- 0.0
594999 eval steps mean 99.9 best 99 optimal 9
594999 eval return -12.02 +/- 0.0
600000
GOAL [6 4]
time:  75.874 SPS: 131
599999 success 0.0 +/- 0.0
599999 eval steps mean 99.9 best 99 optimal 4
599999 eval return -15.0 +/- 0.0
time:  76.5 SPS: 131
604999 success 0.0 +/- 0.0
604999 eval steps mean 99.9 best 99 optimal 4
604999 eval return -15.0 +/- 0.0
time:  77.127 SPS: 131
609999 success 0.0 +/- 0.0
609999 eval steps mean 99.9 best 99 optimal 4
609999 eval return -15.0 +/- 0.0
time:  77.764 SPS: 131
614999 success 0.0 +/- 0.0
614999 eval steps mean 99.9 best 99 optimal 4
614999 eval return -15.0 +/- 0.0
time:  78.401 SPS: 131
619999 success 0.0 +/- 0.0
619999 eval steps mean 99.9 best 99 optimal 4
619999 eval return -15.0 +/- 0.0
time:  79.044 SPS: 131
624999 success 0.0 +/- 0.0
624999 eval steps mean 99.9 best 99 optimal 4
624999 eval return -15.0 +/- 0.0
time:  79.626 SPS: 131
629999 success 0.0 +/- 0.0
629999 eval steps mean 99.9 best 99 optimal 4
629999 eval return -15.0 +/- 0.0
time:  80.203 SPS: 131
634999 success 0.0 +/- 0.0
634999 eval steps mean 99.9 best 99 optimal 4
634999 eval return -15.0 +/- 0.0
640000
GOAL [11  0]
time:  80.78 SPS: 132
639999 success 0.0 +/- 0.0
639999 eval steps mean 99.9 best 99 optimal 11
639999 eval return -10.02 +/- 0.0
time:  81.341 SPS: 132
644999 success 0.0 +/- 0.0
644999 eval steps mean 99.9 best 99 optimal 11
644999 eval return -10.02 +/- 0.0
time:  81.89 SPS: 132
649999 success 0.0 +/- 0.0
649999 eval steps mean 99.9 best 99 optimal 11
649999 eval return -10.02 +/- 0.0
time:  82.402 SPS: 132
654999 success 0.0 +/- 0.0
654999 eval steps mean 99.9 best 99 optimal 11
654999 eval return -10.02 +/- 0.0
time:  82.926 SPS: 132
659999 success 0.0 +/- 0.0
659999 eval steps mean 99.9 best 99 optimal 11
659999 eval return -10.02 +/- 0.0
time:  83.44 SPS: 132
664999 success 0.0 +/- 0.0
664999 eval steps mean 99.9 best 99 optimal 11
664999 eval return -10.02 +/- 0.0
time:  83.95 SPS: 133
669999 success 0.0 +/- 0.0
669999 eval steps mean 99.9 best 99 optimal 11
669999 eval return -10.02 +/- 0.0
time:  84.465 SPS: 133
674999 success 0.0 +/- 0.0
674999 eval steps mean 99.9 best 99 optimal 11
674999 eval return -10.02 +/- 0.0
680000
GOAL [10  8]
time:  84.985 SPS: 133
679999 success 0.0 +/- 0.0
679999 eval steps mean 99.9 best 99 optimal 4
679999 eval return -4.84 +/- 0.0
time:  85.486 SPS: 133
684999 success 0.0 +/- 0.0
684999 eval steps mean 99.9 best 99 optimal 4
684999 eval return -4.84 +/- 0.0
time:  85.997 SPS: 133
689999 success 0.0 +/- 0.0
689999 eval steps mean 99.9 best 99 optimal 4
689999 eval return -4.84 +/- 0.0
time:  86.51 SPS: 133
694999 success 0.0 +/- 0.0
694999 eval steps mean 99.9 best 99 optimal 4
694999 eval return -4.84 +/- 0.0
time:  87.011 SPS: 134
699999 success 0.0 +/- 0.0
699999 eval steps mean 99.9 best 99 optimal 4
699999 eval return -4.84 +/- 0.0
time:  87.508 SPS: 134
704999 success 0.0 +/- 0.0
704999 eval steps mean 99.9 best 99 optimal 4
704999 eval return -4.84 +/- 0.0
time:  88.026 SPS: 134
709999 success 0.0 +/- 0.0
709999 eval steps mean 99.9 best 99 optimal 4
709999 eval return -4.84 +/- 0.0
time:  88.54 SPS: 134
714999 success 0.0 +/- 0.0
714999 eval steps mean 99.9 best 99 optimal 4
714999 eval return -4.84 +/- 0.0
720000
GOAL [7 3]
time:  89.087 SPS: 134
719999 success 0.0 +/- 0.0
719999 eval steps mean 99.9 best 99 optimal 4
719999 eval return -13.02 +/- 0.0
time:  89.593 SPS: 134
724999 success 0.0 +/- 0.0
724999 eval steps mean 99.9 best 99 optimal 4
724999 eval return -13.02 +/- 0.0
time:  90.105 SPS: 135
729999 success 0.0 +/- 0.0
729999 eval steps mean 99.9 best 99 optimal 4
729999 eval return -13.02 +/- 0.0
time:  90.601 SPS: 135
734999 success 0.0 +/- 0.0
734999 eval steps mean 99.9 best 99 optimal 4
734999 eval return -13.02 +/- 0.0
time:  91.009 SPS: 135
739999 success 0.0 +/- 0.0
739999 eval steps mean 99.9 best 99 optimal 4
739999 eval return -13.02 +/- 0.0
time:  91.387 SPS: 135
744999 success 0.0 +/- 0.0
744999 eval steps mean 99.9 best 99 optimal 4
744999 eval return -13.02 +/- 0.0
time:  91.778 SPS: 136
749999 success 0.0 +/- 0.0
749999 eval steps mean 99.9 best 99 optimal 4
749999 eval return -13.02 +/- 0.0
time:  92.167 SPS: 136
754999 success 0.0 +/- 0.0
754999 eval steps mean 99.9 best 99 optimal 4
754999 eval return -13.02 +/- 0.0
760000
GOAL [10 13]
time:  92.56 SPS: 136
759999 success 0.0 +/- 0.0
759999 eval steps mean 99.9 best 99 optimal 9
759999 eval return -10.02 +/- 0.0
time:  92.941 SPS: 137
764999 success 0.0 +/- 0.0
764999 eval steps mean 99.9 best 99 optimal 9
764999 eval return -10.02 +/- 0.0
time:  93.317 SPS: 137
769999 success 0.0 +/- 0.0
769999 eval steps mean 99.9 best 99 optimal 9
769999 eval return -10.02 +/- 0.0
time:  93.697 SPS: 137
774999 success 0.0 +/- 0.0
774999 eval steps mean 99.9 best 99 optimal 9
774999 eval return -10.02 +/- 0.0
time:  94.078 SPS: 138
779999 success 0.0 +/- 0.0
779999 eval steps mean 99.9 best 99 optimal 9
779999 eval return -10.02 +/- 0.0
time:  94.49 SPS: 138
784999 success 0.0 +/- 0.0
784999 eval steps mean 99.9 best 99 optimal 9
784999 eval return -10.02 +/- 0.0
time:  94.88 SPS: 138
789999 success 0.0 +/- 0.0
789999 eval steps mean 99.9 best 99 optimal 9
789999 eval return -10.02 +/- 0.0
time:  95.269 SPS: 139
794999 success 0.0 +/- 0.0
794999 eval steps mean 99.9 best 99 optimal 9
794999 eval return -10.02 +/- 0.0
800000
GOAL [11  0]
time:  95.669 SPS: 139
799999 success 0.0 +/- 0.0
799999 eval steps mean 99.9 best 99 optimal 11
799999 eval return -10.02 +/- 0.0
done RL run. Time 95.77654469666666 min
