agent_dict keys dict_keys(['base_algorithm', 'learning_rate', 'num_envs', 'rollout_num_steps', 'gamma', 'gae_lambda', 'num_minibatches', 'update_epochs', 'minibatch_size', 'norm_adv', 'clip_coef', 'clip_vloss', 'ent_coef', 'vf_coef', 'max_grad_norm', 'rpo_alpha', 'parseval_reg', 'input_scale', 'learnable_input_scale', 'add_diag_layer', 'lie_group', 'pion', 'pion_block_size', 'pion_multiplicative', 'oft', 'poet', 'oet_num_blocks', 'poet_exact_cayley', 'layer_norm', 'layer_norm_no_params', 'weight_decay', 'tuned_adam', 'perturb', 'perturb_dist', 'regen', 'regen_wasserstein', 'weight_init', 'net_width', 'net_activation', 'init_gain', 'parseval_norm', 'parseval_num_groups'])
env_dict keys dict_keys(['env', 'change_freq', 'seed', 'env_type'])
Start RL run!
{'base_algorithm': 'ppo_agent', 'learning_rate': 0.0005, 'num_envs': 1, 'rollout_num_steps': 128, 'gamma': 0.99, 'gae_lambda': 0.95, 'num_minibatches': 4, 'update_epochs': 4, 'minibatch_size': 32, 'norm_adv': True, 'clip_coef': 0.2, 'clip_vloss': True, 'ent_coef': 0.01, 'vf_coef': 0.5, 'max_grad_norm': 0.5, 'rpo_alpha': 0, 'parseval_reg': 0, 'input_scale': 1, 'learnable_input_scale': False, 'add_diag_layer': False, 'lie_group': False, 'pion': False, 'pion_block_size': None, 'pion_multiplicative': False, 'oft': False, 'poet': True, 'oet_num_blocks': 1, 'poet_exact_cayley': True, 'layer_norm': False, 'layer_norm_no_params': False, 'weight_decay': 0, 'tuned_adam': False, 'perturb': 0.0, 'perturb_dist': 'xavier', 'regen': 0.0, 'regen_wasserstein': False, 'weight_init': 'orthogonal', 'net_width': 64, 'net_activation': 'tanh', 'init_gain': None, 'parseval_norm': False, 'parseval_num_groups': 1, 'device': 'cpu'}
{'env': 'gridworld_ninerooms', 'change_freq': 40000, 'seed': 127, 'env_type': 'rl', 'local_run': False}
Running on gpu: False
Gridworld args () {'env': 'gridworld_ninerooms', 'change_freq': 40000, 'seed': 127, 'env_type': 'rl', 'local_run': False}
time:  0.042 SPS: 0
0 success 0.0 +/- 0.0
0 eval steps mean 99.9 best 99 optimal 7
0 eval return -14.384 +/- 0.919
time:  0.566 SPS: 147
4999 success 0.0 +/- 0.0
4999 eval steps mean 99.9 best 99 optimal 7
4999 eval return -14.652 +/- 0.636
time:  1.218 SPS: 136
9999 success 0.0 +/- 0.0
9999 eval steps mean 99.9 best 99 optimal 7
9999 eval return -12.583 +/- 0.667
time:  1.873 SPS: 133
14999 success 0.0 +/- 0.0
14999 eval steps mean 99.9 best 99 optimal 7
14999 eval return -11.64 +/- 0.292
time:  2.542 SPS: 131
19999 success 0.0 +/- 0.0
19999 eval steps mean 99.9 best 99 optimal 7
19999 eval return -10.306 +/- 0.571
time:  3.194 SPS: 130
24999 success 0.0 +/- 0.0
24999 eval steps mean 99.9 best 99 optimal 7
24999 eval return -12.298 +/- 0.299
time:  3.862 SPS: 129
29999 success 0.4 +/- 0.163
29999 eval steps mean 81.8 best 37 optimal 7
29999 eval return -6.687 +/- 1.22
time:  4.527 SPS: 128
34999 success 0.6 +/- 0.163
34999 eval steps mean 76.7 best 27 optimal 7
34999 eval return -6.121 +/- 1.44
40000
GOAL [9 3]
time:  5.215 SPS: 127
39999 success 0.0 +/- 0.0
39999 eval steps mean 99.9 best 99 optimal 6
39999 eval return -5.912 +/- 0.311
time:  5.901 SPS: 127
44999 success 1.0 +/- 0.0
44999 eval steps mean 45.9 best 18 optimal 6
44999 eval return -0.735 +/- 0.765
time:  6.545 SPS: 127
49999 success 1.0 +/- 0.0
49999 eval steps mean 23.1 best 15 optimal 6
49999 eval return 1.521 +/- 0.236
time:  7.181 SPS: 127
54999 success 1.0 +/- 0.0
54999 eval steps mean 17.5 best 15 optimal 6
54999 eval return 1.712 +/- 0.12
time:  7.799 SPS: 128
59999 success 1.0 +/- 0.0
59999 eval steps mean 15.7 best 15 optimal 6
59999 eval return 1.911 +/- 0.02
time:  8.433 SPS: 128
64999 success 1.0 +/- 0.0
64999 eval steps mean 15.4 best 14 optimal 6
64999 eval return 1.899 +/- 0.03
time:  9.058 SPS: 128
69999 success 1.0 +/- 0.0
69999 eval steps mean 15.1 best 14 optimal 6
69999 eval return 1.939 +/- 0.011
time:  9.693 SPS: 128
74999 success 1.0 +/- 0.0
74999 eval steps mean 15.3 best 14 optimal 6
74999 eval return 1.93 +/- 0.02
80000
GOAL [6 4]
time:  10.335 SPS: 129
79999 success 0.1 +/- 0.1
79999 eval steps mean 92.1 best 21 optimal 4
79999 eval return -4.376 +/- 0.619
time:  11.016 SPS: 128
84999 success 1.0 +/- 0.0
84999 eval steps mean 22.0 best 19 optimal 4
84999 eval return 0.916 +/- 0.199
time:  11.657 SPS: 128
89999 success 1.0 +/- 0.0
89999 eval steps mean 19.8 best 18 optimal 4
89999 eval return 1.225 +/- 0.036
time:  12.291 SPS: 128
94999 success 1.0 +/- 0.0
94999 eval steps mean 19.5 best 18 optimal 4
94999 eval return 1.241 +/- 0.04
time:  12.92 SPS: 128
99999 success 1.0 +/- 0.0
99999 eval steps mean 19.6 best 18 optimal 4
99999 eval return 1.269 +/- 0.03
time:  13.563 SPS: 129
104999 success 1.0 +/- 0.0
104999 eval steps mean 19.3 best 19 optimal 4
104999 eval return 1.272 +/- 0.026
time:  14.197 SPS: 129
109999 success 1.0 +/- 0.0
109999 eval steps mean 23.1 best 19 optimal 4
109999 eval return 0.764 +/- 0.452
time:  14.825 SPS: 129
114999 success 1.0 +/- 0.0
114999 eval steps mean 19.9 best 18 optimal 4
114999 eval return 1.231 +/- 0.048
120000
GOAL [13 13]
time:  15.476 SPS: 129
119999 success 0.0 +/- 0.0
119999 eval steps mean 99.9 best 99 optimal 12
119999 eval return -18.376 +/- 0.097
time:  16.134 SPS: 129
124999 success 0.0 +/- 0.0
124999 eval steps mean 99.9 best 99 optimal 12
124999 eval return -12.342 +/- 0.372
time:  16.832 SPS: 128
129999 success 0.0 +/- 0.0
129999 eval steps mean 99.9 best 99 optimal 12
129999 eval return -8.981 +/- 0.104
time:  17.517 SPS: 128
134999 success 0.1 +/- 0.1
134999 eval steps mean 98.1 best 82 optimal 12
134999 eval return -6.619 +/- 0.958
time:  18.207 SPS: 128
139999 success 1.0 +/- 0.0
139999 eval steps mean 13.3 best 12 optimal 12
139999 eval return 2.186 +/- 0.034
time:  18.835 SPS: 128
144999 success 1.0 +/- 0.0
144999 eval steps mean 12.9 best 12 optimal 12
144999 eval return 2.22 +/- 0.0
time:  19.463 SPS: 128
149999 success 1.0 +/- 0.0
149999 eval steps mean 12.9 best 12 optimal 12
149999 eval return 2.22 +/- 0.0
time:  20.089 SPS: 128
154999 success 1.0 +/- 0.0
154999 eval steps mean 12.9 best 12 optimal 12
154999 eval return 2.22 +/- 0.0
160000
GOAL [10  4]
time:  20.722 SPS: 128
159999 success 0.0 +/- 0.0
159999 eval steps mean 99.9 best 99 optimal 6
159999 eval return -12.525 +/- 0.029
time:  21.389 SPS: 128
164999 success 0.0 +/- 0.0
164999 eval steps mean 99.9 best 99 optimal 6
164999 eval return -10.604 +/- 0.443
time:  22.067 SPS: 128
169999 success 0.0 +/- 0.0
169999 eval steps mean 99.9 best 99 optimal 6
169999 eval return -6.093 +/- 0.986
time:  22.748 SPS: 128
174999 success 0.0 +/- 0.0
174999 eval steps mean 99.9 best 99 optimal 6
174999 eval return -3.762 +/- 0.009
time:  23.437 SPS: 128
179999 success 1.0 +/- 0.0
179999 eval steps mean 12.0 best 10 optimal 6
179999 eval return 2.39 +/- 0.039
time:  24.068 SPS: 128
184999 success 1.0 +/- 0.0
184999 eval steps mean 10.9 best 10 optimal 6
184999 eval return 2.45 +/- 0.0
time:  24.707 SPS: 128
189999 success 1.0 +/- 0.0
189999 eval steps mean 12.1 best 10 optimal 6
189999 eval return 2.413 +/- 0.034
time:  25.334 SPS: 128
194999 success 1.0 +/- 0.0
194999 eval steps mean 10.9 best 10 optimal 6
194999 eval return 2.45 +/- 0.0
200000
GOAL [12 14]
time:  25.965 SPS: 128
199999 success 0.0 +/- 0.0
199999 eval steps mean 99.9 best 99 optimal 12
199999 eval return -15.746 +/- 0.266
time:  26.648 SPS: 128
204999 success 0.0 +/- 0.0
204999 eval steps mean 99.9 best 99 optimal 12
204999 eval return -7.214 +/- 0.206
time:  27.332 SPS: 128
209999 success 1.0 +/- 0.0
209999 eval steps mean 15.5 best 13 optimal 12
209999 eval return 2.111 +/- 0.033
time:  27.945 SPS: 128
214999 success 1.0 +/- 0.0
214999 eval steps mean 13.3 best 12 optimal 12
214999 eval return 2.206 +/- 0.011
time:  28.577 SPS: 128
219999 success 1.0 +/- 0.0
219999 eval steps mean 13.3 best 12 optimal 12
219999 eval return 2.21 +/- 0.007
time:  29.196 SPS: 128
224999 success 1.0 +/- 0.0
224999 eval steps mean 13.1 best 12 optimal 12
224999 eval return 2.209 +/- 0.011
time:  29.836 SPS: 128
229999 success 1.0 +/- 0.0
229999 eval steps mean 13.3 best 12 optimal 12
229999 eval return 2.21 +/- 0.007
time:  30.467 SPS: 128
234999 success 1.0 +/- 0.0
234999 eval steps mean 12.9 best 12 optimal 12
234999 eval return 2.22 +/- 0.0
240000
GOAL [9 4]
time:  31.092 SPS: 128
239999 success 0.0 +/- 0.0
239999 eval steps mean 99.9 best 99 optimal 5
239999 eval return -17.002 +/- 0.081
time:  31.77 SPS: 128
244999 success 0.0 +/- 0.0
244999 eval steps mean 99.9 best 99 optimal 5
244999 eval return -6.104 +/- 0.194
time:  32.455 SPS: 128
249999 success 0.0 +/- 0.0
249999 eval steps mean 99.9 best 99 optimal 5
249999 eval return -4.988 +/- 0.05
time:  33.136 SPS: 128
254999 success 0.9 +/- 0.1
254999 eval steps mean 29.6 best 16 optimal 5
254999 eval return -0.476 +/- 1.499
time:  33.766 SPS: 128
259999 success 1.0 +/- 0.0
259999 eval steps mean 15.9 best 15 optimal 5
259999 eval return 1.8 +/- 0.0
time:  34.393 SPS: 128
264999 success 1.0 +/- 0.0
264999 eval steps mean 16.2 best 16 optimal 5
264999 eval return 1.786 +/- 0.01
time:  35.013 SPS: 128
269999 success 1.0 +/- 0.0
269999 eval steps mean 16.7 best 15 optimal 5
269999 eval return 1.756 +/- 0.034
time:  35.634 SPS: 128
274999 success 1.0 +/- 0.0
274999 eval steps mean 16.1 best 15 optimal 5
274999 eval return 1.777 +/- 0.023
280000
GOAL [6 2]
time:  36.266 SPS: 128
279999 success 0.6 +/- 0.163
279999 eval steps mean 69.9 best 21 optimal 6
279999 eval return -1.64 +/- 0.858
time:  36.924 SPS: 128
284999 success 1.0 +/- 0.0
284999 eval steps mean 21.5 best 20 optimal 6
284999 eval return 1.485 +/- 0.008
time:  37.545 SPS: 128
289999 success 1.0 +/- 0.0
289999 eval steps mean 20.9 best 20 optimal 6
289999 eval return 1.5 +/- 0.0
time:  38.176 SPS: 128
294999 success 1.0 +/- 0.0
294999 eval steps mean 21.0 best 20 optimal 6
294999 eval return 1.495 +/- 0.005
time:  38.815 SPS: 128
299999 success 1.0 +/- 0.0
299999 eval steps mean 21.1 best 20 optimal 6
299999 eval return 1.491 +/- 0.009
time:  39.443 SPS: 128
304999 success 1.0 +/- 0.0
304999 eval steps mean 21.1 best 20 optimal 6
304999 eval return 1.493 +/- 0.007
time:  40.075 SPS: 128
309999 success 1.0 +/- 0.0
309999 eval steps mean 17.7 best 16 optimal 6
309999 eval return 1.568 +/- 0.038
time:  40.697 SPS: 129
314999 success 1.0 +/- 0.0
314999 eval steps mean 16.9 best 16 optimal 6
314999 eval return 1.66 +/- 0.0
320000
GOAL [ 6 14]
time:  41.339 SPS: 129
319999 success 0.0 +/- 0.0
319999 eval steps mean 99.9 best 99 optimal 8
319999 eval return -19.573 +/- 0.223
time:  42.001 SPS: 128
324999 success 0.0 +/- 0.0
324999 eval steps mean 99.9 best 99 optimal 8
324999 eval return -15.993 +/- 0.024
time:  42.644 SPS: 128
329999 success 0.0 +/- 0.0
329999 eval steps mean 99.9 best 99 optimal 8
329999 eval return -11.236 +/- 0.137
time:  43.288 SPS: 128
334999 success 0.0 +/- 0.0
334999 eval steps mean 99.9 best 99 optimal 8
334999 eval return -10.476 +/- 0.179
time:  43.946 SPS: 128
339999 success 0.0 +/- 0.0
339999 eval steps mean 99.9 best 99 optimal 8
339999 eval return -8.683 +/- 0.423
time:  44.619 SPS: 128
344999 success 0.0 +/- 0.0
344999 eval steps mean 99.9 best 99 optimal 8
344999 eval return -8.098 +/- 0.006
time:  45.292 SPS: 128
349999 success 0.0 +/- 0.0
349999 eval steps mean 99.9 best 99 optimal 8
349999 eval return -8.125 +/- 0.077
time:  45.958 SPS: 128
354999 success 0.0 +/- 0.0
354999 eval steps mean 99.9 best 99 optimal 8
354999 eval return -6.647 +/- 0.032
360000
GOAL [10  6]
time:  46.643 SPS: 128
359999 success 0.0 +/- 0.0
359999 eval steps mean 99.9 best 99 optimal 4
359999 eval return -14.089 +/- 0.183
time:  47.329 SPS: 128
364999 success 0.2 +/- 0.133
364999 eval steps mean 88.7 best 17 optimal 4
364999 eval return -6.735 +/- 1.568
time:  48.012 SPS: 128
369999 success 1.0 +/- 0.0
369999 eval steps mean 4.9 best 4 optimal 4
369999 eval return 2.9 +/- 0.0
time:  48.629 SPS: 128
374999 success 1.0 +/- 0.0
374999 eval steps mean 4.9 best 4 optimal 4
374999 eval return 2.9 +/- 0.0
time:  49.254 SPS: 128
379999 success 1.0 +/- 0.0
379999 eval steps mean 4.9 best 4 optimal 4
379999 eval return 2.9 +/- 0.0
time:  49.87 SPS: 128
384999 success 1.0 +/- 0.0
384999 eval steps mean 4.9 best 4 optimal 4
384999 eval return 2.9 +/- 0.0
time:  50.497 SPS: 128
389999 success 1.0 +/- 0.0
389999 eval steps mean 4.9 best 4 optimal 4
389999 eval return 2.9 +/- 0.0
time:  51.106 SPS: 128
394999 success 1.0 +/- 0.0
394999 eval steps mean 4.9 best 4 optimal 4
394999 eval return 2.9 +/- 0.0
400000
GOAL [12  6]
time:  51.722 SPS: 128
399999 success 0.8 +/- 0.133
399999 eval steps mean 51.9 best 9 optimal 6
399999 eval return 0.993 +/- 0.631
time:  52.365 SPS: 128
404999 success 1.0 +/- 0.0
404999 eval steps mean 6.9 best 6 optimal 6
404999 eval return 2.79 +/- 0.0
time:  52.987 SPS: 128
409999 success 1.0 +/- 0.0
409999 eval steps mean 6.9 best 6 optimal 6
409999 eval return 2.79 +/- 0.0
time:  53.625 SPS: 128
414999 success 1.0 +/- 0.0
414999 eval steps mean 6.9 best 6 optimal 6
414999 eval return 2.79 +/- 0.0
time:  54.245 SPS: 129
419999 success 1.0 +/- 0.0
419999 eval steps mean 6.9 best 6 optimal 6
419999 eval return 2.79 +/- 0.0
time:  54.852 SPS: 129
424999 success 1.0 +/- 0.0
424999 eval steps mean 6.9 best 6 optimal 6
424999 eval return 2.79 +/- 0.0
time:  55.461 SPS: 129
429999 success 1.0 +/- 0.0
429999 eval steps mean 6.9 best 6 optimal 6
429999 eval return 2.79 +/- 0.0
time:  56.072 SPS: 129
434999 success 1.0 +/- 0.0
434999 eval steps mean 6.9 best 6 optimal 6
434999 eval return 2.79 +/- 0.0
440000
GOAL [13  5]
time:  56.703 SPS: 129
439999 success 0.0 +/- 0.0
439999 eval steps mean 99.9 best 99 optimal 8
439999 eval return -3.468 +/- 0.048
time:  57.385 SPS: 129
444999 success 1.0 +/- 0.0
444999 eval steps mean 9.7 best 8 optimal 8
444999 eval return 2.604 +/- 0.026
time:  58.009 SPS: 129
449999 success 1.0 +/- 0.0
449999 eval steps mean 8.9 best 8 optimal 8
449999 eval return 2.64 +/- 0.0
time:  58.627 SPS: 129
454999 success 1.0 +/- 0.0
454999 eval steps mean 8.9 best 8 optimal 8
454999 eval return 2.64 +/- 0.0
time:  59.239 SPS: 129
459999 success 1.0 +/- 0.0
459999 eval steps mean 9.0 best 8 optimal 8
459999 eval return 2.636 +/- 0.004
time:  59.837 SPS: 129
464999 success 1.0 +/- 0.0
464999 eval steps mean 8.9 best 8 optimal 8
464999 eval return 2.64 +/- 0.0
time:  60.459 SPS: 129
469999 success 1.0 +/- 0.0
469999 eval steps mean 8.9 best 8 optimal 8
469999 eval return 2.64 +/- 0.0
time:  61.072 SPS: 129
474999 success 1.0 +/- 0.0
474999 eval steps mean 8.9 best 8 optimal 8
474999 eval return 2.64 +/- 0.0
480000
GOAL [14 13]
time:  61.676 SPS: 129
479999 success 0.0 +/- 0.0
479999 eval steps mean 99.9 best 99 optimal 13
479999 eval return -10.21 +/- 0.016
time:  62.358 SPS: 129
484999 success 0.9 +/- 0.1
484999 eval steps mean 22.6 best 13 optimal 13
484999 eval return 0.544 +/- 1.538
time:  62.981 SPS: 129
489999 success 1.0 +/- 0.0
489999 eval steps mean 14.2 best 13 optimal 13
489999 eval return 2.086 +/- 0.002
time:  63.591 SPS: 129
494999 success 0.9 +/- 0.1
494999 eval steps mean 22.5 best 13 optimal 13
494999 eval return 0.574 +/- 1.516
time:  64.217 SPS: 129
499999 success 1.0 +/- 0.0
499999 eval steps mean 14.1 best 13 optimal 13
499999 eval return 2.063 +/- 0.027
time:  64.838 SPS: 129
504999 success 1.0 +/- 0.0
504999 eval steps mean 14.1 best 14 optimal 13
504999 eval return 2.086 +/- 0.003
time:  65.467 SPS: 129
509999 success 1.0 +/- 0.0
509999 eval steps mean 14.2 best 13 optimal 13
509999 eval return 2.082 +/- 0.008
time:  66.097 SPS: 129
514999 success 1.0 +/- 0.0
514999 eval steps mean 13.9 best 13 optimal 13
514999 eval return 2.09 +/- 0.0
520000
GOAL [8 2]
time:  66.721 SPS: 129
519999 success 0.0 +/- 0.0
519999 eval steps mean 99.9 best 99 optimal 6
519999 eval return -16.501 +/- 0.044
time:  67.352 SPS: 129
524999 success 0.0 +/- 0.0
524999 eval steps mean 99.9 best 99 optimal 6
524999 eval return -11.772 +/- 0.156
time:  68.014 SPS: 129
529999 success 0.0 +/- 0.0
529999 eval steps mean 99.9 best 99 optimal 6
529999 eval return -12.49 +/- 1.741
time:  68.672 SPS: 129
534999 success 0.8 +/- 0.133
534999 eval steps mean 32.2 best 15 optimal 6
534999 eval return 0.681 +/- 0.823
time:  69.306 SPS: 129
539999 success 0.8 +/- 0.133
539999 eval steps mean 32.5 best 15 optimal 6
539999 eval return 0.647 +/- 0.837
time:  69.924 SPS: 129
544999 success 1.0 +/- 0.0
544999 eval steps mean 15.1 best 14 optimal 6
544999 eval return 1.943 +/- 0.007
time:  70.545 SPS: 129
549999 success 1.0 +/- 0.0
549999 eval steps mean 15.3 best 14 optimal 6
549999 eval return 1.91 +/- 0.04
time:  71.153 SPS: 130
554999 success 0.9 +/- 0.1
554999 eval steps mean 23.4 best 14 optimal 6
554999 eval return 1.04 +/- 0.91
560000
GOAL [ 9 14]
time:  71.796 SPS: 129
559999 success 0.0 +/- 0.0
559999 eval steps mean 99.9 best 99 optimal 9
559999 eval return -20.729 +/- 0.342
time:  72.448 SPS: 129
564999 success 0.0 +/- 0.0
564999 eval steps mean 99.9 best 99 optimal 9
564999 eval return -14.622 +/- 0.21
time:  73.097 SPS: 129
569999 success 0.0 +/- 0.0
569999 eval steps mean 99.9 best 99 optimal 9
569999 eval return -10.199 +/- 0.005
time:  73.742 SPS: 129
574999 success 0.0 +/- 0.0
574999 eval steps mean 99.9 best 99 optimal 9
574999 eval return -9.962 +/- 0.014
time:  74.408 SPS: 129
579999 success 0.0 +/- 0.0
579999 eval steps mean 99.9 best 99 optimal 9
579999 eval return -9.422 +/- 0.035
time:  75.086 SPS: 129
584999 success 0.0 +/- 0.0
584999 eval steps mean 99.9 best 99 optimal 9
584999 eval return -10.112 +/- 0.846
time:  75.764 SPS: 129
589999 success 0.0 +/- 0.0
589999 eval steps mean 99.9 best 99 optimal 9
589999 eval return -8.864 +/- 0.028
time:  76.452 SPS: 129
594999 success 0.0 +/- 0.0
594999 eval steps mean 99.9 best 99 optimal 9
594999 eval return -17.315 +/- 1.378
600000
GOAL [13 12]
time:  77.124 SPS: 129
599999 success 0.0 +/- 0.0
599999 eval steps mean 99.9 best 99 optimal 11
599999 eval return -5.319 +/- 0.954
time:  77.811 SPS: 129
604999 success 1.0 +/- 0.0
604999 eval steps mean 12.4 best 12 optimal 11
604999 eval return 2.317 +/- 0.012
time:  78.425 SPS: 129
609999 success 1.0 +/- 0.0
609999 eval steps mean 12.3 best 11 optimal 11
609999 eval return 2.332 +/- 0.008
time:  79.043 SPS: 129
614999 success 1.0 +/- 0.0
614999 eval steps mean 11.9 best 11 optimal 11
614999 eval return 2.34 +/- 0.0
time:  79.622 SPS: 129
619999 success 1.0 +/- 0.0
619999 eval steps mean 12.4 best 11 optimal 11
619999 eval return 2.32 +/- 0.012
time:  80.177 SPS: 129
624999 success 1.0 +/- 0.0
624999 eval steps mean 12.1 best 11 optimal 11
624999 eval return 2.331 +/- 0.009
time:  80.72 SPS: 130
629999 success 1.0 +/- 0.0
629999 eval steps mean 11.9 best 11 optimal 11
629999 eval return 2.34 +/- 0.0
time:  81.252 SPS: 130
634999 success 1.0 +/- 0.0
634999 eval steps mean 11.9 best 11 optimal 11
634999 eval return 2.34 +/- 0.0
640000
GOAL [12  7]
time:  81.8 SPS: 130
639999 success 0.0 +/- 0.0
639999 eval steps mean 99.9 best 99 optimal 5
639999 eval return -7.623 +/- 0.036
time:  82.33 SPS: 130
644999 success 0.0 +/- 0.0
644999 eval steps mean 99.9 best 99 optimal 5
644999 eval return -5.257 +/- 0.007
time:  82.883 SPS: 130
649999 success 1.0 +/- 0.0
649999 eval steps mean 8.1 best 7 optimal 5
649999 eval return 2.793 +/- 0.007
time:  83.378 SPS: 130
654999 success 1.0 +/- 0.0
654999 eval steps mean 9.7 best 8 optimal 5
654999 eval return 2.729 +/- 0.071
time:  83.864 SPS: 131
659999 success 1.0 +/- 0.0
659999 eval steps mean 5.9 best 5 optimal 5
659999 eval return 2.85 +/- 0.0
time:  84.365 SPS: 131
664999 success 1.0 +/- 0.0
664999 eval steps mean 5.9 best 5 optimal 5
664999 eval return 2.85 +/- 0.0
time:  84.86 SPS: 131
669999 success 1.0 +/- 0.0
669999 eval steps mean 5.9 best 5 optimal 5
669999 eval return 2.85 +/- 0.0
time:  85.359 SPS: 131
674999 success 1.0 +/- 0.0
674999 eval steps mean 5.9 best 5 optimal 5
674999 eval return 2.85 +/- 0.0
680000
GOAL [13 11]
time:  85.864 SPS: 131
679999 success 0.0 +/- 0.0
679999 eval steps mean 99.9 best 99 optimal 10
679999 eval return -6.816 +/- 0.151
time:  86.37 SPS: 132
684999 success 0.9 +/- 0.1
684999 eval steps mean 27.7 best 11 optimal 10
684999 eval return 1.306 +/- 0.699
time:  86.88 SPS: 132
689999 success 1.0 +/- 0.0
689999 eval steps mean 11.5 best 10 optimal 10
689999 eval return 2.409 +/- 0.027
time:  87.379 SPS: 132
694999 success 1.0 +/- 0.0
694999 eval steps mean 10.9 best 10 optimal 10
694999 eval return 2.45 +/- 0.0
time:  87.876 SPS: 132
699999 success 1.0 +/- 0.0
699999 eval steps mean 10.9 best 10 optimal 10
699999 eval return 2.45 +/- 0.0
time:  88.365 SPS: 132
704999 success 1.0 +/- 0.0
704999 eval steps mean 10.9 best 10 optimal 10
704999 eval return 2.45 +/- 0.0
time:  88.852 SPS: 133
709999 success 1.0 +/- 0.0
709999 eval steps mean 10.9 best 10 optimal 10
709999 eval return 2.45 +/- 0.0
time:  89.338 SPS: 133
714999 success 1.0 +/- 0.0
714999 eval steps mean 11.1 best 10 optimal 10
714999 eval return 2.445 +/- 0.005
720000
GOAL [ 5 12]
time:  89.847 SPS: 133
719999 success 0.0 +/- 0.0
719999 eval steps mean 99.9 best 99 optimal 7
719999 eval return -8.93 +/- 0.046
time:  90.358 SPS: 133
724999 success 0.8 +/- 0.133
724999 eval steps mean 71.8 best 47 optimal 7
724999 eval return -3.127 +/- 1.151
time:  90.808 SPS: 133
729999 success 0.3 +/- 0.153
729999 eval steps mean 78.0 best 24 optimal 7
729999 eval return -6.766 +/- 1.724
time:  91.206 SPS: 134
734999 success 1.0 +/- 0.0
734999 eval steps mean 22.6 best 20 optimal 7
734999 eval return 1.336 +/- 0.053
time:  91.576 SPS: 134
739999 success 1.0 +/- 0.0
739999 eval steps mean 18.9 best 18 optimal 7
739999 eval return 1.458 +/- 0.072
time:  91.959 SPS: 135
744999 success 1.0 +/- 0.0
744999 eval steps mean 17.9 best 17 optimal 7
744999 eval return 1.53 +/- 0.0
time:  92.343 SPS: 135
749999 success 1.0 +/- 0.0
749999 eval steps mean 20.3 best 18 optimal 7
749999 eval return 1.486 +/- 0.01
time:  92.72 SPS: 135
754999 success 1.0 +/- 0.0
754999 eval steps mean 18.3 best 18 optimal 7
754999 eval return 1.518 +/- 0.009
760000
GOAL [8 3]
time:  93.1 SPS: 136
759999 success 0.0 +/- 0.0
759999 eval steps mean 99.9 best 99 optimal 5
759999 eval return -19.558 +/- 0.026
time:  93.503 SPS: 136
764999 success 0.0 +/- 0.0
764999 eval steps mean 99.9 best 99 optimal 5
764999 eval return -15.873 +/- 0.092
time:  93.914 SPS: 136
769999 success 0.0 +/- 0.0
769999 eval steps mean 99.9 best 99 optimal 5
769999 eval return -14.217 +/- 0.038
time:  94.336 SPS: 136
774999 success 0.0 +/- 0.0
774999 eval steps mean 99.9 best 99 optimal 5
774999 eval return -9.079 +/- 0.435
time:  94.758 SPS: 137
779999 success 0.0 +/- 0.0
779999 eval steps mean 99.9 best 99 optimal 5
779999 eval return -5.574 +/- 0.019
time:  95.146 SPS: 137
784999 success 0.0 +/- 0.0
784999 eval steps mean 99.9 best 99 optimal 5
784999 eval return -7.858 +/- 1.516
time:  95.551 SPS: 137
789999 success 0.0 +/- 0.0
789999 eval steps mean 99.9 best 99 optimal 5
789999 eval return -5.986 +/- 0.075
time:  95.946 SPS: 138
794999 success 0.0 +/- 0.0
794999 eval steps mean 99.9 best 99 optimal 5
794999 eval return -5.416 +/- 0.284
800000
GOAL [11 14]
time:  96.328 SPS: 138
799999 success 0.0 +/- 0.0
799999 eval steps mean 99.9 best 99 optimal 11
799999 eval return -16.735 +/- 0.165
done RL run. Time 96.41115201166667 min
