agent_dict keys dict_keys(['base_algorithm', 'learning_rate', 'num_envs', 'rollout_num_steps', 'gamma', 'gae_lambda', 'num_minibatches', 'update_epochs', 'minibatch_size', 'norm_adv', 'clip_coef', 'clip_vloss', 'ent_coef', 'vf_coef', 'max_grad_norm', 'rpo_alpha', 'parseval_reg', 'input_scale', 'learnable_input_scale', 'add_diag_layer', 'lie_group', 'pion', 'pion_block_size', 'pion_multiplicative', 'oft', 'poet', 'oet_num_blocks', 'poet_exact_cayley', 'layer_norm', 'layer_norm_no_params', 'weight_decay', 'tuned_adam', 'perturb', 'perturb_dist', 'regen', 'regen_wasserstein', 'weight_init', 'net_width', 'net_activation', 'init_gain', 'parseval_norm', 'parseval_num_groups'])
env_dict keys dict_keys(['env', 'change_freq', 'seed', 'env_type'])
Start RL run!
{'base_algorithm': 'ppo_agent', 'learning_rate': 0.0005, 'num_envs': 1, 'rollout_num_steps': 128, 'gamma': 0.99, 'gae_lambda': 0.95, 'num_minibatches': 4, 'update_epochs': 4, 'minibatch_size': 32, 'norm_adv': True, 'clip_coef': 0.2, 'clip_vloss': True, 'ent_coef': 0.01, 'vf_coef': 0.5, 'max_grad_norm': 0.5, 'rpo_alpha': 0, 'parseval_reg': 0, 'input_scale': 1, 'learnable_input_scale': False, 'add_diag_layer': False, 'lie_group': False, 'pion': False, 'pion_block_size': None, 'pion_multiplicative': False, 'oft': False, 'poet': True, 'oet_num_blocks': 1, 'poet_exact_cayley': True, 'layer_norm': False, 'layer_norm_no_params': False, 'weight_decay': 0, 'tuned_adam': False, 'perturb': 0.0, 'perturb_dist': 'xavier', 'regen': 0.0, 'regen_wasserstein': False, 'weight_init': 'orthogonal', 'net_width': 64, 'net_activation': 'tanh', 'init_gain': None, 'parseval_norm': False, 'parseval_num_groups': 1, 'device': 'cpu'}
{'env': 'gridworld_ninerooms', 'change_freq': 40000, 'seed': 128, 'env_type': 'rl', 'local_run': False}
Running on gpu: False
Gridworld args () {'env': 'gridworld_ninerooms', 'change_freq': 40000, 'seed': 128, 'env_type': 'rl', 'local_run': False}
time:  0.042 SPS: 0
0 success 0.0 +/- 0.0
0 eval steps mean 99.9 best 99 optimal 5
0 eval return -7.642 +/- 0.821
time:  0.57 SPS: 146
4999 success 0.5 +/- 0.167
4999 eval steps mean 63.4 best 14 optimal 5
4999 eval return -1.978 +/- 1.282
time:  1.216 SPS: 137
9999 success 0.8 +/- 0.133
9999 eval steps mean 42.6 best 6 optimal 5
9999 eval return -0.278 +/- 1.377
time:  1.855 SPS: 134
14999 success 1.0 +/- 0.0
14999 eval steps mean 14.5 best 5 optimal 5
14999 eval return 2.436 +/- 0.213
time:  2.461 SPS: 135
19999 success 1.0 +/- 0.0
19999 eval steps mean 7.9 best 5 optimal 5
19999 eval return 2.749 +/- 0.068
time:  3.08 SPS: 135
24999 success 1.0 +/- 0.0
24999 eval steps mean 5.9 best 5 optimal 5
24999 eval return 2.85 +/- 0.0
time:  3.688 SPS: 135
29999 success 1.0 +/- 0.0
29999 eval steps mean 5.9 best 5 optimal 5
29999 eval return 2.85 +/- 0.0
time:  4.303 SPS: 135
34999 success 1.0 +/- 0.0
34999 eval steps mean 5.9 best 5 optimal 5
34999 eval return 2.85 +/- 0.0
40000
GOAL [11  7]
time:  4.928 SPS: 135
39999 success 0.0 +/- 0.0
39999 eval steps mean 99.9 best 99 optimal 4
39999 eval return -2.803 +/- 0.284
time:  5.606 SPS: 133
44999 success 1.0 +/- 0.0
44999 eval steps mean 4.9 best 4 optimal 4
44999 eval return 2.9 +/- 0.0
time:  6.223 SPS: 133
49999 success 1.0 +/- 0.0
49999 eval steps mean 4.9 best 4 optimal 4
49999 eval return 2.9 +/- 0.0
time:  6.852 SPS: 133
54999 success 1.0 +/- 0.0
54999 eval steps mean 4.9 best 4 optimal 4
54999 eval return 2.9 +/- 0.0
time:  7.476 SPS: 133
59999 success 1.0 +/- 0.0
59999 eval steps mean 4.9 best 4 optimal 4
59999 eval return 2.9 +/- 0.0
time:  8.103 SPS: 133
64999 success 1.0 +/- 0.0
64999 eval steps mean 4.9 best 4 optimal 4
64999 eval return 2.9 +/- 0.0
time:  8.722 SPS: 133
69999 success 1.0 +/- 0.0
69999 eval steps mean 4.9 best 4 optimal 4
69999 eval return 2.9 +/- 0.0
time:  9.337 SPS: 133
74999 success 1.0 +/- 0.0
74999 eval steps mean 4.9 best 4 optimal 4
74999 eval return 2.9 +/- 0.0
80000
GOAL [13  6]
time:  9.968 SPS: 133
79999 success 0.3 +/- 0.153
79999 eval steps mean 79.2 best 8 optimal 7
79999 eval return -2.794 +/- 1.253
time:  10.631 SPS: 133
84999 success 1.0 +/- 0.0
84999 eval steps mean 8.8 best 8 optimal 7
84999 eval return 2.687 +/- 0.021
time:  11.264 SPS: 133
89999 success 1.0 +/- 0.0
89999 eval steps mean 7.9 best 7 optimal 7
89999 eval return 2.72 +/- 0.0
time:  11.884 SPS: 133
94999 success 1.0 +/- 0.0
94999 eval steps mean 7.9 best 7 optimal 7
94999 eval return 2.72 +/- 0.0
time:  12.508 SPS: 133
99999 success 1.0 +/- 0.0
99999 eval steps mean 7.9 best 7 optimal 7
99999 eval return 2.72 +/- 0.0
time:  13.131 SPS: 133
104999 success 1.0 +/- 0.0
104999 eval steps mean 7.9 best 7 optimal 7
104999 eval return 2.72 +/- 0.0
time:  13.767 SPS: 133
109999 success 1.0 +/- 0.0
109999 eval steps mean 8.3 best 7 optimal 7
109999 eval return 2.694 +/- 0.018
time:  14.407 SPS: 133
114999 success 1.0 +/- 0.0
114999 eval steps mean 8.3 best 8 optimal 7
114999 eval return 2.71 +/- 0.007
120000
GOAL [7 1]
time:  15.068 SPS: 132
119999 success 0.0 +/- 0.0
119999 eval steps mean 99.9 best 99 optimal 6
119999 eval return -11.134 +/- 0.031
time:  15.748 SPS: 132
124999 success 0.5 +/- 0.167
124999 eval steps mean 62.2 best 19 optimal 6
124999 eval return -6.944 +/- 2.588
time:  16.407 SPS: 132
129999 success 1.0 +/- 0.0
129999 eval steps mean 29.0 best 21 optimal 6
129999 eval return 0.434 +/- 0.372
time:  17.05 SPS: 131
134999 success 0.9 +/- 0.1
134999 eval steps mean 28.8 best 16 optimal 6
134999 eval return 0.495 +/- 0.965
time:  17.684 SPS: 131
139999 success 1.0 +/- 0.0
139999 eval steps mean 18.0 best 17 optimal 6
139999 eval return 1.573 +/- 0.033
time:  18.32 SPS: 131
144999 success 1.0 +/- 0.0
144999 eval steps mean 17.1 best 16 optimal 6
144999 eval return 1.627 +/- 0.013
time:  18.961 SPS: 131
149999 success 0.9 +/- 0.1
149999 eval steps mean 25.8 best 16 optimal 6
149999 eval return 0.757 +/- 0.849
time:  19.591 SPS: 131
154999 success 1.0 +/- 0.0
154999 eval steps mean 17.4 best 16 optimal 6
154999 eval return 1.603 +/- 0.029
160000
GOAL [13  7]
time:  20.235 SPS: 131
159999 success 0.0 +/- 0.0
159999 eval steps mean 99.9 best 99 optimal 6
159999 eval return -11.116 +/- 0.035
time:  20.898 SPS: 131
164999 success 0.0 +/- 0.0
164999 eval steps mean 99.9 best 99 optimal 6
164999 eval return -2.948 +/- 0.065
time:  21.538 SPS: 131
169999 success 1.0 +/- 0.0
169999 eval steps mean 6.9 best 6 optimal 6
169999 eval return 2.79 +/- 0.0
time:  22.154 SPS: 131
174999 success 1.0 +/- 0.0
174999 eval steps mean 6.9 best 6 optimal 6
174999 eval return 2.79 +/- 0.0
time:  22.777 SPS: 131
179999 success 1.0 +/- 0.0
179999 eval steps mean 6.9 best 6 optimal 6
179999 eval return 2.79 +/- 0.0
time:  23.401 SPS: 131
184999 success 1.0 +/- 0.0
184999 eval steps mean 6.9 best 6 optimal 6
184999 eval return 2.79 +/- 0.0
time:  24.031 SPS: 131
189999 success 1.0 +/- 0.0
189999 eval steps mean 6.9 best 6 optimal 6
189999 eval return 2.79 +/- 0.0
time:  24.667 SPS: 131
194999 success 1.0 +/- 0.0
194999 eval steps mean 6.9 best 6 optimal 6
194999 eval return 2.79 +/- 0.0
200000
GOAL [14  6]
time:  25.299 SPS: 131
199999 success 0.0 +/- 0.0
199999 eval steps mean 99.9 best 99 optimal 8
199999 eval return -1.729 +/- 0.071
time:  25.976 SPS: 131
204999 success 1.0 +/- 0.0
204999 eval steps mean 9.0 best 8 optimal 8
204999 eval return 2.639 +/- 0.001
time:  26.61 SPS: 131
209999 success 1.0 +/- 0.0
209999 eval steps mean 8.9 best 8 optimal 8
209999 eval return 2.64 +/- 0.0
time:  27.228 SPS: 131
214999 success 1.0 +/- 0.0
214999 eval steps mean 8.9 best 8 optimal 8
214999 eval return 2.64 +/- 0.0
time:  27.846 SPS: 131
219999 success 1.0 +/- 0.0
219999 eval steps mean 8.9 best 8 optimal 8
219999 eval return 2.64 +/- 0.0
time:  28.465 SPS: 131
224999 success 1.0 +/- 0.0
224999 eval steps mean 8.9 best 8 optimal 8
224999 eval return 2.64 +/- 0.0
time:  29.089 SPS: 131
229999 success 1.0 +/- 0.0
229999 eval steps mean 8.9 best 8 optimal 8
229999 eval return 2.64 +/- 0.0
time:  29.71 SPS: 131
234999 success 1.0 +/- 0.0
234999 eval steps mean 8.9 best 8 optimal 8
234999 eval return 2.64 +/- 0.0
240000
GOAL [11  5]
time:  30.337 SPS: 131
239999 success 0.0 +/- 0.0
239999 eval steps mean 99.9 best 99 optimal 6
239999 eval return -3.938 +/- 0.008
time:  30.986 SPS: 131
244999 success 0.2 +/- 0.133
244999 eval steps mean 87.2 best 21 optimal 6
244999 eval return -1.292 +/- 0.582
time:  31.636 SPS: 131
249999 success 1.0 +/- 0.0
249999 eval steps mean 7.7 best 7 optimal 6
249999 eval return 2.744 +/- 0.019
time:  32.246 SPS: 131
254999 success 1.0 +/- 0.0
254999 eval steps mean 7.1 best 6 optimal 6
254999 eval return 2.783 +/- 0.007
time:  32.866 SPS: 131
259999 success 1.0 +/- 0.0
259999 eval steps mean 6.9 best 6 optimal 6
259999 eval return 2.79 +/- 0.0
time:  33.492 SPS: 131
264999 success 1.0 +/- 0.0
264999 eval steps mean 6.9 best 6 optimal 6
264999 eval return 2.79 +/- 0.0
time:  34.129 SPS: 131
269999 success 1.0 +/- 0.0
269999 eval steps mean 6.9 best 6 optimal 6
269999 eval return 2.79 +/- 0.0
time:  34.768 SPS: 131
274999 success 1.0 +/- 0.0
274999 eval steps mean 6.9 best 6 optimal 6
274999 eval return 2.79 +/- 0.0
280000
GOAL [ 5 12]
time:  35.399 SPS: 131
279999 success 0.0 +/- 0.0
279999 eval steps mean 99.9 best 99 optimal 7
279999 eval return -14.765 +/- 0.15
time:  36.075 SPS: 131
284999 success 0.0 +/- 0.0
284999 eval steps mean 99.9 best 99 optimal 7
284999 eval return -8.887 +/- 0.417
time:  36.724 SPS: 131
289999 success 0.9 +/- 0.1
289999 eval steps mean 58.6 best 27 optimal 7
289999 eval return -0.569 +/- 0.511
time:  37.377 SPS: 131
294999 success 1.0 +/- 0.0
294999 eval steps mean 25.9 best 20 optimal 7
294999 eval return 0.751 +/- 0.297
time:  38.014 SPS: 131
299999 success 1.0 +/- 0.0
299999 eval steps mean 21.8 best 19 optimal 7
299999 eval return 1.312 +/- 0.042
time:  38.655 SPS: 131
304999 success 1.0 +/- 0.0
304999 eval steps mean 20.5 best 20 optimal 7
304999 eval return 1.42 +/- 0.014
time:  39.27 SPS: 131
309999 success 1.0 +/- 0.0
309999 eval steps mean 21.0 best 19 optimal 7
309999 eval return 1.394 +/- 0.023
time:  39.92 SPS: 131
314999 success 1.0 +/- 0.0
314999 eval steps mean 20.5 best 19 optimal 7
314999 eval return 1.419 +/- 0.016
320000
GOAL [ 7 10]
time:  40.566 SPS: 131
319999 success 0.0 +/- 0.0
319999 eval steps mean 99.9 best 99 optimal 3
319999 eval return -6.021 +/- 0.389
time:  41.251 SPS: 131
324999 success 1.0 +/- 0.0
324999 eval steps mean 18.1 best 17 optimal 3
324999 eval return 1.451 +/- 0.019
time:  41.886 SPS: 131
329999 success 1.0 +/- 0.0
329999 eval steps mean 18.1 best 17 optimal 3
329999 eval return 1.457 +/- 0.013
time:  42.524 SPS: 131
334999 success 1.0 +/- 0.0
334999 eval steps mean 18.0 best 17 optimal 3
334999 eval return 1.464 +/- 0.006
time:  43.154 SPS: 131
339999 success 1.0 +/- 0.0
339999 eval steps mean 18.3 best 17 optimal 3
339999 eval return 1.45 +/- 0.014
time:  43.779 SPS: 131
344999 success 1.0 +/- 0.0
344999 eval steps mean 18.1 best 17 optimal 3
344999 eval return 1.463 +/- 0.007
time:  44.407 SPS: 131
349999 success 1.0 +/- 0.0
349999 eval steps mean 18.2 best 18 optimal 3
349999 eval return 1.461 +/- 0.006
time:  45.033 SPS: 131
354999 success 1.0 +/- 0.0
354999 eval steps mean 17.9 best 17 optimal 3
354999 eval return 1.47 +/- 0.0
360000
GOAL [6 1]
time:  45.662 SPS: 131
359999 success 0.0 +/- 0.0
359999 eval steps mean 99.9 best 99 optimal 7
359999 eval return -20.499 +/- 0.051
time:  46.332 SPS: 131
364999 success 0.0 +/- 0.0
364999 eval steps mean 99.9 best 99 optimal 7
364999 eval return -14.278 +/- 0.387
time:  47.006 SPS: 131
369999 success 0.0 +/- 0.0
369999 eval steps mean 99.9 best 99 optimal 7
369999 eval return -9.089 +/- 0.059
time:  47.688 SPS: 131
374999 success 0.0 +/- 0.0
374999 eval steps mean 99.9 best 99 optimal 7
374999 eval return -8.853 +/- 0.033
time:  48.37 SPS: 130
379999 success 0.0 +/- 0.0
379999 eval steps mean 99.9 best 99 optimal 7
379999 eval return -9.129 +/- 0.855
time:  49.049 SPS: 130
384999 success 0.7 +/- 0.153
384999 eval steps mean 48.8 best 18 optimal 7
384999 eval return -4.582 +/- 2.578
time:  49.695 SPS: 130
389999 success 1.0 +/- 0.0
389999 eval steps mean 18.7 best 17 optimal 7
389999 eval return 1.454 +/- 0.019
time:  50.319 SPS: 130
394999 success 1.0 +/- 0.0
394999 eval steps mean 18.1 best 17 optimal 7
394999 eval return 1.487 +/- 0.003
400000
GOAL [10  3]
time:  50.954 SPS: 130
399999 success 0.4 +/- 0.163
399999 eval steps mean 64.9 best 12 optimal 7
399999 eval return -3.029 +/- 1.457
time:  51.612 SPS: 130
404999 success 1.0 +/- 0.0
404999 eval steps mean 11.9 best 11 optimal 7
404999 eval return 2.34 +/- 0.0
time:  52.231 SPS: 130
409999 success 1.0 +/- 0.0
409999 eval steps mean 11.9 best 11 optimal 7
409999 eval return 2.34 +/- 0.0
time:  52.858 SPS: 130
414999 success 1.0 +/- 0.0
414999 eval steps mean 11.9 best 11 optimal 7
414999 eval return 2.34 +/- 0.0
time:  53.487 SPS: 130
419999 success 1.0 +/- 0.0
419999 eval steps mean 11.9 best 11 optimal 7
419999 eval return 2.34 +/- 0.0
time:  54.121 SPS: 130
424999 success 1.0 +/- 0.0
424999 eval steps mean 12.1 best 12 optimal 7
424999 eval return 2.329 +/- 0.011
time:  54.726 SPS: 130
429999 success 1.0 +/- 0.0
429999 eval steps mean 11.9 best 11 optimal 7
429999 eval return 2.34 +/- 0.0
time:  55.35 SPS: 130
434999 success 1.0 +/- 0.0
434999 eval steps mean 11.9 best 11 optimal 7
434999 eval return 2.34 +/- 0.0
440000
GOAL [ 9 14]
time:  55.993 SPS: 130
439999 success 0.0 +/- 0.0
439999 eval steps mean 99.9 best 99 optimal 9
439999 eval return -18.372 +/- 0.264
time:  56.655 SPS: 130
444999 success 0.0 +/- 0.0
444999 eval steps mean 99.9 best 99 optimal 9
444999 eval return -9.76 +/- 0.152
time:  57.314 SPS: 130
449999 success 0.4 +/- 0.163
449999 eval steps mean 89.8 best 55 optimal 9
449999 eval return -3.448 +/- 0.847
time:  57.983 SPS: 130
454999 success 0.6 +/- 0.163
454999 eval steps mean 69.7 best 30 optimal 9
454999 eval return -0.931 +/- 0.75
time:  58.65 SPS: 130
459999 success 1.0 +/- 0.0
459999 eval steps mean 16.7 best 15 optimal 9
459999 eval return 1.783 +/- 0.008
time:  59.281 SPS: 130
464999 success 1.0 +/- 0.0
464999 eval steps mean 15.9 best 15 optimal 9
464999 eval return 1.8 +/- 0.0
time:  59.904 SPS: 130
469999 success 1.0 +/- 0.0
469999 eval steps mean 16.1 best 15 optimal 9
469999 eval return 1.781 +/- 0.019
time:  60.523 SPS: 130
474999 success 1.0 +/- 0.0
474999 eval steps mean 15.9 best 15 optimal 9
474999 eval return 1.8 +/- 0.0
480000
GOAL [6 0]
time:  61.141 SPS: 130
479999 success 0.0 +/- 0.0
479999 eval steps mean 99.9 best 99 optimal 8
479999 eval return -22.223 +/- 0.073
time:  61.832 SPS: 130
484999 success 0.7 +/- 0.153
484999 eval steps mean 47.6 best 19 optimal 8
484999 eval return -4.947 +/- 2.782
time:  62.469 SPS: 130
489999 success 1.0 +/- 0.0
489999 eval steps mean 19.3 best 18 optimal 8
489999 eval return 1.268 +/- 0.042
time:  63.098 SPS: 130
494999 success 1.0 +/- 0.0
494999 eval steps mean 18.9 best 18 optimal 8
494999 eval return 1.31 +/- 0.0
time:  63.714 SPS: 130
499999 success 1.0 +/- 0.0
499999 eval steps mean 19.1 best 18 optimal 8
499999 eval return 1.279 +/- 0.031
time:  64.347 SPS: 130
504999 success 1.0 +/- 0.0
504999 eval steps mean 18.9 best 18 optimal 8
504999 eval return 1.31 +/- 0.0
time:  64.995 SPS: 130
509999 success 1.0 +/- 0.0
509999 eval steps mean 18.9 best 18 optimal 8
509999 eval return 1.31 +/- 0.0
time:  65.616 SPS: 130
514999 success 0.9 +/- 0.1
514999 eval steps mean 27.0 best 18 optimal 8
514999 eval return 0.225 +/- 1.085
520000
GOAL [7 4]
time:  66.25 SPS: 130
519999 success 0.0 +/- 0.0
519999 eval steps mean 99.9 best 99 optimal 3
519999 eval return -5.733 +/- 0.003
time:  66.915 SPS: 130
524999 success 0.0 +/- 0.0
524999 eval steps mean 99.9 best 99 optimal 3
524999 eval return -5.197 +/- 0.047
time:  67.592 SPS: 130
529999 success 0.0 +/- 0.0
529999 eval steps mean 99.9 best 99 optimal 3
529999 eval return -4.646 +/- 0.027
time:  68.275 SPS: 130
534999 success 1.0 +/- 0.0
534999 eval steps mean 18.8 best 17 optimal 3
534999 eval return 1.421 +/- 0.025
time:  68.907 SPS: 130
539999 success 1.0 +/- 0.0
539999 eval steps mean 17.9 best 17 optimal 3
539999 eval return 1.47 +/- 0.0
time:  69.528 SPS: 130
544999 success 1.0 +/- 0.0
544999 eval steps mean 20.7 best 18 optimal 3
544999 eval return 1.17 +/- 0.149
time:  70.163 SPS: 130
549999 success 1.0 +/- 0.0
549999 eval steps mean 18.3 best 17 optimal 3
549999 eval return 1.446 +/- 0.017
time:  70.794 SPS: 130
554999 success 1.0 +/- 0.0
554999 eval steps mean 18.1 best 17 optimal 3
554999 eval return 1.455 +/- 0.015
560000
GOAL [ 9 14]
time:  71.432 SPS: 130
559999 success 0.0 +/- 0.0
559999 eval steps mean 99.9 best 99 optimal 9
559999 eval return -20.61 +/- 0.03
time:  72.111 SPS: 130
564999 success 0.0 +/- 0.0
564999 eval steps mean 99.9 best 99 optimal 9
564999 eval return -8.231 +/- 0.217
time:  72.796 SPS: 130
569999 success 0.9 +/- 0.1
569999 eval steps mean 27.9 best 15 optimal 9
569999 eval return -0.399 +/- 1.956
time:  73.428 SPS: 130
574999 success 1.0 +/- 0.0
574999 eval steps mean 15.9 best 15 optimal 9
574999 eval return 1.8 +/- 0.0
time:  74.056 SPS: 130
579999 success 1.0 +/- 0.0
579999 eval steps mean 16.0 best 15 optimal 9
579999 eval return 1.799 +/- 0.001
time:  74.682 SPS: 130
584999 success 1.0 +/- 0.0
584999 eval steps mean 15.9 best 15 optimal 9
584999 eval return 1.8 +/- 0.0
time:  75.312 SPS: 130
589999 success 1.0 +/- 0.0
589999 eval steps mean 15.9 best 15 optimal 9
589999 eval return 1.8 +/- 0.0
time:  75.938 SPS: 130
594999 success 1.0 +/- 0.0
594999 eval steps mean 18.4 best 15 optimal 9
594999 eval return 1.611 +/- 0.189
600000
GOAL [6 4]
time:  76.578 SPS: 130
599999 success 0.0 +/- 0.0
599999 eval steps mean 99.9 best 99 optimal 4
599999 eval return -22.072 +/- 0.002
time:  77.222 SPS: 130
604999 success 0.0 +/- 0.0
604999 eval steps mean 99.9 best 99 optimal 4
604999 eval return -19.469 +/- 0.013
time:  77.891 SPS: 130
609999 success 0.0 +/- 0.0
609999 eval steps mean 99.9 best 99 optimal 4
609999 eval return -17.878 +/- 0.455
time:  78.565 SPS: 130
614999 success 0.0 +/- 0.0
614999 eval steps mean 99.9 best 99 optimal 4
614999 eval return -12.818 +/- 0.015
time:  79.25 SPS: 130
619999 success 0.9 +/- 0.1
619999 eval steps mean 28.5 best 19 optimal 4
619999 eval return -0.445 +/- 1.575
time:  79.842 SPS: 130
624999 success 1.0 +/- 0.0
624999 eval steps mean 19.1 best 19 optimal 4
624999 eval return 1.297 +/- 0.013
time:  80.427 SPS: 130
629999 success 1.0 +/- 0.0
629999 eval steps mean 19.0 best 18 optimal 4
629999 eval return 1.309 +/- 0.001
time:  80.997 SPS: 130
634999 success 1.0 +/- 0.0
634999 eval steps mean 19.1 best 18 optimal 4
634999 eval return 1.287 +/- 0.023
640000
GOAL [11  0]
time:  81.565 SPS: 130
639999 success 0.0 +/- 0.0
639999 eval steps mean 99.9 best 99 optimal 11
639999 eval return -8.377 +/- 0.051
time:  82.143 SPS: 130
644999 success 1.0 +/- 0.0
644999 eval steps mean 24.1 best 15 optimal 11
644999 eval return 1.329 +/- 0.588
time:  82.646 SPS: 131
649999 success 1.0 +/- 0.0
649999 eval steps mean 15.7 best 13 optimal 11
649999 eval return 2.017 +/- 0.073
time:  83.154 SPS: 131
654999 success 1.0 +/- 0.0
654999 eval steps mean 13.9 best 13 optimal 11
654999 eval return 2.09 +/- 0.0
time:  83.676 SPS: 131
659999 success 1.0 +/- 0.0
659999 eval steps mean 14.1 best 13 optimal 11
659999 eval return 2.065 +/- 0.025
time:  84.186 SPS: 131
664999 success 1.0 +/- 0.0
664999 eval steps mean 13.9 best 13 optimal 11
664999 eval return 2.09 +/- 0.0
time:  84.694 SPS: 131
669999 success 1.0 +/- 0.0
669999 eval steps mean 13.9 best 13 optimal 11
669999 eval return 2.09 +/- 0.0
time:  85.202 SPS: 132
674999 success 1.0 +/- 0.0
674999 eval steps mean 13.9 best 13 optimal 11
674999 eval return 2.09 +/- 0.0
680000
GOAL [10  8]
time:  85.719 SPS: 132
679999 success 0.0 +/- 0.0
679999 eval steps mean 99.9 best 99 optimal 4
679999 eval return -10.305 +/- 0.036
time:  86.27 SPS: 132
684999 success 0.0 +/- 0.0
684999 eval steps mean 99.9 best 99 optimal 4
684999 eval return -2.532 +/- 0.011
time:  86.824 SPS: 132
689999 success 0.4 +/- 0.163
689999 eval steps mean 62.1 best 5 optimal 4
689999 eval return -2.931 +/- 1.589
time:  87.331 SPS: 132
694999 success 1.0 +/- 0.0
694999 eval steps mean 4.9 best 4 optimal 4
694999 eval return 2.9 +/- 0.0
time:  87.831 SPS: 132
699999 success 1.0 +/- 0.0
699999 eval steps mean 4.9 best 4 optimal 4
699999 eval return 2.9 +/- 0.0
time:  88.338 SPS: 133
704999 success 1.0 +/- 0.0
704999 eval steps mean 4.9 best 4 optimal 4
704999 eval return 2.9 +/- 0.0
time:  88.848 SPS: 133
709999 success 1.0 +/- 0.0
709999 eval steps mean 4.9 best 4 optimal 4
709999 eval return 2.9 +/- 0.0
time:  89.36 SPS: 133
714999 success 1.0 +/- 0.0
714999 eval steps mean 4.9 best 4 optimal 4
714999 eval return 2.9 +/- 0.0
720000
GOAL [7 3]
time:  89.86 SPS: 133
719999 success 0.0 +/- 0.0
719999 eval steps mean 99.9 best 99 optimal 4
719999 eval return -14.013 +/- 0.115
time:  90.379 SPS: 133
724999 success 0.0 +/- 0.0
724999 eval steps mean 99.9 best 99 optimal 4
724999 eval return -16.063 +/- 0.078
time:  90.853 SPS: 133
729999 success 0.0 +/- 0.0
729999 eval steps mean 99.9 best 99 optimal 4
729999 eval return -7.936 +/- 0.193
time:  91.257 SPS: 134
734999 success 0.9 +/- 0.1
734999 eval steps mean 30.8 best 17 optimal 4
734999 eval return 0.71 +/- 0.497
time:  91.64 SPS: 134
739999 success 1.0 +/- 0.0
739999 eval steps mean 16.9 best 16 optimal 4
739999 eval return 1.64 +/- 0.0
time:  92.041 SPS: 134
744999 success 1.0 +/- 0.0
744999 eval steps mean 17.3 best 16 optimal 4
744999 eval return 1.602 +/- 0.038
time:  92.43 SPS: 135
749999 success 1.0 +/- 0.0
749999 eval steps mean 16.9 best 16 optimal 4
749999 eval return 1.64 +/- 0.0
time:  92.81 SPS: 135
754999 success 1.0 +/- 0.0
754999 eval steps mean 17.9 best 16 optimal 4
754999 eval return 1.609 +/- 0.022
760000
GOAL [10 13]
time:  93.191 SPS: 135
759999 success 0.0 +/- 0.0
759999 eval steps mean 99.9 best 99 optimal 9
759999 eval return -18.171 +/- 0.082
time:  93.608 SPS: 136
764999 success 0.0 +/- 0.0
764999 eval steps mean 99.9 best 99 optimal 9
764999 eval return -11.16 +/- 0.715
time:  94.012 SPS: 136
769999 success 0.0 +/- 0.0
769999 eval steps mean 99.9 best 99 optimal 9
769999 eval return -7.697 +/- 0.01
time:  94.444 SPS: 136
774999 success 0.4 +/- 0.163
774999 eval steps mean 79.7 best 14 optimal 9
774999 eval return -1.362 +/- 0.742
time:  94.862 SPS: 137
779999 success 0.9 +/- 0.1
779999 eval steps mean 22.5 best 13 optimal 9
779999 eval return 1.194 +/- 0.896
time:  95.257 SPS: 137
784999 success 1.0 +/- 0.0
784999 eval steps mean 13.9 best 13 optimal 9
784999 eval return 2.09 +/- 0.0
time:  95.651 SPS: 137
789999 success 1.0 +/- 0.0
789999 eval steps mean 13.9 best 13 optimal 9
789999 eval return 2.09 +/- 0.0
time:  96.022 SPS: 137
794999 success 1.0 +/- 0.0
794999 eval steps mean 13.9 best 13 optimal 9
794999 eval return 2.09 +/- 0.0
800000
GOAL [11  0]
time:  96.361 SPS: 138
799999 success 0.0 +/- 0.0
799999 eval steps mean 99.9 best 99 optimal 11
799999 eval return -15.496 +/- 0.014
done RL run. Time 96.44458760500001 min
