agent_dict keys dict_keys(['base_algorithm', 'learning_rate', 'num_envs', 'rollout_num_steps', 'gamma', 'gae_lambda', 'num_minibatches', 'update_epochs', 'minibatch_size', 'norm_adv', 'clip_coef', 'clip_vloss', 'ent_coef', 'vf_coef', 'max_grad_norm', 'rpo_alpha', 'parseval_reg', 'input_scale', 'learnable_input_scale', 'add_diag_layer', 'lie_group', 'pion', 'pion_block_size', 'pion_multiplicative', 'oft', 'poet', 'oet_num_blocks', 'poet_exact_cayley', 'layer_norm', 'layer_norm_no_params', 'weight_decay', 'tuned_adam', 'perturb', 'perturb_dist', 'regen', 'regen_wasserstein', 'weight_init', 'net_width', 'net_activation', 'init_gain', 'parseval_norm', 'parseval_num_groups'])
env_dict keys dict_keys(['env', 'change_freq', 'seed', 'env_type'])
Start RL run!
{'base_algorithm': 'ppo_agent', 'learning_rate': 0.0005, 'num_envs': 1, 'rollout_num_steps': 128, 'gamma': 0.99, 'gae_lambda': 0.95, 'num_minibatches': 4, 'update_epochs': 4, 'minibatch_size': 32, 'norm_adv': True, 'clip_coef': 0.2, 'clip_vloss': True, 'ent_coef': 0.01, 'vf_coef': 0.5, 'max_grad_norm': 0.5, 'rpo_alpha': 0, 'parseval_reg': 0, 'input_scale': 1, 'learnable_input_scale': False, 'add_diag_layer': False, 'lie_group': False, 'pion': False, 'pion_block_size': None, 'pion_multiplicative': False, 'oft': False, 'poet': True, 'oet_num_blocks': 1, 'poet_exact_cayley': True, 'layer_norm': False, 'layer_norm_no_params': False, 'weight_decay': 0, 'tuned_adam': False, 'perturb': 0.0, 'perturb_dist': 'xavier', 'regen': 0.0, 'regen_wasserstein': False, 'weight_init': 'orthogonal', 'net_width': 64, 'net_activation': 'tanh', 'init_gain': None, 'parseval_norm': False, 'parseval_num_groups': 1, 'device': 'cpu'}
{'env': 'gridworld_ninerooms', 'change_freq': 40000, 'seed': 124, 'env_type': 'rl', 'local_run': False}
Running on gpu: False
Gridworld args () {'env': 'gridworld_ninerooms', 'change_freq': 40000, 'seed': 124, 'env_type': 'rl', 'local_run': False}
time:  0.042 SPS: 0
0 success 0.0 +/- 0.0
0 eval steps mean 99.9 best 99 optimal 10
0 eval return -11.239 +/- 0.529
time:  0.568 SPS: 146
4999 success 0.0 +/- 0.0
4999 eval steps mean 99.9 best 99 optimal 10
4999 eval return -6.223 +/- 0.496
time:  1.223 SPS: 136
9999 success 0.3 +/- 0.153
9999 eval steps mean 84.4 best 34 optimal 10
9999 eval return -6.204 +/- 1.496
time:  1.866 SPS: 133
14999 success 1.0 +/- 0.0
14999 eval steps mean 40.0 best 16 optimal 10
14999 eval return 0.552 +/- 0.576
time:  2.483 SPS: 134
19999 success 0.9 +/- 0.1
19999 eval steps mean 24.9 best 11 optimal 10
19999 eval return 1.386 +/- 0.7
time:  3.099 SPS: 134
24999 success 1.0 +/- 0.0
24999 eval steps mean 12.9 best 11 optimal 10
24999 eval return 2.369 +/- 0.025
time:  3.721 SPS: 134
29999 success 1.0 +/- 0.0
29999 eval steps mean 12.4 best 11 optimal 10
29999 eval return 2.397 +/- 0.016
time:  4.326 SPS: 134
34999 success 1.0 +/- 0.0
34999 eval steps mean 11.6 best 10 optimal 10
34999 eval return 2.407 +/- 0.022
40000
GOAL [12 11]
time:  4.963 SPS: 134
39999 success 1.0 +/- 0.0
39999 eval steps mean 20.7 best 10 optimal 9
39999 eval return 2.333 +/- 0.07
time:  5.604 SPS: 133
44999 success 1.0 +/- 0.0
44999 eval steps mean 10.8 best 9 optimal 9
44999 eval return 2.494 +/- 0.035
time:  6.228 SPS: 133
49999 success 1.0 +/- 0.0
49999 eval steps mean 10.3 best 9 optimal 9
49999 eval return 2.51 +/- 0.04
time:  6.84 SPS: 134
54999 success 1.0 +/- 0.0
54999 eval steps mean 11.6 best 9 optimal 9
54999 eval return 2.486 +/- 0.038
time:  7.469 SPS: 133
59999 success 0.9 +/- 0.1
59999 eval steps mean 20.2 best 9 optimal 9
59999 eval return 1.79 +/- 0.709
time:  8.106 SPS: 133
64999 success 1.0 +/- 0.0
64999 eval steps mean 9.9 best 9 optimal 9
64999 eval return 2.55 +/- 0.0
time:  8.732 SPS: 133
69999 success 1.0 +/- 0.0
69999 eval steps mean 10.0 best 9 optimal 9
69999 eval return 2.547 +/- 0.003
time:  9.361 SPS: 133
74999 success 1.0 +/- 0.0
74999 eval steps mean 10.2 best 9 optimal 9
74999 eval return 2.54 +/- 0.01
80000
GOAL [ 9 14]
time:  10.021 SPS: 133
79999 success 0.0 +/- 0.0
79999 eval steps mean 99.9 best 99 optimal 9
79999 eval return -8.392 +/- 0.157
time:  10.718 SPS: 132
84999 success 0.6 +/- 0.163
84999 eval steps mean 65.8 best 22 optimal 9
84999 eval return -5.503 +/- 2.26
time:  11.39 SPS: 131
89999 success 1.0 +/- 0.0
89999 eval steps mean 19.2 best 16 optimal 9
89999 eval return 1.406 +/- 0.285
time:  12.021 SPS: 131
94999 success 1.0 +/- 0.0
94999 eval steps mean 16.9 best 15 optimal 9
94999 eval return 1.754 +/- 0.026
time:  12.651 SPS: 131
99999 success 1.0 +/- 0.0
99999 eval steps mean 16.3 best 15 optimal 9
99999 eval return 1.782 +/- 0.012
time:  13.287 SPS: 131
104999 success 1.0 +/- 0.0
104999 eval steps mean 15.9 best 15 optimal 9
104999 eval return 1.8 +/- 0.0
time:  13.919 SPS: 131
109999 success 1.0 +/- 0.0
109999 eval steps mean 15.9 best 15 optimal 9
109999 eval return 1.8 +/- 0.0
time:  14.567 SPS: 131
114999 success 1.0 +/- 0.0
114999 eval steps mean 15.9 best 15 optimal 9
114999 eval return 1.8 +/- 0.0
120000
GOAL [11  9]
time:  15.215 SPS: 131
119999 success 0.3 +/- 0.153
119999 eval steps mean 72.0 best 6 optimal 6
119999 eval return -5.097 +/- 1.721
time:  15.883 SPS: 131
124999 success 0.8 +/- 0.133
124999 eval steps mean 25.5 best 6 optimal 6
124999 eval return 0.61 +/- 1.453
time:  16.507 SPS: 131
129999 success 1.0 +/- 0.0
129999 eval steps mean 7.1 best 6 optimal 6
129999 eval return 2.779 +/- 0.011
time:  17.128 SPS: 131
134999 success 1.0 +/- 0.0
134999 eval steps mean 6.9 best 6 optimal 6
134999 eval return 2.79 +/- 0.0
time:  17.748 SPS: 131
139999 success 1.0 +/- 0.0
139999 eval steps mean 6.9 best 6 optimal 6
139999 eval return 2.79 +/- 0.0
time:  18.374 SPS: 131
144999 success 1.0 +/- 0.0
144999 eval steps mean 6.9 best 6 optimal 6
144999 eval return 2.79 +/- 0.0
time:  18.993 SPS: 131
149999 success 1.0 +/- 0.0
149999 eval steps mean 6.9 best 6 optimal 6
149999 eval return 2.79 +/- 0.0
time:  19.611 SPS: 131
154999 success 1.0 +/- 0.0
154999 eval steps mean 6.9 best 6 optimal 6
154999 eval return 2.79 +/- 0.0
160000
GOAL [13 14]
time:  20.252 SPS: 131
159999 success 0.2 +/- 0.133
159999 eval steps mean 87.5 best 21 optimal 13
159999 eval return -3.986 +/- 1.073
time:  20.922 SPS: 131
164999 success 0.9 +/- 0.1
164999 eval steps mean 22.8 best 13 optimal 13
164999 eval return 1.049 +/- 1.029
time:  21.557 SPS: 131
169999 success 1.0 +/- 0.0
169999 eval steps mean 14.0 best 13 optimal 13
169999 eval return 2.089 +/- 0.001
time:  22.183 SPS: 131
174999 success 1.0 +/- 0.0
174999 eval steps mean 14.5 best 13 optimal 13
174999 eval return 2.084 +/- 0.003
time:  22.803 SPS: 131
179999 success 1.0 +/- 0.0
179999 eval steps mean 13.9 best 13 optimal 13
179999 eval return 2.09 +/- 0.0
time:  23.443 SPS: 131
184999 success 1.0 +/- 0.0
184999 eval steps mean 14.1 best 13 optimal 13
184999 eval return 2.069 +/- 0.021
time:  24.075 SPS: 131
189999 success 1.0 +/- 0.0
189999 eval steps mean 13.9 best 13 optimal 13
189999 eval return 2.09 +/- 0.0
time:  24.706 SPS: 131
194999 success 1.0 +/- 0.0
194999 eval steps mean 14.3 best 13 optimal 13
194999 eval return 2.058 +/- 0.027
200000
GOAL [14  8]
time:  25.349 SPS: 131
199999 success 0.0 +/- 0.0
199999 eval steps mean 99.9 best 99 optimal 8
199999 eval return -8.995 +/- 0.005
time:  26.038 SPS: 131
204999 success 1.0 +/- 0.0
204999 eval steps mean 13.7 best 8 optimal 8
204999 eval return 2.275 +/- 0.365
time:  26.664 SPS: 131
209999 success 1.0 +/- 0.0
209999 eval steps mean 9.1 best 8 optimal 8
209999 eval return 2.625 +/- 0.015
time:  27.287 SPS: 131
214999 success 1.0 +/- 0.0
214999 eval steps mean 8.9 best 8 optimal 8
214999 eval return 2.64 +/- 0.0
time:  27.908 SPS: 131
219999 success 1.0 +/- 0.0
219999 eval steps mean 8.9 best 8 optimal 8
219999 eval return 2.64 +/- 0.0
time:  28.542 SPS: 131
224999 success 1.0 +/- 0.0
224999 eval steps mean 8.9 best 8 optimal 8
224999 eval return 2.64 +/- 0.0
time:  29.18 SPS: 131
229999 success 1.0 +/- 0.0
229999 eval steps mean 9.0 best 8 optimal 8
229999 eval return 2.639 +/- 0.001
time:  29.803 SPS: 131
234999 success 1.0 +/- 0.0
234999 eval steps mean 8.9 best 8 optimal 8
234999 eval return 2.64 +/- 0.0
240000
GOAL [12  5]
time:  30.432 SPS: 131
239999 success 0.0 +/- 0.0
239999 eval steps mean 99.9 best 99 optimal 7
239999 eval return -4.683 +/- 0.022
time:  31.116 SPS: 131
244999 success 1.0 +/- 0.0
244999 eval steps mean 8.3 best 7 optimal 7
244999 eval return 2.713 +/- 0.005
time:  31.748 SPS: 131
249999 success 1.0 +/- 0.0
249999 eval steps mean 7.9 best 7 optimal 7
249999 eval return 2.72 +/- 0.0
time:  32.364 SPS: 131
254999 success 1.0 +/- 0.0
254999 eval steps mean 8.1 best 7 optimal 7
254999 eval return 2.713 +/- 0.007
time:  32.991 SPS: 131
259999 success 1.0 +/- 0.0
259999 eval steps mean 7.9 best 7 optimal 7
259999 eval return 2.72 +/- 0.0
time:  33.621 SPS: 131
264999 success 1.0 +/- 0.0
264999 eval steps mean 7.9 best 7 optimal 7
264999 eval return 2.72 +/- 0.0
time:  34.231 SPS: 131
269999 success 1.0 +/- 0.0
269999 eval steps mean 7.9 best 7 optimal 7
269999 eval return 2.72 +/- 0.0
time:  34.867 SPS: 131
274999 success 1.0 +/- 0.0
274999 eval steps mean 7.9 best 7 optimal 7
274999 eval return 2.72 +/- 0.0
280000
GOAL [8 4]
time:  35.499 SPS: 131
279999 success 0.0 +/- 0.0
279999 eval steps mean 99.9 best 99 optimal 4
279999 eval return -9.612 +/- 0.041
time:  36.178 SPS: 131
284999 success 0.0 +/- 0.0
284999 eval steps mean 99.9 best 99 optimal 4
284999 eval return -9.797 +/- 0.04
time:  36.854 SPS: 131
289999 success 0.0 +/- 0.0
289999 eval steps mean 99.9 best 99 optimal 4
289999 eval return -5.945 +/- 0.136
time:  37.533 SPS: 130
294999 success 1.0 +/- 0.0
294999 eval steps mean 18.3 best 17 optimal 4
294999 eval return 1.527 +/- 0.042
time:  38.164 SPS: 131
299999 success 1.0 +/- 0.0
299999 eval steps mean 18.1 best 16 optimal 4
299999 eval return 1.586 +/- 0.036
time:  38.792 SPS: 131
304999 success 1.0 +/- 0.0
304999 eval steps mean 17.4 best 16 optimal 4
304999 eval return 1.611 +/- 0.02
time:  39.427 SPS: 131
309999 success 1.0 +/- 0.0
309999 eval steps mean 17.4 best 16 optimal 4
309999 eval return 1.619 +/- 0.012
time:  40.049 SPS: 131
314999 success 1.0 +/- 0.0
314999 eval steps mean 17.7 best 16 optimal 4
314999 eval return 1.589 +/- 0.025
320000
GOAL [13  2]
time:  40.701 SPS: 131
319999 success 0.0 +/- 0.0
319999 eval steps mean 99.9 best 99 optimal 11
319999 eval return -6.108 +/- 0.034
time:  41.377 SPS: 130
324999 success 1.0 +/- 0.0
324999 eval steps mean 14.4 best 12 optimal 11
324999 eval return 2.244 +/- 0.033
time:  41.997 SPS: 130
329999 success 1.0 +/- 0.0
329999 eval steps mean 11.9 best 11 optimal 11
329999 eval return 2.34 +/- 0.0
time:  42.639 SPS: 130
334999 success 1.0 +/- 0.0
334999 eval steps mean 11.9 best 11 optimal 11
334999 eval return 2.34 +/- 0.0
time:  43.273 SPS: 130
339999 success 1.0 +/- 0.0
339999 eval steps mean 11.9 best 11 optimal 11
339999 eval return 2.34 +/- 0.0
time:  43.903 SPS: 130
344999 success 1.0 +/- 0.0
344999 eval steps mean 11.9 best 11 optimal 11
344999 eval return 2.34 +/- 0.0
time:  44.532 SPS: 130
349999 success 1.0 +/- 0.0
349999 eval steps mean 11.9 best 11 optimal 11
349999 eval return 2.34 +/- 0.0
time:  45.153 SPS: 131
354999 success 1.0 +/- 0.0
354999 eval steps mean 11.9 best 11 optimal 11
354999 eval return 2.34 +/- 0.0
360000
GOAL [10 14]
time:  45.784 SPS: 131
359999 success 0.0 +/- 0.0
359999 eval steps mean 99.9 best 99 optimal 10
359999 eval return -16.556 +/- 0.111
time:  46.438 SPS: 130
364999 success 0.0 +/- 0.0
364999 eval steps mean 99.9 best 99 optimal 10
364999 eval return -12.813 +/- 0.214
time:  47.123 SPS: 130
369999 success 0.1 +/- 0.1
369999 eval steps mean 96.7 best 68 optimal 10
369999 eval return -3.768 +/- 0.497
time:  47.785 SPS: 130
374999 success 1.0 +/- 0.0
374999 eval steps mean 15.8 best 14 optimal 10
374999 eval return 1.916 +/- 0.019
time:  48.412 SPS: 130
379999 success 1.0 +/- 0.0
379999 eval steps mean 15.3 best 15 optimal 10
379999 eval return 1.928 +/- 0.015
time:  49.031 SPS: 130
384999 success 1.0 +/- 0.0
384999 eval steps mean 15.2 best 14 optimal 10
384999 eval return 1.946 +/- 0.003
time:  49.654 SPS: 130
389999 success 1.0 +/- 0.0
389999 eval steps mean 15.7 best 14 optimal 10
389999 eval return 1.915 +/- 0.018
time:  50.286 SPS: 130
394999 success 1.0 +/- 0.0
394999 eval steps mean 15.2 best 14 optimal 10
394999 eval return 1.94 +/- 0.009
400000
GOAL [8 3]
time:  50.932 SPS: 130
399999 success 0.0 +/- 0.0
399999 eval steps mean 99.9 best 99 optimal 5
399999 eval return -17.883 +/- 0.008
time:  51.606 SPS: 130
404999 success 0.0 +/- 0.0
404999 eval steps mean 99.9 best 99 optimal 5
404999 eval return -18.336 +/- 0.342
time:  52.291 SPS: 130
409999 success 0.0 +/- 0.0
409999 eval steps mean 99.9 best 99 optimal 5
409999 eval return -9.707 +/- 0.01
time:  52.975 SPS: 130
414999 success 0.0 +/- 0.0
414999 eval steps mean 99.9 best 99 optimal 5
414999 eval return -6.525 +/- 0.54
time:  53.642 SPS: 130
419999 success 0.0 +/- 0.0
419999 eval steps mean 99.9 best 99 optimal 5
419999 eval return -5.784 +/- 0.237
time:  54.311 SPS: 130
424999 success 0.0 +/- 0.0
424999 eval steps mean 99.9 best 99 optimal 5
424999 eval return -4.715 +/- 0.023
time:  54.97 SPS: 130
429999 success 0.0 +/- 0.0
429999 eval steps mean 99.9 best 99 optimal 5
429999 eval return -5.364 +/- 0.377
time:  55.646 SPS: 130
434999 success 1.0 +/- 0.0
434999 eval steps mean 16.6 best 15 optimal 5
434999 eval return 1.764 +/- 0.024
440000
GOAL [11  9]
time:  56.282 SPS: 130
439999 success 0.0 +/- 0.0
439999 eval steps mean 99.9 best 99 optimal 6
439999 eval return -15.105 +/- 0.219
time:  56.953 SPS: 130
444999 success 0.0 +/- 0.0
444999 eval steps mean 99.9 best 99 optimal 6
444999 eval return -7.497 +/- 0.177
time:  57.635 SPS: 130
449999 success 1.0 +/- 0.0
449999 eval steps mean 6.9 best 6 optimal 6
449999 eval return 2.79 +/- 0.0
time:  58.242 SPS: 130
454999 success 1.0 +/- 0.0
454999 eval steps mean 6.9 best 6 optimal 6
454999 eval return 2.79 +/- 0.0
time:  58.855 SPS: 130
459999 success 1.0 +/- 0.0
459999 eval steps mean 6.9 best 6 optimal 6
459999 eval return 2.79 +/- 0.0
time:  59.485 SPS: 130
464999 success 1.0 +/- 0.0
464999 eval steps mean 6.9 best 6 optimal 6
464999 eval return 2.79 +/- 0.0
time:  60.112 SPS: 130
469999 success 1.0 +/- 0.0
469999 eval steps mean 6.9 best 6 optimal 6
469999 eval return 2.79 +/- 0.0
time:  60.731 SPS: 130
474999 success 1.0 +/- 0.0
474999 eval steps mean 6.9 best 6 optimal 6
474999 eval return 2.79 +/- 0.0
480000
GOAL [12 10]
time:  61.367 SPS: 130
479999 success 0.9 +/- 0.1
479999 eval steps mean 55.4 best 12 optimal 8
479999 eval return 1.281 +/- 0.454
time:  62.025 SPS: 130
484999 success 1.0 +/- 0.0
484999 eval steps mean 8.9 best 8 optimal 8
484999 eval return 2.64 +/- 0.0
time:  62.644 SPS: 130
489999 success 1.0 +/- 0.0
489999 eval steps mean 8.9 best 8 optimal 8
489999 eval return 2.64 +/- 0.0
time:  63.278 SPS: 130
494999 success 0.8 +/- 0.133
494999 eval steps mean 27.3 best 8 optimal 8
494999 eval return 1.485 +/- 0.766
time:  63.906 SPS: 130
499999 success 1.0 +/- 0.0
499999 eval steps mean 8.9 best 8 optimal 8
499999 eval return 2.64 +/- 0.0
time:  64.531 SPS: 130
504999 success 1.0 +/- 0.0
504999 eval steps mean 8.9 best 8 optimal 8
504999 eval return 2.64 +/- 0.0
time:  65.152 SPS: 130
509999 success 1.0 +/- 0.0
509999 eval steps mean 11.3 best 8 optimal 8
509999 eval return 2.593 +/- 0.047
time:  65.774 SPS: 130
514999 success 1.0 +/- 0.0
514999 eval steps mean 8.9 best 8 optimal 8
514999 eval return 2.64 +/- 0.0
520000
GOAL [9 0]
time:  66.403 SPS: 130
519999 success 0.0 +/- 0.0
519999 eval steps mean 99.9 best 99 optimal 9
519999 eval return -17.873 +/- 0.056
time:  67.067 SPS: 130
524999 success 0.0 +/- 0.0
524999 eval steps mean 99.9 best 99 optimal 9
524999 eval return -10.805 +/- 0.105
time:  67.75 SPS: 130
529999 success 0.5 +/- 0.167
529999 eval steps mean 79.1 best 34 optimal 9
529999 eval return -3.737 +/- 1.794
time:  68.406 SPS: 130
534999 success 1.0 +/- 0.0
534999 eval steps mean 16.5 best 15 optimal 9
534999 eval return 1.752 +/- 0.036
time:  69.022 SPS: 130
539999 success 0.9 +/- 0.1
539999 eval steps mean 24.3 best 15 optimal 9
539999 eval return 1.048 +/- 0.752
time:  69.635 SPS: 130
544999 success 0.8 +/- 0.133
544999 eval steps mean 35.0 best 15 optimal 9
544999 eval return -0.497 +/- 1.869
time:  70.28 SPS: 130
549999 success 1.0 +/- 0.0
549999 eval steps mean 16.9 best 15 optimal 9
549999 eval return 1.786 +/- 0.014
time:  70.902 SPS: 130
554999 success 1.0 +/- 0.0
554999 eval steps mean 16.7 best 15 optimal 9
554999 eval return 1.78 +/- 0.013
560000
GOAL [8 0]
time:  71.532 SPS: 130
559999 success 1.0 +/- 0.0
559999 eval steps mean 17.5 best 17 optimal 8
559999 eval return 1.634 +/- 0.003
time:  72.155 SPS: 130
564999 success 1.0 +/- 0.0
564999 eval steps mean 16.9 best 16 optimal 8
564999 eval return 1.64 +/- 0.0
time:  72.785 SPS: 130
569999 success 0.8 +/- 0.133
569999 eval steps mean 34.0 best 17 optimal 8
569999 eval return -0.697 +/- 1.535
time:  73.409 SPS: 130
574999 success 1.0 +/- 0.0
574999 eval steps mean 18.6 best 17 optimal 8
574999 eval return 1.606 +/- 0.012
time:  74.028 SPS: 130
579999 success 1.0 +/- 0.0
579999 eval steps mean 16.9 best 16 optimal 8
579999 eval return 1.64 +/- 0.0
time:  74.659 SPS: 130
584999 success 1.0 +/- 0.0
584999 eval steps mean 16.9 best 16 optimal 8
584999 eval return 1.64 +/- 0.0
time:  75.292 SPS: 130
589999 success 1.0 +/- 0.0
589999 eval steps mean 17.2 best 16 optimal 8
589999 eval return 1.637 +/- 0.002
time:  75.919 SPS: 130
594999 success 1.0 +/- 0.0
594999 eval steps mean 17.3 best 16 optimal 8
594999 eval return 1.612 +/- 0.019
600000
GOAL [ 9 14]
time:  76.541 SPS: 130
599999 success 0.0 +/- 0.0
599999 eval steps mean 99.9 best 99 optimal 9
599999 eval return -19.492 +/- 0.022
time:  77.196 SPS: 130
604999 success 0.0 +/- 0.0
604999 eval steps mean 99.9 best 99 optimal 9
604999 eval return -12.02 +/- 0.0
time:  77.858 SPS: 130
609999 success 0.0 +/- 0.0
609999 eval steps mean 99.9 best 99 optimal 9
609999 eval return -10.648 +/- 0.028
time:  78.549 SPS: 130
614999 success 0.0 +/- 0.0
614999 eval steps mean 99.9 best 99 optimal 9
614999 eval return -10.62 +/- 0.0
time:  79.235 SPS: 130
619999 success 0.0 +/- 0.0
619999 eval steps mean 99.9 best 99 optimal 9
619999 eval return -10.62 +/- 0.0
time:  79.841 SPS: 130
624999 success 0.0 +/- 0.0
624999 eval steps mean 99.9 best 99 optimal 9
624999 eval return -10.614 +/- 0.006
time:  80.446 SPS: 130
629999 success 0.0 +/- 0.0
629999 eval steps mean 99.9 best 99 optimal 9
629999 eval return -10.622 +/- 0.002
time:  81.029 SPS: 130
634999 success 0.0 +/- 0.0
634999 eval steps mean 99.9 best 99 optimal 9
634999 eval return -10.746 +/- 0.1
640000
GOAL [13  3]
time:  81.624 SPS: 130
639999 success 0.0 +/- 0.0
639999 eval steps mean 99.9 best 99 optimal 10
639999 eval return -11.44 +/- 0.76
time:  82.192 SPS: 130
644999 success 0.0 +/- 0.0
644999 eval steps mean 99.9 best 99 optimal 10
644999 eval return -4.259 +/- 0.113
time:  82.726 SPS: 130
649999 success 0.0 +/- 0.0
649999 eval steps mean 99.9 best 99 optimal 10
649999 eval return -4.186 +/- 0.233
time:  83.269 SPS: 131
654999 success 0.0 +/- 0.0
654999 eval steps mean 99.9 best 99 optimal 10
654999 eval return -3.751 +/- 0.005
time:  83.791 SPS: 131
659999 success 0.2 +/- 0.133
659999 eval steps mean 84.1 best 20 optimal 10
659999 eval return -4.804 +/- 1.689
time:  84.304 SPS: 131
664999 success 0.9 +/- 0.1
664999 eval steps mean 20.0 best 10 optimal 10
664999 eval return 1.962 +/- 0.478
time:  84.816 SPS: 131
669999 success 1.0 +/- 0.0
669999 eval steps mean 10.9 best 10 optimal 10
669999 eval return 2.45 +/- 0.0
time:  85.314 SPS: 131
674999 success 1.0 +/- 0.0
674999 eval steps mean 10.9 best 10 optimal 10
674999 eval return 2.45 +/- 0.0
680000
GOAL [14  6]
time:  85.822 SPS: 132
679999 success 0.0 +/- 0.0
679999 eval steps mean 99.9 best 99 optimal 8
679999 eval return -9.01 +/- 0.104
time:  86.372 SPS: 132
684999 success 1.0 +/- 0.0
684999 eval steps mean 8.9 best 8 optimal 8
684999 eval return 2.64 +/- 0.0
time:  86.865 SPS: 132
689999 success 1.0 +/- 0.0
689999 eval steps mean 8.9 best 8 optimal 8
689999 eval return 2.64 +/- 0.0
time:  87.35 SPS: 132
694999 success 1.0 +/- 0.0
694999 eval steps mean 9.1 best 8 optimal 8
694999 eval return 2.635 +/- 0.005
time:  87.837 SPS: 132
699999 success 1.0 +/- 0.0
699999 eval steps mean 8.9 best 8 optimal 8
699999 eval return 2.64 +/- 0.0
time:  88.342 SPS: 133
704999 success 1.0 +/- 0.0
704999 eval steps mean 8.9 best 8 optimal 8
704999 eval return 2.64 +/- 0.0
time:  88.84 SPS: 133
709999 success 1.0 +/- 0.0
709999 eval steps mean 8.9 best 8 optimal 8
709999 eval return 2.64 +/- 0.0
time:  89.337 SPS: 133
714999 success 1.0 +/- 0.0
714999 eval steps mean 8.9 best 8 optimal 8
714999 eval return 2.64 +/- 0.0
720000
GOAL [6 4]
time:  89.834 SPS: 133
719999 success 0.0 +/- 0.0
719999 eval steps mean 99.9 best 99 optimal 4
719999 eval return -14.22 +/- 0.384
time:  90.346 SPS: 133
724999 success 0.0 +/- 0.0
724999 eval steps mean 99.9 best 99 optimal 4
724999 eval return -10.955 +/- 0.085
time:  90.817 SPS: 133
729999 success 0.0 +/- 0.0
729999 eval steps mean 99.9 best 99 optimal 4
729999 eval return -9.87 +/- 0.844
time:  91.211 SPS: 134
734999 success 0.1 +/- 0.1
734999 eval steps mean 95.1 best 52 optimal 4
734999 eval return -5.184 +/- 0.734
time:  91.62 SPS: 134
739999 success 0.9 +/- 0.1
739999 eval steps mean 33.2 best 21 optimal 4
739999 eval return -1.097 +/- 1.7
time:  91.998 SPS: 134
744999 success 1.0 +/- 0.0
744999 eval steps mean 20.2 best 19 optimal 4
744999 eval return 1.189 +/- 0.053
time:  92.381 SPS: 135
749999 success 1.0 +/- 0.0
749999 eval steps mean 19.6 best 19 optimal 4
749999 eval return 1.252 +/- 0.036
time:  92.766 SPS: 135
754999 success 1.0 +/- 0.0
754999 eval steps mean 19.3 best 19 optimal 4
754999 eval return 1.284 +/- 0.021
760000
GOAL [10  4]
time:  93.155 SPS: 135
759999 success 1.0 +/- 0.0
759999 eval steps mean 18.6 best 10 optimal 6
759999 eval return 1.514 +/- 0.936
time:  93.523 SPS: 136
764999 success 1.0 +/- 0.0
764999 eval steps mean 11.0 best 10 optimal 6
764999 eval return 2.449 +/- 0.001
time:  93.891 SPS: 136
769999 success 1.0 +/- 0.0
769999 eval steps mean 10.9 best 10 optimal 6
769999 eval return 2.45 +/- 0.0
time:  94.269 SPS: 137
774999 success 1.0 +/- 0.0
774999 eval steps mean 11.3 best 10 optimal 6
774999 eval return 2.428 +/- 0.016
time:  94.66 SPS: 137
779999 success 1.0 +/- 0.0
779999 eval steps mean 10.9 best 10 optimal 6
779999 eval return 2.45 +/- 0.0
time:  95.041 SPS: 137
784999 success 1.0 +/- 0.0
784999 eval steps mean 10.9 best 10 optimal 6
784999 eval return 2.45 +/- 0.0
time:  95.423 SPS: 137
789999 success 1.0 +/- 0.0
789999 eval steps mean 10.9 best 10 optimal 6
789999 eval return 2.45 +/- 0.0
time:  95.794 SPS: 138
794999 success 1.0 +/- 0.0
794999 eval steps mean 10.9 best 10 optimal 6
794999 eval return 2.45 +/- 0.0
800000
GOAL [14  5]
time:  96.169 SPS: 138
799999 success 0.0 +/- 0.0
799999 eval steps mean 99.9 best 99 optimal 9
799999 eval return -7.617 +/- 0.8
done RL run. Time 96.26345630166664 min
