agent_dict keys dict_keys(['base_algorithm', 'learning_rate', 'num_envs', 'rollout_num_steps', 'gamma', 'gae_lambda', 'num_minibatches', 'update_epochs', 'minibatch_size', 'norm_adv', 'clip_coef', 'clip_vloss', 'ent_coef', 'vf_coef', 'max_grad_norm', 'rpo_alpha', 'parseval_reg', 'input_scale', 'learnable_input_scale', 'add_diag_layer', 'lie_group', 'pion', 'pion_block_size', 'pion_multiplicative', 'oft', 'poet', 'oet_num_blocks', 'poet_exact_cayley', 'layer_norm', 'layer_norm_no_params', 'weight_decay', 'tuned_adam', 'perturb', 'perturb_dist', 'regen', 'regen_wasserstein', 'weight_init', 'net_width', 'net_activation', 'init_gain', 'parseval_norm', 'parseval_num_groups'])
env_dict keys dict_keys(['env', 'change_freq', 'seed', 'env_type'])
Start RL run!
{'base_algorithm': 'ppo_agent', 'learning_rate': 0.0005, 'num_envs': 1, 'rollout_num_steps': 128, 'gamma': 0.99, 'gae_lambda': 0.95, 'num_minibatches': 4, 'update_epochs': 4, 'minibatch_size': 32, 'norm_adv': True, 'clip_coef': 0.2, 'clip_vloss': True, 'ent_coef': 0.01, 'vf_coef': 0.5, 'max_grad_norm': 0.5, 'rpo_alpha': 0, 'parseval_reg': 0, 'input_scale': 1, 'learnable_input_scale': False, 'add_diag_layer': False, 'lie_group': False, 'pion': False, 'pion_block_size': None, 'pion_multiplicative': False, 'oft': False, 'poet': True, 'oet_num_blocks': 1, 'poet_exact_cayley': True, 'layer_norm': False, 'layer_norm_no_params': False, 'weight_decay': 0, 'tuned_adam': False, 'perturb': 0.0, 'perturb_dist': 'xavier', 'regen': 0.0, 'regen_wasserstein': False, 'weight_init': 'orthogonal', 'net_width': 64, 'net_activation': 'tanh', 'init_gain': None, 'parseval_norm': False, 'parseval_num_groups': 1, 'device': 'cpu'}
{'env': 'gridworld_ninerooms', 'change_freq': 40000, 'seed': 126, 'env_type': 'rl', 'local_run': False}
Running on gpu: False
Gridworld args () {'env': 'gridworld_ninerooms', 'change_freq': 40000, 'seed': 126, 'env_type': 'rl', 'local_run': False}
time:  0.042 SPS: 0
0 success 0.0 +/- 0.0
0 eval steps mean 99.9 best 99 optimal 10
0 eval return -14.572 +/- 0.468
time:  0.573 SPS: 145
4999 success 0.0 +/- 0.0
4999 eval steps mean 99.9 best 99 optimal 10
4999 eval return -11.236 +/- 0.845
time:  1.234 SPS: 135
9999 success 0.3 +/- 0.153
9999 eval steps mean 95.3 best 75 optimal 10
9999 eval return -9.855 +/- 1.337
time:  1.889 SPS: 132
14999 success 0.1 +/- 0.1
14999 eval steps mean 98.6 best 87 optimal 10
14999 eval return -8.656 +/- 0.5
time:  2.557 SPS: 130
19999 success 0.7 +/- 0.153
19999 eval steps mean 67.0 best 32 optimal 10
19999 eval return -4.57 +/- 1.735
time:  3.202 SPS: 130
24999 success 1.0 +/- 0.0
24999 eval steps mean 31.4 best 24 optimal 10
24999 eval return 0.528 +/- 0.27
time:  3.816 SPS: 131
29999 success 1.0 +/- 0.0
29999 eval steps mean 20.1 best 16 optimal 10
29999 eval return 1.672 +/- 0.05
time:  4.432 SPS: 131
34999 success 1.0 +/- 0.0
34999 eval steps mean 17.8 best 15 optimal 10
34999 eval return 1.713 +/- 0.07
40000
GOAL [12 14]
time:  5.074 SPS: 131
39999 success 0.0 +/- 0.0
39999 eval steps mean 99.9 best 99 optimal 12
39999 eval return -15.091 +/- 0.026
time:  5.737 SPS: 130
44999 success 0.0 +/- 0.0
44999 eval steps mean 99.9 best 99 optimal 12
44999 eval return -7.149 +/- 0.124
time:  6.413 SPS: 129
49999 success 1.0 +/- 0.0
49999 eval steps mean 26.8 best 15 optimal 12
49999 eval return 0.758 +/- 0.684
time:  7.05 SPS: 130
54999 success 1.0 +/- 0.0
54999 eval steps mean 14.1 best 12 optimal 12
54999 eval return 2.105 +/- 0.099
time:  7.672 SPS: 130
59999 success 1.0 +/- 0.0
59999 eval steps mean 14.2 best 12 optimal 12
59999 eval return 2.168 +/- 0.035
time:  8.299 SPS: 130
64999 success 1.0 +/- 0.0
64999 eval steps mean 13.1 best 12 optimal 12
64999 eval return 2.213 +/- 0.007
time:  8.922 SPS: 130
69999 success 1.0 +/- 0.0
69999 eval steps mean 14.2 best 12 optimal 12
69999 eval return 2.062 +/- 0.158
time:  9.553 SPS: 130
74999 success 1.0 +/- 0.0
74999 eval steps mean 13.3 best 12 optimal 12
74999 eval return 2.21 +/- 0.007
80000
GOAL [10 12]
time:  10.197 SPS: 130
79999 success 0.0 +/- 0.0
79999 eval steps mean 99.9 best 99 optimal 8
79999 eval return -4.641 +/- 0.026
time:  10.883 SPS: 130
84999 success 0.9 +/- 0.1
84999 eval steps mean 29.9 best 13 optimal 8
84999 eval return 1.299 +/- 0.548
time:  11.532 SPS: 130
89999 success 1.0 +/- 0.0
89999 eval steps mean 13.5 best 12 optimal 8
89999 eval return 2.211 +/- 0.005
time:  12.156 SPS: 130
94999 success 1.0 +/- 0.0
94999 eval steps mean 12.9 best 12 optimal 8
94999 eval return 2.22 +/- 0.0
time:  12.788 SPS: 130
99999 success 1.0 +/- 0.0
99999 eval steps mean 13.7 best 13 optimal 8
99999 eval return 2.198 +/- 0.022
time:  13.422 SPS: 130
104999 success 1.0 +/- 0.0
104999 eval steps mean 13.1 best 12 optimal 8
104999 eval return 2.215 +/- 0.005
time:  14.048 SPS: 130
109999 success 1.0 +/- 0.0
109999 eval steps mean 13.1 best 12 optimal 8
109999 eval return 2.207 +/- 0.013
time:  14.677 SPS: 130
114999 success 1.0 +/- 0.0
114999 eval steps mean 13.1 best 12 optimal 8
114999 eval return 2.211 +/- 0.009
120000
GOAL [12 14]
time:  15.314 SPS: 130
119999 success 0.2 +/- 0.133
119999 eval steps mean 84.9 best 25 optimal 12
119999 eval return -7.289 +/- 1.529
time:  15.98 SPS: 130
124999 success 1.0 +/- 0.0
124999 eval steps mean 14.7 best 13 optimal 12
124999 eval return 2.155 +/- 0.017
time:  16.608 SPS: 130
129999 success 1.0 +/- 0.0
129999 eval steps mean 13.1 best 12 optimal 12
129999 eval return 2.207 +/- 0.013
time:  17.237 SPS: 130
134999 success 1.0 +/- 0.0
134999 eval steps mean 13.1 best 13 optimal 12
134999 eval return 2.213 +/- 0.007
time:  17.868 SPS: 130
139999 success 1.0 +/- 0.0
139999 eval steps mean 12.9 best 12 optimal 12
139999 eval return 2.22 +/- 0.0
time:  18.486 SPS: 130
144999 success 1.0 +/- 0.0
144999 eval steps mean 12.9 best 12 optimal 12
144999 eval return 2.22 +/- 0.0
time:  19.122 SPS: 130
149999 success 1.0 +/- 0.0
149999 eval steps mean 12.9 best 12 optimal 12
149999 eval return 2.22 +/- 0.0
time:  19.75 SPS: 130
154999 success 1.0 +/- 0.0
154999 eval steps mean 12.9 best 12 optimal 12
154999 eval return 2.22 +/- 0.0
160000
GOAL [12  1]
time:  20.389 SPS: 130
159999 success 0.0 +/- 0.0
159999 eval steps mean 99.9 best 99 optimal 11
159999 eval return -13.538 +/- 0.085
time:  21.053 SPS: 130
164999 success 0.0 +/- 0.0
164999 eval steps mean 99.9 best 99 optimal 11
164999 eval return -7.999 +/- 0.028
time:  21.691 SPS: 130
169999 success 0.4 +/- 0.163
169999 eval steps mean 83.6 best 27 optimal 11
169999 eval return -1.254 +/- 0.683
time:  22.348 SPS: 130
174999 success 1.0 +/- 0.0
174999 eval steps mean 13.1 best 12 optimal 11
174999 eval return 2.317 +/- 0.02
time:  22.973 SPS: 130
179999 success 1.0 +/- 0.0
179999 eval steps mean 12.3 best 11 optimal 11
179999 eval return 2.32 +/- 0.02
time:  23.593 SPS: 130
184999 success 1.0 +/- 0.0
184999 eval steps mean 12.3 best 11 optimal 11
184999 eval return 2.308 +/- 0.022
time:  24.214 SPS: 130
189999 success 1.0 +/- 0.0
189999 eval steps mean 12.1 best 11 optimal 11
189999 eval return 2.337 +/- 0.003
time:  24.843 SPS: 130
194999 success 1.0 +/- 0.0
194999 eval steps mean 11.9 best 11 optimal 11
194999 eval return 2.34 +/- 0.0
200000
GOAL [10 11]
time:  25.475 SPS: 130
199999 success 0.0 +/- 0.0
199999 eval steps mean 99.9 best 99 optimal 7
199999 eval return -13.403 +/- 0.084
time:  26.137 SPS: 130
204999 success 0.0 +/- 0.0
204999 eval steps mean 99.9 best 99 optimal 7
204999 eval return -6.269 +/- 0.227
time:  26.803 SPS: 130
209999 success 0.1 +/- 0.1
209999 eval steps mean 94.2 best 43 optimal 7
209999 eval return -3.578 +/- 0.811
time:  27.486 SPS: 130
214999 success 1.0 +/- 0.0
214999 eval steps mean 13.7 best 11 optimal 7
214999 eval return 2.294 +/- 0.014
time:  28.114 SPS: 130
219999 success 1.0 +/- 0.0
219999 eval steps mean 12.1 best 11 optimal 7
219999 eval return 2.337 +/- 0.003
time:  28.744 SPS: 130
224999 success 1.0 +/- 0.0
224999 eval steps mean 12.1 best 11 optimal 7
224999 eval return 2.319 +/- 0.021
time:  29.373 SPS: 130
229999 success 1.0 +/- 0.0
229999 eval steps mean 12.0 best 11 optimal 7
229999 eval return 2.338 +/- 0.002
time:  30.013 SPS: 130
234999 success 1.0 +/- 0.0
234999 eval steps mean 12.3 best 11 optimal 7
234999 eval return 2.3 +/- 0.04
240000
GOAL [6 1]
time:  30.643 SPS: 130
239999 success 0.0 +/- 0.0
239999 eval steps mean 99.9 best 99 optimal 7
239999 eval return -17.695 +/- 0.019
time:  31.311 SPS: 130
244999 success 0.0 +/- 0.0
244999 eval steps mean 99.9 best 99 optimal 7
244999 eval return -9.226 +/- 0.62
time:  31.97 SPS: 130
249999 success 0.7 +/- 0.153
249999 eval steps mean 55.0 best 21 optimal 7
249999 eval return -5.441 +/- 2.226
time:  32.613 SPS: 130
254999 success 1.0 +/- 0.0
254999 eval steps mean 19.8 best 17 optimal 7
254999 eval return 1.268 +/- 0.052
time:  33.239 SPS: 130
259999 success 1.0 +/- 0.0
259999 eval steps mean 19.1 best 18 optimal 7
259999 eval return 1.444 +/- 0.018
time:  33.852 SPS: 130
264999 success 1.0 +/- 0.0
264999 eval steps mean 18.5 best 18 optimal 7
264999 eval return 1.416 +/- 0.059
time:  34.502 SPS: 130
269999 success 1.0 +/- 0.0
269999 eval steps mean 23.3 best 18 optimal 7
269999 eval return 1.145 +/- 0.339
time:  35.123 SPS: 130
274999 success 1.0 +/- 0.0
274999 eval steps mean 18.4 best 17 optimal 7
274999 eval return 1.462 +/- 0.016
280000
GOAL [5 2]
time:  35.749 SPS: 130
279999 success 1.0 +/- 0.0
279999 eval steps mean 16.0 best 15 optimal 7
279999 eval return 1.812 +/- 0.008
time:  36.366 SPS: 130
284999 success 1.0 +/- 0.0
284999 eval steps mean 16.7 best 15 optimal 7
284999 eval return 1.782 +/- 0.019
time:  36.977 SPS: 130
289999 success 1.0 +/- 0.0
289999 eval steps mean 16.4 best 16 optimal 7
289999 eval return 1.786 +/- 0.021
time:  37.595 SPS: 130
294999 success 1.0 +/- 0.0
294999 eval steps mean 13.9 best 13 optimal 7
294999 eval return 2.09 +/- 0.0
time:  38.231 SPS: 130
299999 success 1.0 +/- 0.0
299999 eval steps mean 13.9 best 13 optimal 7
299999 eval return 2.09 +/- 0.0
time:  38.871 SPS: 130
304999 success 1.0 +/- 0.0
304999 eval steps mean 14.3 best 14 optimal 7
304999 eval return 2.055 +/- 0.025
time:  39.488 SPS: 130
309999 success 1.0 +/- 0.0
309999 eval steps mean 13.9 best 13 optimal 7
309999 eval return 2.09 +/- 0.0
time:  40.103 SPS: 130
314999 success 1.0 +/- 0.0
314999 eval steps mean 14.1 best 13 optimal 7
314999 eval return 2.083 +/- 0.007
320000
GOAL [10  1]
time:  40.733 SPS: 130
319999 success 0.0 +/- 0.0
319999 eval steps mean 99.9 best 99 optimal 9
319999 eval return -5.787 +/- 0.1
time:  41.418 SPS: 130
324999 success 0.0 +/- 0.0
324999 eval steps mean 99.9 best 99 optimal 9
324999 eval return -4.655 +/- 0.102
time:  42.098 SPS: 130
329999 success 0.2 +/- 0.133
329999 eval steps mean 90.7 best 31 optimal 9
329999 eval return -3.727 +/- 0.608
time:  42.769 SPS: 130
334999 success 0.9 +/- 0.1
334999 eval steps mean 30.3 best 20 optimal 9
334999 eval return -0.34 +/- 1.209
time:  43.415 SPS: 130
339999 success 1.0 +/- 0.0
339999 eval steps mean 20.7 best 19 optimal 9
339999 eval return 1.21 +/- 0.01
time:  44.037 SPS: 130
344999 success 1.0 +/- 0.0
344999 eval steps mean 20.1 best 19 optimal 9
344999 eval return 1.217 +/- 0.003
time:  44.663 SPS: 130
349999 success 1.0 +/- 0.0
349999 eval steps mean 21.9 best 20 optimal 9
349999 eval return 1.12 +/- 0.049
time:  45.294 SPS: 130
354999 success 1.0 +/- 0.0
354999 eval steps mean 21.5 best 20 optimal 9
354999 eval return 1.187 +/- 0.027
360000
GOAL [ 8 10]
time:  45.921 SPS: 130
359999 success 0.0 +/- 0.0
359999 eval steps mean 99.9 best 99 optimal 4
359999 eval return -18.971 +/- 0.078
time:  46.593 SPS: 130
364999 success 0.0 +/- 0.0
364999 eval steps mean 99.9 best 99 optimal 4
364999 eval return -13.474 +/- 1.201
time:  47.246 SPS: 130
369999 success 0.1 +/- 0.1
369999 eval steps mean 94.6 best 47 optimal 4
369999 eval return -7.043 +/- 1.618
time:  47.905 SPS: 130
374999 success 0.9 +/- 0.1
374999 eval steps mean 28.6 best 18 optimal 4
374999 eval return 0.449 +/- 0.689
time:  48.545 SPS: 130
379999 success 1.0 +/- 0.0
379999 eval steps mean 20.1 best 18 optimal 4
379999 eval return 1.23 +/- 0.038
time:  49.153 SPS: 130
384999 success 1.0 +/- 0.0
384999 eval steps mean 19.5 best 19 optimal 4
384999 eval return 1.263 +/- 0.032
time:  49.772 SPS: 130
389999 success 1.0 +/- 0.0
389999 eval steps mean 19.3 best 18 optimal 4
389999 eval return 1.274 +/- 0.027
time:  50.385 SPS: 130
394999 success 1.0 +/- 0.0
394999 eval steps mean 19.2 best 19 optimal 4
394999 eval return 1.288 +/- 0.021
400000
GOAL [5 4]
time:  51.033 SPS: 130
399999 success 0.0 +/- 0.0
399999 eval steps mean 99.9 best 99 optimal 5
399999 eval return -20.734 +/- 0.155
time:  51.711 SPS: 130
404999 success 0.0 +/- 0.0
404999 eval steps mean 99.9 best 99 optimal 5
404999 eval return -6.613 +/- 0.047
time:  52.371 SPS: 130
409999 success 0.0 +/- 0.0
409999 eval steps mean 99.9 best 99 optimal 5
409999 eval return -4.574 +/- 0.161
time:  53.042 SPS: 130
414999 success 1.0 +/- 0.0
414999 eval steps mean 47.8 best 22 optimal 5
414999 eval return 0.804 +/- 0.214
time:  53.687 SPS: 130
419999 success 1.0 +/- 0.0
419999 eval steps mean 15.9 best 15 optimal 5
419999 eval return 1.8 +/- 0.0
time:  54.308 SPS: 130
424999 success 1.0 +/- 0.0
424999 eval steps mean 16.0 best 16 optimal 5
424999 eval return 1.791 +/- 0.009
time:  54.938 SPS: 130
429999 success 1.0 +/- 0.0
429999 eval steps mean 16.1 best 15 optimal 5
429999 eval return 1.787 +/- 0.013
time:  55.559 SPS: 130
434999 success 1.0 +/- 0.0
434999 eval steps mean 16.4 best 15 optimal 5
434999 eval return 1.777 +/- 0.016
440000
GOAL [11 14]
time:  56.189 SPS: 130
439999 success 0.0 +/- 0.0
439999 eval steps mean 99.9 best 99 optimal 11
439999 eval return -21.016 +/- 0.007
time:  56.864 SPS: 130
444999 success 0.0 +/- 0.0
444999 eval steps mean 99.9 best 99 optimal 11
444999 eval return -18.142 +/- 0.211
time:  57.53 SPS: 130
449999 success 0.0 +/- 0.0
449999 eval steps mean 99.9 best 99 optimal 11
449999 eval return -10.188 +/- 0.031
time:  58.203 SPS: 130
454999 success 0.0 +/- 0.0
454999 eval steps mean 99.9 best 99 optimal 11
454999 eval return -10.057 +/- 0.032
time:  58.887 SPS: 130
459999 success 0.0 +/- 0.0
459999 eval steps mean 99.9 best 99 optimal 11
459999 eval return -10.042 +/- 0.005
time:  59.576 SPS: 130
464999 success 0.0 +/- 0.0
464999 eval steps mean 99.9 best 99 optimal 11
464999 eval return -10.388 +/- 0.172
time:  60.262 SPS: 129
469999 success 0.0 +/- 0.0
469999 eval steps mean 99.9 best 99 optimal 11
469999 eval return -10.001 +/- 0.023
time:  60.941 SPS: 129
474999 success 0.0 +/- 0.0
474999 eval steps mean 99.9 best 99 optimal 11
474999 eval return -8.834 +/- 0.199
480000
GOAL [ 9 13]
time:  61.63 SPS: 129
479999 success 0.3 +/- 0.153
479999 eval steps mean 79.8 best 21 optimal 8
479999 eval return -2.69 +/- 0.789
time:  62.302 SPS: 129
484999 success 1.0 +/- 0.0
484999 eval steps mean 20.3 best 18 optimal 8
484999 eval return 1.281 +/- 0.06
time:  62.929 SPS: 129
489999 success 1.0 +/- 0.0
489999 eval steps mean 19.7 best 18 optimal 8
489999 eval return 1.294 +/- 0.035
time:  63.542 SPS: 129
494999 success 1.0 +/- 0.0
494999 eval steps mean 19.1 best 18 optimal 8
494999 eval return 1.339 +/- 0.011
time:  64.171 SPS: 129
499999 success 1.0 +/- 0.0
499999 eval steps mean 20.5 best 19 optimal 8
499999 eval return 1.286 +/- 0.021
time:  64.806 SPS: 129
504999 success 1.0 +/- 0.0
504999 eval steps mean 19.3 best 19 optimal 8
504999 eval return 1.322 +/- 0.02
time:  65.433 SPS: 129
509999 success 1.0 +/- 0.0
509999 eval steps mean 18.9 best 18 optimal 8
509999 eval return 1.35 +/- 0.0
time:  66.063 SPS: 129
514999 success 1.0 +/- 0.0
514999 eval steps mean 18.9 best 18 optimal 8
514999 eval return 1.35 +/- 0.0
520000
GOAL [13 13]
time:  66.71 SPS: 129
519999 success 0.0 +/- 0.0
519999 eval steps mean 99.9 best 99 optimal 12
519999 eval return -7.807 +/- 0.078
time:  67.368 SPS: 129
524999 success 0.0 +/- 0.0
524999 eval steps mean 99.9 best 99 optimal 12
524999 eval return -7.334 +/- 0.085
time:  68.037 SPS: 129
529999 success 0.3 +/- 0.153
529999 eval steps mean 93.0 best 65 optimal 12
529999 eval return -6.173 +/- 1.492
time:  68.705 SPS: 129
534999 success 0.0 +/- 0.0
534999 eval steps mean 99.9 best 99 optimal 12
534999 eval return -9.324 +/- 0.185
time:  69.377 SPS: 129
539999 success 1.0 +/- 0.0
539999 eval steps mean 15.9 best 14 optimal 12
539999 eval return 2.126 +/- 0.011
time:  70.009 SPS: 129
544999 success 1.0 +/- 0.0
544999 eval steps mean 12.9 best 12 optimal 12
544999 eval return 2.22 +/- 0.0
time:  70.638 SPS: 129
549999 success 1.0 +/- 0.0
549999 eval steps mean 12.9 best 12 optimal 12
549999 eval return 2.22 +/- 0.0
time:  71.267 SPS: 129
554999 success 1.0 +/- 0.0
554999 eval steps mean 12.9 best 12 optimal 12
554999 eval return 2.22 +/- 0.0
560000
GOAL [14  6]
time:  71.905 SPS: 129
559999 success 0.0 +/- 0.0
559999 eval steps mean 99.9 best 99 optimal 8
559999 eval return -10.064 +/- 0.018
time:  72.589 SPS: 129
564999 success 0.0 +/- 0.0
564999 eval steps mean 99.9 best 99 optimal 8
564999 eval return -9.601 +/- 0.137
time:  73.275 SPS: 129
569999 success 1.0 +/- 0.0
569999 eval steps mean 9.3 best 8 optimal 8
569999 eval return 2.622 +/- 0.018
time:  73.879 SPS: 129
574999 success 1.0 +/- 0.0
574999 eval steps mean 8.9 best 8 optimal 8
574999 eval return 2.64 +/- 0.0
time:  74.492 SPS: 129
579999 success 1.0 +/- 0.0
579999 eval steps mean 8.9 best 8 optimal 8
579999 eval return 2.64 +/- 0.0
time:  75.106 SPS: 129
584999 success 1.0 +/- 0.0
584999 eval steps mean 8.9 best 8 optimal 8
584999 eval return 2.64 +/- 0.0
time:  75.707 SPS: 129
589999 success 1.0 +/- 0.0
589999 eval steps mean 8.9 best 8 optimal 8
589999 eval return 2.64 +/- 0.0
time:  76.333 SPS: 129
594999 success 1.0 +/- 0.0
594999 eval steps mean 8.9 best 8 optimal 8
594999 eval return 2.64 +/- 0.0
600000
GOAL [ 8 13]
time:  76.98 SPS: 129
599999 success 0.0 +/- 0.0
599999 eval steps mean 99.9 best 99 optimal 7
599999 eval return -13.837 +/- 0.011
time:  77.629 SPS: 129
604999 success 0.0 +/- 0.0
604999 eval steps mean 99.9 best 99 optimal 7
604999 eval return -13.174 +/- 0.047
time:  78.297 SPS: 129
609999 success 0.0 +/- 0.0
609999 eval steps mean 99.9 best 99 optimal 7
609999 eval return -6.294 +/- 0.047
time:  78.975 SPS: 129
614999 success 0.0 +/- 0.0
614999 eval steps mean 99.9 best 99 optimal 7
614999 eval return -6.086 +/- 0.046
time:  79.625 SPS: 129
619999 success 0.0 +/- 0.0
619999 eval steps mean 99.9 best 99 optimal 7
619999 eval return -6.02 +/- 0.013
time:  80.247 SPS: 129
624999 success 0.0 +/- 0.0
624999 eval steps mean 99.9 best 99 optimal 7
624999 eval return -6.04 +/- 0.036
time:  80.866 SPS: 129
629999 success 0.0 +/- 0.0
629999 eval steps mean 99.9 best 99 optimal 7
629999 eval return -6.281 +/- 0.195
time:  81.447 SPS: 129
634999 success 0.1 +/- 0.1
634999 eval steps mean 91.7 best 18 optimal 7
634999 eval return -6.99 +/- 1.515
640000
GOAL [ 5 11]
time:  82.042 SPS: 130
639999 success 0.2 +/- 0.133
639999 eval steps mean 91.0 best 34 optimal 6
639999 eval return -5.238 +/- 0.89
time:  82.596 SPS: 130
644999 success 0.6 +/- 0.163
644999 eval steps mean 59.5 best 21 optimal 6
644999 eval return -4.558 +/- 1.885
time:  83.12 SPS: 130
649999 success 1.0 +/- 0.0
649999 eval steps mean 21.7 best 19 optimal 6
649999 eval return 1.215 +/- 0.048
time:  83.628 SPS: 130
654999 success 1.0 +/- 0.0
654999 eval steps mean 18.9 best 18 optimal 6
654999 eval return 1.35 +/- 0.0
time:  84.157 SPS: 130
659999 success 1.0 +/- 0.0
659999 eval steps mean 19.2 best 19 optimal 6
659999 eval return 1.329 +/- 0.015
time:  84.656 SPS: 130
664999 success 1.0 +/- 0.0
664999 eval steps mean 19.1 best 18 optimal 6
664999 eval return 1.321 +/- 0.029
time:  85.157 SPS: 131
669999 success 1.0 +/- 0.0
669999 eval steps mean 19.1 best 18 optimal 6
669999 eval return 1.341 +/- 0.009
time:  85.667 SPS: 131
674999 success 1.0 +/- 0.0
674999 eval steps mean 18.9 best 18 optimal 6
674999 eval return 1.35 +/- 0.0
680000
GOAL [14  5]
time:  86.189 SPS: 131
679999 success 0.0 +/- 0.0
679999 eval steps mean 99.9 best 99 optimal 9
679999 eval return -15.775 +/- 0.041
time:  86.726 SPS: 131
684999 success 0.0 +/- 0.0
684999 eval steps mean 99.9 best 99 optimal 9
684999 eval return -8.94 +/- 0.106
time:  87.26 SPS: 131
689999 success 1.0 +/- 0.0
689999 eval steps mean 10.1 best 9 optimal 9
689999 eval return 2.539 +/- 0.011
time:  87.761 SPS: 131
694999 success 1.0 +/- 0.0
694999 eval steps mean 10.0 best 9 optimal 9
694999 eval return 2.549 +/- 0.001
time:  88.265 SPS: 132
699999 success 1.0 +/- 0.0
699999 eval steps mean 9.9 best 9 optimal 9
699999 eval return 2.55 +/- 0.0
time:  88.765 SPS: 132
704999 success 1.0 +/- 0.0
704999 eval steps mean 9.9 best 9 optimal 9
704999 eval return 2.55 +/- 0.0
time:  89.269 SPS: 132
709999 success 1.0 +/- 0.0
709999 eval steps mean 9.9 best 9 optimal 9
709999 eval return 2.55 +/- 0.0
time:  89.773 SPS: 132
714999 success 1.0 +/- 0.0
714999 eval steps mean 9.9 best 9 optimal 9
714999 eval return 2.55 +/- 0.0
720000
GOAL [13  0]
time:  90.275 SPS: 132
719999 success 0.0 +/- 0.0
719999 eval steps mean 99.9 best 99 optimal 13
719999 eval return -8.0 +/- 0.01
time:  90.746 SPS: 133
724999 success 0.0 +/- 0.0
724999 eval steps mean 99.9 best 99 optimal 13
724999 eval return -8.301 +/- 0.13
time:  91.146 SPS: 133
729999 success 0.0 +/- 0.0
729999 eval steps mean 99.9 best 99 optimal 13
729999 eval return -7.67 +/- 0.01
time:  91.557 SPS: 133
734999 success 1.0 +/- 0.0
734999 eval steps mean 14.4 best 13 optimal 13
734999 eval return 2.056 +/- 0.026
time:  91.938 SPS: 134
739999 success 1.0 +/- 0.0
739999 eval steps mean 14.1 best 14 optimal 13
739999 eval return 2.079 +/- 0.011
time:  92.325 SPS: 134
744999 success 1.0 +/- 0.0
744999 eval steps mean 14.8 best 13 optimal 13
744999 eval return 2.047 +/- 0.036
time:  92.698 SPS: 134
749999 success 1.0 +/- 0.0
749999 eval steps mean 13.9 best 13 optimal 13
749999 eval return 2.09 +/- 0.0
time:  93.063 SPS: 135
754999 success 1.0 +/- 0.0
754999 eval steps mean 13.9 best 13 optimal 13
754999 eval return 2.09 +/- 0.0
760000
GOAL [ 8 10]
time:  93.455 SPS: 135
759999 success 0.0 +/- 0.0
759999 eval steps mean 99.9 best 99 optimal 4
759999 eval return -18.399 +/- 0.005
time:  93.836 SPS: 135
764999 success 0.0 +/- 0.0
764999 eval steps mean 99.9 best 99 optimal 4
764999 eval return -11.952 +/- 0.072
time:  94.226 SPS: 136
769999 success 0.0 +/- 0.0
769999 eval steps mean 99.9 best 99 optimal 4
769999 eval return -4.931 +/- 0.156
time:  94.664 SPS: 136
774999 success 1.0 +/- 0.0
774999 eval steps mean 18.6 best 17 optimal 4
774999 eval return 1.549 +/- 0.029
time:  95.035 SPS: 136
779999 success 1.0 +/- 0.0
779999 eval steps mean 17.1 best 16 optimal 4
779999 eval return 1.637 +/- 0.003
time:  95.405 SPS: 137
784999 success 1.0 +/- 0.0
784999 eval steps mean 16.9 best 16 optimal 4
784999 eval return 1.64 +/- 0.0
time:  95.786 SPS: 137
789999 success 1.0 +/- 0.0
789999 eval steps mean 16.9 best 16 optimal 4
789999 eval return 1.64 +/- 0.0
time:  96.153 SPS: 137
794999 success 1.0 +/- 0.0
794999 eval steps mean 16.9 best 16 optimal 4
794999 eval return 1.64 +/- 0.0
800000
GOAL [12 14]
time:  96.468 SPS: 138
799999 success 0.0 +/- 0.0
799999 eval steps mean 99.9 best 99 optimal 12
799999 eval return -7.734 +/- 0.01
done RL run. Time 96.53541497166665 min
