agent_dict keys dict_keys(['base_algorithm', 'learning_rate', 'num_envs', 'rollout_num_steps', 'gamma', 'gae_lambda', 'num_minibatches', 'update_epochs', 'minibatch_size', 'norm_adv', 'clip_coef', 'clip_vloss', 'ent_coef', 'vf_coef', 'max_grad_norm', 'rpo_alpha', 'parseval_reg', 'input_scale', 'learnable_input_scale', 'add_diag_layer', 'lie_group', 'pion', 'pion_block_size', 'pion_multiplicative', 'oft', 'poet', 'oet_num_blocks', 'poet_exact_cayley', 'layer_norm', 'layer_norm_no_params', 'weight_decay', 'tuned_adam', 'perturb', 'perturb_dist', 'regen', 'regen_wasserstein', 'weight_init', 'net_width', 'net_activation', 'init_gain', 'parseval_norm', 'parseval_num_groups'])
env_dict keys dict_keys(['env', 'change_freq', 'seed', 'env_type'])
Start RL run!
{'base_algorithm': 'ppo_agent', 'learning_rate': 0.0005, 'num_envs': 1, 'rollout_num_steps': 128, 'gamma': 0.99, 'gae_lambda': 0.95, 'num_minibatches': 4, 'update_epochs': 4, 'minibatch_size': 32, 'norm_adv': True, 'clip_coef': 0.2, 'clip_vloss': True, 'ent_coef': 0.01, 'vf_coef': 0.5, 'max_grad_norm': 0.5, 'rpo_alpha': 0, 'parseval_reg': 0, 'input_scale': 1, 'learnable_input_scale': False, 'add_diag_layer': False, 'lie_group': False, 'pion': False, 'pion_block_size': None, 'pion_multiplicative': False, 'oft': False, 'poet': True, 'oet_num_blocks': 1, 'poet_exact_cayley': True, 'layer_norm': False, 'layer_norm_no_params': False, 'weight_decay': 0, 'tuned_adam': False, 'perturb': 0.0, 'perturb_dist': 'xavier', 'regen': 0.0, 'regen_wasserstein': False, 'weight_init': 'orthogonal', 'net_width': 64, 'net_activation': 'tanh', 'init_gain': None, 'parseval_norm': False, 'parseval_num_groups': 1, 'device': 'cpu'}
{'env': 'gridworld_ninerooms', 'change_freq': 40000, 'seed': 123, 'env_type': 'rl', 'local_run': False}
Running on gpu: False
Gridworld args () {'env': 'gridworld_ninerooms', 'change_freq': 40000, 'seed': 123, 'env_type': 'rl', 'local_run': False}
time:  0.042 SPS: 0
0 success 0.0 +/- 0.0
0 eval steps mean 99.9 best 99 optimal 8
0 eval return -16.038 +/- 0.345
time:  0.567 SPS: 146
4999 success 0.0 +/- 0.0
4999 eval steps mean 99.9 best 99 optimal 8
4999 eval return -15.826 +/- 0.26
time:  1.221 SPS: 136
9999 success 0.0 +/- 0.0
9999 eval steps mean 99.9 best 99 optimal 8
9999 eval return -12.344 +/- 0.553
time:  1.859 SPS: 134
14999 success 0.0 +/- 0.0
14999 eval steps mean 99.9 best 99 optimal 8
14999 eval return -10.468 +/- 0.448
time:  2.52 SPS: 132
19999 success 0.1 +/- 0.1
19999 eval steps mean 99.1 best 92 optimal 8
19999 eval return -8.349 +/- 0.586
time:  3.187 SPS: 130
24999 success 0.5 +/- 0.167
24999 eval steps mean 87.1 best 57 optimal 8
24999 eval return -7.647 +/- 1.995
time:  3.863 SPS: 129
29999 success 0.8 +/- 0.133
29999 eval steps mean 57.3 best 29 optimal 8
29999 eval return -4.314 +/- 1.883
time:  4.5 SPS: 129
34999 success 1.0 +/- 0.0
34999 eval steps mean 48.9 best 30 optimal 8
34999 eval return -1.313 +/- 0.494
40000
GOAL [13  3]
time:  5.167 SPS: 129
39999 success 0.0 +/- 0.0
39999 eval steps mean 99.9 best 99 optimal 10
39999 eval return -7.048 +/- 0.115
time:  5.844 SPS: 128
44999 success 0.8 +/- 0.133
44999 eval steps mean 35.2 best 10 optimal 10
44999 eval return 1.035 +/- 0.809
time:  6.488 SPS: 128
49999 success 1.0 +/- 0.0
49999 eval steps mean 12.9 best 10 optimal 10
49999 eval return 2.416 +/- 0.031
time:  7.126 SPS: 128
54999 success 1.0 +/- 0.0
54999 eval steps mean 13.8 best 10 optimal 10
54999 eval return 2.37 +/- 0.08
time:  7.75 SPS: 129
59999 success 1.0 +/- 0.0
59999 eval steps mean 11.1 best 10 optimal 10
59999 eval return 2.429 +/- 0.021
time:  8.376 SPS: 129
64999 success 1.0 +/- 0.0
64999 eval steps mean 10.9 best 10 optimal 10
64999 eval return 2.45 +/- 0.0
time:  8.994 SPS: 129
69999 success 1.0 +/- 0.0
69999 eval steps mean 11.1 best 10 optimal 10
69999 eval return 2.447 +/- 0.003
time:  9.616 SPS: 129
74999 success 1.0 +/- 0.0
74999 eval steps mean 12.5 best 10 optimal 10
74999 eval return 2.302 +/- 0.143
80000
GOAL [5 2]
time:  10.26 SPS: 129
79999 success 0.0 +/- 0.0
79999 eval steps mean 99.9 best 99 optimal 7
79999 eval return -10.011 +/- 0.206
time:  10.927 SPS: 129
84999 success 0.1 +/- 0.1
84999 eval steps mean 95.6 best 56 optimal 7
84999 eval return -6.67 +/- 0.648
time:  11.6 SPS: 129
89999 success 1.0 +/- 0.0
89999 eval steps mean 18.6 best 18 optimal 7
89999 eval return 1.474 +/- 0.028
time:  12.236 SPS: 129
94999 success 1.0 +/- 0.0
94999 eval steps mean 18.9 best 18 optimal 7
94999 eval return 1.422 +/- 0.068
time:  12.891 SPS: 129
99999 success 1.0 +/- 0.0
99999 eval steps mean 30.2 best 18 optimal 7
99999 eval return 0.901 +/- 0.305
time:  13.534 SPS: 129
104999 success 1.0 +/- 0.0
104999 eval steps mean 20.3 best 17 optimal 7
104999 eval return 1.201 +/- 0.286
time:  14.184 SPS: 129
109999 success 1.0 +/- 0.0
109999 eval steps mean 21.2 best 18 optimal 7
109999 eval return 1.382 +/- 0.058
time:  14.816 SPS: 129
114999 success 1.0 +/- 0.0
114999 eval steps mean 21.7 best 17 optimal 7
114999 eval return 1.023 +/- 0.497
120000
GOAL [ 5 12]
time:  15.455 SPS: 129
119999 success 0.0 +/- 0.0
119999 eval steps mean 99.9 best 99 optimal 7
119999 eval return -17.139 +/- 0.235
time:  16.127 SPS: 129
124999 success 0.0 +/- 0.0
124999 eval steps mean 99.9 best 99 optimal 7
124999 eval return -11.795 +/- 0.166
time:  16.802 SPS: 128
129999 success 0.0 +/- 0.0
129999 eval steps mean 99.9 best 99 optimal 7
129999 eval return -9.395 +/- 0.074
time:  17.479 SPS: 128
134999 success 0.8 +/- 0.133
134999 eval steps mean 49.3 best 25 optimal 7
134999 eval return -1.619 +/- 1.094
time:  18.128 SPS: 128
139999 success 1.0 +/- 0.0
139999 eval steps mean 21.4 best 18 optimal 7
139999 eval return 1.262 +/- 0.098
time:  18.756 SPS: 128
144999 success 0.9 +/- 0.1
144999 eval steps mean 28.6 best 18 optimal 7
144999 eval return -0.117 +/- 1.495
time:  19.384 SPS: 128
149999 success 1.0 +/- 0.0
149999 eval steps mean 19.5 best 17 optimal 7
149999 eval return 1.331 +/- 0.078
time:  20.024 SPS: 129
154999 success 1.0 +/- 0.0
154999 eval steps mean 19.1 best 17 optimal 7
154999 eval return 1.462 +/- 0.047
160000
GOAL [ 6 13]
time:  20.656 SPS: 129
159999 success 0.3 +/- 0.153
159999 eval steps mean 81.0 best 20 optimal 7
159999 eval return -3.769 +/- 1.144
time:  21.329 SPS: 128
164999 success 1.0 +/- 0.0
164999 eval steps mean 18.2 best 17 optimal 7
164999 eval return 1.48 +/- 0.007
time:  21.963 SPS: 129
169999 success 1.0 +/- 0.0
169999 eval steps mean 17.9 best 17 optimal 7
169999 eval return 1.49 +/- 0.0
time:  22.609 SPS: 129
174999 success 1.0 +/- 0.0
174999 eval steps mean 18.8 best 17 optimal 7
174999 eval return 1.437 +/- 0.034
time:  23.251 SPS: 129
179999 success 1.0 +/- 0.0
179999 eval steps mean 18.0 best 17 optimal 7
179999 eval return 1.483 +/- 0.007
time:  23.886 SPS: 129
184999 success 1.0 +/- 0.0
184999 eval steps mean 18.4 best 18 optimal 7
184999 eval return 1.476 +/- 0.011
time:  24.518 SPS: 129
189999 success 1.0 +/- 0.0
189999 eval steps mean 18.3 best 17 optimal 7
189999 eval return 1.43 +/- 0.06
time:  25.156 SPS: 129
194999 success 1.0 +/- 0.0
194999 eval steps mean 17.9 best 17 optimal 7
194999 eval return 1.49 +/- 0.0
200000
GOAL [6 4]
time:  25.798 SPS: 129
199999 success 0.0 +/- 0.0
199999 eval steps mean 99.9 best 99 optimal 4
199999 eval return -20.303 +/- 0.021
time:  26.479 SPS: 129
204999 success 0.0 +/- 0.0
204999 eval steps mean 99.9 best 99 optimal 4
204999 eval return -19.247 +/- 0.09
time:  27.145 SPS: 128
209999 success 0.0 +/- 0.0
209999 eval steps mean 99.9 best 99 optimal 4
209999 eval return -10.252 +/- 0.94
time:  27.825 SPS: 128
214999 success 0.0 +/- 0.0
214999 eval steps mean 99.9 best 99 optimal 4
214999 eval return -8.409 +/- 0.1
time:  28.523 SPS: 128
219999 success 0.9 +/- 0.1
219999 eval steps mean 67.2 best 33 optimal 4
219999 eval return -1.391 +/- 0.563
time:  29.181 SPS: 128
224999 success 0.2 +/- 0.133
224999 eval steps mean 89.1 best 27 optimal 4
224999 eval return -5.792 +/- 0.903
time:  29.855 SPS: 128
229999 success 1.0 +/- 0.0
229999 eval steps mean 22.0 best 19 optimal 4
229999 eval return 1.057 +/- 0.079
time:  30.495 SPS: 128
234999 success 1.0 +/- 0.0
234999 eval steps mean 19.9 best 19 optimal 4
234999 eval return 1.265 +/- 0.025
240000
GOAL [11 12]
time:  31.127 SPS: 128
239999 success 0.0 +/- 0.0
239999 eval steps mean 99.9 best 99 optimal 9
239999 eval return -17.305 +/- 0.047
time:  31.801 SPS: 128
244999 success 0.0 +/- 0.0
244999 eval steps mean 99.9 best 99 optimal 9
244999 eval return -9.974 +/- 0.314
time:  32.454 SPS: 128
249999 success 0.0 +/- 0.0
249999 eval steps mean 99.9 best 99 optimal 9
249999 eval return -6.179 +/- 0.009
time:  33.108 SPS: 128
254999 success 0.0 +/- 0.0
254999 eval steps mean 99.9 best 99 optimal 9
254999 eval return -6.28 +/- 0.035
time:  33.763 SPS: 128
259999 success 0.5 +/- 0.167
259999 eval steps mean 60.3 best 12 optimal 9
259999 eval return -1.736 +/- 1.363
time:  34.426 SPS: 128
264999 success 1.0 +/- 0.0
264999 eval steps mean 11.9 best 11 optimal 9
264999 eval return 2.34 +/- 0.0
time:  35.054 SPS: 128
269999 success 1.0 +/- 0.0
269999 eval steps mean 12.3 best 11 optimal 9
269999 eval return 2.308 +/- 0.021
time:  35.675 SPS: 128
274999 success 1.0 +/- 0.0
274999 eval steps mean 12.5 best 11 optimal 9
274999 eval return 2.323 +/- 0.012
280000
GOAL [12 13]
time:  36.302 SPS: 128
279999 success 0.9 +/- 0.1
279999 eval steps mean 33.4 best 14 optimal 11
279999 eval return 1.153 +/- 0.852
time:  36.927 SPS: 128
284999 success 1.0 +/- 0.0
284999 eval steps mean 11.9 best 11 optimal 11
284999 eval return 2.34 +/- 0.0
time:  37.549 SPS: 128
289999 success 1.0 +/- 0.0
289999 eval steps mean 11.9 best 11 optimal 11
289999 eval return 2.34 +/- 0.0
time:  38.168 SPS: 128
294999 success 1.0 +/- 0.0
294999 eval steps mean 12.1 best 11 optimal 11
294999 eval return 2.329 +/- 0.011
time:  38.787 SPS: 128
299999 success 1.0 +/- 0.0
299999 eval steps mean 12.1 best 11 optimal 11
299999 eval return 2.335 +/- 0.005
time:  39.402 SPS: 129
304999 success 1.0 +/- 0.0
304999 eval steps mean 11.9 best 11 optimal 11
304999 eval return 2.34 +/- 0.0
time:  40.029 SPS: 129
309999 success 1.0 +/- 0.0
309999 eval steps mean 11.9 best 11 optimal 11
309999 eval return 2.34 +/- 0.0
time:  40.661 SPS: 129
314999 success 1.0 +/- 0.0
314999 eval steps mean 11.9 best 11 optimal 11
314999 eval return 2.34 +/- 0.0
320000
GOAL [11  3]
time:  41.3 SPS: 129
319999 success 0.0 +/- 0.0
319999 eval steps mean 99.9 best 99 optimal 8
319999 eval return -11.17 +/- 0.015
time:  41.98 SPS: 129
324999 success 0.0 +/- 0.0
324999 eval steps mean 99.9 best 99 optimal 8
324999 eval return -5.562 +/- 0.08
time:  42.64 SPS: 128
329999 success 1.0 +/- 0.0
329999 eval steps mean 14.9 best 11 optimal 8
329999 eval return 2.285 +/- 0.134
time:  43.258 SPS: 129
334999 success 1.0 +/- 0.0
334999 eval steps mean 10.9 best 10 optimal 8
334999 eval return 2.45 +/- 0.0
time:  43.885 SPS: 129
339999 success 1.0 +/- 0.0
339999 eval steps mean 11.9 best 10 optimal 8
339999 eval return 2.384 +/- 0.066
time:  44.523 SPS: 129
344999 success 1.0 +/- 0.0
344999 eval steps mean 10.9 best 10 optimal 8
344999 eval return 2.45 +/- 0.0
time:  45.146 SPS: 129
349999 success 1.0 +/- 0.0
349999 eval steps mean 12.1 best 10 optimal 8
349999 eval return 2.37 +/- 0.08
time:  45.759 SPS: 129
354999 success 1.0 +/- 0.0
354999 eval steps mean 11.1 best 10 optimal 8
354999 eval return 2.429 +/- 0.021
360000
GOAL [ 6 11]
time:  46.379 SPS: 129
359999 success 0.0 +/- 0.0
359999 eval steps mean 99.9 best 99 optimal 5
359999 eval return -16.276 +/- 0.004
time:  47.027 SPS: 129
364999 success 0.0 +/- 0.0
364999 eval steps mean 99.9 best 99 optimal 5
364999 eval return -11.626 +/- 0.031
time:  47.731 SPS: 129
369999 success 0.0 +/- 0.0
369999 eval steps mean 99.9 best 99 optimal 5
369999 eval return -7.376 +/- 0.119
time:  48.403 SPS: 129
374999 success 0.3 +/- 0.153
374999 eval steps mean 80.4 best 24 optimal 5
374999 eval return -8.802 +/- 1.811
time:  49.077 SPS: 129
379999 success 1.0 +/- 0.0
379999 eval steps mean 18.7 best 17 optimal 5
379999 eval return 1.451 +/- 0.025
time:  49.702 SPS: 129
384999 success 1.0 +/- 0.0
384999 eval steps mean 18.3 best 17 optimal 5
384999 eval return 1.45 +/- 0.027
time:  50.32 SPS: 129
389999 success 1.0 +/- 0.0
389999 eval steps mean 19.7 best 18 optimal 5
389999 eval return 1.427 +/- 0.036
time:  50.941 SPS: 129
394999 success 1.0 +/- 0.0
394999 eval steps mean 18.8 best 18 optimal 5
394999 eval return 1.393 +/- 0.048
400000
GOAL [ 6 13]
time:  51.58 SPS: 129
399999 success 0.6 +/- 0.163
399999 eval steps mean 60.1 best 24 optimal 7
399999 eval return -1.942 +/- 1.261
time:  52.232 SPS: 129
404999 success 1.0 +/- 0.0
404999 eval steps mean 18.1 best 17 optimal 7
404999 eval return 1.485 +/- 0.005
time:  52.872 SPS: 129
409999 success 1.0 +/- 0.0
409999 eval steps mean 20.4 best 17 optimal 7
409999 eval return 1.421 +/- 0.038
time:  53.499 SPS: 129
414999 success 1.0 +/- 0.0
414999 eval steps mean 18.0 best 17 optimal 7
414999 eval return 1.477 +/- 0.013
time:  54.126 SPS: 129
419999 success 1.0 +/- 0.0
419999 eval steps mean 18.1 best 17 optimal 7
419999 eval return 1.477 +/- 0.013
time:  54.746 SPS: 129
424999 success 1.0 +/- 0.0
424999 eval steps mean 17.9 best 17 optimal 7
424999 eval return 1.49 +/- 0.0
time:  55.38 SPS: 129
429999 success 1.0 +/- 0.0
429999 eval steps mean 17.9 best 17 optimal 7
429999 eval return 1.49 +/- 0.0
time:  56.015 SPS: 129
434999 success 1.0 +/- 0.0
434999 eval steps mean 17.9 best 17 optimal 7
434999 eval return 1.49 +/- 0.0
440000
GOAL [11  3]
time:  56.658 SPS: 129
439999 success 0.0 +/- 0.0
439999 eval steps mean 99.9 best 99 optimal 8
439999 eval return -15.907 +/- 0.131
time:  57.329 SPS: 129
444999 success 1.0 +/- 0.0
444999 eval steps mean 15.8 best 11 optimal 8
444999 eval return 2.126 +/- 0.076
time:  57.959 SPS: 129
449999 success 1.0 +/- 0.0
449999 eval steps mean 10.9 best 10 optimal 8
449999 eval return 2.45 +/- 0.0
time:  58.584 SPS: 129
454999 success 1.0 +/- 0.0
454999 eval steps mean 10.9 best 10 optimal 8
454999 eval return 2.45 +/- 0.0
time:  59.198 SPS: 129
459999 success 1.0 +/- 0.0
459999 eval steps mean 10.9 best 10 optimal 8
459999 eval return 2.45 +/- 0.0
time:  59.821 SPS: 129
464999 success 1.0 +/- 0.0
464999 eval steps mean 10.9 best 10 optimal 8
464999 eval return 2.45 +/- 0.0
time:  60.444 SPS: 129
469999 success 1.0 +/- 0.0
469999 eval steps mean 11.3 best 10 optimal 8
469999 eval return 2.436 +/- 0.011
time:  61.068 SPS: 129
474999 success 1.0 +/- 0.0
474999 eval steps mean 10.9 best 10 optimal 8
474999 eval return 2.45 +/- 0.0
480000
GOAL [12 11]
time:  61.694 SPS: 129
479999 success 0.0 +/- 0.0
479999 eval steps mean 99.9 best 99 optimal 9
479999 eval return -10.104 +/- 0.141
time:  62.385 SPS: 129
484999 success 0.0 +/- 0.0
484999 eval steps mean 99.9 best 99 optimal 9
484999 eval return -2.446 +/- 0.043
time:  63.052 SPS: 129
489999 success 1.0 +/- 0.0
489999 eval steps mean 9.9 best 9 optimal 9
489999 eval return 2.55 +/- 0.0
time:  63.674 SPS: 129
494999 success 1.0 +/- 0.0
494999 eval steps mean 9.9 best 9 optimal 9
494999 eval return 2.55 +/- 0.0
time:  64.294 SPS: 129
499999 success 1.0 +/- 0.0
499999 eval steps mean 9.9 best 9 optimal 9
499999 eval return 2.55 +/- 0.0
time:  64.913 SPS: 129
504999 success 1.0 +/- 0.0
504999 eval steps mean 9.9 best 9 optimal 9
504999 eval return 2.55 +/- 0.0
time:  65.528 SPS: 129
509999 success 1.0 +/- 0.0
509999 eval steps mean 9.9 best 9 optimal 9
509999 eval return 2.55 +/- 0.0
time:  66.139 SPS: 129
514999 success 1.0 +/- 0.0
514999 eval steps mean 9.9 best 9 optimal 9
514999 eval return 2.55 +/- 0.0
520000
GOAL [11  3]
time:  66.772 SPS: 129
519999 success 0.0 +/- 0.0
519999 eval steps mean 99.9 best 99 optimal 8
519999 eval return -12.387 +/- 0.216
time:  67.455 SPS: 129
524999 success 0.0 +/- 0.0
524999 eval steps mean 99.9 best 99 optimal 8
524999 eval return -8.046 +/- 0.163
time:  68.119 SPS: 129
529999 success 0.0 +/- 0.0
529999 eval steps mean 99.9 best 99 optimal 8
529999 eval return -4.314 +/- 0.057
time:  68.781 SPS: 129
534999 success 1.0 +/- 0.0
534999 eval steps mean 11.1 best 11 optimal 8
534999 eval return 2.447 +/- 0.003
time:  69.393 SPS: 129
539999 success 1.0 +/- 0.0
539999 eval steps mean 10.9 best 10 optimal 8
539999 eval return 2.45 +/- 0.0
time:  70.009 SPS: 129
544999 success 1.0 +/- 0.0
544999 eval steps mean 10.9 best 10 optimal 8
544999 eval return 2.45 +/- 0.0
time:  70.638 SPS: 129
549999 success 1.0 +/- 0.0
549999 eval steps mean 10.9 best 10 optimal 8
549999 eval return 2.45 +/- 0.0
time:  71.264 SPS: 129
554999 success 1.0 +/- 0.0
554999 eval steps mean 10.9 best 10 optimal 8
554999 eval return 2.45 +/- 0.0
560000
GOAL [6 2]
time:  71.894 SPS: 129
559999 success 0.0 +/- 0.0
559999 eval steps mean 99.9 best 99 optimal 6
559999 eval return -7.968 +/- 0.392
time:  72.562 SPS: 129
564999 success 1.0 +/- 0.0
564999 eval steps mean 16.9 best 16 optimal 6
564999 eval return 1.66 +/- 0.0
time:  73.186 SPS: 129
569999 success 1.0 +/- 0.0
569999 eval steps mean 21.3 best 16 optimal 6
569999 eval return 1.534 +/- 0.126
time:  73.814 SPS: 129
574999 success 1.0 +/- 0.0
574999 eval steps mean 22.8 best 16 optimal 6
574999 eval return 1.235 +/- 0.425
time:  74.437 SPS: 129
579999 success 1.0 +/- 0.0
579999 eval steps mean 17.3 best 16 optimal 6
579999 eval return 1.618 +/- 0.028
time:  75.066 SPS: 129
584999 success 1.0 +/- 0.0
584999 eval steps mean 16.9 best 16 optimal 6
584999 eval return 1.66 +/- 0.0
time:  75.68 SPS: 129
589999 success 1.0 +/- 0.0
589999 eval steps mean 17.5 best 16 optimal 6
589999 eval return 1.627 +/- 0.023
time:  76.3 SPS: 129
594999 success 1.0 +/- 0.0
594999 eval steps mean 17.2 best 16 optimal 6
594999 eval return 1.636 +/- 0.019
600000
GOAL [5 0]
time:  76.939 SPS: 129
599999 success 0.3 +/- 0.153
599999 eval steps mean 78.7 best 19 optimal 9
599999 eval return -4.71 +/- 1.254
time:  77.591 SPS: 129
604999 success 1.0 +/- 0.0
604999 eval steps mean 20.7 best 20 optimal 9
604999 eval return 1.13 +/- 0.022
time:  78.216 SPS: 129
609999 success 1.0 +/- 0.0
609999 eval steps mean 21.4 best 19 optimal 9
609999 eval return 1.094 +/- 0.046
time:  78.844 SPS: 130
614999 success 1.0 +/- 0.0
614999 eval steps mean 20.3 best 19 optimal 9
614999 eval return 1.124 +/- 0.036
time:  79.446 SPS: 130
619999 success 1.0 +/- 0.0
619999 eval steps mean 20.8 best 19 optimal 9
619999 eval return 1.105 +/- 0.037
time:  80.021 SPS: 130
624999 success 1.0 +/- 0.0
624999 eval steps mean 19.9 best 19 optimal 9
624999 eval return 1.16 +/- 0.0
time:  80.58 SPS: 130
629999 success 1.0 +/- 0.0
629999 eval steps mean 20.0 best 19 optimal 9
629999 eval return 1.159 +/- 0.001
time:  81.131 SPS: 130
634999 success 1.0 +/- 0.0
634999 eval steps mean 19.9 best 19 optimal 9
634999 eval return 1.16 +/- 0.0
640000
GOAL [ 7 13]
time:  81.681 SPS: 130
639999 success 0.0 +/- 0.0
639999 eval steps mean 99.9 best 99 optimal 6
639999 eval return -20.264 +/- 0.038
time:  82.253 SPS: 130
644999 success 0.4 +/- 0.163
644999 eval steps mean 80.6 best 31 optimal 6
644999 eval return -4.728 +/- 1.555
time:  82.8 SPS: 130
649999 success 1.0 +/- 0.0
649999 eval steps mean 19.7 best 17 optimal 6
649999 eval return 1.574 +/- 0.025
time:  83.33 SPS: 131
654999 success 1.0 +/- 0.0
654999 eval steps mean 19.5 best 16 optimal 6
654999 eval return 1.6 +/- 0.02
time:  83.855 SPS: 131
659999 success 1.0 +/- 0.0
659999 eval steps mean 16.9 best 16 optimal 6
659999 eval return 1.64 +/- 0.0
time:  84.369 SPS: 131
664999 success 1.0 +/- 0.0
664999 eval steps mean 16.9 best 16 optimal 6
664999 eval return 1.64 +/- 0.0
time:  84.872 SPS: 131
669999 success 1.0 +/- 0.0
669999 eval steps mean 17.1 best 16 optimal 6
669999 eval return 1.635 +/- 0.005
time:  85.383 SPS: 131
674999 success 1.0 +/- 0.0
674999 eval steps mean 17.1 best 16 optimal 6
674999 eval return 1.613 +/- 0.027
680000
GOAL [ 9 12]
time:  85.914 SPS: 131
679999 success 1.0 +/- 0.0
679999 eval steps mean 13.9 best 13 optimal 7
679999 eval return 2.09 +/- 0.0
time:  86.425 SPS: 132
684999 success 1.0 +/- 0.0
684999 eval steps mean 14.1 best 14 optimal 7
684999 eval return 2.083 +/- 0.007
time:  86.933 SPS: 132
689999 success 1.0 +/- 0.0
689999 eval steps mean 14.1 best 13 optimal 7
689999 eval return 2.087 +/- 0.003
time:  87.44 SPS: 132
694999 success 1.0 +/- 0.0
694999 eval steps mean 13.9 best 13 optimal 7
694999 eval return 2.09 +/- 0.0
time:  87.927 SPS: 132
699999 success 1.0 +/- 0.0
699999 eval steps mean 13.9 best 13 optimal 7
699999 eval return 2.09 +/- 0.0
time:  88.456 SPS: 132
704999 success 1.0 +/- 0.0
704999 eval steps mean 13.9 best 13 optimal 7
704999 eval return 2.09 +/- 0.0
time:  88.955 SPS: 133
709999 success 1.0 +/- 0.0
709999 eval steps mean 14.1 best 13 optimal 7
709999 eval return 2.085 +/- 0.005
time:  89.464 SPS: 133
714999 success 1.0 +/- 0.0
714999 eval steps mean 14.1 best 14 optimal 7
714999 eval return 2.077 +/- 0.013
720000
GOAL [6 3]
time:  89.954 SPS: 133
719999 success 0.0 +/- 0.0
719999 eval steps mean 99.9 best 99 optimal 5
719999 eval return -19.706 +/- 0.043
time:  90.469 SPS: 133
724999 success 0.0 +/- 0.0
724999 eval steps mean 99.9 best 99 optimal 5
724999 eval return -13.416 +/- 0.166
time:  90.931 SPS: 133
729999 success 0.0 +/- 0.0
729999 eval steps mean 99.9 best 99 optimal 5
729999 eval return -9.316 +/- 0.088
time:  91.327 SPS: 134
734999 success 0.0 +/- 0.0
734999 eval steps mean 99.9 best 99 optimal 5
734999 eval return -9.16 +/- 0.157
time:  91.731 SPS: 134
739999 success 0.0 +/- 0.0
739999 eval steps mean 99.9 best 99 optimal 5
739999 eval return -5.057 +/- 0.07
time:  92.134 SPS: 134
744999 success 0.1 +/- 0.1
744999 eval steps mean 92.4 best 25 optimal 5
744999 eval return -4.464 +/- 0.662
time:  92.548 SPS: 135
749999 success 0.0 +/- 0.0
749999 eval steps mean 99.9 best 99 optimal 5
749999 eval return -4.726 +/- 0.089
time:  92.965 SPS: 135
754999 success 1.0 +/- 0.0
754999 eval steps mean 17.9 best 16 optimal 5
754999 eval return 1.545 +/- 0.183
760000
GOAL [7 4]
time:  93.337 SPS: 135
759999 success 0.2 +/- 0.133
759999 eval steps mean 85.5 best 27 optimal 3
759999 eval return -4.005 +/- 0.958
time:  93.735 SPS: 136
764999 success 0.1 +/- 0.1
764999 eval steps mean 92.9 best 30 optimal 3
764999 eval return -10.388 +/- 1.252
time:  94.157 SPS: 136
769999 success 1.0 +/- 0.0
769999 eval steps mean 18.1 best 17 optimal 3
769999 eval return 1.445 +/- 0.025
time:  94.561 SPS: 136
774999 success 1.0 +/- 0.0
774999 eval steps mean 18.1 best 17 optimal 3
774999 eval return 1.449 +/- 0.021
time:  94.938 SPS: 136
779999 success 1.0 +/- 0.0
779999 eval steps mean 17.9 best 17 optimal 3
779999 eval return 1.47 +/- 0.0
time:  95.322 SPS: 137
784999 success 1.0 +/- 0.0
784999 eval steps mean 18.5 best 18 optimal 3
784999 eval return 1.437 +/- 0.023
time:  95.706 SPS: 137
789999 success 1.0 +/- 0.0
789999 eval steps mean 18.0 best 17 optimal 3
789999 eval return 1.457 +/- 0.013
time:  96.066 SPS: 137
794999 success 0.9 +/- 0.1
794999 eval steps mean 26.3 best 17 optimal 3
794999 eval return 0.738 +/- 0.696
800000
GOAL [ 6 11]
time:  96.415 SPS: 138
799999 success 0.0 +/- 0.0
799999 eval steps mean 99.9 best 99 optimal 5
799999 eval return -20.381 +/- 0.029
done RL run. Time 96.48852470833332 min
