agent_dict keys dict_keys(['base_algorithm', 'learning_rate', 'num_envs', 'rollout_num_steps', 'gamma', 'gae_lambda', 'num_minibatches', 'update_epochs', 'minibatch_size', 'norm_adv', 'clip_coef', 'clip_vloss', 'ent_coef', 'vf_coef', 'max_grad_norm', 'rpo_alpha', 'parseval_reg', 'input_scale', 'learnable_input_scale', 'add_diag_layer', 'lie_group', 'pion', 'pion_block_size', 'pion_multiplicative', 'oft', 'poet', 'oet_num_blocks', 'poet_exact_cayley', 'layer_norm', 'layer_norm_no_params', 'weight_decay', 'tuned_adam', 'perturb', 'perturb_dist', 'regen', 'regen_wasserstein', 'weight_init', 'net_width', 'net_activation', 'init_gain', 'parseval_norm', 'parseval_num_groups'])
env_dict keys dict_keys(['env', 'change_freq', 'seed', 'env_type'])
Start RL run!
{'base_algorithm': 'ppo_agent', 'learning_rate': 0.0005, 'num_envs': 1, 'rollout_num_steps': 128, 'gamma': 0.99, 'gae_lambda': 0.95, 'num_minibatches': 4, 'update_epochs': 4, 'minibatch_size': 32, 'norm_adv': True, 'clip_coef': 0.2, 'clip_vloss': True, 'ent_coef': 0.01, 'vf_coef': 0.5, 'max_grad_norm': 0.5, 'rpo_alpha': 0, 'parseval_reg': 0, 'input_scale': 1, 'learnable_input_scale': False, 'add_diag_layer': False, 'lie_group': False, 'pion': False, 'pion_block_size': None, 'pion_multiplicative': False, 'oft': False, 'poet': True, 'oet_num_blocks': 1, 'poet_exact_cayley': False, 'layer_norm': False, 'layer_norm_no_params': False, 'weight_decay': 0, 'tuned_adam': False, 'perturb': 0.0, 'perturb_dist': 'xavier', 'regen': 0.0, 'regen_wasserstein': False, 'weight_init': 'orthogonal', 'net_width': 64, 'net_activation': 'tanh', 'init_gain': None, 'parseval_norm': False, 'parseval_num_groups': 1, 'device': 'cpu'}
{'env': 'gridworld_ninerooms', 'change_freq': 40000, 'seed': 128, 'env_type': 'rl', 'local_run': False}
Running on gpu: False
Gridworld args () {'env': 'gridworld_ninerooms', 'change_freq': 40000, 'seed': 128, 'env_type': 'rl', 'local_run': False}
time:  0.043 SPS: 0
0 success 0.1 +/- 0.1
0 eval steps mean 99.1 best 92 optimal 5
0 eval return -6.087 +/- 0.686
time:  0.511 SPS: 162
4999 success 0.5 +/- 0.167
4999 eval steps mean 66.6 best 10 optimal 5
4999 eval return -2.682 +/- 1.525
time:  1.054 SPS: 158
9999 success 0.7 +/- 0.153
9999 eval steps mean 57.5 best 11 optimal 5
9999 eval return -0.661 +/- 1.005
time:  1.628 SPS: 153
14999 success 1.0 +/- 0.0
14999 eval steps mean 22.3 best 10 optimal 5
14999 eval return 2.106 +/- 0.209
time:  2.168 SPS: 153
19999 success 0.8 +/- 0.133
19999 eval steps mean 26.7 best 5 optimal 5
19999 eval return 1.445 +/- 0.879
time:  2.722 SPS: 153
24999 success 1.0 +/- 0.0
24999 eval steps mean 5.9 best 5 optimal 5
24999 eval return 2.85 +/- 0.0
time:  3.265 SPS: 153
29999 success 1.0 +/- 0.0
29999 eval steps mean 6.0 best 5 optimal 5
29999 eval return 2.849 +/- 0.001
time:  3.824 SPS: 152
34999 success 1.0 +/- 0.0
34999 eval steps mean 6.3 best 5 optimal 5
34999 eval return 2.844 +/- 0.004
40000
GOAL [11  7]
time:  4.385 SPS: 152
39999 success 0.1 +/- 0.1
39999 eval steps mean 92.7 best 28 optimal 4
39999 eval return -3.52 +/- 0.764
time:  4.986 SPS: 150
44999 success 1.0 +/- 0.0
44999 eval steps mean 5.4 best 4 optimal 4
44999 eval return 2.887 +/- 0.01
time:  5.557 SPS: 149
49999 success 1.0 +/- 0.0
49999 eval steps mean 4.9 best 4 optimal 4
49999 eval return 2.9 +/- 0.0
time:  6.134 SPS: 149
54999 success 1.0 +/- 0.0
54999 eval steps mean 4.9 best 4 optimal 4
54999 eval return 2.9 +/- 0.0
time:  6.689 SPS: 149
59999 success 1.0 +/- 0.0
59999 eval steps mean 4.9 best 4 optimal 4
59999 eval return 2.9 +/- 0.0
time:  7.253 SPS: 149
64999 success 1.0 +/- 0.0
64999 eval steps mean 5.1 best 4 optimal 4
64999 eval return 2.891 +/- 0.009
time:  7.813 SPS: 149
69999 success 1.0 +/- 0.0
69999 eval steps mean 4.9 best 4 optimal 4
69999 eval return 2.9 +/- 0.0
time:  8.362 SPS: 149
74999 success 0.7 +/- 0.153
74999 eval steps mean 38.3 best 4 optimal 4
74999 eval return 0.366 +/- 1.237
80000
GOAL [13  6]
time:  8.954 SPS: 148
79999 success 0.2 +/- 0.133
79999 eval steps mean 85.4 best 16 optimal 7
79999 eval return -2.424 +/- 0.781
time:  9.542 SPS: 148
84999 success 1.0 +/- 0.0
84999 eval steps mean 7.9 best 7 optimal 7
84999 eval return 2.72 +/- 0.0
time:  10.106 SPS: 148
89999 success 1.0 +/- 0.0
89999 eval steps mean 8.5 best 8 optimal 7
89999 eval return 2.693 +/- 0.018
time:  10.676 SPS: 148
94999 success 1.0 +/- 0.0
94999 eval steps mean 7.9 best 7 optimal 7
94999 eval return 2.72 +/- 0.0
time:  11.235 SPS: 148
99999 success 1.0 +/- 0.0
99999 eval steps mean 7.9 best 7 optimal 7
99999 eval return 2.72 +/- 0.0
time:  11.801 SPS: 148
104999 success 0.8 +/- 0.133
104999 eval steps mean 26.3 best 8 optimal 7
104999 eval return 1.801 +/- 0.615
time:  12.361 SPS: 148
109999 success 1.0 +/- 0.0
109999 eval steps mean 8.9 best 7 optimal 7
109999 eval return 2.656 +/- 0.064
time:  12.92 SPS: 148
114999 success 1.0 +/- 0.0
114999 eval steps mean 7.9 best 7 optimal 7
114999 eval return 2.72 +/- 0.0
120000
GOAL [7 1]
time:  13.488 SPS: 148
119999 success 0.0 +/- 0.0
119999 eval steps mean 99.9 best 99 optimal 6
119999 eval return -11.346 +/- 0.081
time:  14.082 SPS: 147
124999 success 0.0 +/- 0.0
124999 eval steps mean 99.9 best 99 optimal 6
124999 eval return -8.77 +/- 0.14
time:  14.691 SPS: 147
129999 success 0.2 +/- 0.133
129999 eval steps mean 94.5 best 66 optimal 6
129999 eval return -5.188 +/- 0.57
time:  15.298 SPS: 147
134999 success 1.0 +/- 0.0
134999 eval steps mean 24.3 best 16 optimal 6
134999 eval return 1.196 +/- 0.151
time:  15.872 SPS: 147
139999 success 1.0 +/- 0.0
139999 eval steps mean 18.1 best 17 optimal 6
139999 eval return 1.535 +/- 0.082
time:  16.443 SPS: 146
144999 success 1.0 +/- 0.0
144999 eval steps mean 17.6 best 16 optimal 6
144999 eval return 1.582 +/- 0.032
time:  17.017 SPS: 146
149999 success 1.0 +/- 0.0
149999 eval steps mean 17.1 best 16 optimal 6
149999 eval return 1.635 +/- 0.005
time:  17.58 SPS: 146
154999 success 1.0 +/- 0.0
154999 eval steps mean 16.9 best 16 optimal 6
154999 eval return 1.64 +/- 0.0
160000
GOAL [13  7]
time:  18.162 SPS: 146
159999 success 0.0 +/- 0.0
159999 eval steps mean 99.9 best 99 optimal 6
159999 eval return -13.824 +/- 0.535
time:  18.785 SPS: 146
164999 success 1.0 +/- 0.0
164999 eval steps mean 13.1 best 11 optimal 6
164999 eval return 2.591 +/- 0.042
time:  19.354 SPS: 146
169999 success 1.0 +/- 0.0
169999 eval steps mean 7.1 best 6 optimal 6
169999 eval return 2.783 +/- 0.007
time:  19.918 SPS: 146
174999 success 1.0 +/- 0.0
174999 eval steps mean 6.9 best 6 optimal 6
174999 eval return 2.79 +/- 0.0
time:  20.475 SPS: 146
179999 success 1.0 +/- 0.0
179999 eval steps mean 6.9 best 6 optimal 6
179999 eval return 2.79 +/- 0.0
time:  21.034 SPS: 146
184999 success 1.0 +/- 0.0
184999 eval steps mean 6.9 best 6 optimal 6
184999 eval return 2.79 +/- 0.0
time:  21.6 SPS: 146
189999 success 1.0 +/- 0.0
189999 eval steps mean 6.9 best 6 optimal 6
189999 eval return 2.79 +/- 0.0
time:  22.161 SPS: 146
194999 success 1.0 +/- 0.0
194999 eval steps mean 6.9 best 6 optimal 6
194999 eval return 2.79 +/- 0.0
200000
GOAL [14  6]
time:  22.74 SPS: 146
199999 success 0.9 +/- 0.1
199999 eval steps mean 43.8 best 9 optimal 8
199999 eval return 1.697 +/- 0.414
time:  23.336 SPS: 146
204999 success 1.0 +/- 0.0
204999 eval steps mean 8.9 best 8 optimal 8
204999 eval return 2.64 +/- 0.0
time:  23.89 SPS: 146
209999 success 1.0 +/- 0.0
209999 eval steps mean 8.9 best 8 optimal 8
209999 eval return 2.64 +/- 0.0
time:  24.446 SPS: 146
214999 success 1.0 +/- 0.0
214999 eval steps mean 10.7 best 9 optimal 8
214999 eval return 2.611 +/- 0.009
time:  25.02 SPS: 146
219999 success 1.0 +/- 0.0
219999 eval steps mean 8.9 best 8 optimal 8
219999 eval return 2.64 +/- 0.0
time:  25.558 SPS: 146
224999 success 1.0 +/- 0.0
224999 eval steps mean 8.9 best 8 optimal 8
224999 eval return 2.64 +/- 0.0
time:  26.108 SPS: 146
229999 success 1.0 +/- 0.0
229999 eval steps mean 8.9 best 8 optimal 8
229999 eval return 2.64 +/- 0.0
time:  26.669 SPS: 146
234999 success 1.0 +/- 0.0
234999 eval steps mean 8.9 best 8 optimal 8
234999 eval return 2.64 +/- 0.0
240000
GOAL [11  5]
time:  27.233 SPS: 146
239999 success 0.0 +/- 0.0
239999 eval steps mean 99.9 best 99 optimal 6
239999 eval return -3.94 +/- 0.0
time:  27.794 SPS: 146
244999 success 0.0 +/- 0.0
244999 eval steps mean 99.9 best 99 optimal 6
244999 eval return -3.987 +/- 0.043
time:  28.36 SPS: 146
249999 success 0.9 +/- 0.1
249999 eval steps mean 29.3 best 15 optimal 6
249999 eval return 1.556 +/- 0.822
time:  28.927 SPS: 146
254999 success 1.0 +/- 0.0
254999 eval steps mean 8.9 best 8 optimal 6
254999 eval return 2.756 +/- 0.003
time:  29.48 SPS: 146
259999 success 1.0 +/- 0.0
259999 eval steps mean 9.1 best 8 optimal 6
259999 eval return 2.755 +/- 0.005
time:  30.045 SPS: 147
264999 success 1.0 +/- 0.0
264999 eval steps mean 8.9 best 8 optimal 6
264999 eval return 2.76 +/- 0.0
time:  30.6 SPS: 147
269999 success 1.0 +/- 0.0
269999 eval steps mean 6.9 best 6 optimal 6
269999 eval return 2.79 +/- 0.0
time:  31.15 SPS: 147
274999 success 1.0 +/- 0.0
274999 eval steps mean 6.9 best 6 optimal 6
274999 eval return 2.79 +/- 0.0
280000
GOAL [ 5 12]
time:  31.729 SPS: 147
279999 success 0.0 +/- 0.0
279999 eval steps mean 99.9 best 99 optimal 7
279999 eval return -15.823 +/- 0.005
time:  32.274 SPS: 147
284999 success 0.0 +/- 0.0
284999 eval steps mean 99.9 best 99 optimal 7
284999 eval return -14.03 +/- 0.006
time:  32.871 SPS: 147
289999 success 0.0 +/- 0.0
289999 eval steps mean 99.9 best 99 optimal 7
289999 eval return -12.61 +/- 0.013
time:  33.477 SPS: 146
294999 success 0.0 +/- 0.0
294999 eval steps mean 99.9 best 99 optimal 7
294999 eval return -7.077 +/- 0.943
time:  34.062 SPS: 146
299999 success 0.0 +/- 0.0
299999 eval steps mean 99.9 best 99 optimal 7
299999 eval return -3.637 +/- 0.039
time:  34.673 SPS: 146
304999 success 0.0 +/- 0.0
304999 eval steps mean 99.9 best 99 optimal 7
304999 eval return -3.841 +/- 0.227
time:  35.279 SPS: 146
309999 success 0.0 +/- 0.0
309999 eval steps mean 99.9 best 99 optimal 7
309999 eval return -4.201 +/- 0.597
time:  35.895 SPS: 146
314999 success 0.0 +/- 0.0
314999 eval steps mean 99.9 best 99 optimal 7
314999 eval return -2.614 +/- 0.016
320000
GOAL [ 7 10]
time:  36.5 SPS: 146
319999 success 0.0 +/- 0.0
319999 eval steps mean 99.9 best 99 optimal 3
319999 eval return -5.181 +/- 0.074
time:  37.089 SPS: 146
324999 success 0.0 +/- 0.0
324999 eval steps mean 99.9 best 99 optimal 3
324999 eval return -4.186 +/- 0.133
time:  37.707 SPS: 145
329999 success 0.0 +/- 0.0
329999 eval steps mean 99.9 best 99 optimal 3
329999 eval return -3.845 +/- 0.074
time:  38.306 SPS: 145
334999 success 0.9 +/- 0.1
334999 eval steps mean 56.0 best 25 optimal 3
334999 eval return -0.918 +/- 1.096
time:  38.894 SPS: 145
339999 success 1.0 +/- 0.0
339999 eval steps mean 18.3 best 17 optimal 3
339999 eval return 1.456 +/- 0.01
time:  39.439 SPS: 145
344999 success 1.0 +/- 0.0
344999 eval steps mean 23.0 best 18 optimal 3
344999 eval return 1.309 +/- 0.057
time:  39.998 SPS: 145
349999 success 1.0 +/- 0.0
349999 eval steps mean 20.5 best 17 optimal 3
349999 eval return 1.283 +/- 0.068
time:  40.582 SPS: 145
354999 success 1.0 +/- 0.0
354999 eval steps mean 18.3 best 17 optimal 3
354999 eval return 1.428 +/- 0.03
360000
GOAL [6 1]
time:  41.158 SPS: 145
359999 success 0.0 +/- 0.0
359999 eval steps mean 99.9 best 99 optimal 7
359999 eval return -20.779 +/- 0.011
time:  41.764 SPS: 145
364999 success 0.0 +/- 0.0
364999 eval steps mean 99.9 best 99 optimal 7
364999 eval return -17.799 +/- 0.62
time:  42.361 SPS: 145
369999 success 0.0 +/- 0.0
369999 eval steps mean 99.9 best 99 optimal 7
369999 eval return -8.945 +/- 0.779
time:  42.972 SPS: 145
374999 success 0.9 +/- 0.1
374999 eval steps mean 34.6 best 18 optimal 7
374999 eval return 0.554 +/- 0.573
time:  43.558 SPS: 145
379999 success 1.0 +/- 0.0
379999 eval steps mean 18.3 best 16 optimal 7
379999 eval return 1.672 +/- 0.04
time:  44.125 SPS: 145
384999 success 1.0 +/- 0.0
384999 eval steps mean 15.9 best 15 optimal 7
384999 eval return 1.8 +/- 0.0
time:  44.697 SPS: 145
389999 success 1.0 +/- 0.0
389999 eval steps mean 15.9 best 15 optimal 7
389999 eval return 1.8 +/- 0.0
time:  45.252 SPS: 145
394999 success 1.0 +/- 0.0
394999 eval steps mean 17.1 best 15 optimal 7
394999 eval return 1.764 +/- 0.024
400000
GOAL [10  3]
time:  45.826 SPS: 145
399999 success 0.0 +/- 0.0
399999 eval steps mean 99.9 best 99 optimal 7
399999 eval return -7.866 +/- 0.452
time:  46.416 SPS: 145
404999 success 0.9 +/- 0.1
404999 eval steps mean 23.2 best 11 optimal 7
404999 eval return 1.379 +/- 0.729
time:  46.994 SPS: 145
409999 success 1.0 +/- 0.0
409999 eval steps mean 12.1 best 12 optimal 7
409999 eval return 2.335 +/- 0.005
time:  47.547 SPS: 145
414999 success 1.0 +/- 0.0
414999 eval steps mean 11.9 best 11 optimal 7
414999 eval return 2.34 +/- 0.0
time:  48.108 SPS: 145
419999 success 1.0 +/- 0.0
419999 eval steps mean 11.9 best 11 optimal 7
419999 eval return 2.34 +/- 0.0
time:  48.672 SPS: 145
424999 success 1.0 +/- 0.0
424999 eval steps mean 12.1 best 11 optimal 7
424999 eval return 2.331 +/- 0.009
time:  49.24 SPS: 145
429999 success 1.0 +/- 0.0
429999 eval steps mean 11.9 best 11 optimal 7
429999 eval return 2.34 +/- 0.0
time:  49.81 SPS: 145
434999 success 1.0 +/- 0.0
434999 eval steps mean 15.7 best 12 optimal 7
434999 eval return 2.245 +/- 0.031
440000
GOAL [ 9 14]
time:  50.385 SPS: 145
439999 success 0.0 +/- 0.0
439999 eval steps mean 99.9 best 99 optimal 9
439999 eval return -17.999 +/- 0.404
time:  50.997 SPS: 145
444999 success 0.0 +/- 0.0
444999 eval steps mean 99.9 best 99 optimal 9
444999 eval return -14.928 +/- 0.762
time:  51.611 SPS: 145
449999 success 0.0 +/- 0.0
449999 eval steps mean 99.9 best 99 optimal 9
449999 eval return -13.274 +/- 0.52
time:  52.213 SPS: 145
454999 success 0.0 +/- 0.0
454999 eval steps mean 99.9 best 99 optimal 9
454999 eval return -11.6 +/- 0.0
time:  52.832 SPS: 145
459999 success 0.0 +/- 0.0
459999 eval steps mean 99.9 best 99 optimal 9
459999 eval return -11.6 +/- 0.0
time:  53.443 SPS: 145
464999 success 0.0 +/- 0.0
464999 eval steps mean 99.9 best 99 optimal 9
464999 eval return -9.321 +/- 0.241
time:  54.048 SPS: 144
469999 success 0.0 +/- 0.0
469999 eval steps mean 99.9 best 99 optimal 9
469999 eval return -9.074 +/- 0.086
time:  54.649 SPS: 144
474999 success 0.0 +/- 0.0
474999 eval steps mean 99.9 best 99 optimal 9
474999 eval return -8.914 +/- 0.014
480000
GOAL [6 0]
time:  55.274 SPS: 144
479999 success 0.0 +/- 0.0
479999 eval steps mean 99.9 best 99 optimal 8
479999 eval return -15.514 +/- 0.005
time:  55.888 SPS: 144
484999 success 0.0 +/- 0.0
484999 eval steps mean 99.9 best 99 optimal 8
484999 eval return -15.147 +/- 0.019
time:  56.484 SPS: 144
489999 success 0.0 +/- 0.0
489999 eval steps mean 99.9 best 99 optimal 8
489999 eval return -11.713 +/- 0.229
time:  57.089 SPS: 144
494999 success 0.2 +/- 0.133
494999 eval steps mean 89.8 best 48 optimal 8
494999 eval return -5.448 +/- 1.22
time:  57.689 SPS: 144
499999 success 1.0 +/- 0.0
499999 eval steps mean 16.9 best 16 optimal 8
499999 eval return 1.64 +/- 0.0
time:  58.252 SPS: 144
504999 success 1.0 +/- 0.0
504999 eval steps mean 16.9 best 16 optimal 8
504999 eval return 1.64 +/- 0.0
time:  58.806 SPS: 144
509999 success 1.0 +/- 0.0
509999 eval steps mean 16.9 best 16 optimal 8
509999 eval return 1.64 +/- 0.0
time:  59.372 SPS: 144
514999 success 1.0 +/- 0.0
514999 eval steps mean 17.7 best 16 optimal 8
514999 eval return 1.61 +/- 0.016
520000
GOAL [7 4]
time:  59.947 SPS: 144
519999 success 0.0 +/- 0.0
519999 eval steps mean 99.9 best 99 optimal 3
519999 eval return -5.604 +/- 0.017
time:  60.533 SPS: 144
524999 success 1.0 +/- 0.0
524999 eval steps mean 18.1 best 17 optimal 3
524999 eval return 1.435 +/- 0.035
time:  61.096 SPS: 144
529999 success 1.0 +/- 0.0
529999 eval steps mean 17.9 best 17 optimal 3
529999 eval return 1.47 +/- 0.0
time:  61.652 SPS: 144
534999 success 1.0 +/- 0.0
534999 eval steps mean 18.1 best 17 optimal 3
534999 eval return 1.439 +/- 0.031
time:  62.215 SPS: 144
539999 success 1.0 +/- 0.0
539999 eval steps mean 19.4 best 17 optimal 3
539999 eval return 1.424 +/- 0.043
time:  62.776 SPS: 144
544999 success 1.0 +/- 0.0
544999 eval steps mean 17.9 best 17 optimal 3
544999 eval return 1.47 +/- 0.0
time:  63.341 SPS: 144
549999 success 0.9 +/- 0.1
549999 eval steps mean 31.1 best 18 optimal 3
549999 eval return -1.043 +/- 1.671
time:  63.912 SPS: 144
554999 success 1.0 +/- 0.0
554999 eval steps mean 17.9 best 17 optimal 3
554999 eval return 1.47 +/- 0.0
560000
GOAL [ 9 14]
time:  64.473 SPS: 144
559999 success 0.0 +/- 0.0
559999 eval steps mean 99.9 best 99 optimal 9
559999 eval return -20.87 +/- 0.05
time:  65.096 SPS: 144
564999 success 0.0 +/- 0.0
564999 eval steps mean 99.9 best 99 optimal 9
564999 eval return -14.192 +/- 0.522
time:  65.695 SPS: 144
569999 success 0.0 +/- 0.0
569999 eval steps mean 99.9 best 99 optimal 9
569999 eval return -8.874 +/- 0.017
time:  66.295 SPS: 144
574999 success 0.0 +/- 0.0
574999 eval steps mean 99.9 best 99 optimal 9
574999 eval return -10.107 +/- 0.778
time:  66.886 SPS: 144
579999 success 0.0 +/- 0.0
579999 eval steps mean 99.9 best 99 optimal 9
579999 eval return -5.877 +/- 0.032
time:  67.502 SPS: 144
584999 success 0.0 +/- 0.0
584999 eval steps mean 99.9 best 99 optimal 9
584999 eval return -7.333 +/- 1.286
time:  68.119 SPS: 144
589999 success 0.0 +/- 0.0
589999 eval steps mean 99.9 best 99 optimal 9
589999 eval return -4.815 +/- 0.046
time:  68.744 SPS: 144
594999 success 0.0 +/- 0.0
594999 eval steps mean 99.9 best 99 optimal 9
594999 eval return -4.632 +/- 0.016
600000
GOAL [6 4]
time:  69.348 SPS: 144
599999 success 0.0 +/- 0.0
599999 eval steps mean 99.9 best 99 optimal 4
599999 eval return -20.11 +/- 0.026
time:  69.951 SPS: 144
604999 success 0.0 +/- 0.0
604999 eval steps mean 99.9 best 99 optimal 4
604999 eval return -16.482 +/- 0.01
time:  70.576 SPS: 144
609999 success 0.0 +/- 0.0
609999 eval steps mean 99.9 best 99 optimal 4
609999 eval return -16.414 +/- 0.01
time:  71.188 SPS: 143
614999 success 0.0 +/- 0.0
614999 eval steps mean 99.9 best 99 optimal 4
614999 eval return -15.808 +/- 0.011
time:  71.802 SPS: 143
619999 success 0.0 +/- 0.0
619999 eval steps mean 99.9 best 99 optimal 4
619999 eval return -12.369 +/- 0.284
time:  72.366 SPS: 143
624999 success 0.0 +/- 0.0
624999 eval steps mean 99.9 best 99 optimal 4
624999 eval return -10.257 +/- 0.088
time:  72.941 SPS: 143
629999 success 0.0 +/- 0.0
629999 eval steps mean 99.9 best 99 optimal 4
629999 eval return -8.921 +/- 0.138
time:  73.533 SPS: 143
634999 success 0.0 +/- 0.0
634999 eval steps mean 99.9 best 99 optimal 4
634999 eval return -6.799 +/- 0.053
640000
GOAL [11  0]
time:  74.155 SPS: 143
639999 success 0.0 +/- 0.0
639999 eval steps mean 99.9 best 99 optimal 11
639999 eval return -3.768 +/- 0.172
time:  74.774 SPS: 143
644999 success 1.0 +/- 0.0
644999 eval steps mean 16.2 best 15 optimal 11
644999 eval return 2.057 +/- 0.003
time:  75.334 SPS: 143
649999 success 1.0 +/- 0.0
649999 eval steps mean 13.9 best 13 optimal 11
649999 eval return 2.09 +/- 0.0
time:  75.89 SPS: 143
654999 success 1.0 +/- 0.0
654999 eval steps mean 14.1 best 13 optimal 11
654999 eval return 2.081 +/- 0.009
time:  76.437 SPS: 143
659999 success 1.0 +/- 0.0
659999 eval steps mean 13.9 best 13 optimal 11
659999 eval return 2.09 +/- 0.0
time:  77.006 SPS: 143
664999 success 1.0 +/- 0.0
664999 eval steps mean 13.9 best 13 optimal 11
664999 eval return 2.09 +/- 0.0
time:  77.57 SPS: 143
669999 success 1.0 +/- 0.0
669999 eval steps mean 14.3 best 13 optimal 11
669999 eval return 2.072 +/- 0.012
time:  78.134 SPS: 143
674999 success 1.0 +/- 0.0
674999 eval steps mean 13.9 best 13 optimal 11
674999 eval return 2.09 +/- 0.0
680000
GOAL [10  8]
time:  78.703 SPS: 144
679999 success 0.0 +/- 0.0
679999 eval steps mean 99.9 best 99 optimal 4
679999 eval return -9.387 +/- 0.013
time:  79.256 SPS: 144
684999 success 0.0 +/- 0.0
684999 eval steps mean 99.9 best 99 optimal 4
684999 eval return -8.022 +/- 0.384
time:  79.8 SPS: 144
689999 success 1.0 +/- 0.0
689999 eval steps mean 4.9 best 4 optimal 4
689999 eval return 2.9 +/- 0.0
time:  80.303 SPS: 144
694999 success 1.0 +/- 0.0
694999 eval steps mean 4.9 best 4 optimal 4
694999 eval return 2.9 +/- 0.0
time:  80.798 SPS: 144
699999 success 1.0 +/- 0.0
699999 eval steps mean 4.9 best 4 optimal 4
699999 eval return 2.9 +/- 0.0
time:  81.281 SPS: 144
704999 success 1.0 +/- 0.0
704999 eval steps mean 4.9 best 4 optimal 4
704999 eval return 2.9 +/- 0.0
time:  81.775 SPS: 144
709999 success 1.0 +/- 0.0
709999 eval steps mean 4.9 best 4 optimal 4
709999 eval return 2.9 +/- 0.0
time:  82.226 SPS: 144
714999 success 1.0 +/- 0.0
714999 eval steps mean 4.9 best 4 optimal 4
714999 eval return 2.9 +/- 0.0
720000
GOAL [7 3]
time:  82.686 SPS: 145
719999 success 0.0 +/- 0.0
719999 eval steps mean 99.9 best 99 optimal 4
719999 eval return -12.763 +/- 0.164
time:  83.169 SPS: 145
724999 success 0.4 +/- 0.163
724999 eval steps mean 73.2 best 25 optimal 4
724999 eval return -4.893 +/- 1.678
time:  83.646 SPS: 145
729999 success 0.9 +/- 0.1
729999 eval steps mean 29.3 best 20 optimal 4
729999 eval return -0.088 +/- 1.209
time:  84.102 SPS: 145
734999 success 1.0 +/- 0.0
734999 eval steps mean 18.9 best 18 optimal 4
734999 eval return 1.39 +/- 0.0
time:  84.558 SPS: 145
739999 success 1.0 +/- 0.0
739999 eval steps mean 17.9 best 16 optimal 4
739999 eval return 1.605 +/- 0.019
time:  85.015 SPS: 146
744999 success 1.0 +/- 0.0
744999 eval steps mean 16.9 best 16 optimal 4
744999 eval return 1.64 +/- 0.0
time:  85.478 SPS: 146
749999 success 1.0 +/- 0.0
749999 eval steps mean 17.0 best 16 optimal 4
749999 eval return 1.635 +/- 0.005
time:  85.948 SPS: 146
754999 success 1.0 +/- 0.0
754999 eval steps mean 16.9 best 16 optimal 4
754999 eval return 1.64 +/- 0.0
760000
GOAL [10 13]
time:  86.403 SPS: 146
759999 success 0.0 +/- 0.0
759999 eval steps mean 99.9 best 99 optimal 9
759999 eval return -19.049 +/- 0.202
time:  86.903 SPS: 146
764999 success 0.0 +/- 0.0
764999 eval steps mean 99.9 best 99 optimal 9
764999 eval return -10.52 +/- 0.0
time:  87.407 SPS: 146
769999 success 0.0 +/- 0.0
769999 eval steps mean 99.9 best 99 optimal 9
769999 eval return -10.52 +/- 0.0
time:  87.896 SPS: 146
774999 success 0.0 +/- 0.0
774999 eval steps mean 99.9 best 99 optimal 9
774999 eval return -9.578 +/- 0.002
time:  88.388 SPS: 147
779999 success 0.0 +/- 0.0
779999 eval steps mean 99.9 best 99 optimal 9
779999 eval return -13.556 +/- 1.144
time:  88.885 SPS: 147
784999 success 0.0 +/- 0.0
784999 eval steps mean 99.9 best 99 optimal 9
784999 eval return -7.483 +/- 0.212
time:  89.373 SPS: 147
789999 success 0.0 +/- 0.0
789999 eval steps mean 99.9 best 99 optimal 9
789999 eval return -7.68 +/- 0.0
time:  89.877 SPS: 147
794999 success 0.0 +/- 0.0
794999 eval steps mean 99.9 best 99 optimal 9
794999 eval return -7.68 +/- 0.0
800000
GOAL [11  0]
time:  90.386 SPS: 147
799999 success 0.0 +/- 0.0
799999 eval steps mean 99.9 best 99 optimal 11
799999 eval return -9.58 +/- 0.0
done RL run. Time 90.50128741000002 min
