agent_dict keys dict_keys(['base_algorithm', 'learning_rate', 'num_envs', 'rollout_num_steps', 'gamma', 'gae_lambda', 'num_minibatches', 'update_epochs', 'minibatch_size', 'norm_adv', 'clip_coef', 'clip_vloss', 'ent_coef', 'vf_coef', 'max_grad_norm', 'rpo_alpha', 'parseval_reg', 'input_scale', 'learnable_input_scale', 'add_diag_layer', 'lie_group', 'pion', 'pion_block_size', 'pion_multiplicative', 'oft', 'poet', 'oet_num_blocks', 'poet_exact_cayley', 'layer_norm', 'layer_norm_no_params', 'weight_decay', 'tuned_adam', 'perturb', 'perturb_dist', 'regen', 'regen_wasserstein', 'weight_init', 'net_width', 'net_activation', 'init_gain', 'parseval_norm', 'parseval_num_groups'])
env_dict keys dict_keys(['env', 'change_freq', 'seed', 'env_type'])
Start RL run!
{'base_algorithm': 'ppo_agent', 'learning_rate': 0.01, 'num_envs': 1, 'rollout_num_steps': 128, 'gamma': 0.99, 'gae_lambda': 0.95, 'num_minibatches': 4, 'update_epochs': 4, 'minibatch_size': 32, 'norm_adv': True, 'clip_coef': 0.2, 'clip_vloss': True, 'ent_coef': 0.01, 'vf_coef': 0.5, 'max_grad_norm': 0.5, 'rpo_alpha': 0, 'parseval_reg': 0, 'input_scale': 1, 'learnable_input_scale': False, 'add_diag_layer': False, 'lie_group': False, 'pion': False, 'pion_block_size': None, 'pion_multiplicative': False, 'oft': False, 'poet': True, 'oet_num_blocks': 1, 'poet_exact_cayley': True, 'layer_norm': False, 'layer_norm_no_params': False, 'weight_decay': 0, 'tuned_adam': False, 'perturb': 0.0, 'perturb_dist': 'xavier', 'regen': 0.0, 'regen_wasserstein': False, 'weight_init': 'orthogonal', 'net_width': 64, 'net_activation': 'tanh', 'init_gain': None, 'parseval_norm': False, 'parseval_num_groups': 1, 'device': 'cpu'}
{'env': 'gridworld_ninerooms', 'change_freq': 40000, 'seed': 124, 'env_type': 'rl', 'local_run': False}
Running on gpu: False
Gridworld args () {'env': 'gridworld_ninerooms', 'change_freq': 40000, 'seed': 124, 'env_type': 'rl', 'local_run': False}
time:  0.043 SPS: 0
0 success 0.0 +/- 0.0
0 eval steps mean 99.9 best 99 optimal 10
0 eval return -11.333 +/- 0.337
time:  0.564 SPS: 147
4999 success 0.9 +/- 0.1
4999 eval steps mean 51.0 best 11 optimal 10
4999 eval return -1.627 +/- 1.329
time:  1.182 SPS: 141
9999 success 0.2 +/- 0.133
9999 eval steps mean 86.4 best 11 optimal 10
9999 eval return -6.593 +/- 1.416
time:  1.825 SPS: 136
14999 success 1.0 +/- 0.0
14999 eval steps mean 19.6 best 11 optimal 10
14999 eval return 2.259 +/- 0.107
time:  2.417 SPS: 137
19999 success 1.0 +/- 0.0
19999 eval steps mean 13.5 best 11 optimal 10
19999 eval return 2.331 +/- 0.047
time:  3.017 SPS: 138
24999 success 0.3 +/- 0.153
24999 eval steps mean 84.9 best 20 optimal 10
24999 eval return -6.828 +/- 1.669
time:  3.678 SPS: 135
29999 success 0.0 +/- 0.0
29999 eval steps mean 99.9 best 99 optimal 10
29999 eval return -6.666 +/- 0.405
time:  4.338 SPS: 134
34999 success 1.0 +/- 0.0
34999 eval steps mean 14.7 best 10 optimal 10
34999 eval return 2.315 +/- 0.039
40000
GOAL [12 11]
time:  4.959 SPS: 134
39999 success 0.6 +/- 0.163
39999 eval steps mean 58.7 best 12 optimal 9
39999 eval return 0.057 +/- 0.846
time:  5.609 SPS: 133
44999 success 0.4 +/- 0.163
44999 eval steps mean 64.6 best 10 optimal 9
44999 eval return -0.386 +/- 0.79
time:  6.25 SPS: 133
49999 success 0.0 +/- 0.0
49999 eval steps mean 99.9 best 99 optimal 9
49999 eval return -11.932 +/- 0.667
time:  6.919 SPS: 132
54999 success 0.7 +/- 0.153
54999 eval steps mean 45.9 best 10 optimal 9
54999 eval return 0.494 +/- 0.952
time:  7.556 SPS: 132
59999 success 0.8 +/- 0.133
59999 eval steps mean 34.5 best 12 optimal 9
59999 eval return -0.653 +/- 1.728
time:  8.179 SPS: 132
64999 success 0.0 +/- 0.0
64999 eval steps mean 99.9 best 99 optimal 9
64999 eval return -6.02 +/- 0.001
time:  8.843 SPS: 131
69999 success 0.0 +/- 0.0
69999 eval steps mean 99.9 best 99 optimal 9
69999 eval return -10.792 +/- 0.212
time:  9.525 SPS: 131
74999 success 0.0 +/- 0.0
74999 eval steps mean 99.9 best 99 optimal 9
74999 eval return -15.243 +/- 0.372
80000
GOAL [ 9 14]
time:  10.217 SPS: 130
79999 success 0.0 +/- 0.0
79999 eval steps mean 99.9 best 99 optimal 9
79999 eval return -8.08 +/- 0.128
time:  10.915 SPS: 129
84999 success 0.0 +/- 0.0
84999 eval steps mean 99.9 best 99 optimal 9
84999 eval return -7.026 +/- 1.276
time:  11.601 SPS: 129
89999 success 0.0 +/- 0.0
89999 eval steps mean 99.9 best 99 optimal 9
89999 eval return -5.804 +/- 0.05
time:  12.287 SPS: 128
94999 success 0.0 +/- 0.0
94999 eval steps mean 99.9 best 99 optimal 9
94999 eval return -15.174 +/- 1.465
time:  12.96 SPS: 128
99999 success 0.1 +/- 0.1
99999 eval steps mean 94.6 best 47 optimal 9
99999 eval return -5.062 +/- 0.581
time:  13.636 SPS: 128
104999 success 0.1 +/- 0.1
104999 eval steps mean 95.1 best 52 optimal 9
104999 eval return -13.38 +/- 1.779
time:  14.301 SPS: 128
109999 success 0.1 +/- 0.1
109999 eval steps mean 93.4 best 35 optimal 9
109999 eval return -14.741 +/- 1.634
time:  14.947 SPS: 128
114999 success 0.0 +/- 0.0
114999 eval steps mean 99.9 best 99 optimal 9
114999 eval return -8.206 +/- 0.096
120000
GOAL [11  9]
time:  15.627 SPS: 127
119999 success 1.0 +/- 0.0
119999 eval steps mean 7.1 best 6 optimal 6
119999 eval return 2.779 +/- 0.011
time:  16.223 SPS: 128
124999 success 0.2 +/- 0.133
124999 eval steps mean 81.3 best 6 optimal 6
124999 eval return -2.594 +/- 0.897
time:  16.865 SPS: 128
129999 success 0.0 +/- 0.0
129999 eval steps mean 99.9 best 99 optimal 6
129999 eval return -4.92 +/- 0.0
time:  17.506 SPS: 128
134999 success 0.0 +/- 0.0
134999 eval steps mean 99.9 best 99 optimal 6
134999 eval return -4.92 +/- 0.0
time:  18.138 SPS: 128
139999 success 1.0 +/- 0.0
139999 eval steps mean 6.9 best 6 optimal 6
139999 eval return 2.79 +/- 0.0
time:  18.73 SPS: 129
144999 success 0.0 +/- 0.0
144999 eval steps mean 99.9 best 99 optimal 6
144999 eval return -4.024 +/- 0.169
time:  19.403 SPS: 128
149999 success 1.0 +/- 0.0
149999 eval steps mean 6.9 best 6 optimal 6
149999 eval return 2.79 +/- 0.0
time:  20.018 SPS: 129
154999 success 0.2 +/- 0.133
154999 eval steps mean 81.3 best 7 optimal 6
154999 eval return -4.337 +/- 1.189
160000
GOAL [13 14]
time:  20.715 SPS: 128
159999 success 0.5 +/- 0.167
159999 eval steps mean 67.7 best 22 optimal 13
159999 eval return -3.568 +/- 1.773
time:  21.371 SPS: 128
164999 success 1.0 +/- 0.0
164999 eval steps mean 13.9 best 13 optimal 13
164999 eval return 2.09 +/- 0.0
time:  21.997 SPS: 128
169999 success 0.9 +/- 0.1
169999 eval steps mean 30.3 best 13 optimal 13
169999 eval return 0.363 +/- 1.463
time:  22.631 SPS: 128
174999 success 0.2 +/- 0.133
174999 eval steps mean 84.6 best 14 optimal 13
174999 eval return -2.609 +/- 1.025
time:  23.283 SPS: 128
179999 success 0.1 +/- 0.1
179999 eval steps mean 93.3 best 34 optimal 13
179999 eval return -4.844 +/- 1.004
time:  23.951 SPS: 128
184999 success 0.0 +/- 0.0
184999 eval steps mean 99.9 best 99 optimal 13
184999 eval return -8.927 +/- 0.721
time:  24.624 SPS: 128
189999 success 1.0 +/- 0.0
189999 eval steps mean 13.9 best 13 optimal 13
189999 eval return 2.09 +/- 0.0
time:  25.215 SPS: 128
194999 success 0.0 +/- 0.0
194999 eval steps mean 99.9 best 99 optimal 13
194999 eval return -14.864 +/- 0.061
200000
GOAL [14  8]
time:  25.914 SPS: 128
199999 success 0.0 +/- 0.0
199999 eval steps mean 99.9 best 99 optimal 8
199999 eval return -8.53 +/- 0.011
time:  26.575 SPS: 128
204999 success 0.1 +/- 0.1
204999 eval steps mean 90.8 best 9 optimal 8
204999 eval return -8.128 +/- 1.197
time:  27.215 SPS: 128
209999 success 0.0 +/- 0.0
209999 eval steps mean 99.9 best 99 optimal 8
209999 eval return -7.808 +/- 0.71
time:  27.887 SPS: 128
214999 success 0.0 +/- 0.0
214999 eval steps mean 99.9 best 99 optimal 8
214999 eval return -8.23 +/- 0.143
time:  28.576 SPS: 128
219999 success 1.0 +/- 0.0
219999 eval steps mean 8.9 best 8 optimal 8
219999 eval return 2.64 +/- 0.0
time:  29.175 SPS: 128
224999 success 0.0 +/- 0.0
224999 eval steps mean 99.9 best 99 optimal 8
224999 eval return -1.28 +/- 0.0
time:  29.804 SPS: 128
229999 success 0.0 +/- 0.0
229999 eval steps mean 99.9 best 99 optimal 8
229999 eval return -1.28 +/- 0.0
time:  30.441 SPS: 128
234999 success 0.0 +/- 0.0
234999 eval steps mean 99.9 best 99 optimal 8
234999 eval return -1.28 +/- 0.0
240000
GOAL [12  5]
time:  31.086 SPS: 128
239999 success 0.0 +/- 0.0
239999 eval steps mean 99.9 best 99 optimal 7
239999 eval return -4.02 +/- 0.0
time:  31.72 SPS: 128
244999 success 0.0 +/- 0.0
244999 eval steps mean 99.9 best 99 optimal 7
244999 eval return -4.02 +/- 0.0
time:  32.343 SPS: 128
249999 success 0.0 +/- 0.0
249999 eval steps mean 99.9 best 99 optimal 7
249999 eval return -4.02 +/- 0.0
time:  32.965 SPS: 128
254999 success 0.0 +/- 0.0
254999 eval steps mean 99.9 best 99 optimal 7
254999 eval return -4.02 +/- 0.0
time:  33.605 SPS: 128
259999 success 0.0 +/- 0.0
259999 eval steps mean 99.9 best 99 optimal 7
259999 eval return -4.02 +/- 0.0
time:  34.246 SPS: 128
264999 success 0.0 +/- 0.0
264999 eval steps mean 99.9 best 99 optimal 7
264999 eval return -4.02 +/- 0.0
time:  34.9 SPS: 128
269999 success 0.0 +/- 0.0
269999 eval steps mean 99.9 best 99 optimal 7
269999 eval return -13.72 +/- 0.0
time:  35.533 SPS: 128
274999 success 0.0 +/- 0.0
274999 eval steps mean 99.9 best 99 optimal 7
274999 eval return -13.72 +/- 0.0
280000
GOAL [8 4]
time:  36.178 SPS: 128
279999 success 0.0 +/- 0.0
279999 eval steps mean 99.9 best 99 optimal 4
279999 eval return -15.0 +/- 0.0
time:  36.813 SPS: 129
284999 success 0.0 +/- 0.0
284999 eval steps mean 99.9 best 99 optimal 4
284999 eval return -15.0 +/- 0.0
time:  37.439 SPS: 129
289999 success 0.0 +/- 0.0
289999 eval steps mean 99.9 best 99 optimal 4
289999 eval return -15.0 +/- 0.0
time:  38.084 SPS: 129
294999 success 0.0 +/- 0.0
294999 eval steps mean 99.9 best 99 optimal 4
294999 eval return -13.494 +/- 0.755
time:  38.765 SPS: 128
299999 success 0.0 +/- 0.0
299999 eval steps mean 99.9 best 99 optimal 4
299999 eval return -11.67 +/- 0.682
time:  39.443 SPS: 128
304999 success 0.0 +/- 0.0
304999 eval steps mean 99.9 best 99 optimal 4
304999 eval return -8.24 +/- 0.285
time:  40.117 SPS: 128
309999 success 0.0 +/- 0.0
309999 eval steps mean 99.9 best 99 optimal 4
309999 eval return -7.629 +/- 0.573
time:  40.801 SPS: 128
314999 success 0.0 +/- 0.0
314999 eval steps mean 99.9 best 99 optimal 4
314999 eval return -16.156 +/- 1.154
320000
GOAL [13  2]
time:  41.489 SPS: 128
319999 success 0.2 +/- 0.133
319999 eval steps mean 82.8 best 13 optimal 11
319999 eval return -2.97 +/- 0.866
time:  42.157 SPS: 128
324999 success 0.8 +/- 0.133
324999 eval steps mean 43.2 best 12 optimal 11
324999 eval return 0.548 +/- 0.813
time:  42.776 SPS: 128
329999 success 0.9 +/- 0.1
329999 eval steps mean 33.4 best 11 optimal 11
329999 eval return 0.942 +/- 1.004
time:  43.416 SPS: 128
334999 success 1.0 +/- 0.0
334999 eval steps mean 12.1 best 12 optimal 11
334999 eval return 2.335 +/- 0.005
time:  44.027 SPS: 128
339999 success 0.0 +/- 0.0
339999 eval steps mean 99.9 best 99 optimal 11
339999 eval return -15.591 +/- 0.261
time:  44.711 SPS: 128
344999 success 1.0 +/- 0.0
344999 eval steps mean 12.3 best 12 optimal 11
344999 eval return 2.294 +/- 0.046
time:  45.319 SPS: 128
349999 success 0.8 +/- 0.133
349999 eval steps mean 29.9 best 11 optimal 11
349999 eval return 1.296 +/- 0.692
time:  45.94 SPS: 128
354999 success 1.0 +/- 0.0
354999 eval steps mean 11.9 best 11 optimal 11
354999 eval return 2.34 +/- 0.0
360000
GOAL [10 14]
time:  46.525 SPS: 128
359999 success 0.0 +/- 0.0
359999 eval steps mean 99.9 best 99 optimal 10
359999 eval return -11.02 +/- 0.0
time:  47.151 SPS: 129
364999 success 0.0 +/- 0.0
364999 eval steps mean 99.9 best 99 optimal 10
364999 eval return -11.02 +/- 0.0
time:  47.778 SPS: 129
369999 success 0.0 +/- 0.0
369999 eval steps mean 99.9 best 99 optimal 10
369999 eval return -11.02 +/- 0.0
time:  48.428 SPS: 129
374999 success 0.0 +/- 0.0
374999 eval steps mean 99.9 best 99 optimal 10
374999 eval return -8.883 +/- 1.499
time:  49.096 SPS: 128
379999 success 0.2 +/- 0.133
379999 eval steps mean 91.4 best 51 optimal 10
379999 eval return -8.73 +/- 1.474
time:  49.76 SPS: 128
384999 success 0.3 +/- 0.153
384999 eval steps mean 80.6 best 25 optimal 10
384999 eval return -10.944 +/- 2.609
time:  50.431 SPS: 128
389999 success 1.0 +/- 0.0
389999 eval steps mean 26.0 best 18 optimal 10
389999 eval return 1.01 +/- 0.368
time:  51.065 SPS: 128
394999 success 0.9 +/- 0.1
394999 eval steps mean 27.9 best 19 optimal 10
394999 eval return -0.026 +/- 1.667
400000
GOAL [8 3]
time:  51.722 SPS: 128
399999 success 0.0 +/- 0.0
399999 eval steps mean 99.9 best 99 optimal 5
399999 eval return -13.172 +/- 0.138
time:  52.38 SPS: 128
404999 success 0.0 +/- 0.0
404999 eval steps mean 99.9 best 99 optimal 5
404999 eval return -11.881 +/- 0.779
time:  53.021 SPS: 128
409999 success 0.0 +/- 0.0
409999 eval steps mean 99.9 best 99 optimal 5
409999 eval return -8.32 +/- 0.098
time:  53.682 SPS: 128
414999 success 0.0 +/- 0.0
414999 eval steps mean 99.9 best 99 optimal 5
414999 eval return -12.128 +/- 0.531
time:  54.337 SPS: 128
419999 success 0.0 +/- 0.0
419999 eval steps mean 99.9 best 99 optimal 5
419999 eval return -14.618 +/- 0.662
time:  54.994 SPS: 128
424999 success 0.0 +/- 0.0
424999 eval steps mean 99.9 best 99 optimal 5
424999 eval return -5.479 +/- 0.369
time:  55.668 SPS: 128
429999 success 0.0 +/- 0.0
429999 eval steps mean 99.9 best 99 optimal 5
429999 eval return -4.973 +/- 0.081
time:  56.339 SPS: 128
434999 success 0.0 +/- 0.0
434999 eval steps mean 99.9 best 99 optimal 5
434999 eval return -5.639 +/- 0.532
440000
GOAL [11  9]
time:  57.029 SPS: 128
439999 success 0.0 +/- 0.0
439999 eval steps mean 99.9 best 99 optimal 6
439999 eval return -8.222 +/- 0.062
time:  57.703 SPS: 128
444999 success 1.0 +/- 0.0
444999 eval steps mean 7.6 best 6 optimal 6
444999 eval return 2.783 +/- 0.006
time:  58.314 SPS: 128
449999 success 1.0 +/- 0.0
449999 eval steps mean 6.9 best 6 optimal 6
449999 eval return 2.79 +/- 0.0
time:  58.889 SPS: 128
454999 success 0.0 +/- 0.0
454999 eval steps mean 99.9 best 99 optimal 6
454999 eval return -4.92 +/- 0.0
time:  59.531 SPS: 128
459999 success 0.0 +/- 0.0
459999 eval steps mean 99.9 best 99 optimal 6
459999 eval return -4.92 +/- 0.0
time:  60.153 SPS: 128
464999 success 0.0 +/- 0.0
464999 eval steps mean 99.9 best 99 optimal 6
464999 eval return -4.92 +/- 0.0
time:  60.782 SPS: 128
469999 success 0.0 +/- 0.0
469999 eval steps mean 99.9 best 99 optimal 6
469999 eval return -4.92 +/- 0.0
time:  61.407 SPS: 128
474999 success 0.0 +/- 0.0
474999 eval steps mean 99.9 best 99 optimal 6
474999 eval return -4.92 +/- 0.0
480000
GOAL [12 10]
time:  62.059 SPS: 128
479999 success 0.0 +/- 0.0
479999 eval steps mean 99.9 best 99 optimal 8
479999 eval return -5.02 +/- 0.0
time:  62.689 SPS: 128
484999 success 0.0 +/- 0.0
484999 eval steps mean 99.9 best 99 optimal 8
484999 eval return -5.02 +/- 0.0
time:  63.31 SPS: 128
489999 success 0.0 +/- 0.0
489999 eval steps mean 99.9 best 99 optimal 8
489999 eval return -5.02 +/- 0.0
time:  63.94 SPS: 129
494999 success 0.0 +/- 0.0
494999 eval steps mean 99.9 best 99 optimal 8
494999 eval return -5.02 +/- 0.0
time:  64.574 SPS: 129
499999 success 0.0 +/- 0.0
499999 eval steps mean 99.9 best 99 optimal 8
499999 eval return -5.02 +/- 0.0
time:  65.218 SPS: 129
504999 success 0.0 +/- 0.0
504999 eval steps mean 99.9 best 99 optimal 8
504999 eval return -5.02 +/- 0.0
time:  65.849 SPS: 129
509999 success 0.0 +/- 0.0
509999 eval steps mean 99.9 best 99 optimal 8
509999 eval return -5.02 +/- 0.0
time:  66.478 SPS: 129
514999 success 0.0 +/- 0.0
514999 eval steps mean 99.9 best 99 optimal 8
514999 eval return -5.02 +/- 0.0
520000
GOAL [9 0]
time:  67.114 SPS: 129
519999 success 0.0 +/- 0.0
519999 eval steps mean 99.9 best 99 optimal 9
519999 eval return -12.02 +/- 0.0
time:  67.738 SPS: 129
524999 success 0.0 +/- 0.0
524999 eval steps mean 99.9 best 99 optimal 9
524999 eval return -12.02 +/- 0.0
time:  68.368 SPS: 129
529999 success 0.0 +/- 0.0
529999 eval steps mean 99.9 best 99 optimal 9
529999 eval return -12.02 +/- 0.0
time:  69.0 SPS: 129
534999 success 0.0 +/- 0.0
534999 eval steps mean 99.9 best 99 optimal 9
534999 eval return -12.02 +/- 0.0
time:  69.62 SPS: 129
539999 success 0.0 +/- 0.0
539999 eval steps mean 99.9 best 99 optimal 9
539999 eval return -12.02 +/- 0.0
time:  70.261 SPS: 129
544999 success 0.0 +/- 0.0
544999 eval steps mean 99.9 best 99 optimal 9
544999 eval return -12.02 +/- 0.0
time:  70.895 SPS: 129
549999 success 0.0 +/- 0.0
549999 eval steps mean 99.9 best 99 optimal 9
549999 eval return -12.02 +/- 0.0
time:  71.518 SPS: 129
554999 success 0.0 +/- 0.0
554999 eval steps mean 99.9 best 99 optimal 9
554999 eval return -12.02 +/- 0.0
560000
GOAL [8 0]
time:  72.158 SPS: 129
559999 success 0.0 +/- 0.0
559999 eval steps mean 99.9 best 99 optimal 8
559999 eval return -13.02 +/- 0.0
time:  72.784 SPS: 129
564999 success 0.0 +/- 0.0
564999 eval steps mean 99.9 best 99 optimal 8
564999 eval return -13.02 +/- 0.0
time:  73.414 SPS: 129
569999 success 0.0 +/- 0.0
569999 eval steps mean 99.9 best 99 optimal 8
569999 eval return -13.02 +/- 0.0
time:  74.036 SPS: 129
574999 success 0.0 +/- 0.0
574999 eval steps mean 99.9 best 99 optimal 8
574999 eval return -13.02 +/- 0.0
time:  74.675 SPS: 129
579999 success 0.0 +/- 0.0
579999 eval steps mean 99.9 best 99 optimal 8
579999 eval return -13.02 +/- 0.0
time:  75.315 SPS: 129
584999 success 0.0 +/- 0.0
584999 eval steps mean 99.9 best 99 optimal 8
584999 eval return -13.02 +/- 0.0
time:  75.963 SPS: 129
589999 success 0.0 +/- 0.0
589999 eval steps mean 99.9 best 99 optimal 8
589999 eval return -13.02 +/- 0.0
time:  76.589 SPS: 129
594999 success 0.0 +/- 0.0
594999 eval steps mean 99.9 best 99 optimal 8
594999 eval return -13.02 +/- 0.0
600000
GOAL [ 9 14]
time:  77.226 SPS: 129
599999 success 0.0 +/- 0.0
599999 eval steps mean 99.9 best 99 optimal 9
599999 eval return -12.02 +/- 0.0
time:  77.855 SPS: 129
604999 success 0.0 +/- 0.0
604999 eval steps mean 99.9 best 99 optimal 9
604999 eval return -12.02 +/- 0.0
time:  78.475 SPS: 129
609999 success 0.0 +/- 0.0
609999 eval steps mean 99.9 best 99 optimal 9
609999 eval return -12.02 +/- 0.0
time:  79.107 SPS: 129
614999 success 0.0 +/- 0.0
614999 eval steps mean 99.9 best 99 optimal 9
614999 eval return -12.02 +/- 0.0
time:  79.697 SPS: 129
619999 success 0.0 +/- 0.0
619999 eval steps mean 99.9 best 99 optimal 9
619999 eval return -12.02 +/- 0.0
time:  80.258 SPS: 129
624999 success 0.0 +/- 0.0
624999 eval steps mean 99.9 best 99 optimal 9
624999 eval return -12.02 +/- 0.0
time:  80.822 SPS: 129
629999 success 0.0 +/- 0.0
629999 eval steps mean 99.9 best 99 optimal 9
629999 eval return -12.02 +/- 0.0
time:  81.374 SPS: 130
634999 success 0.0 +/- 0.0
634999 eval steps mean 99.9 best 99 optimal 9
634999 eval return -12.02 +/- 0.0
640000
GOAL [13  3]
time:  81.946 SPS: 130
639999 success 0.0 +/- 0.0
639999 eval steps mean 99.9 best 99 optimal 10
639999 eval return -7.02 +/- 0.0
time:  82.468 SPS: 130
644999 success 0.0 +/- 0.0
644999 eval steps mean 99.9 best 99 optimal 10
644999 eval return -7.02 +/- 0.0
time:  82.97 SPS: 130
649999 success 0.0 +/- 0.0
649999 eval steps mean 99.9 best 99 optimal 10
649999 eval return -7.02 +/- 0.0
time:  83.488 SPS: 130
654999 success 0.0 +/- 0.0
654999 eval steps mean 99.9 best 99 optimal 10
654999 eval return -7.02 +/- 0.0
time:  84.008 SPS: 130
659999 success 0.0 +/- 0.0
659999 eval steps mean 99.9 best 99 optimal 10
659999 eval return -7.02 +/- 0.0
time:  84.532 SPS: 131
664999 success 0.0 +/- 0.0
664999 eval steps mean 99.9 best 99 optimal 10
664999 eval return -7.02 +/- 0.0
time:  85.038 SPS: 131
669999 success 0.0 +/- 0.0
669999 eval steps mean 99.9 best 99 optimal 10
669999 eval return -7.02 +/- 0.0
time:  85.554 SPS: 131
674999 success 0.0 +/- 0.0
674999 eval steps mean 99.9 best 99 optimal 10
674999 eval return -7.02 +/- 0.0
680000
GOAL [14  6]
time:  86.064 SPS: 131
679999 success 0.0 +/- 0.0
679999 eval steps mean 99.9 best 99 optimal 8
679999 eval return -1.28 +/- 0.0
time:  86.579 SPS: 131
684999 success 0.0 +/- 0.0
684999 eval steps mean 99.9 best 99 optimal 8
684999 eval return -1.28 +/- 0.0
time:  87.086 SPS: 132
689999 success 0.0 +/- 0.0
689999 eval steps mean 99.9 best 99 optimal 8
689999 eval return -1.28 +/- 0.0
time:  87.603 SPS: 132
694999 success 0.0 +/- 0.0
694999 eval steps mean 99.9 best 99 optimal 8
694999 eval return -1.28 +/- 0.0
time:  88.12 SPS: 132
699999 success 0.0 +/- 0.0
699999 eval steps mean 99.9 best 99 optimal 8
699999 eval return -1.28 +/- 0.0
time:  88.631 SPS: 132
704999 success 0.0 +/- 0.0
704999 eval steps mean 99.9 best 99 optimal 8
704999 eval return -1.28 +/- 0.0
time:  89.129 SPS: 132
709999 success 0.0 +/- 0.0
709999 eval steps mean 99.9 best 99 optimal 8
709999 eval return -1.28 +/- 0.0
time:  89.63 SPS: 132
714999 success 0.0 +/- 0.0
714999 eval steps mean 99.9 best 99 optimal 8
714999 eval return -1.28 +/- 0.0
720000
GOAL [6 4]
time:  90.139 SPS: 133
719999 success 0.0 +/- 0.0
719999 eval steps mean 99.9 best 99 optimal 4
719999 eval return -15.0 +/- 0.0
time:  90.618 SPS: 133
724999 success 0.0 +/- 0.0
724999 eval steps mean 99.9 best 99 optimal 4
724999 eval return -15.0 +/- 0.0
time:  91.023 SPS: 133
729999 success 0.0 +/- 0.0
729999 eval steps mean 99.9 best 99 optimal 4
729999 eval return -15.0 +/- 0.0
time:  91.401 SPS: 134
734999 success 0.0 +/- 0.0
734999 eval steps mean 99.9 best 99 optimal 4
734999 eval return -15.0 +/- 0.0
time:  91.781 SPS: 134
739999 success 0.0 +/- 0.0
739999 eval steps mean 99.9 best 99 optimal 4
739999 eval return -15.0 +/- 0.0
time:  92.169 SPS: 134
744999 success 0.0 +/- 0.0
744999 eval steps mean 99.9 best 99 optimal 4
744999 eval return -15.0 +/- 0.0
time:  92.548 SPS: 135
749999 success 0.0 +/- 0.0
749999 eval steps mean 99.9 best 99 optimal 4
749999 eval return -15.0 +/- 0.0
time:  92.92 SPS: 135
754999 success 0.0 +/- 0.0
754999 eval steps mean 99.9 best 99 optimal 4
754999 eval return -15.0 +/- 0.0
760000
GOAL [10  4]
time:  93.311 SPS: 135
759999 success 0.0 +/- 0.0
759999 eval steps mean 99.9 best 99 optimal 6
759999 eval return -7.02 +/- 0.0
time:  93.684 SPS: 136
764999 success 0.0 +/- 0.0
764999 eval steps mean 99.9 best 99 optimal 6
764999 eval return -7.02 +/- 0.0
time:  94.055 SPS: 136
769999 success 0.0 +/- 0.0
769999 eval steps mean 99.9 best 99 optimal 6
769999 eval return -7.02 +/- 0.0
time:  94.454 SPS: 136
774999 success 0.0 +/- 0.0
774999 eval steps mean 99.9 best 99 optimal 6
774999 eval return -7.02 +/- 0.0
time:  94.822 SPS: 137
779999 success 0.0 +/- 0.0
779999 eval steps mean 99.9 best 99 optimal 6
779999 eval return -7.02 +/- 0.0
time:  95.212 SPS: 137
784999 success 0.0 +/- 0.0
784999 eval steps mean 99.9 best 99 optimal 6
784999 eval return -7.02 +/- 0.0
time:  95.601 SPS: 137
789999 success 0.0 +/- 0.0
789999 eval steps mean 99.9 best 99 optimal 6
789999 eval return -7.02 +/- 0.0
time:  95.967 SPS: 138
794999 success 0.0 +/- 0.0
794999 eval steps mean 99.9 best 99 optimal 6
794999 eval return -7.02 +/- 0.0
800000
GOAL [14  5]
time:  96.312 SPS: 138
799999 success 0.0 +/- 0.0
799999 eval steps mean 99.9 best 99 optimal 9
799999 eval return -2.28 +/- 0.0
done RL run. Time 96.39238278166664 min
