agent_dict keys dict_keys(['base_algorithm', 'learning_rate', 'num_envs', 'rollout_num_steps', 'gamma', 'gae_lambda', 'num_minibatches', 'update_epochs', 'minibatch_size', 'norm_adv', 'clip_coef', 'clip_vloss', 'ent_coef', 'vf_coef', 'max_grad_norm', 'rpo_alpha', 'parseval_reg', 'input_scale', 'learnable_input_scale', 'add_diag_layer', 'lie_group', 'pion', 'pion_block_size', 'pion_multiplicative', 'oft', 'poet', 'oet_num_blocks', 'poet_exact_cayley', 'layer_norm', 'layer_norm_no_params', 'weight_decay', 'tuned_adam', 'perturb', 'perturb_dist', 'regen', 'regen_wasserstein', 'weight_init', 'net_width', 'net_activation', 'init_gain', 'parseval_norm', 'parseval_num_groups'])
env_dict keys dict_keys(['env', 'change_freq', 'seed', 'env_type'])
Start RL run!
{'base_algorithm': 'ppo_agent', 'learning_rate': 0.001, 'num_envs': 1, 'rollout_num_steps': 128, 'gamma': 0.99, 'gae_lambda': 0.95, 'num_minibatches': 4, 'update_epochs': 4, 'minibatch_size': 32, 'norm_adv': True, 'clip_coef': 0.2, 'clip_vloss': True, 'ent_coef': 0.01, 'vf_coef': 0.5, 'max_grad_norm': 0.5, 'rpo_alpha': 0, 'parseval_reg': 0, 'input_scale': 1, 'learnable_input_scale': False, 'add_diag_layer': False, 'lie_group': False, 'pion': True, 'pion_block_size': None, 'pion_multiplicative': True, 'oft': False, 'poet': False, 'oet_num_blocks': 1, 'poet_exact_cayley': False, 'layer_norm': False, 'layer_norm_no_params': False, 'weight_decay': 0, 'tuned_adam': False, 'perturb': 0.0, 'perturb_dist': 'xavier', 'regen': 0.0, 'regen_wasserstein': False, 'weight_init': 'xavier', 'net_width': 64, 'net_activation': 'tanh', 'init_gain': None, 'parseval_norm': False, 'parseval_num_groups': 1, 'device': 'cpu'}
{'env': 'gridworld_ninerooms', 'change_freq': 40000, 'seed': 123, 'env_type': 'rl', 'local_run': False}
Running on gpu: False
Gridworld args () {'env': 'gridworld_ninerooms', 'change_freq': 40000, 'seed': 123, 'env_type': 'rl', 'local_run': False}
time:  0.027 SPS: 0
0 success 0.0 +/- 0.0
0 eval steps mean 99.9 best 99 optimal 8
0 eval return -15.41 +/- 0.584
time:  0.233 SPS: 357
4999 success 0.0 +/- 0.0
4999 eval steps mean 99.9 best 99 optimal 8
4999 eval return -13.847 +/- 0.687
time:  0.59 SPS: 282
9999 success 0.1 +/- 0.1
9999 eval steps mean 96.3 best 64 optimal 8
9999 eval return -11.82 +/- 1.076
time:  1.064 SPS: 234
14999 success 0.5 +/- 0.167
14999 eval steps mean 69.8 best 32 optimal 8
14999 eval return -5.706 +/- 1.668
time:  1.671 SPS: 199
19999 success 0.5 +/- 0.167
19999 eval steps mean 75.2 best 23 optimal 8
19999 eval return -7.885 +/- 1.926
time:  2.286 SPS: 182
24999 success 1.0 +/- 0.0
24999 eval steps mean 24.3 best 19 optimal 8
24999 eval return 1.009 +/- 0.073
time:  3.088 SPS: 161
29999 success 1.0 +/- 0.0
29999 eval steps mean 21.1 best 19 optimal 8
29999 eval return 1.184 +/- 0.038
time:  4.201 SPS: 138
34999 success 1.0 +/- 0.0
34999 eval steps mean 20.9 best 18 optimal 8
34999 eval return 1.168 +/- 0.057
40000
GOAL [13  3]
time:  5.355 SPS: 124
39999 success 0.0 +/- 0.0
39999 eval steps mean 99.9 best 99 optimal 10
39999 eval return -8.808 +/- 0.052
time:  6.352 SPS: 118
44999 success 1.0 +/- 0.0
44999 eval steps mean 23.2 best 11 optimal 10
44999 eval return 1.663 +/- 0.606
time:  7.292 SPS: 114
49999 success 1.0 +/- 0.0
49999 eval steps mean 10.9 best 10 optimal 10
49999 eval return 2.45 +/- 0.0
time:  8.48 SPS: 108
54999 success 1.0 +/- 0.0
54999 eval steps mean 11.1 best 10 optimal 10
54999 eval return 2.44 +/- 0.01
time:  9.666 SPS: 103
59999 success 1.0 +/- 0.0
59999 eval steps mean 11.1 best 10 optimal 10
59999 eval return 2.437 +/- 0.013
time:  10.874 SPS: 99
64999 success 1.0 +/- 0.0
64999 eval steps mean 11.7 best 10 optimal 10
64999 eval return 2.43 +/- 0.014
time:  12.097 SPS: 96
69999 success 1.0 +/- 0.0
69999 eval steps mean 10.9 best 10 optimal 10
69999 eval return 2.45 +/- 0.0
time:  13.339 SPS: 93
74999 success 1.0 +/- 0.0
74999 eval steps mean 11.1 best 11 optimal 10
74999 eval return 2.447 +/- 0.003
80000
GOAL [5 2]
time:  14.662 SPS: 90
79999 success 0.0 +/- 0.0
79999 eval steps mean 99.9 best 99 optimal 7
79999 eval return -9.79 +/- 0.209
time:  15.903 SPS: 89
84999 success 0.0 +/- 0.0
84999 eval steps mean 99.9 best 99 optimal 7
84999 eval return -7.885 +/- 0.031
time:  16.971 SPS: 88
89999 success 1.0 +/- 0.0
89999 eval steps mean 25.2 best 20 optimal 7
89999 eval return 0.886 +/- 0.175
time:  17.673 SPS: 89
94999 success 1.0 +/- 0.0
94999 eval steps mean 21.7 best 20 optimal 7
94999 eval return 1.333 +/- 0.078
time:  18.663 SPS: 89
99999 success 1.0 +/- 0.0
99999 eval steps mean 19.6 best 18 optimal 7
99999 eval return 1.357 +/- 0.078
time:  19.764 SPS: 88
104999 success 1.0 +/- 0.0
104999 eval steps mean 20.5 best 18 optimal 7
104999 eval return 1.407 +/- 0.054
time:  20.926 SPS: 87
109999 success 1.0 +/- 0.0
109999 eval steps mean 21.9 best 18 optimal 7
109999 eval return 1.276 +/- 0.114
time:  22.161 SPS: 86
114999 success 1.0 +/- 0.0
114999 eval steps mean 18.5 best 17 optimal 7
114999 eval return 1.453 +/- 0.04
120000
GOAL [ 5 12]
time:  23.416 SPS: 85
119999 success 0.0 +/- 0.0
119999 eval steps mean 99.9 best 99 optimal 7
119999 eval return -17.432 +/- 0.098
time:  24.514 SPS: 84
124999 success 0.4 +/- 0.163
124999 eval steps mean 83.3 best 45 optimal 7
124999 eval return -5.261 +/- 1.08
time:  25.015 SPS: 86
129999 success 1.0 +/- 0.0
129999 eval steps mean 23.7 best 20 optimal 7
129999 eval return 1.083 +/- 0.146
time:  25.677 SPS: 87
134999 success 0.8 +/- 0.133
134999 eval steps mean 35.5 best 18 optimal 7
134999 eval return -0.57 +/- 1.367
time:  26.896 SPS: 86
139999 success 1.0 +/- 0.0
139999 eval steps mean 18.3 best 17 optimal 7
139999 eval return 1.486 +/- 0.027
time:  28.183 SPS: 85
144999 success 1.0 +/- 0.0
144999 eval steps mean 19.0 best 18 optimal 7
144999 eval return 1.423 +/- 0.038
time:  29.464 SPS: 84
149999 success 1.0 +/- 0.0
149999 eval steps mean 19.2 best 17 optimal 7
149999 eval return 1.412 +/- 0.041
time:  30.762 SPS: 83
154999 success 1.0 +/- 0.0
154999 eval steps mean 18.9 best 18 optimal 7
154999 eval return 1.451 +/- 0.037
160000
GOAL [ 6 13]
time:  32.12 SPS: 83
159999 success 0.3 +/- 0.153
159999 eval steps mean 75.3 best 17 optimal 7
159999 eval return -5.115 +/- 1.444
time:  33.408 SPS: 82
164999 success 1.0 +/- 0.0
164999 eval steps mean 19.1 best 18 optimal 7
164999 eval return 1.468 +/- 0.007
time:  34.582 SPS: 81
169999 success 1.0 +/- 0.0
169999 eval steps mean 18.2 best 18 optimal 7
169999 eval return 1.458 +/- 0.024
time:  35.852 SPS: 81
174999 success 0.9 +/- 0.1
174999 eval steps mean 26.2 best 17 optimal 7
174999 eval return 0.25 +/- 1.233
time:  37.145 SPS: 80
179999 success 1.0 +/- 0.0
179999 eval steps mean 18.9 best 17 optimal 7
179999 eval return 1.415 +/- 0.036
time:  38.381 SPS: 80
184999 success 1.0 +/- 0.0
184999 eval steps mean 18.4 best 17 optimal 7
184999 eval return 1.429 +/- 0.042
time:  39.72 SPS: 79
189999 success 1.0 +/- 0.0
189999 eval steps mean 18.1 best 17 optimal 7
189999 eval return 1.475 +/- 0.015
time:  41.076 SPS: 79
194999 success 1.0 +/- 0.0
194999 eval steps mean 18.0 best 17 optimal 7
194999 eval return 1.484 +/- 0.006
200000
GOAL [6 4]
time:  42.399 SPS: 78
199999 success 0.0 +/- 0.0
199999 eval steps mean 99.9 best 99 optimal 4
199999 eval return -20.747 +/- 0.026
time:  43.665 SPS: 78
204999 success 0.0 +/- 0.0
204999 eval steps mean 99.9 best 99 optimal 4
204999 eval return -13.924 +/- 0.311
time:  44.776 SPS: 78
209999 success 0.0 +/- 0.0
209999 eval steps mean 99.9 best 99 optimal 4
209999 eval return -12.742 +/- 0.491
time:  46.088 SPS: 77
214999 success 0.0 +/- 0.0
214999 eval steps mean 99.9 best 99 optimal 4
214999 eval return -10.238 +/- 0.101
time:  47.391 SPS: 77
219999 success 0.0 +/- 0.0
219999 eval steps mean 99.9 best 99 optimal 4
219999 eval return -5.315 +/- 0.046
time:  48.445 SPS: 77
224999 success 0.6 +/- 0.163
224999 eval steps mean 82.2 best 56 optimal 4
224999 eval return -6.211 +/- 2.102
time:  49.289 SPS: 77
229999 success 0.9 +/- 0.1
229999 eval steps mean 66.1 best 34 optimal 4
229999 eval return -5.696 +/- 1.444
time:  49.912 SPS: 78
234999 success 1.0 +/- 0.0
234999 eval steps mean 28.8 best 17 optimal 4
234999 eval return 1.147 +/- 0.16
240000
GOAL [11 12]
time:  50.898 SPS: 78
239999 success 0.0 +/- 0.0
239999 eval steps mean 99.9 best 99 optimal 9
239999 eval return -17.485 +/- 0.088
time:  51.994 SPS: 78
244999 success 0.8 +/- 0.133
244999 eval steps mean 55.6 best 13 optimal 9
244999 eval return -2.423 +/- 1.495
time:  52.741 SPS: 79
249999 success 1.0 +/- 0.0
249999 eval steps mean 12.1 best 11 optimal 9
249999 eval return 2.337 +/- 0.003
time:  53.925 SPS: 78
254999 success 1.0 +/- 0.0
254999 eval steps mean 12.1 best 11 optimal 9
254999 eval return 2.333 +/- 0.007
time:  55.224 SPS: 78
259999 success 1.0 +/- 0.0
259999 eval steps mean 12.6 best 11 optimal 9
259999 eval return 2.325 +/- 0.007
time:  56.649 SPS: 77
264999 success 1.0 +/- 0.0
264999 eval steps mean 11.9 best 11 optimal 9
264999 eval return 2.34 +/- 0.0
time:  58.056 SPS: 77
269999 success 1.0 +/- 0.0
269999 eval steps mean 13.8 best 12 optimal 9
269999 eval return 2.294 +/- 0.018
time:  59.445 SPS: 77
274999 success 1.0 +/- 0.0
274999 eval steps mean 12.1 best 11 optimal 9
274999 eval return 2.329 +/- 0.011
280000
GOAL [12 13]
time:  60.796 SPS: 76
279999 success 0.6 +/- 0.163
279999 eval steps mean 72.2 best 31 optimal 11
279999 eval return -0.265 +/- 0.693
time:  62.206 SPS: 76
284999 success 1.0 +/- 0.0
284999 eval steps mean 15.7 best 14 optimal 11
284999 eval return 2.24 +/- 0.018
time:  63.555 SPS: 76
289999 success 1.0 +/- 0.0
289999 eval steps mean 13.9 best 13 optimal 11
289999 eval return 2.31 +/- 0.0
time:  64.926 SPS: 75
294999 success 1.0 +/- 0.0
294999 eval steps mean 11.9 best 11 optimal 11
294999 eval return 2.34 +/- 0.0
time:  66.308 SPS: 75
299999 success 1.0 +/- 0.0
299999 eval steps mean 13.3 best 12 optimal 11
299999 eval return 2.249 +/- 0.034
time:  67.735 SPS: 75
304999 success 1.0 +/- 0.0
304999 eval steps mean 12.1 best 12 optimal 11
304999 eval return 2.33 +/- 0.007
time:  69.125 SPS: 74
309999 success 1.0 +/- 0.0
309999 eval steps mean 11.9 best 11 optimal 11
309999 eval return 2.34 +/- 0.0
time:  70.591 SPS: 74
314999 success 1.0 +/- 0.0
314999 eval steps mean 11.9 best 11 optimal 11
314999 eval return 2.34 +/- 0.0
320000
GOAL [11  3]
time:  72.047 SPS: 74
319999 success 0.0 +/- 0.0
319999 eval steps mean 99.9 best 99 optimal 8
319999 eval return -11.526 +/- 0.043
time:  73.503 SPS: 73
324999 success 0.0 +/- 0.0
324999 eval steps mean 99.9 best 99 optimal 8
324999 eval return -7.655 +/- 0.007
time:  74.891 SPS: 73
329999 success 1.0 +/- 0.0
329999 eval steps mean 33.2 best 18 optimal 8
329999 eval return 0.501 +/- 0.534
time:  76.054 SPS: 73
334999 success 1.0 +/- 0.0
334999 eval steps mean 15.1 best 11 optimal 8
334999 eval return 2.312 +/- 0.131
time:  77.385 SPS: 73
339999 success 1.0 +/- 0.0
339999 eval steps mean 11.7 best 11 optimal 8
339999 eval return 2.434 +/- 0.011
time:  78.785 SPS: 72
344999 success 1.0 +/- 0.0
344999 eval steps mean 11.4 best 10 optimal 8
344999 eval return 2.402 +/- 0.044
time:  80.229 SPS: 72
349999 success 1.0 +/- 0.0
349999 eval steps mean 11.3 best 11 optimal 8
349999 eval return 2.433 +/- 0.013
time:  81.671 SPS: 72
354999 success 1.0 +/- 0.0
354999 eval steps mean 11.0 best 10 optimal 8
354999 eval return 2.446 +/- 0.004
360000
GOAL [ 6 11]
time:  83.111 SPS: 72
359999 success 0.0 +/- 0.0
359999 eval steps mean 99.9 best 99 optimal 5
359999 eval return -19.765 +/- 0.101
time:  84.513 SPS: 71
364999 success 0.0 +/- 0.0
364999 eval steps mean 99.9 best 99 optimal 5
364999 eval return -14.227 +/- 0.26
time:  85.819 SPS: 71
369999 success 0.0 +/- 0.0
369999 eval steps mean 99.9 best 99 optimal 5
369999 eval return -11.737 +/- 0.026
time:  86.858 SPS: 71
374999 success 0.0 +/- 0.0
374999 eval steps mean 99.9 best 99 optimal 5
374999 eval return -9.755 +/- 1.368
time:  87.762 SPS: 72
379999 success 0.0 +/- 0.0
379999 eval steps mean 99.9 best 99 optimal 5
379999 eval return -5.567 +/- 0.895
time:  88.958 SPS: 72
384999 success 0.0 +/- 0.0
384999 eval steps mean 99.9 best 99 optimal 5
384999 eval return -5.291 +/- 0.573
time:  90.182 SPS: 72
389999 success 1.0 +/- 0.0
389999 eval steps mean 20.9 best 17 optimal 5
389999 eval return 1.023 +/- 0.11
time:  91.089 SPS: 72
394999 success 1.0 +/- 0.0
394999 eval steps mean 18.5 best 17 optimal 5
394999 eval return 1.447 +/- 0.026
400000
GOAL [ 6 13]
time:  92.247 SPS: 72
399999 success 0.4 +/- 0.163
399999 eval steps mean 77.3 best 23 optimal 7
399999 eval return -2.382 +/- 0.856
time:  93.349 SPS: 72
404999 success 0.9 +/- 0.1
404999 eval steps mean 29.2 best 19 optimal 7
404999 eval return 0.481 +/- 0.883
time:  94.478 SPS: 72
409999 success 1.0 +/- 0.0
409999 eval steps mean 20.3 best 19 optimal 7
409999 eval return 1.356 +/- 0.043
time:  95.64 SPS: 72
414999 success 1.0 +/- 0.0
414999 eval steps mean 20.5 best 19 optimal 7
414999 eval return 1.405 +/- 0.008
time:  96.969 SPS: 72
419999 success 1.0 +/- 0.0
419999 eval steps mean 20.9 best 19 optimal 7
419999 eval return 1.395 +/- 0.011
time:  98.456 SPS: 71
424999 success 1.0 +/- 0.0
424999 eval steps mean 18.4 best 18 optimal 7
424999 eval return 1.454 +/- 0.023
time:  99.873 SPS: 71
429999 success 1.0 +/- 0.0
429999 eval steps mean 18.1 best 17 optimal 7
429999 eval return 1.459 +/- 0.031
time:  101.168 SPS: 71
434999 success 1.0 +/- 0.0
434999 eval steps mean 18.5 best 17 optimal 7
434999 eval return 1.397 +/- 0.067
440000
GOAL [11  3]
time:  102.538 SPS: 71
439999 success 0.0 +/- 0.0
439999 eval steps mean 99.9 best 99 optimal 8
439999 eval return -15.458 +/- 0.005
time:  103.803 SPS: 71
444999 success 0.1 +/- 0.1
444999 eval steps mean 96.9 best 70 optimal 8
444999 eval return -8.516 +/- 1.048
time:  104.579 SPS: 71
449999 success 1.0 +/- 0.0
449999 eval steps mean 10.9 best 10 optimal 8
449999 eval return 2.45 +/- 0.0
time:  105.852 SPS: 71
454999 success 1.0 +/- 0.0
454999 eval steps mean 11.1 best 11 optimal 8
454999 eval return 2.445 +/- 0.005
time:  107.319 SPS: 71
459999 success 1.0 +/- 0.0
459999 eval steps mean 12.0 best 10 optimal 8
459999 eval return 2.42 +/- 0.015
time:  108.701 SPS: 71
464999 success 0.8 +/- 0.133
464999 eval steps mean 32.4 best 10 optimal 8
464999 eval return -0.318 +/- 1.666
time:  110.123 SPS: 71
469999 success 1.0 +/- 0.0
469999 eval steps mean 10.9 best 10 optimal 8
469999 eval return 2.45 +/- 0.0
time:  111.555 SPS: 70
474999 success 1.0 +/- 0.0
474999 eval steps mean 11.4 best 10 optimal 8
474999 eval return 2.44 +/- 0.005
480000
GOAL [12 11]
time:  113.039 SPS: 70
479999 success 0.0 +/- 0.0
479999 eval steps mean 99.9 best 99 optimal 9
479999 eval return -11.737 +/- 0.097
time:  114.344 SPS: 70
484999 success 1.0 +/- 0.0
484999 eval steps mean 9.9 best 9 optimal 9
484999 eval return 2.55 +/- 0.0
time:  115.582 SPS: 70
489999 success 1.0 +/- 0.0
489999 eval steps mean 14.4 best 9 optimal 9
489999 eval return 2.337 +/- 0.183
time:  116.947 SPS: 70
494999 success 1.0 +/- 0.0
494999 eval steps mean 9.9 best 9 optimal 9
494999 eval return 2.55 +/- 0.0
time:  118.383 SPS: 70
499999 success 1.0 +/- 0.0
499999 eval steps mean 10.3 best 9 optimal 9
499999 eval return 2.52 +/- 0.02
time:  119.833 SPS: 70
504999 success 1.0 +/- 0.0
504999 eval steps mean 11.1 best 10 optimal 9
504999 eval return 2.508 +/- 0.011
time:  121.282 SPS: 70
509999 success 1.0 +/- 0.0
509999 eval steps mean 9.9 best 9 optimal 9
509999 eval return 2.55 +/- 0.0
time:  122.82 SPS: 69
514999 success 1.0 +/- 0.0
514999 eval steps mean 9.9 best 9 optimal 9
514999 eval return 2.55 +/- 0.0
520000
GOAL [11  3]
time:  124.298 SPS: 69
519999 success 0.0 +/- 0.0
519999 eval steps mean 99.9 best 99 optimal 8
519999 eval return -12.542 +/- 0.153
time:  125.645 SPS: 69
524999 success 0.9 +/- 0.1
524999 eval steps mean 44.6 best 17 optimal 8
524999 eval return -0.402 +/- 1.228
time:  126.922 SPS: 69
529999 success 1.0 +/- 0.0
529999 eval steps mean 10.9 best 10 optimal 8
529999 eval return 2.45 +/- 0.0
time:  128.285 SPS: 69
534999 success 1.0 +/- 0.0
534999 eval steps mean 11.5 best 11 optimal 8
534999 eval return 2.427 +/- 0.015
time:  129.725 SPS: 69
539999 success 1.0 +/- 0.0
539999 eval steps mean 11.2 best 10 optimal 8
539999 eval return 2.434 +/- 0.016
time:  131.201 SPS: 69
544999 success 1.0 +/- 0.0
544999 eval steps mean 10.9 best 10 optimal 8
544999 eval return 2.45 +/- 0.0
time:  132.663 SPS: 69
549999 success 1.0 +/- 0.0
549999 eval steps mean 11.1 best 10 optimal 8
549999 eval return 2.441 +/- 0.009
time:  134.109 SPS: 68
554999 success 1.0 +/- 0.0
554999 eval steps mean 10.9 best 10 optimal 8
554999 eval return 2.45 +/- 0.0
560000
GOAL [6 2]
time:  135.549 SPS: 68
559999 success 0.0 +/- 0.0
559999 eval steps mean 99.9 best 99 optimal 6
559999 eval return -9.227 +/- 0.164
time:  136.922 SPS: 68
564999 success 0.0 +/- 0.0
564999 eval steps mean 99.9 best 99 optimal 6
564999 eval return -7.447 +/- 0.038
time:  138.347 SPS: 68
569999 success 0.1 +/- 0.1
569999 eval steps mean 99.8 best 99 optimal 6
569999 eval return -5.234 +/- 0.363
time:  139.424 SPS: 68
574999 success 0.9 +/- 0.1
574999 eval steps mean 35.1 best 19 optimal 6
574999 eval return 0.206 +/- 0.732
time:  140.359 SPS: 68
579999 success 1.0 +/- 0.0
579999 eval steps mean 22.2 best 19 optimal 6
579999 eval return 1.358 +/- 0.107
time:  141.601 SPS: 68
584999 success 1.0 +/- 0.0
584999 eval steps mean 20.2 best 18 optimal 6
584999 eval return 1.564 +/- 0.02
time:  142.887 SPS: 68
589999 success 1.0 +/- 0.0
589999 eval steps mean 19.5 best 18 optimal 6
589999 eval return 1.548 +/- 0.042
time:  144.233 SPS: 68
594999 success 1.0 +/- 0.0
594999 eval steps mean 17.9 best 17 optimal 6
594999 eval return 1.613 +/- 0.016
600000
GOAL [5 0]
time:  145.647 SPS: 68
599999 success 0.9 +/- 0.1
599999 eval steps mean 66.3 best 29 optimal 9
599999 eval return -0.417 +/- 0.829
time:  147.041 SPS: 68
604999 success 1.0 +/- 0.0
604999 eval steps mean 20.5 best 19 optimal 9
604999 eval return 1.085 +/- 0.05
time:  148.375 SPS: 68
609999 success 1.0 +/- 0.0
609999 eval steps mean 21.0 best 20 optimal 9
609999 eval return 1.144 +/- 0.009
time:  149.565 SPS: 68
614999 success 1.0 +/- 0.0
614999 eval steps mean 20.4 best 19 optimal 9
614999 eval return 1.145 +/- 0.01
time:  150.883 SPS: 68
619999 success 1.0 +/- 0.0
619999 eval steps mean 22.0 best 19 optimal 9
619999 eval return 0.978 +/- 0.172
time:  152.313 SPS: 68
624999 success 1.0 +/- 0.0
624999 eval steps mean 20.2 best 19 optimal 9
624999 eval return 1.126 +/- 0.033
time:  153.747 SPS: 68
629999 success 0.1 +/- 0.1
629999 eval steps mean 92.3 best 24 optimal 9
629999 eval return -11.246 +/- 1.383
time:  154.974 SPS: 68
634999 success 0.9 +/- 0.1
634999 eval steps mean 43.2 best 21 optimal 9
634999 eval return -2.998 +/- 1.752
640000
GOAL [ 7 13]
time:  156.026 SPS: 68
639999 success 0.0 +/- 0.0
639999 eval steps mean 99.9 best 99 optimal 6
639999 eval return -19.926 +/- 0.04
time:  157.215 SPS: 68
644999 success 0.0 +/- 0.0
644999 eval steps mean 99.9 best 99 optimal 6
644999 eval return -8.91 +/- 0.484
time:  158.298 SPS: 68
649999 success 0.0 +/- 0.0
649999 eval steps mean 99.9 best 99 optimal 6
649999 eval return -8.192 +/- 0.288
time:  159.45 SPS: 68
654999 success 0.0 +/- 0.0
654999 eval steps mean 99.9 best 99 optimal 6
654999 eval return -6.873 +/- 0.09
time:  160.704 SPS: 68
659999 success 1.0 +/- 0.0
659999 eval steps mean 34.5 best 27 optimal 6
659999 eval return -0.561 +/- 0.375
time:  161.709 SPS: 68
664999 success 1.0 +/- 0.0
664999 eval steps mean 22.2 best 20 optimal 6
664999 eval return 1.184 +/- 0.044
time:  162.887 SPS: 68
669999 success 1.0 +/- 0.0
669999 eval steps mean 19.1 best 18 optimal 6
669999 eval return 1.307 +/- 0.003
time:  164.254 SPS: 68
674999 success 1.0 +/- 0.0
674999 eval steps mean 21.1 best 17 optimal 6
674999 eval return 1.205 +/- 0.071
680000
GOAL [ 9 12]
time:  165.574 SPS: 68
679999 success 1.0 +/- 0.0
679999 eval steps mean 13.9 best 13 optimal 7
679999 eval return 2.09 +/- 0.0
time:  166.942 SPS: 68
684999 success 1.0 +/- 0.0
684999 eval steps mean 14.8 best 14 optimal 7
684999 eval return 2.054 +/- 0.025
time:  168.281 SPS: 68
689999 success 1.0 +/- 0.0
689999 eval steps mean 13.9 best 13 optimal 7
689999 eval return 2.09 +/- 0.0
time:  169.693 SPS: 68
694999 success 1.0 +/- 0.0
694999 eval steps mean 13.9 best 13 optimal 7
694999 eval return 2.09 +/- 0.0
time:  171.11 SPS: 68
699999 success 1.0 +/- 0.0
699999 eval steps mean 14.1 best 13 optimal 7
699999 eval return 2.084 +/- 0.006
time:  172.549 SPS: 68
704999 success 1.0 +/- 0.0
704999 eval steps mean 14.1 best 13 optimal 7
704999 eval return 2.071 +/- 0.019
time:  173.985 SPS: 68
709999 success 1.0 +/- 0.0
709999 eval steps mean 14.6 best 13 optimal 7
709999 eval return 2.057 +/- 0.026
time:  175.518 SPS: 67
714999 success 1.0 +/- 0.0
714999 eval steps mean 14.3 best 14 optimal 7
714999 eval return 2.081 +/- 0.005
720000
GOAL [6 3]
time:  177.009 SPS: 67
719999 success 0.0 +/- 0.0
719999 eval steps mean 99.9 best 99 optimal 5
719999 eval return -19.033 +/- 0.152
time:  178.305 SPS: 67
724999 success 0.0 +/- 0.0
724999 eval steps mean 99.9 best 99 optimal 5
724999 eval return -11.014 +/- 0.081
time:  179.49 SPS: 67
729999 success 0.0 +/- 0.0
729999 eval steps mean 99.9 best 99 optimal 5
729999 eval return -10.021 +/- 1.233
time:  180.86 SPS: 67
734999 success 0.0 +/- 0.0
734999 eval steps mean 99.9 best 99 optimal 5
734999 eval return -7.767 +/- 0.883
time:  182.351 SPS: 67
739999 success 0.0 +/- 0.0
739999 eval steps mean 99.9 best 99 optimal 5
739999 eval return -4.268 +/- 0.322
time:  183.604 SPS: 67
744999 success 1.0 +/- 0.0
744999 eval steps mean 35.1 best 22 optimal 5
744999 eval return 0.333 +/- 0.406
time:  184.677 SPS: 67
749999 success 1.0 +/- 0.0
749999 eval steps mean 19.3 best 17 optimal 5
749999 eval return 1.427 +/- 0.052
time:  186.028 SPS: 67
754999 success 1.0 +/- 0.0
754999 eval steps mean 18.7 best 17 optimal 5
754999 eval return 1.46 +/- 0.027
760000
GOAL [7 4]
time:  187.388 SPS: 67
759999 success 0.1 +/- 0.1
759999 eval steps mean 93.3 best 34 optimal 3
759999 eval return -4.382 +/- 0.732
time:  188.741 SPS: 67
764999 success 1.0 +/- 0.0
764999 eval steps mean 21.9 best 19 optimal 3
764999 eval return 1.372 +/- 0.026
time:  190.104 SPS: 67
769999 success 1.0 +/- 0.0
769999 eval steps mean 22.2 best 18 optimal 3
769999 eval return 1.0 +/- 0.182
time:  191.415 SPS: 67
774999 success 1.0 +/- 0.0
774999 eval steps mean 18.2 best 18 optimal 3
774999 eval return 1.447 +/- 0.017
time:  192.752 SPS: 67
779999 success 1.0 +/- 0.0
779999 eval steps mean 18.1 best 17 optimal 3
779999 eval return 1.461 +/- 0.009
time:  193.979 SPS: 67
784999 success 1.0 +/- 0.0
784999 eval steps mean 17.9 best 17 optimal 3
784999 eval return 1.47 +/- 0.0
time:  195.232 SPS: 67
789999 success 1.0 +/- 0.0
789999 eval steps mean 18.1 best 18 optimal 3
789999 eval return 1.455 +/- 0.015
time:  196.666 SPS: 67
794999 success 1.0 +/- 0.0
794999 eval steps mean 18.1 best 17 optimal 3
794999 eval return 1.465 +/- 0.005
800000
GOAL [ 6 11]
time:  198.024 SPS: 67
799999 success 0.0 +/- 0.0
799999 eval steps mean 99.9 best 99 optimal 5
799999 eval return -20.342 +/- 0.205
done RL run. Time 198.09730001166656 min
