agent_dict keys dict_keys(['base_algorithm', 'learning_rate', 'num_envs', 'rollout_num_steps', 'gamma', 'gae_lambda', 'num_minibatches', 'update_epochs', 'minibatch_size', 'norm_adv', 'clip_coef', 'clip_vloss', 'ent_coef', 'vf_coef', 'max_grad_norm', 'rpo_alpha', 'parseval_reg', 'input_scale', 'learnable_input_scale', 'add_diag_layer', 'lie_group', 'pion', 'pion_block_size', 'pion_multiplicative', 'oft', 'poet', 'oet_num_blocks', 'poet_exact_cayley', 'layer_norm', 'layer_norm_no_params', 'weight_decay', 'tuned_adam', 'perturb', 'perturb_dist', 'regen', 'regen_wasserstein', 'weight_init', 'net_width', 'net_activation', 'init_gain', 'parseval_norm', 'parseval_num_groups'])
env_dict keys dict_keys(['env', 'change_freq', 'seed', 'env_type'])
Start RL run!
{'base_algorithm': 'ppo_agent', 'learning_rate': 0.001, 'num_envs': 1, 'rollout_num_steps': 128, 'gamma': 0.99, 'gae_lambda': 0.95, 'num_minibatches': 4, 'update_epochs': 4, 'minibatch_size': 32, 'norm_adv': True, 'clip_coef': 0.2, 'clip_vloss': True, 'ent_coef': 0.01, 'vf_coef': 0.5, 'max_grad_norm': 0.5, 'rpo_alpha': 0, 'parseval_reg': 0, 'input_scale': 1, 'learnable_input_scale': False, 'add_diag_layer': False, 'lie_group': False, 'pion': True, 'pion_block_size': None, 'pion_multiplicative': False, 'oft': False, 'poet': False, 'oet_num_blocks': 1, 'poet_exact_cayley': False, 'layer_norm': False, 'layer_norm_no_params': False, 'weight_decay': 0, 'tuned_adam': False, 'perturb': 0.0, 'perturb_dist': 'xavier', 'regen': 0.0, 'regen_wasserstein': False, 'weight_init': 'xavier', 'net_width': 64, 'net_activation': 'tanh', 'init_gain': None, 'parseval_norm': False, 'parseval_num_groups': 1, 'device': 'cpu'}
{'env': 'gridworld_ninerooms', 'change_freq': 40000, 'seed': 126, 'env_type': 'rl', 'local_run': False}
Running on gpu: False
Gridworld args () {'env': 'gridworld_ninerooms', 'change_freq': 40000, 'seed': 126, 'env_type': 'rl', 'local_run': False}
time:  0.026 SPS: 0
0 success 0.0 +/- 0.0
0 eval steps mean 99.9 best 99 optimal 10
0 eval return -14.56 +/- 0.372
time:  0.238 SPS: 350
4999 success 0.0 +/- 0.0
4999 eval steps mean 99.9 best 99 optimal 10
4999 eval return -8.806 +/- 0.549
time:  0.772 SPS: 215
9999 success 1.0 +/- 0.0
9999 eval steps mean 48.8 best 26 optimal 10
9999 eval return -0.513 +/- 0.639
time:  1.665 SPS: 150
14999 success 1.0 +/- 0.0
14999 eval steps mean 19.8 best 14 optimal 10
14999 eval return 1.586 +/- 0.092
time:  2.845 SPS: 117
19999 success 1.0 +/- 0.0
19999 eval steps mean 16.1 best 14 optimal 10
19999 eval return 1.895 +/- 0.047
time:  4.155 SPS: 100
24999 success 1.0 +/- 0.0
24999 eval steps mean 15.9 best 14 optimal 10
24999 eval return 1.849 +/- 0.059
time:  5.579 SPS: 89
29999 success 1.0 +/- 0.0
29999 eval steps mean 16.3 best 15 optimal 10
29999 eval return 1.884 +/- 0.03
time:  6.929 SPS: 84
34999 success 1.0 +/- 0.0
34999 eval steps mean 14.9 best 14 optimal 10
34999 eval return 1.95 +/- 0.0
40000
GOAL [12 14]
time:  8.3 SPS: 80
39999 success 0.0 +/- 0.0
39999 eval steps mean 99.9 best 99 optimal 12
39999 eval return -15.079 +/- 0.045
time:  9.648 SPS: 77
44999 success 0.0 +/- 0.0
44999 eval steps mean 99.9 best 99 optimal 12
44999 eval return -8.656 +/- 0.155
time:  10.902 SPS: 76
49999 success 0.2 +/- 0.133
49999 eval steps mean 97.1 best 76 optimal 12
49999 eval return -5.277 +/- 0.616
time:  12.321 SPS: 74
54999 success 1.0 +/- 0.0
54999 eval steps mean 40.6 best 18 optimal 12
54999 eval return -0.818 +/- 1.22
time:  13.701 SPS: 72
59999 success 1.0 +/- 0.0
59999 eval steps mean 13.3 best 12 optimal 12
59999 eval return 2.208 +/- 0.008
time:  15.082 SPS: 71
64999 success 1.0 +/- 0.0
64999 eval steps mean 13.7 best 13 optimal 12
64999 eval return 2.185 +/- 0.024
time:  16.574 SPS: 70
69999 success 1.0 +/- 0.0
69999 eval steps mean 12.9 best 12 optimal 12
69999 eval return 2.22 +/- 0.0
time:  18.002 SPS: 69
74999 success 1.0 +/- 0.0
74999 eval steps mean 16.2 best 12 optimal 12
74999 eval return 2.165 +/- 0.027
80000
GOAL [10 12]
time:  19.532 SPS: 68
79999 success 0.0 +/- 0.0
79999 eval steps mean 99.9 best 99 optimal 8
79999 eval return -3.76 +/- 0.014
time:  21.03 SPS: 67
84999 success 1.0 +/- 0.0
84999 eval steps mean 12.9 best 12 optimal 8
84999 eval return 2.22 +/- 0.0
time:  22.581 SPS: 66
89999 success 1.0 +/- 0.0
89999 eval steps mean 13.8 best 12 optimal 8
89999 eval return 2.107 +/- 0.113
time:  24.139 SPS: 65
94999 success 1.0 +/- 0.0
94999 eval steps mean 12.9 best 12 optimal 8
94999 eval return 2.22 +/- 0.0
time:  25.565 SPS: 65
99999 success 1.0 +/- 0.0
99999 eval steps mean 12.9 best 12 optimal 8
99999 eval return 2.22 +/- 0.0
time:  27.085 SPS: 64
104999 success 1.0 +/- 0.0
104999 eval steps mean 13.1 best 12 optimal 8
104999 eval return 2.211 +/- 0.009
time:  28.587 SPS: 64
109999 success 1.0 +/- 0.0
109999 eval steps mean 12.9 best 12 optimal 8
109999 eval return 2.22 +/- 0.0
time:  30.124 SPS: 63
114999 success 1.0 +/- 0.0
114999 eval steps mean 12.9 best 12 optimal 8
114999 eval return 2.22 +/- 0.0
120000
GOAL [12 14]
time:  31.666 SPS: 63
119999 success 0.1 +/- 0.1
119999 eval steps mean 97.4 best 75 optimal 12
119999 eval return -5.934 +/- 0.642
time:  33.144 SPS: 62
124999 success 1.0 +/- 0.0
124999 eval steps mean 14.9 best 14 optimal 12
124999 eval return 2.17 +/- 0.0
time:  34.661 SPS: 62
129999 success 1.0 +/- 0.0
129999 eval steps mean 18.1 best 13 optimal 12
129999 eval return 1.556 +/- 0.253
time:  36.177 SPS: 62
134999 success 1.0 +/- 0.0
134999 eval steps mean 12.9 best 12 optimal 12
134999 eval return 2.22 +/- 0.0
time:  37.744 SPS: 61
139999 success 1.0 +/- 0.0
139999 eval steps mean 12.9 best 12 optimal 12
139999 eval return 2.22 +/- 0.0
time:  39.297 SPS: 61
144999 success 1.0 +/- 0.0
144999 eval steps mean 12.9 best 12 optimal 12
144999 eval return 2.22 +/- 0.0
time:  40.92 SPS: 61
149999 success 1.0 +/- 0.0
149999 eval steps mean 12.9 best 12 optimal 12
149999 eval return 2.22 +/- 0.0
time:  42.494 SPS: 60
154999 success 1.0 +/- 0.0
154999 eval steps mean 13.1 best 12 optimal 12
154999 eval return 2.215 +/- 0.005
160000
GOAL [12  1]
time:  44.094 SPS: 60
159999 success 0.0 +/- 0.0
159999 eval steps mean 99.9 best 99 optimal 11
159999 eval return -12.765 +/- 0.075
time:  45.508 SPS: 60
164999 success 0.2 +/- 0.133
164999 eval steps mean 91.0 best 15 optimal 11
164999 eval return -4.38 +/- 0.825
time:  46.852 SPS: 60
169999 success 0.9 +/- 0.1
169999 eval steps mean 24.4 best 12 optimal 11
169999 eval return 0.741 +/- 1.479
time:  48.368 SPS: 60
174999 success 1.0 +/- 0.0
174999 eval steps mean 12.1 best 12 optimal 11
174999 eval return 2.333 +/- 0.007
time:  49.882 SPS: 60
179999 success 1.0 +/- 0.0
179999 eval steps mean 11.9 best 11 optimal 11
179999 eval return 2.34 +/- 0.0
time:  51.419 SPS: 59
184999 success 1.0 +/- 0.0
184999 eval steps mean 12.3 best 12 optimal 11
184999 eval return 2.32 +/- 0.008
time:  52.983 SPS: 59
189999 success 1.0 +/- 0.0
189999 eval steps mean 12.1 best 11 optimal 11
189999 eval return 2.337 +/- 0.003
time:  54.535 SPS: 59
194999 success 1.0 +/- 0.0
194999 eval steps mean 11.9 best 11 optimal 11
194999 eval return 2.34 +/- 0.0
200000
GOAL [10 11]
time:  56.179 SPS: 59
199999 success 0.0 +/- 0.0
199999 eval steps mean 99.9 best 99 optimal 7
199999 eval return -14.227 +/- 0.044
time:  57.527 SPS: 59
204999 success 0.8 +/- 0.133
204999 eval steps mean 38.4 best 14 optimal 7
204999 eval return -1.169 +/- 1.78
time:  58.499 SPS: 59
209999 success 1.0 +/- 0.0
209999 eval steps mean 12.1 best 11 optimal 7
209999 eval return 2.328 +/- 0.012
time:  59.984 SPS: 59
214999 success 1.0 +/- 0.0
214999 eval steps mean 12.1 best 11 optimal 7
214999 eval return 2.333 +/- 0.007
time:  61.539 SPS: 59
219999 success 1.0 +/- 0.0
219999 eval steps mean 12.3 best 11 optimal 7
219999 eval return 2.33 +/- 0.01
time:  63.028 SPS: 59
224999 success 1.0 +/- 0.0
224999 eval steps mean 11.9 best 11 optimal 7
224999 eval return 2.34 +/- 0.0
time:  64.643 SPS: 59
229999 success 1.0 +/- 0.0
229999 eval steps mean 11.9 best 11 optimal 7
229999 eval return 2.34 +/- 0.0
time:  66.316 SPS: 59
234999 success 1.0 +/- 0.0
234999 eval steps mean 12.1 best 11 optimal 7
234999 eval return 2.327 +/- 0.013
240000
GOAL [6 1]
time:  68.109 SPS: 58
239999 success 0.0 +/- 0.0
239999 eval steps mean 99.9 best 99 optimal 7
239999 eval return -17.572 +/- 0.023
time:  69.56 SPS: 58
244999 success 0.0 +/- 0.0
244999 eval steps mean 99.9 best 99 optimal 7
244999 eval return -10.794 +/- 0.778
time:  70.985 SPS: 58
249999 success 0.0 +/- 0.0
249999 eval steps mean 99.9 best 99 optimal 7
249999 eval return -7.135 +/- 0.136
time:  72.675 SPS: 58
254999 success 0.0 +/- 0.0
254999 eval steps mean 99.9 best 99 optimal 7
254999 eval return -6.875 +/- 0.066
time:  74.4 SPS: 58
259999 success 0.2 +/- 0.133
259999 eval steps mean 87.5 best 18 optimal 7
259999 eval return -4.604 +/- 0.899
time:  75.728 SPS: 58
264999 success 1.0 +/- 0.0
264999 eval steps mean 17.3 best 15 optimal 7
264999 eval return 1.705 +/- 0.084
time:  76.767 SPS: 58
269999 success 1.0 +/- 0.0
269999 eval steps mean 16.2 best 15 optimal 7
269999 eval return 1.783 +/- 0.013
time:  78.272 SPS: 58
274999 success 1.0 +/- 0.0
274999 eval steps mean 16.1 best 15 optimal 7
274999 eval return 1.797 +/- 0.003
280000
GOAL [5 2]
time:  79.911 SPS: 58
279999 success 1.0 +/- 0.0
279999 eval steps mean 14.5 best 13 optimal 7
279999 eval return 2.032 +/- 0.058
time:  81.557 SPS: 58
284999 success 1.0 +/- 0.0
284999 eval steps mean 14.3 best 13 optimal 7
284999 eval return 2.08 +/- 0.006
time:  83.164 SPS: 58
289999 success 1.0 +/- 0.0
289999 eval steps mean 13.9 best 13 optimal 7
289999 eval return 2.09 +/- 0.0
time:  84.873 SPS: 57
294999 success 1.0 +/- 0.0
294999 eval steps mean 13.9 best 13 optimal 7
294999 eval return 2.09 +/- 0.0
time:  86.723 SPS: 57
299999 success 1.0 +/- 0.0
299999 eval steps mean 14.1 best 13 optimal 7
299999 eval return 2.077 +/- 0.013
time:  88.447 SPS: 57
304999 success 1.0 +/- 0.0
304999 eval steps mean 14.1 best 13 optimal 7
304999 eval return 2.071 +/- 0.019
time:  90.194 SPS: 57
309999 success 1.0 +/- 0.0
309999 eval steps mean 13.9 best 13 optimal 7
309999 eval return 2.09 +/- 0.0
time:  91.843 SPS: 57
314999 success 1.0 +/- 0.0
314999 eval steps mean 14.2 best 13 optimal 7
314999 eval return 2.085 +/- 0.003
320000
GOAL [10  1]
time:  93.668 SPS: 56
319999 success 0.0 +/- 0.0
319999 eval steps mean 99.9 best 99 optimal 9
319999 eval return -5.572 +/- 0.056
time:  95.219 SPS: 56
324999 success 0.2 +/- 0.133
324999 eval steps mean 86.0 best 30 optimal 9
324999 eval return -3.517 +/- 0.699
time:  96.399 SPS: 57
329999 success 1.0 +/- 0.0
329999 eval steps mean 25.3 best 24 optimal 9
329999 eval return 0.873 +/- 0.038
time:  97.349 SPS: 57
334999 success 1.0 +/- 0.0
334999 eval steps mean 23.5 best 21 optimal 9
334999 eval return 1.01 +/- 0.057
time:  98.866 SPS: 57
339999 success 1.0 +/- 0.0
339999 eval steps mean 22.8 best 22 optimal 9
339999 eval return 1.063 +/- 0.01
time:  100.571 SPS: 57
344999 success 1.0 +/- 0.0
344999 eval steps mean 25.9 best 21 optimal 9
344999 eval return 0.861 +/- 0.223
time:  102.284 SPS: 57
349999 success 0.1 +/- 0.1
349999 eval steps mean 92.6 best 27 optimal 9
349999 eval return -8.995 +/- 1.273
time:  103.884 SPS: 56
354999 success 1.0 +/- 0.0
354999 eval steps mean 17.3 best 16 optimal 9
354999 eval return 1.975 +/- 0.033
360000
GOAL [ 8 10]
time:  105.386 SPS: 56
359999 success 0.0 +/- 0.0
359999 eval steps mean 99.9 best 99 optimal 4
359999 eval return -18.118 +/- 0.031
time:  107.056 SPS: 56
364999 success 0.0 +/- 0.0
364999 eval steps mean 99.9 best 99 optimal 4
364999 eval return -13.435 +/- 0.492
time:  108.028 SPS: 57
369999 success 0.8 +/- 0.133
369999 eval steps mean 46.3 best 23 optimal 4
369999 eval return -2.653 +/- 1.799
time:  108.812 SPS: 57
374999 success 1.0 +/- 0.0
374999 eval steps mean 23.5 best 19 optimal 4
374999 eval return 0.868 +/- 0.214
time:  110.049 SPS: 57
379999 success 1.0 +/- 0.0
379999 eval steps mean 23.5 best 19 optimal 4
379999 eval return 1.126 +/- 0.061
time:  111.582 SPS: 57
384999 success 1.0 +/- 0.0
384999 eval steps mean 20.6 best 19 optimal 4
384999 eval return 1.236 +/- 0.033
time:  113.04 SPS: 57
389999 success 0.8 +/- 0.133
389999 eval steps mean 48.8 best 19 optimal 4
389999 eval return -1.015 +/- 1.1
time:  114.542 SPS: 57
394999 success 1.0 +/- 0.0
394999 eval steps mean 19.1 best 18 optimal 4
394999 eval return 1.287 +/- 0.023
400000
GOAL [5 4]
time:  116.174 SPS: 57
399999 success 0.0 +/- 0.0
399999 eval steps mean 99.9 best 99 optimal 5
399999 eval return -22.027 +/- 0.004
time:  117.789 SPS: 57
404999 success 0.0 +/- 0.0
404999 eval steps mean 99.9 best 99 optimal 5
404999 eval return -17.193 +/- 0.582
time:  119.036 SPS: 57
409999 success 0.0 +/- 0.0
409999 eval steps mean 99.9 best 99 optimal 5
409999 eval return -5.876 +/- 0.065
time:  120.413 SPS: 57
414999 success 0.0 +/- 0.0
414999 eval steps mean 99.9 best 99 optimal 5
414999 eval return -4.867 +/- 0.177
time:  122.059 SPS: 57
419999 success 0.1 +/- 0.1
419999 eval steps mean 97.3 best 73 optimal 5
419999 eval return -4.805 +/- 0.994
time:  123.481 SPS: 57
424999 success 0.9 +/- 0.1
424999 eval steps mean 35.1 best 18 optimal 5
424999 eval return -0.783 +/- 1.483
time:  124.366 SPS: 57
429999 success 1.0 +/- 0.0
429999 eval steps mean 16.1 best 15 optimal 5
429999 eval return 1.791 +/- 0.009
time:  125.818 SPS: 57
434999 success 1.0 +/- 0.0
434999 eval steps mean 16.9 best 15 optimal 5
434999 eval return 1.713 +/- 0.049
440000
GOAL [11 14]
time:  127.435 SPS: 57
439999 success 0.0 +/- 0.0
439999 eval steps mean 99.9 best 99 optimal 11
439999 eval return -17.882 +/- 0.454
time:  128.887 SPS: 57
444999 success 0.0 +/- 0.0
444999 eval steps mean 99.9 best 99 optimal 11
444999 eval return -10.31 +/- 0.281
time:  130.36 SPS: 57
449999 success 0.4 +/- 0.163
449999 eval steps mean 77.9 best 25 optimal 11
449999 eval return -3.268 +/- 0.892
time:  131.811 SPS: 57
454999 success 0.8 +/- 0.133
454999 eval steps mean 39.3 best 14 optimal 11
454999 eval return 0.622 +/- 0.75
time:  133.411 SPS: 57
459999 success 1.0 +/- 0.0
459999 eval steps mean 13.9 best 13 optimal 11
459999 eval return 2.09 +/- 0.0
time:  135.028 SPS: 57
464999 success 1.0 +/- 0.0
464999 eval steps mean 14.0 best 13 optimal 11
464999 eval return 2.083 +/- 0.007
time:  136.683 SPS: 57
469999 success 1.0 +/- 0.0
469999 eval steps mean 14.1 best 13 optimal 11
469999 eval return 2.077 +/- 0.013
time:  138.332 SPS: 57
474999 success 1.0 +/- 0.0
474999 eval steps mean 13.9 best 13 optimal 11
474999 eval return 2.09 +/- 0.0
480000
GOAL [ 9 13]
time:  139.963 SPS: 57
479999 success 0.0 +/- 0.0
479999 eval steps mean 99.9 best 99 optimal 8
479999 eval return -5.385 +/- 0.016
time:  141.691 SPS: 57
484999 success 1.0 +/- 0.0
484999 eval steps mean 18.0 best 15 optimal 8
484999 eval return 1.578 +/- 0.338
time:  143.244 SPS: 57
489999 success 1.0 +/- 0.0
489999 eval steps mean 15.4 best 15 optimal 8
489999 eval return 1.921 +/- 0.021
time:  144.798 SPS: 56
494999 success 1.0 +/- 0.0
494999 eval steps mean 15.3 best 14 optimal 8
494999 eval return 1.926 +/- 0.024
time:  146.435 SPS: 56
499999 success 1.0 +/- 0.0
499999 eval steps mean 14.9 best 14 optimal 8
499999 eval return 1.95 +/- 0.0
time:  148.063 SPS: 56
504999 success 1.0 +/- 0.0
504999 eval steps mean 14.9 best 14 optimal 8
504999 eval return 1.95 +/- 0.0
time:  149.771 SPS: 56
509999 success 1.0 +/- 0.0
509999 eval steps mean 14.9 best 14 optimal 8
509999 eval return 1.95 +/- 0.0
time:  151.521 SPS: 56
514999 success 1.0 +/- 0.0
514999 eval steps mean 16.5 best 15 optimal 8
514999 eval return 1.908 +/- 0.022
520000
GOAL [13 13]
time:  153.161 SPS: 56
519999 success 0.0 +/- 0.0
519999 eval steps mean 99.9 best 99 optimal 12
519999 eval return -7.41 +/- 0.097
time:  154.996 SPS: 56
524999 success 0.0 +/- 0.0
524999 eval steps mean 99.9 best 99 optimal 12
524999 eval return -6.344 +/- 0.34
time:  156.753 SPS: 56
529999 success 0.0 +/- 0.0
529999 eval steps mean 99.9 best 99 optimal 12
529999 eval return -7.087 +/- 0.211
time:  158.386 SPS: 56
534999 success 0.2 +/- 0.133
534999 eval steps mean 96.4 best 75 optimal 12
534999 eval return -3.165 +/- 0.553
time:  159.895 SPS: 56
539999 success 1.0 +/- 0.0
539999 eval steps mean 13.1 best 12 optimal 12
539999 eval return 2.203 +/- 0.017
time:  161.514 SPS: 56
544999 success 1.0 +/- 0.0
544999 eval steps mean 13.1 best 12 optimal 12
544999 eval return 2.217 +/- 0.003
time:  163.241 SPS: 56
549999 success 1.0 +/- 0.0
549999 eval steps mean 12.9 best 12 optimal 12
549999 eval return 2.22 +/- 0.0
time:  164.918 SPS: 56
554999 success 1.0 +/- 0.0
554999 eval steps mean 12.9 best 12 optimal 12
554999 eval return 2.22 +/- 0.0
560000
GOAL [14  6]
time:  166.657 SPS: 56
559999 success 0.0 +/- 0.0
559999 eval steps mean 99.9 best 99 optimal 8
559999 eval return -10.543 +/- 0.092
time:  168.338 SPS: 55
564999 success 1.0 +/- 0.0
564999 eval steps mean 8.9 best 8 optimal 8
564999 eval return 2.64 +/- 0.0
time:  170.027 SPS: 55
569999 success 1.0 +/- 0.0
569999 eval steps mean 8.9 best 8 optimal 8
569999 eval return 2.64 +/- 0.0
time:  171.799 SPS: 55
574999 success 1.0 +/- 0.0
574999 eval steps mean 8.9 best 8 optimal 8
574999 eval return 2.64 +/- 0.0
time:  173.452 SPS: 55
579999 success 1.0 +/- 0.0
579999 eval steps mean 8.9 best 8 optimal 8
579999 eval return 2.64 +/- 0.0
time:  175.257 SPS: 55
584999 success 1.0 +/- 0.0
584999 eval steps mean 8.9 best 8 optimal 8
584999 eval return 2.64 +/- 0.0
time:  176.976 SPS: 55
589999 success 1.0 +/- 0.0
589999 eval steps mean 9.3 best 8 optimal 8
589999 eval return 2.616 +/- 0.017
time:  178.7 SPS: 55
594999 success 1.0 +/- 0.0
594999 eval steps mean 8.9 best 8 optimal 8
594999 eval return 2.64 +/- 0.0
600000
GOAL [ 8 13]
time:  180.525 SPS: 55
599999 success 0.0 +/- 0.0
599999 eval steps mean 99.9 best 99 optimal 7
599999 eval return -13.301 +/- 0.023
time:  182.196 SPS: 55
604999 success 0.0 +/- 0.0
604999 eval steps mean 99.9 best 99 optimal 7
604999 eval return -14.298 +/- 0.106
time:  183.803 SPS: 55
609999 success 0.0 +/- 0.0
609999 eval steps mean 99.9 best 99 optimal 7
609999 eval return -7.596 +/- 0.042
time:  185.42 SPS: 55
614999 success 0.0 +/- 0.0
614999 eval steps mean 99.9 best 99 optimal 7
614999 eval return -7.294 +/- 0.103
time:  187.071 SPS: 55
619999 success 0.0 +/- 0.0
619999 eval steps mean 99.9 best 99 optimal 7
619999 eval return -7.017 +/- 0.051
time:  188.636 SPS: 55
624999 success 0.0 +/- 0.0
624999 eval steps mean 99.9 best 99 optimal 7
624999 eval return -6.419 +/- 0.084
time:  190.194 SPS: 55
629999 success 0.0 +/- 0.0
629999 eval steps mean 99.9 best 99 optimal 7
629999 eval return -6.585 +/- 0.454
time:  191.634 SPS: 55
634999 success 0.0 +/- 0.0
634999 eval steps mean 99.9 best 99 optimal 7
634999 eval return -6.349 +/- 0.147
640000
GOAL [ 5 11]
time:  193.162 SPS: 55
639999 success 0.1 +/- 0.1
639999 eval steps mean 93.9 best 40 optimal 6
639999 eval return -9.337 +/- 1.83
time:  194.059 SPS: 55
644999 success 1.0 +/- 0.0
644999 eval steps mean 27.9 best 22 optimal 6
644999 eval return 0.64 +/- 0.158
time:  195.121 SPS: 55
649999 success 1.0 +/- 0.0
649999 eval steps mean 22.7 best 19 optimal 6
649999 eval return 1.109 +/- 0.062
time:  196.714 SPS: 55
654999 success 1.0 +/- 0.0
654999 eval steps mean 22.8 best 20 optimal 6
654999 eval return 1.205 +/- 0.011
time:  198.301 SPS: 55
659999 success 1.0 +/- 0.0
659999 eval steps mean 21.5 best 20 optimal 6
659999 eval return 1.217 +/- 0.017
time:  199.797 SPS: 55
664999 success 1.0 +/- 0.0
664999 eval steps mean 22.9 best 21 optimal 6
664999 eval return 1.228 +/- 0.014
time:  201.244 SPS: 55
669999 success 1.0 +/- 0.0
669999 eval steps mean 20.9 best 20 optimal 6
669999 eval return 1.26 +/- 0.0
time:  202.669 SPS: 55
674999 success 1.0 +/- 0.0
674999 eval steps mean 20.9 best 20 optimal 6
674999 eval return 1.26 +/- 0.0
680000
GOAL [14  5]
time:  203.867 SPS: 55
679999 success 0.0 +/- 0.0
679999 eval steps mean 99.9 best 99 optimal 9
679999 eval return -17.401 +/- 0.365
time:  204.897 SPS: 55
684999 success 0.7 +/- 0.153
684999 eval steps mean 41.5 best 12 optimal 9
684999 eval return -0.936 +/- 1.62
time:  205.818 SPS: 55
689999 success 1.0 +/- 0.0
689999 eval steps mean 9.9 best 9 optimal 9
689999 eval return 2.55 +/- 0.0
time:  206.751 SPS: 56
694999 success 1.0 +/- 0.0
694999 eval steps mean 9.9 best 9 optimal 9
694999 eval return 2.55 +/- 0.0
time:  207.523 SPS: 56
699999 success 1.0 +/- 0.0
699999 eval steps mean 9.9 best 9 optimal 9
699999 eval return 2.55 +/- 0.0
time:  208.321 SPS: 56
704999 success 1.0 +/- 0.0
704999 eval steps mean 9.9 best 9 optimal 9
704999 eval return 2.55 +/- 0.0
time:  209.137 SPS: 56
709999 success 1.0 +/- 0.0
709999 eval steps mean 9.9 best 9 optimal 9
709999 eval return 2.55 +/- 0.0
time:  209.968 SPS: 56
714999 success 1.0 +/- 0.0
714999 eval steps mean 9.9 best 9 optimal 9
714999 eval return 2.55 +/- 0.0
720000
GOAL [13  0]
time:  210.783 SPS: 56
719999 success 0.0 +/- 0.0
719999 eval steps mean 99.9 best 99 optimal 13
719999 eval return -8.173 +/- 0.028
time:  211.619 SPS: 57
724999 success 0.0 +/- 0.0
724999 eval steps mean 99.9 best 99 optimal 13
724999 eval return -8.5 +/- 0.047
time:  212.375 SPS: 57
729999 success 1.0 +/- 0.0
729999 eval steps mean 15.0 best 14 optimal 13
729999 eval return 2.041 +/- 0.023
time:  213.176 SPS: 57
734999 success 1.0 +/- 0.0
734999 eval steps mean 14.2 best 13 optimal 13
734999 eval return 2.083 +/- 0.007
time:  213.925 SPS: 57
739999 success 1.0 +/- 0.0
739999 eval steps mean 14.1 best 13 optimal 13
739999 eval return 2.083 +/- 0.007
time:  214.679 SPS: 57
744999 success 1.0 +/- 0.0
744999 eval steps mean 13.9 best 13 optimal 13
744999 eval return 2.09 +/- 0.0
time:  215.491 SPS: 58
749999 success 1.0 +/- 0.0
749999 eval steps mean 14.4 best 13 optimal 13
749999 eval return 2.078 +/- 0.008
time:  216.284 SPS: 58
754999 success 1.0 +/- 0.0
754999 eval steps mean 13.9 best 13 optimal 13
754999 eval return 2.09 +/- 0.0
760000
GOAL [ 8 10]
time:  217.077 SPS: 58
759999 success 0.0 +/- 0.0
759999 eval steps mean 99.9 best 99 optimal 4
759999 eval return -18.806 +/- 0.007
time:  217.879 SPS: 58
764999 success 0.0 +/- 0.0
764999 eval steps mean 99.9 best 99 optimal 4
764999 eval return -13.049 +/- 0.083
time:  218.589 SPS: 58
769999 success 0.0 +/- 0.0
769999 eval steps mean 99.9 best 99 optimal 4
769999 eval return -8.424 +/- 0.033
time:  219.256 SPS: 58
774999 success 0.0 +/- 0.0
774999 eval steps mean 99.9 best 99 optimal 4
774999 eval return -7.196 +/- 0.08
time:  219.879 SPS: 59
779999 success 0.0 +/- 0.0
779999 eval steps mean 99.9 best 99 optimal 4
779999 eval return -6.401 +/- 0.026
time:  220.627 SPS: 59
784999 success 0.0 +/- 0.0
784999 eval steps mean 99.9 best 99 optimal 4
784999 eval return -6.376 +/- 0.184
time:  221.457 SPS: 59
789999 success 0.0 +/- 0.0
789999 eval steps mean 99.9 best 99 optimal 4
789999 eval return -5.662 +/- 0.169
time:  222.201 SPS: 59
794999 success 0.1 +/- 0.1
794999 eval steps mean 95.2 best 53 optimal 4
794999 eval return -4.965 +/- 0.569
800000
GOAL [12 14]
time:  222.865 SPS: 59
799999 success 0.0 +/- 0.0
799999 eval steps mean 99.9 best 99 optimal 12
799999 eval return -6.812 +/- 0.071
done RL run. Time 222.91973174500006 min
