D:\anaconda\envs\parseval\lib\site-packages\gymnasium\spaces\box.py:231: UserWarning: [33mWARN: Box low's precision lowered by casting to float32, current low.dtype=float64[0m
  gym.logger.warn(
D:\anaconda\envs\parseval\lib\site-packages\gymnasium\spaces\box.py:297: UserWarning: [33mWARN: Box high's precision lowered by casting to float32, current high.dtype=float64[0m
  gym.logger.warn(
D:\anaconda\envs\parseval\lib\site-packages\gymnasium\spaces\box.py:231: UserWarning: [33mWARN: Box low's precision lowered by casting to float32, current low.dtype=float64[0m
  gym.logger.warn(
D:\anaconda\envs\parseval\lib\site-packages\gymnasium\spaces\box.py:297: UserWarning: [33mWARN: Box high's precision lowered by casting to float32, current high.dtype=float64[0m
  gym.logger.warn(
agent_dict keys dict_keys(['base_algorithm', 'learning_rate', 'num_envs', 'rollout_num_steps', 'gamma', 'gae_lambda', 'num_minibatches', 'update_epochs', 'minibatch_size', 'norm_adv', 'clip_coef', 'clip_vloss', 'ent_coef', 'vf_coef', 'max_grad_norm', 'rpo_alpha', 'parseval_reg', 'input_scale', 'learnable_input_scale', 'add_diag_layer', 'lie_group', 'pion', 'pion_block_size', 'pion_multiplicative', 'oft', 'poet', 'oet_num_blocks', 'poet_exact_cayley', 'layer_norm', 'layer_norm_no_params', 'weight_decay', 'tuned_adam', 'perturb', 'perturb_dist', 'regen', 'regen_wasserstein', 'weight_init', 'net_width', 'net_activation', 'init_gain', 'parseval_norm', 'parseval_num_groups'])
env_dict keys dict_keys(['env', 'change_freq', 'seed', 'env_sequence', 'env_type'])
Start RL run!
{'base_algorithm': 'ppo_agent', 'learning_rate': 0.002, 'num_envs': 1, 'rollout_num_steps': 2048, 'gamma': 0.99, 'gae_lambda': 0.95, 'num_minibatches': 32, 'update_epochs': 10, 'minibatch_size': 64, 'norm_adv': True, 'clip_coef': 0.2, 'clip_vloss': True, 'ent_coef': 0.0, 'vf_coef': 0.5, 'max_grad_norm': 0.5, 'rpo_alpha': 0.5, 'parseval_reg': 0, 'input_scale': 1, 'learnable_input_scale': False, 'add_diag_layer': False, 'lie_group': False, 'pion': True, 'pion_block_size': None, 'pion_multiplicative': False, 'oft': False, 'poet': False, 'oet_num_blocks': 1, 'poet_exact_cayley': False, 'layer_norm': False, 'layer_norm_no_params': False, 'weight_decay': 0, 'tuned_adam': False, 'perturb': 0.0, 'perturb_dist': 'xavier', 'regen': 0.0, 'regen_wasserstein': False, 'weight_init': 'xavier', 'net_width': 64, 'net_activation': 'tanh', 'init_gain': None, 'parseval_norm': False, 'parseval_num_groups': 1, 'device': 'cpu'}
{'env': 'metaworld_sequence_shuffle', 'change_freq': 1000000.0, 'seed': 126, 'env_sequence': 'shuffle', 'env_type': 'rl', 'local_run': False}
Running on gpu: False
TASK 1  226 plate-slide-back-v3
time:  0.045 SPS: 0
0 success 0.0 +/- 0.0
0 eval return 107.569 +/- 18.233
time:  1.103 SPS: 377
24999 success 0.0 +/- 0.0
24999 eval return 216.47 +/- 49.951
time:  2.393 SPS: 348
49999 success 0.0 +/- 0.0
49999 eval return 277.735 +/- 29.524
time:  3.643 SPS: 343
74999 success 0.6 +/- 0.163
74999 eval return 919.346 +/- 169.637
time:  4.882 SPS: 341
99999 success 0.8 +/- 0.133
99999 eval return 1199.568 +/- 181.242
time:  6.212 SPS: 335
124999 success 1.0 +/- 0.0
124999 eval return 1156.923 +/- 55.546
time:  7.496 SPS: 333
149999 success 0.6 +/- 0.163
149999 eval return 868.876 +/- 214.095
time:  8.8 SPS: 331
174999 success 0.9 +/- 0.1
174999 eval return 1277.7 +/- 156.821
time:  10.079 SPS: 330
199999 success 1.0 +/- 0.0
199999 eval return 1525.667 +/- 64.856
time:  11.381 SPS: 329
224999 success 0.8 +/- 0.133
224999 eval return 1250.054 +/- 189.446
time:  12.758 SPS: 326
249999 success 0.9 +/- 0.1
249999 eval return 1400.63 +/- 162.982
time:  14.084 SPS: 325
274999 success 0.7 +/- 0.153
274999 eval return 1125.193 +/- 227.357
time:  15.412 SPS: 324
299999 success 0.9 +/- 0.1
299999 eval return 1392.537 +/- 128.302
time:  16.741 SPS: 323
324999 success 1.0 +/- 0.0
324999 eval return 1460.158 +/- 64.244
time:  18.063 SPS: 322
349999 success 0.8 +/- 0.133
349999 eval return 1188.7 +/- 179.091
time:  19.418 SPS: 321
374999 success 0.8 +/- 0.133
374999 eval return 1271.02 +/- 201.792
time:  20.765 SPS: 321
399999 success 1.0 +/- 0.0
399999 eval return 1366.677 +/- 138.337
time:  22.15 SPS: 319
424999 success 1.0 +/- 0.0
424999 eval return 1455.098 +/- 41.937
time:  23.481 SPS: 319
449999 success 0.9 +/- 0.1
449999 eval return 1359.567 +/- 136.88
time:  24.798 SPS: 319
474999 success 1.0 +/- 0.0
474999 eval return 1358.027 +/- 80.552
time:  26.133 SPS: 318
499999 success 0.7 +/- 0.153
499999 eval return 965.581 +/- 216.908
time:  27.434 SPS: 318
524999 success 0.9 +/- 0.1
524999 eval return 1281.031 +/- 141.999
time:  29.08 SPS: 315
549999 success 1.0 +/- 0.0
549999 eval return 1328.688 +/- 97.86
time:  30.428 SPS: 314
574999 success 1.0 +/- 0.0
574999 eval return 1505.036 +/- 67.851
time:  31.711 SPS: 315
599999 success 1.0 +/- 0.0
599999 eval return 1679.026 +/- 12.355
time:  33.048 SPS: 315
624999 success 0.8 +/- 0.133
624999 eval return 1322.255 +/- 199.626
time:  34.347 SPS: 315
649999 success 0.9 +/- 0.1
649999 eval return 1451.631 +/- 163.826
time:  35.659 SPS: 315
674999 success 0.9 +/- 0.1
674999 eval return 1310.734 +/- 182.39
time:  36.954 SPS: 315
699999 success 1.0 +/- 0.0
699999 eval return 1486.587 +/- 54.294
time:  38.318 SPS: 315
724999 success 1.0 +/- 0.0
724999 eval return 1599.641 +/- 39.355
time:  39.623 SPS: 315
749999 success 0.8 +/- 0.133
749999 eval return 1219.173 +/- 175.559
time:  40.952 SPS: 315
774999 success 0.8 +/- 0.133
774999 eval return 1372.469 +/- 200.49
time:  42.27 SPS: 315
799999 success 1.0 +/- 0.0
799999 eval return 1509.12 +/- 64.149
time:  43.57 SPS: 315
824999 success 1.0 +/- 0.0
824999 eval return 1680.009 +/- 24.402
time:  44.908 SPS: 315
849999 success 0.8 +/- 0.133
849999 eval return 1087.797 +/- 214.345
time:  46.175 SPS: 315
874999 success 1.0 +/- 0.0
874999 eval return 1361.74 +/- 75.061
time:  47.657 SPS: 314
899999 success 0.8 +/- 0.133
899999 eval return 1196.241 +/- 189.411
time:  48.907 SPS: 315
924999 success 1.0 +/- 0.0
924999 eval return 1131.655 +/- 142.848
time:  50.146 SPS: 315
949999 success 0.8 +/- 0.133
949999 eval return 1157.728 +/- 169.142
time:  51.443 SPS: 315
974999 success 0.9 +/- 0.1
974999 eval return 1450.541 +/- 134.522
TASK 2  326 coffee-button-v3
time:  52.678 SPS: 316
999999 success 0.2 +/- 0.133
999999 eval return 123.191 +/- 14.762
time:  53.874 SPS: 317
1024999 success 0.6 +/- 0.163
1024999 eval return 404.881 +/- 91.6
time:  55.067 SPS: 317
1049999 success 0.9 +/- 0.1
1049999 eval return 901.227 +/- 100.295
time:  56.279 SPS: 318
1074999 success 0.9 +/- 0.1
1074999 eval return 797.354 +/- 118.422
time:  57.537 SPS: 318
1099999 success 0.6 +/- 0.163
1099999 eval return 419.246 +/- 70.039
time:  58.783 SPS: 318
1124999 success 1.0 +/- 0.0
1124999 eval return 986.776 +/- 99.878
time:  60.007 SPS: 319
1149999 success 0.9 +/- 0.1
1149999 eval return 984.672 +/- 68.409
time:  61.229 SPS: 319
1174999 success 0.9 +/- 0.1
1174999 eval return 1013.648 +/- 87.52
time:  62.444 SPS: 320
1199999 success 1.0 +/- 0.0
1199999 eval return 1164.291 +/- 62.701
time:  63.686 SPS: 320
1224999 success 1.0 +/- 0.0
1224999 eval return 1202.584 +/- 45.077
time:  64.887 SPS: 321
1249999 success 0.8 +/- 0.133
1249999 eval return 943.461 +/- 132.956
time:  66.087 SPS: 321
1274999 success 1.0 +/- 0.0
1274999 eval return 1284.207 +/- 66.129
time:  67.279 SPS: 322
1299999 success 1.0 +/- 0.0
1299999 eval return 1067.669 +/- 95.624
time:  68.461 SPS: 322
1324999 success 1.0 +/- 0.0
1324999 eval return 1215.109 +/- 122.427
time:  69.691 SPS: 322
1349999 success 1.0 +/- 0.0
1349999 eval return 1126.755 +/- 66.474
time:  70.88 SPS: 323
1374999 success 1.0 +/- 0.0
1374999 eval return 1301.466 +/- 55.886
time:  72.079 SPS: 323
1399999 success 1.0 +/- 0.0
1399999 eval return 1347.378 +/- 65.44
time:  73.251 SPS: 324
1424999 success 1.0 +/- 0.0
1424999 eval return 1261.843 +/- 57.228
time:  74.478 SPS: 324
1449999 success 0.7 +/- 0.153
1449999 eval return 915.756 +/- 127.685
time:  75.662 SPS: 324
1474999 success 0.9 +/- 0.1
1474999 eval return 1080.229 +/- 103.511
time:  76.852 SPS: 325
1499999 success 0.8 +/- 0.133
1499999 eval return 994.688 +/- 122.093
time:  78.053 SPS: 325
1524999 success 0.9 +/- 0.1
1524999 eval return 1175.191 +/- 86.491
time:  79.221 SPS: 326
1549999 success 1.0 +/- 0.0
1549999 eval return 1215.38 +/- 59.295
time:  80.453 SPS: 326
1574999 success 1.0 +/- 0.0
1574999 eval return 1135.127 +/- 57.627
time:  81.637 SPS: 326
1599999 success 0.9 +/- 0.1
1599999 eval return 1147.881 +/- 101.833
time:  82.837 SPS: 326
1624999 success 1.0 +/- 0.0
1624999 eval return 1231.521 +/- 48.363
time:  84.036 SPS: 327
1649999 success 0.9 +/- 0.1
1649999 eval return 1223.466 +/- 113.645
time:  85.22 SPS: 327
1674999 success 1.0 +/- 0.0
1674999 eval return 1186.326 +/- 63.218
time:  86.448 SPS: 327
1699999 success 1.0 +/- 0.0
1699999 eval return 1229.351 +/- 26.42
time:  87.64 SPS: 328
1724999 success 0.9 +/- 0.1
1724999 eval return 1280.91 +/- 95.784
time:  88.815 SPS: 328
1749999 success 1.0 +/- 0.0
1749999 eval return 1195.873 +/- 73.184
time:  90.017 SPS: 328
1774999 success 0.9 +/- 0.1
1774999 eval return 1127.095 +/- 101.657
time:  91.212 SPS: 328
1799999 success 0.9 +/- 0.1
1799999 eval return 935.682 +/- 153.576
time:  92.455 SPS: 328
1824999 success 1.0 +/- 0.0
1824999 eval return 1242.398 +/- 76.666
time:  93.639 SPS: 329
1849999 success 1.0 +/- 0.0
1849999 eval return 1323.017 +/- 63.902
time:  94.821 SPS: 329
1874999 success 1.0 +/- 0.0
1874999 eval return 1343.035 +/- 34.775
time:  96.007 SPS: 329
1899999 success 1.0 +/- 0.0
1899999 eval return 1211.957 +/- 69.458
time:  97.202 SPS: 330
1924999 success 0.8 +/- 0.133
1924999 eval return 1060.098 +/- 122.917
time:  98.43 SPS: 330
1949999 success 0.9 +/- 0.1
1949999 eval return 1312.205 +/- 120.138
time:  99.626 SPS: 330
1974999 success 1.0 +/- 0.0
1974999 eval return 1336.01 +/- 43.413
TASK 3  426 reach-v3
time:  100.812 SPS: 330
1999999 success 1.0 +/- 0.0
1999999 eval return 1623.298 +/- 40.991
time:  102.015 SPS: 330
2024999 success 1.0 +/- 0.0
2024999 eval return 1696.051 +/- 22.71
time:  103.209 SPS: 331
2049999 success 1.0 +/- 0.0
2049999 eval return 1706.156 +/- 24.509
time:  104.462 SPS: 331
2074999 success 1.0 +/- 0.0
2074999 eval return 1735.047 +/- 19.77
time:  105.669 SPS: 331
2099999 success 0.9 +/- 0.1
2099999 eval return 1652.863 +/- 39.776
time:  106.869 SPS: 331
2124999 success 1.0 +/- 0.0
2124999 eval return 1756.903 +/- 9.024
time:  108.064 SPS: 331
2149999 success 1.0 +/- 0.0
2149999 eval return 1710.209 +/- 17.839
time:  109.283 SPS: 331
2174999 success 1.0 +/- 0.0
2174999 eval return 1731.323 +/- 21.246
time:  110.484 SPS: 331
2199999 success 1.0 +/- 0.0
2199999 eval return 1711.243 +/- 19.749
time:  111.677 SPS: 332
2224999 success 0.9 +/- 0.1
2224999 eval return 1527.223 +/- 40.43
time:  112.886 SPS: 332
2249999 success 1.0 +/- 0.0
2249999 eval return 1725.223 +/- 17.361
time:  114.073 SPS: 332
2274999 success 0.9 +/- 0.1
2274999 eval return 1605.943 +/- 59.074
time:  115.308 SPS: 332
2299999 success 1.0 +/- 0.0
2299999 eval return 1657.708 +/- 22.092
time:  116.5 SPS: 332
2324999 success 0.8 +/- 0.133
2324999 eval return 1683.558 +/- 21.813
time:  117.705 SPS: 332
2349999 success 1.0 +/- 0.0
2349999 eval return 1698.587 +/- 17.091
time:  118.906 SPS: 332
2374999 success 1.0 +/- 0.0
2374999 eval return 1681.6 +/- 10.766
time:  120.093 SPS: 333
2399999 success 1.0 +/- 0.0
2399999 eval return 1699.274 +/- 21.005
time:  121.328 SPS: 333
2424999 success 1.0 +/- 0.0
2424999 eval return 1748.467 +/- 16.384
time:  122.532 SPS: 333
2449999 success 1.0 +/- 0.0
2449999 eval return 1735.912 +/- 8.754
time:  123.734 SPS: 333
2474999 success 1.0 +/- 0.0
2474999 eval return 1612.943 +/- 33.961
time:  124.934 SPS: 333
2499999 success 1.0 +/- 0.0
2499999 eval return 1649.492 +/- 24.512
time:  126.127 SPS: 333
2524999 success 1.0 +/- 0.0
2524999 eval return 1707.222 +/- 18.907
time:  127.369 SPS: 333
2549999 success 1.0 +/- 0.0
2549999 eval return 1736.12 +/- 20.683
time:  128.542 SPS: 333
2574999 success 1.0 +/- 0.0
2574999 eval return 1699.618 +/- 8.793
time:  129.761 SPS: 333
2599999 success 1.0 +/- 0.0
2599999 eval return 1801.467 +/- 6.726
time:  130.952 SPS: 334
2624999 success 1.0 +/- 0.0
2624999 eval return 1688.45 +/- 22.22
time:  132.13 SPS: 334
2649999 success 1.0 +/- 0.0
2649999 eval return 1699.205 +/- 21.779
time:  133.358 SPS: 334
2674999 success 1.0 +/- 0.0
2674999 eval return 1701.75 +/- 28.24
time:  134.565 SPS: 334
2699999 success 1.0 +/- 0.0
2699999 eval return 1710.711 +/- 29.275
time:  135.764 SPS: 334
2724999 success 0.9 +/- 0.1
2724999 eval return 1644.694 +/- 52.713
time:  136.956 SPS: 334
2749999 success 1.0 +/- 0.0
2749999 eval return 1630.743 +/- 39.947
time:  138.166 SPS: 334
2774999 success 1.0 +/- 0.0
2774999 eval return 1705.471 +/- 14.445
time:  139.391 SPS: 334
2799999 success 1.0 +/- 0.0
2799999 eval return 1704.006 +/- 19.37
time:  140.589 SPS: 334
2824999 success 0.8 +/- 0.133
2824999 eval return 1598.637 +/- 33.235
time:  141.793 SPS: 334
2849999 success 0.7 +/- 0.153
2849999 eval return 1443.887 +/- 62.587
time:  143.008 SPS: 335
2874999 success 1.0 +/- 0.0
2874999 eval return 1679.393 +/- 35.08
time:  144.28 SPS: 334
2899999 success 0.9 +/- 0.1
2899999 eval return 1639.305 +/- 22.281
time:  145.463 SPS: 335
2924999 success 1.0 +/- 0.0
2924999 eval return 1597.257 +/- 44.096
time:  146.665 SPS: 335
2949999 success 0.9 +/- 0.1
2949999 eval return 1674.303 +/- 20.445
time:  147.872 SPS: 335
2974999 success 1.0 +/- 0.0
2974999 eval return 1676.889 +/- 16.219
TASK 4  526 sweep-into-v3
time:  149.08 SPS: 335
2999999 success 0.0 +/- 0.0
2999999 eval return 17.73 +/- 0.492
time:  150.5 SPS: 334
3024999 success 0.0 +/- 0.0
3024999 eval return 17.068 +/- 0.887
time:  151.935 SPS: 334
3049999 success 0.0 +/- 0.0
3049999 eval return 55.633 +/- 5.085
time:  153.416 SPS: 334
3074999 success 0.0 +/- 0.0
3074999 eval return 131.778 +/- 24.753
time:  155.064 SPS: 333
3099999 success 0.0 +/- 0.0
3099999 eval return 191.468 +/- 42.535
time:  156.726 SPS: 332
3124999 success 0.0 +/- 0.0
3124999 eval return 272.27 +/- 36.825
time:  158.385 SPS: 331
3149999 success 0.5 +/- 0.167
3149999 eval return 316.151 +/- 65.826
time:  159.984 SPS: 330
3174999 success 0.4 +/- 0.163
3174999 eval return 608.804 +/- 170.839
time:  161.557 SPS: 330
3199999 success 0.4 +/- 0.163
3199999 eval return 414.55 +/- 179.11
time:  163.096 SPS: 329
3224999 success 0.5 +/- 0.167
3224999 eval return 617.988 +/- 217.761
time:  164.623 SPS: 329
3249999 success 0.6 +/- 0.163
3249999 eval return 615.06 +/- 191.099
time:  166.172 SPS: 328
3274999 success 0.5 +/- 0.167
3274999 eval return 530.392 +/- 169.908
time:  167.686 SPS: 327
3299999 success 0.8 +/- 0.133
3299999 eval return 1053.786 +/- 189.236
time:  169.192 SPS: 327
3324999 success 0.4 +/- 0.163
3324999 eval return 489.694 +/- 171.302
time:  170.699 SPS: 327
3349999 success 0.9 +/- 0.1
3349999 eval return 1100.439 +/- 221.44
time:  172.155 SPS: 326
3374999 success 0.9 +/- 0.1
3374999 eval return 736.654 +/- 227.433
time:  173.684 SPS: 326
3399999 success 0.9 +/- 0.1
3399999 eval return 1264.208 +/- 165.951
time:  175.174 SPS: 325
3424999 success 1.0 +/- 0.0
3424999 eval return 1135.607 +/- 148.245
time:  176.638 SPS: 325
3449999 success 0.7 +/- 0.153
3449999 eval return 883.382 +/- 245.127
time:  178.119 SPS: 325
3474999 success 0.9 +/- 0.1
3474999 eval return 1067.152 +/- 190.061
time:  179.567 SPS: 324
3499999 success 0.7 +/- 0.153
3499999 eval return 532.112 +/- 189.706
time:  181.083 SPS: 324
3524999 success 1.0 +/- 0.0
3524999 eval return 1207.952 +/- 147.212
time:  182.552 SPS: 324
3549999 success 0.7 +/- 0.153
3549999 eval return 769.252 +/- 218.538
time:  184.057 SPS: 323
3574999 success 0.8 +/- 0.133
3574999 eval return 1053.235 +/- 238.943
time:  185.552 SPS: 323
3599999 success 0.9 +/- 0.1
3599999 eval return 1100.629 +/- 184.349
time:  187.065 SPS: 322
3624999 success 0.7 +/- 0.153
3624999 eval return 598.905 +/- 200.779
time:  188.527 SPS: 322
3649999 success 0.6 +/- 0.163
3649999 eval return 848.807 +/- 233.033
time:  190.026 SPS: 322
3674999 success 0.8 +/- 0.133
3674999 eval return 1093.424 +/- 236.299
time:  191.492 SPS: 322
3699999 success 0.7 +/- 0.153
3699999 eval return 936.855 +/- 208.754
time:  192.973 SPS: 321
3724999 success 0.7 +/- 0.153
3724999 eval return 669.722 +/- 217.877
time:  194.473 SPS: 321
3749999 success 0.6 +/- 0.163
3749999 eval return 742.246 +/- 257.477
time:  195.941 SPS: 321
3774999 success 0.7 +/- 0.153
3774999 eval return 915.227 +/- 238.644
time:  197.409 SPS: 320
3799999 success 0.9 +/- 0.1
3799999 eval return 1385.271 +/- 185.433
time:  198.917 SPS: 320
3824999 success 0.6 +/- 0.163
3824999 eval return 747.01 +/- 241.705
time:  200.423 SPS: 320
3849999 success 1.0 +/- 0.0
3849999 eval return 1458.805 +/- 133.121
time:  201.95 SPS: 319
3874999 success 0.9 +/- 0.1
3874999 eval return 1152.633 +/- 217.483
time:  203.433 SPS: 319
3899999 success 0.9 +/- 0.1
3899999 eval return 1274.472 +/- 199.118
time:  204.869 SPS: 319
3924999 success 0.7 +/- 0.153
3924999 eval return 1055.365 +/- 249.509
time:  206.342 SPS: 319
3949999 success 0.8 +/- 0.133
3949999 eval return 1074.568 +/- 228.393
time:  207.802 SPS: 318
3974999 success 0.7 +/- 0.153
3974999 eval return 573.604 +/- 188.029
TASK 5  626 door-close-v3
time:  209.296 SPS: 318
3999999 success 0.0 +/- 0.0
3999999 eval return 73.578 +/- 0.813
time:  210.557 SPS: 318
4024999 success 0.0 +/- 0.0
4024999 eval return 88.536 +/- 0.677
time:  211.858 SPS: 318
4049999 success 0.0 +/- 0.0
4049999 eval return 92.898 +/- 0.853
time:  213.154 SPS: 318
4074999 success 0.0 +/- 0.0
4074999 eval return 94.739 +/- 0.496
time:  214.461 SPS: 318
4099999 success 0.0 +/- 0.0
4099999 eval return 95.769 +/- 0.435
time:  215.797 SPS: 318
4124999 success 0.0 +/- 0.0
4124999 eval return 95.496 +/- 0.613
time:  217.085 SPS: 318
4149999 success 0.0 +/- 0.0
4149999 eval return 96.151 +/- 0.425
time:  218.386 SPS: 318
4174999 success 0.0 +/- 0.0
4174999 eval return 95.643 +/- 0.361
time:  219.674 SPS: 318
4199999 success 0.0 +/- 0.0
4199999 eval return 95.128 +/- 0.689
time:  220.959 SPS: 318
4224999 success 0.0 +/- 0.0
4224999 eval return 96.02 +/- 0.443
time:  222.289 SPS: 318
4249999 success 0.0 +/- 0.0
4249999 eval return 97.486 +/- 0.522
time:  223.562 SPS: 318
4274999 success 0.0 +/- 0.0
4274999 eval return 97.292 +/- 0.335
time:  224.857 SPS: 318
4299999 success 0.0 +/- 0.0
4299999 eval return 98.142 +/- 0.348
time:  226.143 SPS: 318
4324999 success 0.0 +/- 0.0
4324999 eval return 97.991 +/- 0.349
time:  227.464 SPS: 318
4349999 success 0.0 +/- 0.0
4349999 eval return 97.752 +/- 0.178
time:  228.755 SPS: 318
4374999 success 0.0 +/- 0.0
4374999 eval return 97.696 +/- 0.075
time:  230.042 SPS: 318
4399999 success 0.0 +/- 0.0
4399999 eval return 98.278 +/- 0.363
time:  231.328 SPS: 318
4424999 success 0.0 +/- 0.0
4424999 eval return 99.085 +/- 0.484
time:  232.608 SPS: 318
4449999 success 0.1 +/- 0.1
4449999 eval return 227.737 +/- 128.384
time:  233.956 SPS: 318
4474999 success 1.0 +/- 0.0
4474999 eval return 1458.244 +/- 14.257
time:  235.275 SPS: 318
4499999 success 1.0 +/- 0.0
4499999 eval return 1473.224 +/- 13.463
time:  236.569 SPS: 318
4524999 success 1.0 +/- 0.0
4524999 eval return 1433.463 +/- 16.259
time:  237.835 SPS: 318
4549999 success 1.0 +/- 0.0
4549999 eval return 1438.155 +/- 16.817
time:  239.118 SPS: 318
4574999 success 0.8 +/- 0.133
4574999 eval return 1155.055 +/- 176.476
time:  240.434 SPS: 318
4599999 success 1.0 +/- 0.0
4599999 eval return 1500.341 +/- 4.189
time:  241.708 SPS: 318
4624999 success 1.0 +/- 0.0
4624999 eval return 1502.594 +/- 3.418
time:  242.98 SPS: 318
4649999 success 1.0 +/- 0.0
4649999 eval return 1477.241 +/- 8.211
time:  244.272 SPS: 318
4674999 success 1.0 +/- 0.0
4674999 eval return 1486.935 +/- 8.014
time:  245.541 SPS: 319
4699999 success 1.0 +/- 0.0
4699999 eval return 1499.499 +/- 4.023
time:  246.884 SPS: 318
4724999 success 1.0 +/- 0.0
4724999 eval return 1479.858 +/- 7.497
time:  248.138 SPS: 319
4749999 success 1.0 +/- 0.0
4749999 eval return 1493.586 +/- 3.528
time:  249.421 SPS: 319
4774999 success 1.0 +/- 0.0
4774999 eval return 1482.256 +/- 6.442
time:  250.673 SPS: 319
4799999 success 1.0 +/- 0.0
4799999 eval return 1494.765 +/- 5.472
time:  251.934 SPS: 319
4824999 success 1.0 +/- 0.0
4824999 eval return 1492.135 +/- 6.289
time:  253.23 SPS: 319
4849999 success 1.0 +/- 0.0
4849999 eval return 1490.213 +/- 3.39
time:  254.481 SPS: 319
4874999 success 1.0 +/- 0.0
4874999 eval return 1508.298 +/- 3.551
time:  255.733 SPS: 319
4899999 success 1.0 +/- 0.0
4899999 eval return 1494.541 +/- 3.842
time:  257.011 SPS: 319
4924999 success 0.8 +/- 0.133
4924999 eval return 1266.911 +/- 159.633
time:  258.28 SPS: 319
4949999 success 1.0 +/- 0.0
4949999 eval return 1508.874 +/- 3.157
time:  259.584 SPS: 319
4974999 success 1.0 +/- 0.0
4974999 eval return 1491.637 +/- 5.783
TASK 6  726 plate-slide-side-v3
time:  260.851 SPS: 319
4999999 success 0.0 +/- 0.0
4999999 eval return 6.519 +/- 0.26
time:  262.042 SPS: 319
5024999 success 0.0 +/- 0.0
5024999 eval return 7.44 +/- 0.146
time:  263.254 SPS: 319
5049999 success 0.0 +/- 0.0
5049999 eval return 8.386 +/- 0.268
time:  264.51 SPS: 319
5074999 success 0.0 +/- 0.0
5074999 eval return 18.117 +/- 5.665
time:  265.758 SPS: 319
5099999 success 0.2 +/- 0.133
5099999 eval return 808.231 +/- 115.903
time:  267.126 SPS: 319
5124999 success 0.5 +/- 0.167
5124999 eval return 1010.342 +/- 127.047
time:  268.476 SPS: 319
5149999 success 0.9 +/- 0.1
5149999 eval return 1334.595 +/- 51.52
time:  269.82 SPS: 319
5174999 success 0.9 +/- 0.1
5174999 eval return 1212.871 +/- 126.627
time:  271.209 SPS: 319
5199999 success 0.7 +/- 0.153
5199999 eval return 1078.462 +/- 194.714
time:  272.531 SPS: 319
5224999 success 1.0 +/- 0.0
5224999 eval return 1520.216 +/- 26.752
time:  273.864 SPS: 319
5249999 success 1.0 +/- 0.0
5249999 eval return 1537.616 +/- 37.966
time:  275.186 SPS: 319
5274999 success 0.8 +/- 0.133
5274999 eval return 1093.57 +/- 109.65
time:  276.52 SPS: 319
5299999 success 0.7 +/- 0.153
5299999 eval return 1273.313 +/- 76.147
time:  277.911 SPS: 319
5324999 success 1.0 +/- 0.0
5324999 eval return 1489.092 +/- 44.132
time:  279.266 SPS: 319
5349999 success 1.0 +/- 0.0
5349999 eval return 1462.302 +/- 40.659
time:  280.572 SPS: 319
5374999 success 1.0 +/- 0.0
5374999 eval return 1506.357 +/- 39.199
time:  281.889 SPS: 319
5399999 success 1.0 +/- 0.0
5399999 eval return 1477.109 +/- 46.373
time:  283.194 SPS: 319
5424999 success 1.0 +/- 0.0
5424999 eval return 1502.546 +/- 47.313
time:  284.54 SPS: 319
5449999 success 1.0 +/- 0.0
5449999 eval return 1560.023 +/- 35.325
time:  285.856 SPS: 319
5474999 success 1.0 +/- 0.0
5474999 eval return 1623.5 +/- 24.564
time:  287.124 SPS: 319
5499999 success 1.0 +/- 0.0
5499999 eval return 1589.605 +/- 35.089
time:  288.451 SPS: 319
5524999 success 1.0 +/- 0.0
5524999 eval return 1447.874 +/- 88.76
time:  289.768 SPS: 319
5549999 success 0.9 +/- 0.1
5549999 eval return 1289.391 +/- 136.559
time:  291.101 SPS: 319
5574999 success 0.9 +/- 0.1
5574999 eval return 1247.448 +/- 81.491
time:  292.409 SPS: 319
5599999 success 1.0 +/- 0.0
5599999 eval return 1452.446 +/- 47.593
time:  293.696 SPS: 319
5624999 success 0.9 +/- 0.1
5624999 eval return 1313.774 +/- 56.467
time:  294.987 SPS: 319
5649999 success 1.0 +/- 0.0
5649999 eval return 1374.129 +/- 61.853
time:  296.269 SPS: 319
5674999 success 1.0 +/- 0.0
5674999 eval return 1493.52 +/- 28.682
time:  297.625 SPS: 319
5699999 success 1.0 +/- 0.0
5699999 eval return 1394.857 +/- 34.898
time:  298.909 SPS: 319
5724999 success 0.9 +/- 0.1
5724999 eval return 1399.582 +/- 54.096
time:  300.221 SPS: 319
5749999 success 1.0 +/- 0.0
5749999 eval return 1440.87 +/- 45.48
time:  301.537 SPS: 319
5774999 success 1.0 +/- 0.0
5774999 eval return 1311.637 +/- 44.827
time:  302.883 SPS: 319
5799999 success 0.7 +/- 0.153
5799999 eval return 1312.616 +/- 64.518
time:  304.194 SPS: 319
5824999 success 0.9 +/- 0.1
5824999 eval return 1419.257 +/- 43.587
time:  305.494 SPS: 319
5849999 success 0.8 +/- 0.133
5849999 eval return 1404.271 +/- 61.07
time:  306.78 SPS: 319
5874999 success 1.0 +/- 0.0
5874999 eval return 1566.269 +/- 47.486
time:  308.072 SPS: 319
5899999 success 1.0 +/- 0.0
5899999 eval return 1384.264 +/- 110.432
time:  309.433 SPS: 319
5924999 success 1.0 +/- 0.0
5924999 eval return 1565.581 +/- 25.475
time:  310.726 SPS: 319
5949999 success 1.0 +/- 0.0
5949999 eval return 1251.468 +/- 108.966
time:  312.001 SPS: 319
5974999 success 1.0 +/- 0.0
5974999 eval return 1411.404 +/- 41.876
TASK 7  826 plate-slide-back-side-v3
time:  313.295 SPS: 319
5999999 success 0.0 +/- 0.0
5999999 eval return 435.22 +/- 19.397
time:  314.642 SPS: 319
6024999 success 0.0 +/- 0.0
6024999 eval return 463.946 +/- 14.655
time:  316.032 SPS: 319
6049999 success 0.0 +/- 0.0
6049999 eval return 534.799 +/- 11.807
time:  317.362 SPS: 319
6074999 success 0.0 +/- 0.0
6074999 eval return 613.597 +/- 42.314
time:  318.665 SPS: 319
6099999 success 0.0 +/- 0.0
6099999 eval return 556.952 +/- 40.282
time:  319.949 SPS: 319
6124999 success 0.0 +/- 0.0
6124999 eval return 792.899 +/- 26.132
time:  321.222 SPS: 319
6149999 success 0.3 +/- 0.153
6149999 eval return 822.887 +/- 72.636
time:  322.494 SPS: 319
6174999 success 0.9 +/- 0.1
6174999 eval return 1395.641 +/- 147.611
time:  323.751 SPS: 319
6199999 success 1.0 +/- 0.0
6199999 eval return 1443.431 +/- 59.82
time:  325.004 SPS: 319
6224999 success 0.9 +/- 0.1
6224999 eval return 1285.453 +/- 198.826
time:  326.245 SPS: 319
6249999 success 0.9 +/- 0.1
6249999 eval return 1328.706 +/- 178.125
time:  327.5 SPS: 319
6274999 success 1.0 +/- 0.0
6274999 eval return 1605.418 +/- 26.132
time:  328.799 SPS: 319
6299999 success 1.0 +/- 0.0
6299999 eval return 1571.658 +/- 52.743
time:  330.06 SPS: 319
6324999 success 1.0 +/- 0.0
6324999 eval return 1553.196 +/- 51.426
time:  331.304 SPS: 319
6349999 success 1.0 +/- 0.0
6349999 eval return 1593.921 +/- 34.887
time:  332.553 SPS: 319
6374999 success 1.0 +/- 0.0
6374999 eval return 1579.435 +/- 39.914
time:  333.833 SPS: 319
6399999 success 0.9 +/- 0.1
6399999 eval return 1469.187 +/- 159.337
time:  335.064 SPS: 319
6424999 success 1.0 +/- 0.0
6424999 eval return 1380.308 +/- 132.62
time:  336.331 SPS: 319
6449999 success 0.9 +/- 0.1
6449999 eval return 1315.754 +/- 166.877
time:  337.577 SPS: 319
6474999 success 0.8 +/- 0.133
6474999 eval return 1266.422 +/- 205.809
time:  338.83 SPS: 319
6499999 success 0.9 +/- 0.1
6499999 eval return 1354.871 +/- 126.054
time:  340.144 SPS: 319
6524999 success 0.8 +/- 0.133
6524999 eval return 1206.852 +/- 187.364
time:  341.405 SPS: 319
6549999 success 0.8 +/- 0.133
6549999 eval return 1280.12 +/- 208.754
time:  342.664 SPS: 319
6574999 success 1.0 +/- 0.0
6574999 eval return 1593.731 +/- 21.231
time:  343.923 SPS: 319
6599999 success 1.0 +/- 0.0
6599999 eval return 1448.77 +/- 105.195
time:  345.176 SPS: 319
6624999 success 0.9 +/- 0.1
6624999 eval return 1380.578 +/- 149.999
time:  346.464 SPS: 319
6649999 success 0.6 +/- 0.163
6649999 eval return 936.775 +/- 242.314
time:  347.721 SPS: 319
6674999 success 0.8 +/- 0.133
6674999 eval return 1261.736 +/- 201.869
time:  348.956 SPS: 320
6699999 success 0.9 +/- 0.1
6699999 eval return 1275.767 +/- 179.481
time:  350.198 SPS: 320
6724999 success 0.8 +/- 0.133
6724999 eval return 1110.454 +/- 223.36
time:  351.44 SPS: 320
6749999 success 0.9 +/- 0.1
6749999 eval return 1462.488 +/- 159.754
time:  352.721 SPS: 320
6774999 success 0.9 +/- 0.1
6774999 eval return 1457.732 +/- 159.61
time:  353.97 SPS: 320
6799999 success 0.7 +/- 0.153
6799999 eval return 1169.123 +/- 247.846
time:  355.211 SPS: 320
6824999 success 0.9 +/- 0.1
6824999 eval return 1491.904 +/- 163.383
time:  356.442 SPS: 320
6849999 success 1.0 +/- 0.0
6849999 eval return 1642.872 +/- 21.33
time:  357.688 SPS: 320
6874999 success 0.9 +/- 0.1
6874999 eval return 1259.091 +/- 202.146
time:  358.966 SPS: 320
6899999 success 0.8 +/- 0.133
6899999 eval return 1320.218 +/- 151.163
time:  360.228 SPS: 320
6924999 success 0.5 +/- 0.167
6924999 eval return 1009.833 +/- 174.238
time:  361.5 SPS: 320
6949999 success 0.9 +/- 0.1
6949999 eval return 1342.466 +/- 153.363
time:  362.751 SPS: 320
6974999 success 0.8 +/- 0.133
6974999 eval return 1363.31 +/- 220.63
TASK 8  926 drawer-close-v3
time:  364.031 SPS: 320
6999999 success 0.9 +/- 0.1
6999999 eval return 580.047 +/- 212.489
time:  365.256 SPS: 320
7024999 success 1.0 +/- 0.0
7024999 eval return 1485.836 +/- 62.107
time:  366.458 SPS: 320
7049999 success 1.0 +/- 0.0
7049999 eval return 1779.497 +/- 17.257
time:  367.675 SPS: 320
7074999 success 1.0 +/- 0.0
7074999 eval return 1828.095 +/- 8.164
time:  368.9 SPS: 320
7099999 success 1.0 +/- 0.0
7099999 eval return 1848.622 +/- 2.418
time:  370.104 SPS: 320
7124999 success 1.0 +/- 0.0
7124999 eval return 1829.887 +/- 9.037
time:  371.291 SPS: 320
7149999 success 1.0 +/- 0.0
7149999 eval return 1811.648 +/- 21.143
time:  372.552 SPS: 320
7174999 success 1.0 +/- 0.0
7174999 eval return 1846.152 +/- 2.969
time:  373.804 SPS: 321
7199999 success 1.0 +/- 0.0
7199999 eval return 1846.483 +/- 3.434
time:  375.077 SPS: 321
7224999 success 1.0 +/- 0.0
7224999 eval return 1836.453 +/- 3.874
time:  376.364 SPS: 321
7249999 success 0.9 +/- 0.1
7249999 eval return 1659.248 +/- 184.302
time:  377.613 SPS: 321
7274999 success 0.9 +/- 0.1
7274999 eval return 1661.491 +/- 184.401
time:  378.874 SPS: 321
7299999 success 0.9 +/- 0.1
7299999 eval return 1651.867 +/- 183.393
time:  380.11 SPS: 321
7324999 success 1.0 +/- 0.0
7324999 eval return 1750.345 +/- 39.709
time:  381.34 SPS: 321
7349999 success 1.0 +/- 0.0
7349999 eval return 1646.479 +/- 181.081
time:  382.622 SPS: 321
7374999 success 0.9 +/- 0.1
7374999 eval return 1653.47 +/- 183.663
time:  383.866 SPS: 321
7399999 success 1.0 +/- 0.0
7399999 eval return 1663.759 +/- 173.617
time:  385.11 SPS: 321
7424999 success 1.0 +/- 0.0
7424999 eval return 1834.361 +/- 5.261
time:  386.355 SPS: 321
7449999 success 1.0 +/- 0.0
7449999 eval return 1837.524 +/- 4.611
time:  387.608 SPS: 321
7474999 success 1.0 +/- 0.0
7474999 eval return 1832.226 +/- 4.373
time:  388.9 SPS: 321
7499999 success 1.0 +/- 0.0
7499999 eval return 1837.106 +/- 7.176
time:  390.155 SPS: 321
7524999 success 1.0 +/- 0.0
7524999 eval return 1844.537 +/- 2.129
time:  391.408 SPS: 321
7549999 success 1.0 +/- 0.0
7549999 eval return 1837.59 +/- 4.718
time:  392.665 SPS: 321
7574999 success 1.0 +/- 0.0
7574999 eval return 1521.2 +/- 208.222
time:  393.9 SPS: 321
7599999 success 1.0 +/- 0.0
7599999 eval return 1832.258 +/- 4.647
time:  395.154 SPS: 321
7624999 success 0.9 +/- 0.1
7624999 eval return 1641.484 +/- 182.246
time:  396.384 SPS: 321
7649999 success 1.0 +/- 0.0
7649999 eval return 1839.486 +/- 2.451
time:  397.611 SPS: 321
7674999 success 1.0 +/- 0.0
7674999 eval return 1827.205 +/- 18.312
time:  398.864 SPS: 321
7699999 success 1.0 +/- 0.0
7699999 eval return 1836.653 +/- 2.21
time:  400.088 SPS: 321
7724999 success 0.8 +/- 0.133
7724999 eval return 1468.617 +/- 244.736
time:  401.368 SPS: 321
7749999 success 0.9 +/- 0.1
7749999 eval return 1615.539 +/- 183.248
time:  402.603 SPS: 321
7774999 success 0.9 +/- 0.1
7774999 eval return 1630.994 +/- 182.421
time:  403.839 SPS: 321
7799999 success 0.9 +/- 0.1
7799999 eval return 1396.829 +/- 240.738
time:  405.077 SPS: 321
7824999 success 0.9 +/- 0.1
7824999 eval return 1656.226 +/- 183.726
time:  406.329 SPS: 321
7849999 success 1.0 +/- 0.0
7849999 eval return 1850.492 +/- 10.918
time:  407.564 SPS: 322
7874999 success 0.7 +/- 0.153
7874999 eval return 1120.904 +/- 292.773
time:  408.803 SPS: 322
7899999 success 1.0 +/- 0.0
7899999 eval return 1679.392 +/- 163.392
time:  410.019 SPS: 322
7924999 success 0.7 +/- 0.153
7924999 eval return 1274.341 +/- 277.709
time:  411.259 SPS: 322
7949999 success 0.4 +/- 0.163
7949999 eval return 738.485 +/- 300.792
time:  412.553 SPS: 322
7974999 success 0.8 +/- 0.133
7974999 eval return 1475.348 +/- 245.505
TASK 9  1026 button-press-v3
time:  413.798 SPS: 322
7999999 success 0.0 +/- 0.0
7999999 eval return 48.23 +/- 1.059
time:  414.916 SPS: 322
8024999 success 0.0 +/- 0.0
8024999 eval return 83.456 +/- 4.186
time:  416.087 SPS: 322
8049999 success 0.2 +/- 0.133
8049999 eval return 208.507 +/- 5.964
time:  417.386 SPS: 322
8074999 success 1.0 +/- 0.0
8074999 eval return 252.476 +/- 1.646
time:  418.748 SPS: 322
8099999 success 1.0 +/- 0.0
8099999 eval return 256.636 +/- 3.024
time:  420.05 SPS: 322
8124999 success 1.0 +/- 0.0
8124999 eval return 257.496 +/- 3.373
time:  421.357 SPS: 322
8149999 success 1.0 +/- 0.0
8149999 eval return 260.992 +/- 2.369
time:  422.675 SPS: 322
8174999 success 1.0 +/- 0.0
8174999 eval return 259.014 +/- 1.518
time:  423.983 SPS: 322
8199999 success 0.6 +/- 0.163
8199999 eval return 268.108 +/- 1.646
time:  425.23 SPS: 322
8224999 success 0.1 +/- 0.1
8224999 eval return 262.097 +/- 2.225
time:  426.409 SPS: 322
8249999 success 0.8 +/- 0.133
8249999 eval return 926.54 +/- 103.834
time:  427.582 SPS: 322
8274999 success 1.0 +/- 0.0
8274999 eval return 1039.443 +/- 83.551
time:  428.798 SPS: 322
8299999 success 0.8 +/- 0.133
8299999 eval return 924.304 +/- 96.252
time:  429.983 SPS: 322
8324999 success 1.0 +/- 0.0
8324999 eval return 1152.634 +/- 96.03
time:  431.202 SPS: 322
8349999 success 1.0 +/- 0.0
8349999 eval return 1203.064 +/- 78.331
time:  432.398 SPS: 322
8374999 success 1.0 +/- 0.0
8374999 eval return 1295.779 +/- 35.443
time:  433.593 SPS: 322
8399999 success 0.9 +/- 0.1
8399999 eval return 1162.669 +/- 92.578
time:  434.802 SPS: 322
8424999 success 1.0 +/- 0.0
8424999 eval return 1199.195 +/- 70.308
time:  436.0 SPS: 323
8449999 success 1.0 +/- 0.0
8449999 eval return 1288.948 +/- 82.527
time:  437.227 SPS: 323
8474999 success 0.9 +/- 0.1
8474999 eval return 1224.86 +/- 100.45
time:  438.439 SPS: 323
8499999 success 1.0 +/- 0.0
8499999 eval return 1297.702 +/- 69.438
time:  439.637 SPS: 323
8524999 success 1.0 +/- 0.0
8524999 eval return 1243.477 +/- 62.816
time:  440.848 SPS: 323
8549999 success 1.0 +/- 0.0
8549999 eval return 1325.426 +/- 95.535
time:  442.096 SPS: 323
8574999 success 1.0 +/- 0.0
8574999 eval return 1366.925 +/- 48.803
time:  443.317 SPS: 323
8599999 success 0.7 +/- 0.153
8599999 eval return 1110.793 +/- 94.804
time:  444.541 SPS: 323
8624999 success 1.0 +/- 0.0
8624999 eval return 1365.32 +/- 59.117
time:  445.753 SPS: 323
8649999 success 1.0 +/- 0.0
8649999 eval return 1378.41 +/- 39.118
time:  446.965 SPS: 323
8674999 success 0.9 +/- 0.1
8674999 eval return 1123.22 +/- 128.906
time:  448.196 SPS: 323
8699999 success 1.0 +/- 0.0
8699999 eval return 1236.908 +/- 108.988
time:  449.391 SPS: 323
8724999 success 1.0 +/- 0.0
8724999 eval return 1237.002 +/- 101.706
time:  450.597 SPS: 323
8749999 success 1.0 +/- 0.0
8749999 eval return 1158.047 +/- 137.179
time:  451.803 SPS: 323
8774999 success 1.0 +/- 0.0
8774999 eval return 1231.181 +/- 107.757
time:  453.014 SPS: 323
8799999 success 1.0 +/- 0.0
8799999 eval return 1279.603 +/- 102.686
time:  454.256 SPS: 323
8824999 success 0.8 +/- 0.133
8824999 eval return 1274.355 +/- 80.084
time:  455.487 SPS: 323
8849999 success 0.9 +/- 0.1
8849999 eval return 1389.288 +/- 34.042
time:  456.63 SPS: 323
8874999 success 1.0 +/- 0.0
8874999 eval return 1451.415 +/- 6.765
time:  457.733 SPS: 324
8899999 success 0.9 +/- 0.1
8899999 eval return 1319.866 +/- 80.188
time:  458.83 SPS: 324
8924999 success 1.0 +/- 0.0
8924999 eval return 1130.25 +/- 140.022
time:  459.952 SPS: 324
8949999 success 1.0 +/- 0.0
8949999 eval return 1434.599 +/- 12.379
time:  461.016 SPS: 324
8974999 success 1.0 +/- 0.0
8974999 eval return 1258.412 +/- 111.776
TASK 10  1126 reach-wall-v3
time:  462.101 SPS: 324
8999999 success 0.0 +/- 0.0
8999999 eval return 1350.173 +/- 18.325
time:  463.19 SPS: 324
9024999 success 0.9 +/- 0.1
9024999 eval return 1623.436 +/- 41.54
time:  464.252 SPS: 324
9049999 success 1.0 +/- 0.0
9049999 eval return 1757.223 +/- 14.106
time:  465.342 SPS: 325
9074999 success 1.0 +/- 0.0
9074999 eval return 1714.773 +/- 14.622
time:  466.367 SPS: 325
9099999 success 1.0 +/- 0.0
9099999 eval return 1708.448 +/- 25.566
time:  467.383 SPS: 325
9124999 success 0.9 +/- 0.1
9124999 eval return 1616.466 +/- 11.358
time:  468.413 SPS: 325
9149999 success 0.6 +/- 0.163
9149999 eval return 1545.526 +/- 20.459
time:  469.422 SPS: 325
9174999 success 1.0 +/- 0.0
9174999 eval return 1735.942 +/- 10.543
time:  470.432 SPS: 325
9199999 success 1.0 +/- 0.0
9199999 eval return 1635.628 +/- 54.669
time:  471.427 SPS: 326
9224999 success 1.0 +/- 0.0
9224999 eval return 1623.032 +/- 20.945
time:  472.412 SPS: 326
9249999 success 1.0 +/- 0.0
9249999 eval return 1628.426 +/- 14.062
time:  473.391 SPS: 326
9274999 success 1.0 +/- 0.0
9274999 eval return 1688.993 +/- 18.439
time:  474.401 SPS: 326
9299999 success 1.0 +/- 0.0
9299999 eval return 1792.145 +/- 9.012
time:  475.405 SPS: 326
9324999 success 1.0 +/- 0.0
9324999 eval return 1806.292 +/- 8.851
time:  476.407 SPS: 327
9349999 success 1.0 +/- 0.0
9349999 eval return 1801.883 +/- 10.699
time:  477.404 SPS: 327
9374999 success 0.8 +/- 0.133
9374999 eval return 1614.786 +/- 41.791
time:  478.397 SPS: 327
9399999 success 1.0 +/- 0.0
9399999 eval return 1764.135 +/- 11.835
time:  479.429 SPS: 327
9424999 success 1.0 +/- 0.0
9424999 eval return 1802.207 +/- 11.549
time:  480.431 SPS: 327
9449999 success 1.0 +/- 0.0
9449999 eval return 1771.929 +/- 14.06
time:  481.439 SPS: 328
9474999 success 1.0 +/- 0.0
9474999 eval return 1746.325 +/- 22.388
time:  482.429 SPS: 328
9499999 success 1.0 +/- 0.0
9499999 eval return 1719.124 +/- 22.555
time:  483.444 SPS: 328
9524999 success 1.0 +/- 0.0
9524999 eval return 1701.086 +/- 14.559
time:  484.451 SPS: 328
9549999 success 1.0 +/- 0.0
9549999 eval return 1664.824 +/- 17.728
time:  485.46 SPS: 328
9574999 success 0.9 +/- 0.1
9574999 eval return 1621.439 +/- 17.614
time:  486.453 SPS: 328
9599999 success 1.0 +/- 0.0
9599999 eval return 1635.527 +/- 39.855
time:  487.462 SPS: 329
9624999 success 1.0 +/- 0.0
9624999 eval return 1697.357 +/- 18.774
time:  488.439 SPS: 329
9649999 success 1.0 +/- 0.0
9649999 eval return 1724.549 +/- 29.135
time:  489.489 SPS: 329
9674999 success 1.0 +/- 0.0
9674999 eval return 1781.43 +/- 27.082
time:  490.469 SPS: 329
9699999 success 1.0 +/- 0.0
9699999 eval return 1726.215 +/- 31.935
time:  491.463 SPS: 329
9724999 success 1.0 +/- 0.0
9724999 eval return 1779.756 +/- 21.036
time:  492.465 SPS: 329
9749999 success 1.0 +/- 0.0
9749999 eval return 1768.258 +/- 23.397
time:  493.464 SPS: 330
9774999 success 1.0 +/- 0.0
9774999 eval return 1752.275 +/- 19.334
time:  494.496 SPS: 330
9799999 success 1.0 +/- 0.0
9799999 eval return 1723.77 +/- 23.724
time:  495.482 SPS: 330
9824999 success 1.0 +/- 0.0
9824999 eval return 1782.069 +/- 14.19
time:  496.48 SPS: 330
9849999 success 1.0 +/- 0.0
9849999 eval return 1728.102 +/- 23.975
time:  497.484 SPS: 330
9874999 success 1.0 +/- 0.0
9874999 eval return 1730.673 +/- 31.557
time:  498.488 SPS: 331
9899999 success 1.0 +/- 0.0
9899999 eval return 1748.925 +/- 19.523
time:  499.506 SPS: 331
9924999 success 1.0 +/- 0.0
9924999 eval return 1760.798 +/- 10.175
time:  500.5 SPS: 331
9949999 success 1.0 +/- 0.0
9949999 eval return 1707.825 +/- 24.751
time:  501.453 SPS: 331
9974999 success 1.0 +/- 0.0
9974999 eval return 1796.92 +/- 12.17
TASK 11  1226 plate-slide-back-v3
time:  502.338 SPS: 331
9999999 success 0.0 +/- 0.0
9999999 eval return 89.049 +/- 5.283
done RL run. Time 502.38571288500003 min
