D:\anaconda\envs\parseval\lib\site-packages\gymnasium\spaces\box.py:231: UserWarning: [33mWARN: Box low's precision lowered by casting to float32, current low.dtype=float64[0m
  gym.logger.warn(
D:\anaconda\envs\parseval\lib\site-packages\gymnasium\spaces\box.py:297: UserWarning: [33mWARN: Box high's precision lowered by casting to float32, current high.dtype=float64[0m
  gym.logger.warn(
D:\anaconda\envs\parseval\lib\site-packages\gymnasium\spaces\box.py:231: UserWarning: [33mWARN: Box low's precision lowered by casting to float32, current low.dtype=float64[0m
  gym.logger.warn(
D:\anaconda\envs\parseval\lib\site-packages\gymnasium\spaces\box.py:297: UserWarning: [33mWARN: Box high's precision lowered by casting to float32, current high.dtype=float64[0m
  gym.logger.warn(
agent_dict keys dict_keys(['base_algorithm', 'learning_rate', 'num_envs', 'rollout_num_steps', 'gamma', 'gae_lambda', 'num_minibatches', 'update_epochs', 'minibatch_size', 'norm_adv', 'clip_coef', 'clip_vloss', 'ent_coef', 'vf_coef', 'max_grad_norm', 'rpo_alpha', 'parseval_reg', 'input_scale', 'learnable_input_scale', 'add_diag_layer', 'lie_group', 'pion', 'pion_block_size', 'pion_multiplicative', 'oft', 'poet', 'oet_num_blocks', 'poet_exact_cayley', 'layer_norm', 'layer_norm_no_params', 'weight_decay', 'tuned_adam', 'perturb', 'perturb_dist', 'regen', 'regen_wasserstein', 'weight_init', 'net_width', 'net_activation', 'init_gain', 'parseval_norm', 'parseval_num_groups'])
env_dict keys dict_keys(['env', 'change_freq', 'seed', 'env_sequence', 'env_type'])
Start RL run!
{'base_algorithm': 'ppo_agent', 'learning_rate': 0.0006, 'num_envs': 1, 'rollout_num_steps': 2048, 'gamma': 0.99, 'gae_lambda': 0.95, 'num_minibatches': 32, 'update_epochs': 10, 'minibatch_size': 64, 'norm_adv': True, 'clip_coef': 0.2, 'clip_vloss': True, 'ent_coef': 0.0, 'vf_coef': 0.5, 'max_grad_norm': 0.5, 'rpo_alpha': 0.5, 'parseval_reg': 0, 'input_scale': 1, 'learnable_input_scale': False, 'add_diag_layer': False, 'lie_group': False, 'pion': False, 'pion_block_size': None, 'pion_multiplicative': False, 'oft': False, 'poet': True, 'oet_num_blocks': 1, 'poet_exact_cayley': True, 'layer_norm': False, 'layer_norm_no_params': False, 'weight_decay': 0, 'tuned_adam': False, 'perturb': 0.0, 'perturb_dist': 'xavier', 'regen': 0.0, 'regen_wasserstein': False, 'weight_init': 'orthogonal', 'net_width': 64, 'net_activation': 'tanh', 'init_gain': None, 'parseval_norm': False, 'parseval_num_groups': 1, 'device': 'cpu'}
{'env': 'metaworld_sequence_shuffle', 'change_freq': 1000000.0, 'seed': 127, 'env_sequence': 'shuffle', 'env_type': 'rl', 'local_run': False}
Running on gpu: False
TASK 1  227 plate-slide-back-v3
time:  0.048 SPS: 0
0 success 0.0 +/- 0.0
0 eval return 58.355 +/- 6.687
time:  1.439 SPS: 289
24999 success 0.0 +/- 0.0
24999 eval return 45.003 +/- 5.479
time:  3.016 SPS: 276
49999 success 0.0 +/- 0.0
49999 eval return 303.679 +/- 42.62
time:  4.639 SPS: 269
74999 success 0.0 +/- 0.0
74999 eval return 393.089 +/- 55.627
time:  6.285 SPS: 265
99999 success 0.0 +/- 0.0
99999 eval return 450.728 +/- 49.566
time:  8.051 SPS: 258
124999 success 0.0 +/- 0.0
124999 eval return 522.324 +/- 88.585
time:  9.739 SPS: 256
149999 success 1.0 +/- 0.0
149999 eval return 1317.911 +/- 107.739
time:  11.426 SPS: 255
174999 success 0.7 +/- 0.153
174999 eval return 981.891 +/- 197.311
time:  13.201 SPS: 252
199999 success 0.9 +/- 0.1
199999 eval return 1233.506 +/- 148.589
time:  14.942 SPS: 250
224999 success 1.0 +/- 0.0
224999 eval return 1497.569 +/- 40.503
time:  16.785 SPS: 248
249999 success 0.9 +/- 0.1
249999 eval return 1486.924 +/- 156.41
time:  18.511 SPS: 247
274999 success 0.8 +/- 0.133
274999 eval return 1194.408 +/- 187.606
time:  20.216 SPS: 247
299999 success 0.7 +/- 0.153
299999 eval return 1030.327 +/- 216.902
time:  22.01 SPS: 246
324999 success 1.0 +/- 0.0
324999 eval return 1624.679 +/- 31.69
time:  23.746 SPS: 245
349999 success 0.7 +/- 0.153
349999 eval return 1099.388 +/- 224.725
time:  25.532 SPS: 244
374999 success 0.9 +/- 0.1
374999 eval return 1480.91 +/- 158.189
time:  27.232 SPS: 244
399999 success 0.8 +/- 0.133
399999 eval return 1307.936 +/- 207.289
time:  29.253 SPS: 242
424999 success 1.0 +/- 0.0
424999 eval return 1378.268 +/- 104.905
time:  30.986 SPS: 242
449999 success 0.9 +/- 0.1
449999 eval return 1406.522 +/- 143.307
time:  32.723 SPS: 241
474999 success 0.9 +/- 0.1
474999 eval return 1320.873 +/- 105.845
time:  34.497 SPS: 241
499999 success 1.0 +/- 0.0
499999 eval return 1539.064 +/- 32.044
time:  36.193 SPS: 241
524999 success 1.0 +/- 0.0
524999 eval return 1421.299 +/- 128.07
time:  37.918 SPS: 241
549999 success 0.8 +/- 0.133
549999 eval return 1307.965 +/- 204.948
time:  39.62 SPS: 241
574999 success 0.8 +/- 0.133
574999 eval return 1109.1 +/- 177.336
time:  41.353 SPS: 241
599999 success 1.0 +/- 0.0
599999 eval return 1526.629 +/- 78.429
time:  43.125 SPS: 241
624999 success 0.9 +/- 0.1
624999 eval return 1287.175 +/- 179.549
time:  44.793 SPS: 241
649999 success 1.0 +/- 0.0
649999 eval return 1646.6 +/- 24.089
time:  46.396 SPS: 242
674999 success 1.0 +/- 0.0
674999 eval return 1487.392 +/- 55.049
time:  48.231 SPS: 241
699999 success 1.0 +/- 0.0
699999 eval return 1617.593 +/- 30.447
time:  49.893 SPS: 242
724999 success 1.0 +/- 0.0
724999 eval return 1548.831 +/- 86.29
time:  51.503 SPS: 242
749999 success 1.0 +/- 0.0
749999 eval return 1622.357 +/- 21.315
time:  53.101 SPS: 243
774999 success 1.0 +/- 0.0
774999 eval return 1339.26 +/- 165.911
time:  54.692 SPS: 243
799999 success 1.0 +/- 0.0
799999 eval return 1512.811 +/- 39.028
time:  56.268 SPS: 244
824999 success 1.0 +/- 0.0
824999 eval return 1422.72 +/- 97.865
time:  57.974 SPS: 244
849999 success 1.0 +/- 0.0
849999 eval return 1505.825 +/- 82.689
time:  59.65 SPS: 244
874999 success 1.0 +/- 0.0
874999 eval return 1575.491 +/- 66.16
time:  61.311 SPS: 244
899999 success 0.9 +/- 0.1
899999 eval return 1272.707 +/- 203.827
time:  62.959 SPS: 244
924999 success 1.0 +/- 0.0
924999 eval return 1584.688 +/- 35.577
time:  64.588 SPS: 245
949999 success 0.8 +/- 0.133
949999 eval return 1253.577 +/- 203.138
time:  66.258 SPS: 245
974999 success 1.0 +/- 0.0
974999 eval return 1615.282 +/- 42.69
TASK 2  327 coffee-button-v3
time:  67.869 SPS: 245
999999 success 0.0 +/- 0.0
999999 eval return 44.94 +/- 2.229
time:  69.417 SPS: 246
1024999 success 0.7 +/- 0.153
1024999 eval return 640.754 +/- 140.301
time:  70.979 SPS: 246
1049999 success 0.6 +/- 0.163
1049999 eval return 455.334 +/- 117.109
time:  72.498 SPS: 247
1074999 success 0.7 +/- 0.153
1074999 eval return 855.528 +/- 135.818
time:  74.09 SPS: 247
1099999 success 0.8 +/- 0.133
1099999 eval return 902.629 +/- 132.192
time:  75.642 SPS: 247
1124999 success 0.7 +/- 0.153
1124999 eval return 812.764 +/- 144.789
time:  77.218 SPS: 248
1149999 success 0.8 +/- 0.133
1149999 eval return 1137.966 +/- 123.589
time:  78.749 SPS: 248
1174999 success 0.9 +/- 0.1
1174999 eval return 1104.592 +/- 102.262
time:  80.279 SPS: 249
1199999 success 1.0 +/- 0.0
1199999 eval return 1204.852 +/- 33.209
time:  81.895 SPS: 249
1224999 success 0.9 +/- 0.1
1224999 eval return 1257.487 +/- 100.046
time:  83.45 SPS: 249
1249999 success 0.7 +/- 0.153
1249999 eval return 1009.736 +/- 115.269
time:  84.97 SPS: 250
1274999 success 0.9 +/- 0.1
1274999 eval return 1225.235 +/- 96.832
time:  86.504 SPS: 250
1299999 success 1.0 +/- 0.0
1299999 eval return 1187.908 +/- 91.805
time:  88.045 SPS: 250
1324999 success 0.9 +/- 0.1
1324999 eval return 963.445 +/- 138.689
time:  89.672 SPS: 250
1349999 success 0.9 +/- 0.1
1349999 eval return 1055.808 +/- 117.415
time:  91.235 SPS: 251
1374999 success 1.0 +/- 0.0
1374999 eval return 1314.816 +/- 55.127
time:  92.804 SPS: 251
1399999 success 1.0 +/- 0.0
1399999 eval return 1265.161 +/- 41.221
time:  94.356 SPS: 251
1424999 success 1.0 +/- 0.0
1424999 eval return 1296.673 +/- 41.233
time:  95.964 SPS: 251
1449999 success 1.0 +/- 0.0
1449999 eval return 1169.324 +/- 75.49
time:  97.504 SPS: 252
1474999 success 1.0 +/- 0.0
1474999 eval return 1379.851 +/- 30.056
time:  99.049 SPS: 252
1499999 success 1.0 +/- 0.0
1499999 eval return 1260.73 +/- 76.729
time:  100.566 SPS: 252
1524999 success 1.0 +/- 0.0
1524999 eval return 1348.047 +/- 60.783
time:  102.096 SPS: 253
1549999 success 1.0 +/- 0.0
1549999 eval return 1224.852 +/- 29.842
time:  103.685 SPS: 253
1574999 success 1.0 +/- 0.0
1574999 eval return 1311.173 +/- 42.694
time:  105.236 SPS: 253
1599999 success 1.0 +/- 0.0
1599999 eval return 1237.167 +/- 76.281
time:  106.774 SPS: 253
1624999 success 1.0 +/- 0.0
1624999 eval return 1330.308 +/- 35.405
time:  108.317 SPS: 253
1649999 success 1.0 +/- 0.0
1649999 eval return 1245.476 +/- 23.921
time:  109.84 SPS: 254
1674999 success 0.9 +/- 0.1
1674999 eval return 1113.28 +/- 116.212
time:  111.477 SPS: 254
1699999 success 1.0 +/- 0.0
1699999 eval return 1282.45 +/- 56.097
time:  113.015 SPS: 254
1724999 success 0.9 +/- 0.1
1724999 eval return 1183.951 +/- 98.011
time:  114.564 SPS: 254
1749999 success 1.0 +/- 0.0
1749999 eval return 1008.346 +/- 121.514
time:  116.091 SPS: 254
1774999 success 1.0 +/- 0.0
1774999 eval return 1366.368 +/- 36.173
time:  117.612 SPS: 255
1799999 success 0.9 +/- 0.1
1799999 eval return 1216.035 +/- 103.233
time:  119.237 SPS: 255
1824999 success 0.9 +/- 0.1
1824999 eval return 1173.849 +/- 127.517
time:  120.777 SPS: 255
1849999 success 1.0 +/- 0.0
1849999 eval return 1181.154 +/- 101.957
time:  122.316 SPS: 255
1874999 success 1.0 +/- 0.0
1874999 eval return 1279.024 +/- 65.304
time:  123.868 SPS: 255
1899999 success 1.0 +/- 0.0
1899999 eval return 1303.801 +/- 36.312
time:  125.409 SPS: 255
1924999 success 1.0 +/- 0.0
1924999 eval return 1160.52 +/- 86.3
time:  127.011 SPS: 255
1949999 success 0.9 +/- 0.1
1949999 eval return 1327.879 +/- 103.117
time:  128.532 SPS: 256
1974999 success 1.0 +/- 0.0
1974999 eval return 1252.153 +/- 65.669
TASK 3  427 reach-v3
time:  130.071 SPS: 256
1999999 success 0.0 +/- 0.0
1999999 eval return 514.762 +/- 20.392
time:  131.607 SPS: 256
2024999 success 0.0 +/- 0.0
2024999 eval return 540.615 +/- 32.753
time:  133.144 SPS: 256
2049999 success 0.2 +/- 0.133
2049999 eval return 1262.606 +/- 37.315
time:  134.756 SPS: 256
2074999 success 0.8 +/- 0.133
2074999 eval return 1647.697 +/- 27.245
time:  136.308 SPS: 256
2099999 success 1.0 +/- 0.0
2099999 eval return 1693.33 +/- 15.035
time:  137.845 SPS: 256
2124999 success 1.0 +/- 0.0
2124999 eval return 1766.522 +/- 11.304
time:  139.39 SPS: 257
2149999 success 1.0 +/- 0.0
2149999 eval return 1691.885 +/- 20.77
time:  141.017 SPS: 257
2174999 success 1.0 +/- 0.0
2174999 eval return 1706.93 +/- 15.516
time:  142.565 SPS: 257
2199999 success 1.0 +/- 0.0
2199999 eval return 1786.552 +/- 7.876
time:  144.139 SPS: 257
2224999 success 1.0 +/- 0.0
2224999 eval return 1687.202 +/- 30.068
time:  145.691 SPS: 257
2249999 success 1.0 +/- 0.0
2249999 eval return 1786.494 +/- 14.355
time:  147.26 SPS: 257
2274999 success 1.0 +/- 0.0
2274999 eval return 1781.175 +/- 19.276
time:  148.902 SPS: 257
2299999 success 1.0 +/- 0.0
2299999 eval return 1729.095 +/- 22.53
time:  150.45 SPS: 257
2324999 success 0.9 +/- 0.1
2324999 eval return 1519.622 +/- 67.573
time:  152.003 SPS: 257
2349999 success 0.9 +/- 0.1
2349999 eval return 1701.568 +/- 21.755
time:  153.562 SPS: 257
2374999 success 0.9 +/- 0.1
2374999 eval return 1746.033 +/- 18.748
time:  155.121 SPS: 257
2399999 success 0.4 +/- 0.163
2399999 eval return 1607.929 +/- 20.871
time:  156.752 SPS: 257
2424999 success 0.9 +/- 0.1
2424999 eval return 1740.912 +/- 23.915
time:  158.302 SPS: 257
2449999 success 1.0 +/- 0.0
2449999 eval return 1707.079 +/- 15.464
time:  159.865 SPS: 258
2474999 success 1.0 +/- 0.0
2474999 eval return 1792.822 +/- 9.388
time:  161.436 SPS: 258
2499999 success 1.0 +/- 0.0
2499999 eval return 1645.783 +/- 20.661
time:  162.99 SPS: 258
2524999 success 0.9 +/- 0.1
2524999 eval return 1736.275 +/- 29.815
time:  164.614 SPS: 258
2549999 success 1.0 +/- 0.0
2549999 eval return 1766.582 +/- 20.795
time:  166.15 SPS: 258
2574999 success 1.0 +/- 0.0
2574999 eval return 1735.043 +/- 16.657
time:  167.712 SPS: 258
2599999 success 1.0 +/- 0.0
2599999 eval return 1632.223 +/- 53.081
time:  169.267 SPS: 258
2624999 success 1.0 +/- 0.0
2624999 eval return 1816.858 +/- 16.412
time:  170.82 SPS: 258
2649999 success 1.0 +/- 0.0
2649999 eval return 1782.223 +/- 12.647
time:  172.439 SPS: 258
2674999 success 0.9 +/- 0.1
2674999 eval return 1637.173 +/- 42.173
time:  174.004 SPS: 258
2699999 success 1.0 +/- 0.0
2699999 eval return 1722.251 +/- 14.564
time:  175.556 SPS: 258
2724999 success 1.0 +/- 0.0
2724999 eval return 1793.324 +/- 19.245
time:  177.111 SPS: 258
2749999 success 1.0 +/- 0.0
2749999 eval return 1689.787 +/- 33.419
time:  178.67 SPS: 258
2774999 success 1.0 +/- 0.0
2774999 eval return 1806.55 +/- 13.308
time:  180.288 SPS: 258
2799999 success 1.0 +/- 0.0
2799999 eval return 1750.372 +/- 19.754
time:  181.846 SPS: 258
2824999 success 1.0 +/- 0.0
2824999 eval return 1808.22 +/- 12.861
time:  183.397 SPS: 259
2849999 success 1.0 +/- 0.0
2849999 eval return 1777.201 +/- 17.282
time:  184.954 SPS: 259
2874999 success 0.9 +/- 0.1
2874999 eval return 1772.787 +/- 14.164
time:  186.57 SPS: 259
2899999 success 1.0 +/- 0.0
2899999 eval return 1784.443 +/- 11.724
time:  188.111 SPS: 259
2924999 success 1.0 +/- 0.0
2924999 eval return 1745.778 +/- 17.087
time:  189.668 SPS: 259
2949999 success 1.0 +/- 0.0
2949999 eval return 1700.064 +/- 28.844
time:  191.205 SPS: 259
2974999 success 1.0 +/- 0.0
2974999 eval return 1739.189 +/- 20.766
TASK 4  527 sweep-into-v3
time:  192.768 SPS: 259
2999999 success 0.0 +/- 0.0
2999999 eval return 12.606 +/- 0.575
time:  194.69 SPS: 258
3024999 success 0.0 +/- 0.0
3024999 eval return 8.219 +/- 0.538
time:  196.614 SPS: 258
3049999 success 0.0 +/- 0.0
3049999 eval return 15.69 +/- 0.931
time:  198.491 SPS: 258
3074999 success 0.0 +/- 0.0
3074999 eval return 38.425 +/- 1.554
time:  200.297 SPS: 257
3099999 success 0.0 +/- 0.0
3099999 eval return 82.227 +/- 12.008
time:  202.213 SPS: 257
3124999 success 0.1 +/- 0.1
3124999 eval return 179.925 +/- 47.952
time:  204.291 SPS: 256
3149999 success 0.0 +/- 0.0
3149999 eval return 176.132 +/- 30.06
time:  206.368 SPS: 256
3174999 success 0.0 +/- 0.0
3174999 eval return 226.073 +/- 32.418
time:  208.472 SPS: 255
3199999 success 0.0 +/- 0.0
3199999 eval return 209.57 +/- 41.163
time:  210.603 SPS: 255
3224999 success 0.0 +/- 0.0
3224999 eval return 172.266 +/- 27.972
time:  212.709 SPS: 254
3249999 success 0.0 +/- 0.0
3249999 eval return 258.115 +/- 22.995
time:  214.902 SPS: 253
3274999 success 0.0 +/- 0.0
3274999 eval return 249.976 +/- 29.667
time:  217.03 SPS: 253
3299999 success 0.0 +/- 0.0
3299999 eval return 215.333 +/- 33.553
time:  219.18 SPS: 252
3324999 success 0.0 +/- 0.0
3324999 eval return 253.57 +/- 10.454
time:  221.306 SPS: 252
3349999 success 0.1 +/- 0.1
3349999 eval return 259.31 +/- 20.972
time:  223.462 SPS: 251
3374999 success 0.0 +/- 0.0
3374999 eval return 299.134 +/- 30.633
time:  225.683 SPS: 251
3399999 success 0.0 +/- 0.0
3399999 eval return 275.292 +/- 24.057
time:  227.844 SPS: 250
3424999 success 0.0 +/- 0.0
3424999 eval return 273.987 +/- 20.505
time:  230.001 SPS: 249
3449999 success 0.0 +/- 0.0
3449999 eval return 249.624 +/- 28.849
time:  232.166 SPS: 249
3474999 success 0.0 +/- 0.0
3474999 eval return 254.102 +/- 27.101
time:  234.29 SPS: 248
3499999 success 0.0 +/- 0.0
3499999 eval return 282.01 +/- 11.044
time:  236.498 SPS: 248
3524999 success 0.0 +/- 0.0
3524999 eval return 325.948 +/- 12.297
time:  238.617 SPS: 247
3549999 success 0.0 +/- 0.0
3549999 eval return 269.398 +/- 27.531
time:  240.727 SPS: 247
3574999 success 0.0 +/- 0.0
3574999 eval return 294.732 +/- 28.986
time:  242.862 SPS: 247
3599999 success 0.0 +/- 0.0
3599999 eval return 258.907 +/- 27.267
time:  245.039 SPS: 246
3624999 success 0.1 +/- 0.1
3624999 eval return 293.18 +/- 33.495
time:  247.176 SPS: 246
3649999 success 0.0 +/- 0.0
3649999 eval return 290.568 +/- 22.454
time:  249.296 SPS: 245
3674999 success 0.2 +/- 0.133
3674999 eval return 281.894 +/- 61.035
time:  251.273 SPS: 245
3699999 success 0.8 +/- 0.133
3699999 eval return 722.264 +/- 121.187
time:  253.264 SPS: 245
3724999 success 0.5 +/- 0.167
3724999 eval return 550.068 +/- 157.92
time:  255.254 SPS: 244
3749999 success 0.8 +/- 0.133
3749999 eval return 787.251 +/- 150.549
time:  257.204 SPS: 244
3774999 success 0.8 +/- 0.133
3774999 eval return 576.678 +/- 131.728
time:  259.1 SPS: 244
3799999 success 0.9 +/- 0.1
3799999 eval return 888.494 +/- 155.422
time:  260.995 SPS: 244
3824999 success 0.7 +/- 0.153
3824999 eval return 800.397 +/- 192.814
time:  262.883 SPS: 244
3849999 success 0.9 +/- 0.1
3849999 eval return 915.384 +/- 164.123
time:  264.857 SPS: 243
3874999 success 0.7 +/- 0.153
3874999 eval return 758.229 +/- 191.553
time:  266.747 SPS: 243
3899999 success 0.9 +/- 0.1
3899999 eval return 769.046 +/- 139.789
time:  268.637 SPS: 243
3924999 success 0.6 +/- 0.163
3924999 eval return 784.37 +/- 212.154
time:  270.536 SPS: 243
3949999 success 1.0 +/- 0.0
3949999 eval return 1163.946 +/- 105.865
time:  272.407 SPS: 243
3974999 success 0.5 +/- 0.167
3974999 eval return 742.268 +/- 232.434
TASK 5  627 door-close-v3
time:  274.38 SPS: 242
3999999 success 1.0 +/- 0.0
3999999 eval return 1280.449 +/- 17.307
time:  276.029 SPS: 243
4024999 success 1.0 +/- 0.0
4024999 eval return 1363.582 +/- 11.588
time:  277.673 SPS: 243
4049999 success 0.6 +/- 0.163
4049999 eval return 1130.186 +/- 40.974
time:  279.268 SPS: 243
4074999 success 0.9 +/- 0.1
4074999 eval return 1264.443 +/- 33.806
time:  280.879 SPS: 243
4099999 success 0.6 +/- 0.163
4099999 eval return 1149.586 +/- 47.04
time:  282.559 SPS: 243
4124999 success 0.4 +/- 0.163
4124999 eval return 1136.377 +/- 38.693
time:  284.154 SPS: 243
4149999 success 0.1 +/- 0.1
4149999 eval return 962.585 +/- 54.198
time:  285.766 SPS: 243
4174999 success 0.7 +/- 0.153
4174999 eval return 1278.397 +/- 37.583
time:  287.429 SPS: 243
4199999 success 1.0 +/- 0.0
4199999 eval return 1363.044 +/- 36.644
time:  289.05 SPS: 243
4224999 success 1.0 +/- 0.0
4224999 eval return 1442.392 +/- 27.874
time:  290.726 SPS: 243
4249999 success 0.5 +/- 0.167
4249999 eval return 1188.05 +/- 77.521
time:  292.34 SPS: 243
4274999 success 0.9 +/- 0.1
4274999 eval return 1371.183 +/- 46.835
time:  293.957 SPS: 243
4299999 success 1.0 +/- 0.0
4299999 eval return 1505.869 +/- 20.943
time:  295.594 SPS: 243
4324999 success 1.0 +/- 0.0
4324999 eval return 1490.893 +/- 13.272
time:  297.293 SPS: 243
4349999 success 1.0 +/- 0.0
4349999 eval return 1505.174 +/- 12.784
time:  298.892 SPS: 243
4374999 success 0.7 +/- 0.153
4374999 eval return 1042.609 +/- 213.8
time:  300.495 SPS: 244
4399999 success 1.0 +/- 0.0
4399999 eval return 1501.218 +/- 13.591
time:  302.151 SPS: 244
4424999 success 1.0 +/- 0.0
4424999 eval return 1531.399 +/- 10.572
time:  303.801 SPS: 244
4449999 success 1.0 +/- 0.0
4449999 eval return 1491.137 +/- 22.114
time:  305.495 SPS: 244
4474999 success 1.0 +/- 0.0
4474999 eval return 1553.73 +/- 6.381
time:  307.082 SPS: 244
4499999 success 1.0 +/- 0.0
4499999 eval return 1454.775 +/- 29.036
time:  308.691 SPS: 244
4524999 success 1.0 +/- 0.0
4524999 eval return 1555.059 +/- 9.252
time:  310.28 SPS: 244
4549999 success 0.9 +/- 0.1
4549999 eval return 1346.505 +/- 142.738
time:  311.885 SPS: 244
4574999 success 1.0 +/- 0.0
4574999 eval return 1548.292 +/- 4.995
time:  313.559 SPS: 244
4599999 success 1.0 +/- 0.0
4599999 eval return 1478.117 +/- 27.266
time:  315.162 SPS: 244
4624999 success 1.0 +/- 0.0
4624999 eval return 1463.468 +/- 32.204
time:  316.73 SPS: 244
4649999 success 1.0 +/- 0.0
4649999 eval return 1529.045 +/- 11.27
time:  318.325 SPS: 244
4674999 success 1.0 +/- 0.0
4674999 eval return 1523.453 +/- 19.969
time:  319.981 SPS: 244
4699999 success 1.0 +/- 0.0
4699999 eval return 1523.802 +/- 25.213
time:  321.664 SPS: 244
4724999 success 1.0 +/- 0.0
4724999 eval return 1543.725 +/- 9.883
time:  323.271 SPS: 244
4749999 success 1.0 +/- 0.0
4749999 eval return 1399.445 +/- 41.006
time:  324.885 SPS: 244
4774999 success 1.0 +/- 0.0
4774999 eval return 1508.575 +/- 20.537
time:  326.49 SPS: 245
4799999 success 1.0 +/- 0.0
4799999 eval return 1560.743 +/- 8.611
time:  328.099 SPS: 245
4824999 success 1.0 +/- 0.0
4824999 eval return 1331.73 +/- 40.215
time:  329.758 SPS: 245
4849999 success 1.0 +/- 0.0
4849999 eval return 1465.02 +/- 44.236
time:  331.389 SPS: 245
4874999 success 1.0 +/- 0.0
4874999 eval return 1501.073 +/- 26.609
time:  333.039 SPS: 245
4899999 success 1.0 +/- 0.0
4899999 eval return 1431.197 +/- 21.835
time:  334.718 SPS: 245
4924999 success 1.0 +/- 0.0
4924999 eval return 1486.12 +/- 26.793
time:  336.314 SPS: 245
4949999 success 1.0 +/- 0.0
4949999 eval return 1531.596 +/- 18.904
time:  338.038 SPS: 245
4974999 success 1.0 +/- 0.0
4974999 eval return 1516.739 +/- 10.949
TASK 6  727 plate-slide-side-v3
time:  339.672 SPS: 245
4999999 success 0.0 +/- 0.0
4999999 eval return 23.008 +/- 5.554
time:  341.253 SPS: 245
5024999 success 0.0 +/- 0.0
5024999 eval return 313.333 +/- 42.581
time:  342.89 SPS: 245
5049999 success 0.0 +/- 0.0
5049999 eval return 539.666 +/- 27.47
time:  344.579 SPS: 245
5074999 success 0.0 +/- 0.0
5074999 eval return 592.023 +/- 36.675
time:  346.231 SPS: 245
5099999 success 0.2 +/- 0.133
5099999 eval return 611.304 +/- 75.296
time:  347.933 SPS: 245
5124999 success 0.7 +/- 0.153
5124999 eval return 934.486 +/- 172.347
time:  349.59 SPS: 245
5149999 success 0.9 +/- 0.1
5149999 eval return 1325.139 +/- 144.771
time:  351.274 SPS: 245
5174999 success 1.0 +/- 0.0
5174999 eval return 1405.448 +/- 35.015
time:  352.989 SPS: 245
5199999 success 1.0 +/- 0.0
5199999 eval return 1429.734 +/- 57.373
time:  354.676 SPS: 245
5224999 success 0.7 +/- 0.153
5224999 eval return 1225.478 +/- 83.1
time:  356.344 SPS: 245
5249999 success 0.6 +/- 0.163
5249999 eval return 1170.139 +/- 43.324
time:  358.008 SPS: 245
5274999 success 0.8 +/- 0.133
5274999 eval return 1243.647 +/- 65.309
time:  359.67 SPS: 245
5299999 success 1.0 +/- 0.0
5299999 eval return 1389.344 +/- 30.377
time:  361.409 SPS: 245
5324999 success 1.0 +/- 0.0
5324999 eval return 1148.179 +/- 116.213
time:  363.088 SPS: 245
5349999 success 1.0 +/- 0.0
5349999 eval return 1324.76 +/- 52.497
time:  364.754 SPS: 245
5374999 success 1.0 +/- 0.0
5374999 eval return 1409.455 +/- 39.39
time:  366.434 SPS: 245
5399999 success 0.8 +/- 0.133
5399999 eval return 1244.306 +/- 74.337
time:  368.095 SPS: 245
5424999 success 1.0 +/- 0.0
5424999 eval return 1351.875 +/- 50.447
time:  369.832 SPS: 245
5449999 success 1.0 +/- 0.0
5449999 eval return 1351.761 +/- 53.32
time:  371.471 SPS: 245
5474999 success 1.0 +/- 0.0
5474999 eval return 1372.047 +/- 35.285
time:  373.143 SPS: 245
5499999 success 1.0 +/- 0.0
5499999 eval return 1350.55 +/- 45.197
time:  374.814 SPS: 245
5524999 success 1.0 +/- 0.0
5524999 eval return 1156.217 +/- 116.126
time:  376.47 SPS: 245
5549999 success 1.0 +/- 0.0
5549999 eval return 1369.37 +/- 87.507
time:  378.195 SPS: 245
5574999 success 0.8 +/- 0.133
5574999 eval return 1287.862 +/- 37.979
time:  379.802 SPS: 245
5599999 success 0.9 +/- 0.1
5599999 eval return 1401.494 +/- 56.514
time:  381.454 SPS: 245
5624999 success 1.0 +/- 0.0
5624999 eval return 1312.632 +/- 34.414
time:  383.104 SPS: 245
5649999 success 0.9 +/- 0.1
5649999 eval return 1253.272 +/- 114.655
time:  384.781 SPS: 245
5674999 success 1.0 +/- 0.0
5674999 eval return 1387.113 +/- 58.286
time:  386.505 SPS: 245
5699999 success 1.0 +/- 0.0
5699999 eval return 1371.075 +/- 42.718
time:  388.163 SPS: 245
5724999 success 1.0 +/- 0.0
5724999 eval return 1304.286 +/- 82.207
time:  389.84 SPS: 245
5749999 success 1.0 +/- 0.0
5749999 eval return 1432.324 +/- 34.709
time:  391.48 SPS: 245
5774999 success 1.0 +/- 0.0
5774999 eval return 1399.322 +/- 36.239
time:  393.232 SPS: 245
5799999 success 0.4 +/- 0.163
5799999 eval return 1173.222 +/- 56.375
time:  394.921 SPS: 245
5824999 success 1.0 +/- 0.0
5824999 eval return 1282.578 +/- 50.53
time:  396.591 SPS: 245
5849999 success 1.0 +/- 0.0
5849999 eval return 1457.305 +/- 40.662
time:  398.305 SPS: 245
5874999 success 0.9 +/- 0.1
5874999 eval return 1325.886 +/- 124.45
time:  400.016 SPS: 245
5899999 success 0.9 +/- 0.1
5899999 eval return 1438.054 +/- 28.184
time:  401.755 SPS: 245
5924999 success 1.0 +/- 0.0
5924999 eval return 1312.474 +/- 125.11
time:  403.433 SPS: 245
5949999 success 0.8 +/- 0.133
5949999 eval return 1241.716 +/- 27.801
time:  405.095 SPS: 245
5974999 success 0.9 +/- 0.1
5974999 eval return 1276.587 +/- 38.31
TASK 7  827 plate-slide-back-side-v3
time:  406.73 SPS: 245
5999999 success 0.0 +/- 0.0
5999999 eval return 371.449 +/- 25.741
time:  408.405 SPS: 245
6024999 success 0.0 +/- 0.0
6024999 eval return 439.934 +/- 21.433
time:  410.126 SPS: 245
6049999 success 0.1 +/- 0.1
6049999 eval return 640.686 +/- 30.881
time:  411.763 SPS: 245
6074999 success 0.5 +/- 0.167
6074999 eval return 790.158 +/- 82.722
time:  413.375 SPS: 245
6099999 success 0.9 +/- 0.1
6099999 eval return 1271.964 +/- 133.253
time:  414.981 SPS: 245
6124999 success 1.0 +/- 0.0
6124999 eval return 1492.009 +/- 141.128
time:  416.575 SPS: 246
6149999 success 1.0 +/- 0.0
6149999 eval return 1417.063 +/- 142.347
time:  418.231 SPS: 246
6174999 success 1.0 +/- 0.0
6174999 eval return 1451.3 +/- 123.312
time:  419.828 SPS: 246
6199999 success 0.7 +/- 0.153
6199999 eval return 1226.998 +/- 228.51
time:  421.419 SPS: 246
6224999 success 0.8 +/- 0.133
6224999 eval return 1232.193 +/- 203.121
time:  423.026 SPS: 246
6249999 success 1.0 +/- 0.0
6249999 eval return 1503.701 +/- 54.461
time:  424.619 SPS: 246
6274999 success 0.8 +/- 0.133
6274999 eval return 1376.285 +/- 221.063
time:  426.29 SPS: 246
6299999 success 0.8 +/- 0.133
6299999 eval return 1392.623 +/- 207.536
time:  427.882 SPS: 246
6324999 success 0.9 +/- 0.1
6324999 eval return 1426.621 +/- 152.74
time:  429.501 SPS: 246
6349999 success 0.9 +/- 0.1
6349999 eval return 1517.852 +/- 167.095
time:  431.091 SPS: 246
6374999 success 0.9 +/- 0.1
6374999 eval return 1411.342 +/- 163.015
time:  432.737 SPS: 246
6399999 success 1.0 +/- 0.0
6399999 eval return 1561.306 +/- 116.17
time:  434.332 SPS: 246
6424999 success 1.0 +/- 0.0
6424999 eval return 1591.967 +/- 63.598
time:  435.936 SPS: 246
6449999 success 0.7 +/- 0.153
6449999 eval return 1234.314 +/- 254.332
time:  437.524 SPS: 246
6474999 success 1.0 +/- 0.0
6474999 eval return 1647.03 +/- 23.325
time:  439.123 SPS: 246
6499999 success 1.0 +/- 0.0
6499999 eval return 1561.843 +/- 39.762
time:  440.795 SPS: 246
6524999 success 1.0 +/- 0.0
6524999 eval return 1513.464 +/- 143.416
time:  442.376 SPS: 246
6549999 success 1.0 +/- 0.0
6549999 eval return 1538.392 +/- 108.433
time:  443.981 SPS: 246
6574999 success 1.0 +/- 0.0
6574999 eval return 1597.666 +/- 75.365
time:  445.574 SPS: 246
6599999 success 0.9 +/- 0.1
6599999 eval return 1563.881 +/- 169.438
time:  447.172 SPS: 246
6624999 success 1.0 +/- 0.0
6624999 eval return 1646.517 +/- 37.317
time:  448.825 SPS: 246
6649999 success 0.9 +/- 0.1
6649999 eval return 1423.11 +/- 172.691
time:  450.434 SPS: 246
6674999 success 0.9 +/- 0.1
6674999 eval return 1521.388 +/- 167.551
time:  452.036 SPS: 247
6699999 success 0.9 +/- 0.1
6699999 eval return 1417.693 +/- 167.59
time:  453.634 SPS: 247
6724999 success 1.0 +/- 0.0
6724999 eval return 1616.656 +/- 57.142
time:  455.218 SPS: 247
6749999 success 0.9 +/- 0.1
6749999 eval return 1431.336 +/- 183.608
time:  456.79 SPS: 247
6774999 success 1.0 +/- 0.0
6774999 eval return 1614.739 +/- 100.507
time:  458.244 SPS: 247
6799999 success 0.9 +/- 0.1
6799999 eval return 1317.329 +/- 215.382
time:  459.697 SPS: 247
6824999 success 0.7 +/- 0.153
6824999 eval return 1098.583 +/- 230.875
time:  461.097 SPS: 247
6849999 success 1.0 +/- 0.0
6849999 eval return 1626.098 +/- 54.737
time:  462.513 SPS: 247
6874999 success 0.9 +/- 0.1
6874999 eval return 1441.381 +/- 157.77
time:  463.973 SPS: 247
6899999 success 0.7 +/- 0.153
6899999 eval return 966.815 +/- 222.594
time:  465.401 SPS: 247
6924999 success 0.8 +/- 0.133
6924999 eval return 1140.277 +/- 201.342
time:  466.836 SPS: 248
6949999 success 1.0 +/- 0.0
6949999 eval return 1587.158 +/- 32.896
time:  468.219 SPS: 248
6974999 success 1.0 +/- 0.0
6974999 eval return 1631.122 +/- 23.165
TASK 8  927 drawer-close-v3
time:  469.541 SPS: 248
6999999 success 1.0 +/- 0.0
6999999 eval return 1312.419 +/- 223.945
time:  470.836 SPS: 248
7024999 success 1.0 +/- 0.0
7024999 eval return 1617.167 +/- 147.289
time:  472.071 SPS: 248
7049999 success 1.0 +/- 0.0
7049999 eval return 1832.614 +/- 4.455
time:  473.307 SPS: 249
7074999 success 1.0 +/- 0.0
7074999 eval return 1833.728 +/- 6.05
time:  474.523 SPS: 249
7099999 success 1.0 +/- 0.0
7099999 eval return 1830.287 +/- 6.508
time:  475.784 SPS: 249
7124999 success 1.0 +/- 0.0
7124999 eval return 1326.781 +/- 263.723
time:  477.018 SPS: 249
7149999 success 1.0 +/- 0.0
7149999 eval return 1670.9 +/- 172.285
time:  478.254 SPS: 250
7174999 success 1.0 +/- 0.0
7174999 eval return 1660.285 +/- 166.147
time:  479.466 SPS: 250
7199999 success 1.0 +/- 0.0
7199999 eval return 1177.103 +/- 268.871
time:  480.682 SPS: 250
7224999 success 0.9 +/- 0.1
7224999 eval return 1638.852 +/- 182.204
time:  481.934 SPS: 250
7249999 success 1.0 +/- 0.0
7249999 eval return 1843.346 +/- 2.971
time:  483.142 SPS: 250
7274999 success 1.0 +/- 0.0
7274999 eval return 1662.403 +/- 175.838
time:  484.343 SPS: 251
7299999 success 1.0 +/- 0.0
7299999 eval return 1681.979 +/- 149.231
time:  485.526 SPS: 251
7324999 success 1.0 +/- 0.0
7324999 eval return 1816.903 +/- 7.829
time:  486.733 SPS: 251
7349999 success 1.0 +/- 0.0
7349999 eval return 1544.656 +/- 184.45
time:  488.019 SPS: 251
7374999 success 1.0 +/- 0.0
7374999 eval return 1827.585 +/- 7.75
time:  489.309 SPS: 252
7399999 success 1.0 +/- 0.0
7399999 eval return 1840.083 +/- 4.776
time:  490.605 SPS: 252
7424999 success 1.0 +/- 0.0
7424999 eval return 1844.108 +/- 6.563
time:  491.929 SPS: 252
7449999 success 1.0 +/- 0.0
7449999 eval return 1837.353 +/- 6.241
time:  493.25 SPS: 252
7474999 success 1.0 +/- 0.0
7474999 eval return 1842.378 +/- 5.043
time:  494.604 SPS: 252
7499999 success 1.0 +/- 0.0
7499999 eval return 1848.088 +/- 4.394
time:  495.935 SPS: 252
7524999 success 0.9 +/- 0.1
7524999 eval return 1649.146 +/- 182.537
time:  497.26 SPS: 253
7549999 success 0.8 +/- 0.133
7549999 eval return 1477.3 +/- 246.04
time:  498.58 SPS: 253
7574999 success 1.0 +/- 0.0
7574999 eval return 1831.554 +/- 4.627
time:  499.872 SPS: 253
7599999 success 1.0 +/- 0.0
7599999 eval return 1816.062 +/- 7.391
time:  501.176 SPS: 253
7624999 success 1.0 +/- 0.0
7624999 eval return 1831.097 +/- 4.352
time:  502.33 SPS: 253
7649999 success 1.0 +/- 0.0
7649999 eval return 1836.155 +/- 5.386
time:  503.371 SPS: 254
7674999 success 1.0 +/- 0.0
7674999 eval return 1751.601 +/- 67.84
time:  504.418 SPS: 254
7699999 success 1.0 +/- 0.0
7699999 eval return 1709.105 +/- 62.828
time:  505.449 SPS: 254
7724999 success 1.0 +/- 0.0
7724999 eval return 1850.724 +/- 7.692
time:  506.508 SPS: 255
7749999 success 1.0 +/- 0.0
7749999 eval return 1808.219 +/- 26.159
time:  507.484 SPS: 255
7774999 success 1.0 +/- 0.0
7774999 eval return 1831.24 +/- 7.456
time:  508.452 SPS: 255
7799999 success 1.0 +/- 0.0
7799999 eval return 1779.066 +/- 21.987
time:  509.437 SPS: 256
7824999 success 0.9 +/- 0.1
7824999 eval return 1640.246 +/- 182.14
time:  510.391 SPS: 256
7849999 success 0.9 +/- 0.1
7849999 eval return 1612.312 +/- 181.014
time:  511.373 SPS: 256
7874999 success 1.0 +/- 0.0
7874999 eval return 1813.279 +/- 10.36
time:  512.357 SPS: 256
7899999 success 1.0 +/- 0.0
7899999 eval return 1785.021 +/- 25.196
time:  513.331 SPS: 257
7924999 success 1.0 +/- 0.0
7924999 eval return 1834.712 +/- 5.237
time:  514.265 SPS: 257
7949999 success 1.0 +/- 0.0
7949999 eval return 1822.558 +/- 7.286
time:  515.224 SPS: 257
7974999 success 1.0 +/- 0.0
7974999 eval return 1837.967 +/- 6.139
TASK 9  1027 button-press-v3
time:  516.151 SPS: 258
7999999 success 0.0 +/- 0.0
7999999 eval return 262.722 +/- 15.997
time:  516.99 SPS: 258
8024999 success 0.0 +/- 0.0
8024999 eval return 332.938 +/- 12.075
time:  517.77 SPS: 259
8049999 success 0.4 +/- 0.163
8049999 eval return 754.282 +/- 76.603
time:  518.505 SPS: 259
8074999 success 0.7 +/- 0.153
8074999 eval return 796.421 +/- 109.3
time:  519.231 SPS: 259
8099999 success 0.9 +/- 0.1
8099999 eval return 1130.089 +/- 70.738
time:  519.91 SPS: 260
8124999 success 0.8 +/- 0.133
8124999 eval return 861.158 +/- 107.283
time:  520.59 SPS: 260
8149999 success 0.8 +/- 0.133
8149999 eval return 1169.809 +/- 102.483
time:  521.296 SPS: 261
8174999 success 0.7 +/- 0.153
8174999 eval return 977.944 +/- 113.108
time:  521.971 SPS: 261
8199999 success 1.0 +/- 0.0
8199999 eval return 1000.024 +/- 113.365
time:  522.649 SPS: 262
8224999 success 0.4 +/- 0.163
8224999 eval return 731.87 +/- 115.565
time:  523.293 SPS: 262
8249999 success 0.9 +/- 0.1
8249999 eval return 1147.873 +/- 114.44
time:  523.943 SPS: 263
8274999 success 1.0 +/- 0.0
8274999 eval return 1177.254 +/- 117.368
time:  524.602 SPS: 263
8299999 success 0.9 +/- 0.1
8299999 eval return 1232.826 +/- 90.937
time:  525.253 SPS: 264
8324999 success 0.9 +/- 0.1
8324999 eval return 1366.226 +/- 34.87
time:  525.927 SPS: 264
8349999 success 0.9 +/- 0.1
8349999 eval return 1230.47 +/- 67.592
time:  526.574 SPS: 265
8374999 success 0.7 +/- 0.153
8374999 eval return 983.806 +/- 140.56
time:  527.215 SPS: 265
8399999 success 0.9 +/- 0.1
8399999 eval return 1211.846 +/- 98.194
time:  527.864 SPS: 266
8424999 success 1.0 +/- 0.0
8424999 eval return 1298.799 +/- 40.548
time:  528.519 SPS: 266
8449999 success 1.0 +/- 0.0
8449999 eval return 1296.6 +/- 80.272
time:  529.195 SPS: 266
8474999 success 1.0 +/- 0.0
8474999 eval return 1197.691 +/- 100.979
time:  529.838 SPS: 267
8499999 success 0.9 +/- 0.1
8499999 eval return 1159.321 +/- 113.224
time:  530.479 SPS: 267
8524999 success 0.9 +/- 0.1
8524999 eval return 1307.853 +/- 74.129
time:  531.129 SPS: 268
8549999 success 1.0 +/- 0.0
8549999 eval return 1225.568 +/- 70.312
time:  531.816 SPS: 268
8574999 success 1.0 +/- 0.0
8574999 eval return 1323.245 +/- 70.018
time:  532.474 SPS: 269
8599999 success 1.0 +/- 0.0
8599999 eval return 1264.861 +/- 105.336
time:  533.119 SPS: 269
8624999 success 1.0 +/- 0.0
8624999 eval return 1253.188 +/- 90.065
time:  533.773 SPS: 270
8649999 success 0.8 +/- 0.133
8649999 eval return 1297.34 +/- 85.132
time:  534.418 SPS: 270
8674999 success 1.0 +/- 0.0
8674999 eval return 1319.609 +/- 51.045
time:  535.09 SPS: 270
8699999 success 1.0 +/- 0.0
8699999 eval return 1116.492 +/- 104.218
time:  535.739 SPS: 271
8724999 success 1.0 +/- 0.0
8724999 eval return 1288.243 +/- 64.416
time:  536.386 SPS: 271
8749999 success 1.0 +/- 0.0
8749999 eval return 1265.491 +/- 82.148
time:  537.038 SPS: 272
8774999 success 0.9 +/- 0.1
8774999 eval return 1344.204 +/- 52.479
time:  537.692 SPS: 272
8799999 success 1.0 +/- 0.0
8799999 eval return 1368.052 +/- 31.449
time:  538.359 SPS: 273
8824999 success 0.9 +/- 0.1
8824999 eval return 1234.987 +/- 85.759
time:  539.002 SPS: 273
8849999 success 1.0 +/- 0.0
8849999 eval return 1286.454 +/- 83.243
time:  539.652 SPS: 274
8874999 success 1.0 +/- 0.0
8874999 eval return 1329.506 +/- 41.538
time:  540.303 SPS: 274
8899999 success 1.0 +/- 0.0
8899999 eval return 1190.171 +/- 119.371
time:  540.961 SPS: 274
8924999 success 1.0 +/- 0.0
8924999 eval return 1274.536 +/- 82.638
time:  541.63 SPS: 275
8949999 success 1.0 +/- 0.0
8949999 eval return 1273.196 +/- 62.107
time:  542.268 SPS: 275
8974999 success 1.0 +/- 0.0
8974999 eval return 1133.542 +/- 114.597
TASK 10  1127 reach-wall-v3
time:  542.91 SPS: 276
8999999 success 0.0 +/- 0.0
8999999 eval return 1011.604 +/- 11.791
time:  543.564 SPS: 276
9024999 success 0.0 +/- 0.0
9024999 eval return 1452.859 +/- 17.451
time:  544.222 SPS: 277
9049999 success 0.9 +/- 0.1
9049999 eval return 1674.434 +/- 17.222
time:  544.912 SPS: 277
9074999 success 1.0 +/- 0.0
9074999 eval return 1700.634 +/- 19.673
time:  545.573 SPS: 277
9099999 success 1.0 +/- 0.0
9099999 eval return 1720.983 +/- 17.115
time:  546.228 SPS: 278
9124999 success 1.0 +/- 0.0
9124999 eval return 1653.757 +/- 36.891
time:  546.898 SPS: 278
9149999 success 0.8 +/- 0.133
9149999 eval return 1590.563 +/- 110.852
time:  547.572 SPS: 279
9174999 success 1.0 +/- 0.0
9174999 eval return 1683.194 +/- 28.229
time:  548.256 SPS: 279
9199999 success 0.8 +/- 0.133
9199999 eval return 1678.27 +/- 33.212
time:  548.922 SPS: 280
9224999 success 1.0 +/- 0.0
9224999 eval return 1747.861 +/- 11.246
time:  549.576 SPS: 280
9249999 success 1.0 +/- 0.0
9249999 eval return 1818.122 +/- 7.384
time:  550.23 SPS: 280
9274999 success 1.0 +/- 0.0
9274999 eval return 1783.772 +/- 11.271
time:  550.908 SPS: 281
9299999 success 1.0 +/- 0.0
9299999 eval return 1761.013 +/- 13.72
time:  551.561 SPS: 281
9324999 success 1.0 +/- 0.0
9324999 eval return 1822.563 +/- 9.357
time:  552.214 SPS: 282
9349999 success 1.0 +/- 0.0
9349999 eval return 1789.912 +/- 9.164
time:  552.878 SPS: 282
9374999 success 1.0 +/- 0.0
9374999 eval return 1711.179 +/- 18.656
time:  553.535 SPS: 283
9399999 success 0.8 +/- 0.133
9399999 eval return 1474.156 +/- 32.405
time:  554.214 SPS: 283
9424999 success 1.0 +/- 0.0
9424999 eval return 1688.811 +/- 17.791
time:  554.862 SPS: 283
9449999 success 1.0 +/- 0.0
9449999 eval return 1729.92 +/- 16.647
time:  555.512 SPS: 284
9474999 success 1.0 +/- 0.0
9474999 eval return 1695.648 +/- 19.315
time:  556.166 SPS: 284
9499999 success 1.0 +/- 0.0
9499999 eval return 1746.243 +/- 24.885
time:  556.828 SPS: 285
9524999 success 1.0 +/- 0.0
9524999 eval return 1789.751 +/- 22.936
time:  557.512 SPS: 285
9549999 success 1.0 +/- 0.0
9549999 eval return 1796.361 +/- 19.344
time:  558.167 SPS: 285
9574999 success 1.0 +/- 0.0
9574999 eval return 1773.569 +/- 15.437
time:  558.824 SPS: 286
9599999 success 1.0 +/- 0.0
9599999 eval return 1710.542 +/- 15.442
time:  559.474 SPS: 286
9624999 success 1.0 +/- 0.0
9624999 eval return 1753.391 +/- 16.045
time:  560.121 SPS: 287
9649999 success 1.0 +/- 0.0
9649999 eval return 1798.717 +/- 16.619
time:  560.805 SPS: 287
9674999 success 1.0 +/- 0.0
9674999 eval return 1809.627 +/- 12.806
time:  561.46 SPS: 287
9699999 success 1.0 +/- 0.0
9699999 eval return 1751.629 +/- 12.559
time:  562.118 SPS: 288
9724999 success 1.0 +/- 0.0
9724999 eval return 1811.192 +/- 9.564
time:  562.763 SPS: 288
9749999 success 1.0 +/- 0.0
9749999 eval return 1813.568 +/- 11.268
time:  563.417 SPS: 289
9774999 success 1.0 +/- 0.0
9774999 eval return 1802.773 +/- 6.144
time:  564.102 SPS: 289
9799999 success 1.0 +/- 0.0
9799999 eval return 1753.703 +/- 17.2
time:  564.764 SPS: 289
9824999 success 1.0 +/- 0.0
9824999 eval return 1797.54 +/- 7.443
time:  565.409 SPS: 290
9849999 success 1.0 +/- 0.0
9849999 eval return 1777.774 +/- 11.54
time:  566.023 SPS: 290
9874999 success 1.0 +/- 0.0
9874999 eval return 1818.765 +/- 3.825
time:  566.588 SPS: 291
9899999 success 1.0 +/- 0.0
9899999 eval return 1785.529 +/- 12.565
time:  567.104 SPS: 291
9924999 success 1.0 +/- 0.0
9924999 eval return 1746.632 +/- 21.85
time:  567.593 SPS: 292
9949999 success 1.0 +/- 0.0
9949999 eval return 1788.233 +/- 17.997
time:  568.082 SPS: 292
9974999 success 1.0 +/- 0.0
9974999 eval return 1678.214 +/- 21.685
TASK 11  1227 plate-slide-back-v3
time:  568.57 SPS: 293
9999999 success 0.0 +/- 0.0
9999999 eval return 137.525 +/- 12.117
done RL run. Time 568.5898210933335 min
