agent_dict keys dict_keys(['base_algorithm', 'learning_rate', 'num_envs', 'rollout_num_steps', 'gamma', 'gae_lambda', 'num_minibatches', 'update_epochs', 'minibatch_size', 'norm_adv', 'clip_coef', 'clip_vloss', 'ent_coef', 'vf_coef', 'max_grad_norm', 'rpo_alpha', 'parseval_reg', 'input_scale', 'learnable_input_scale', 'add_diag_layer', 'lie_group', 'pion', 'pion_block_size', 'pion_multiplicative', 'oft', 'poet', 'oet_num_blocks', 'poet_exact_cayley', 'layer_norm', 'layer_norm_no_params', 'weight_decay', 'tuned_adam', 'perturb', 'perturb_dist', 'regen', 'regen_wasserstein', 'weight_init', 'net_width', 'net_activation', 'init_gain', 'parseval_norm', 'parseval_num_groups'])
env_dict keys dict_keys(['env', 'change_freq', 'seed', 'env_type'])
Start RL run!
{'base_algorithm': 'ppo_agent', 'learning_rate': 0.01, 'num_envs': 1, 'rollout_num_steps': 128, 'gamma': 0.99, 'gae_lambda': 0.95, 'num_minibatches': 4, 'update_epochs': 4, 'minibatch_size': 32, 'norm_adv': True, 'clip_coef': 0.2, 'clip_vloss': True, 'ent_coef': 0.01, 'vf_coef': 0.5, 'max_grad_norm': 0.5, 'rpo_alpha': 0, 'parseval_reg': 0, 'input_scale': 1, 'learnable_input_scale': False, 'add_diag_layer': False, 'lie_group': False, 'pion': False, 'pion_block_size': None, 'pion_multiplicative': False, 'oft': True, 'poet': False, 'oet_num_blocks': 9, 'poet_exact_cayley': False, 'layer_norm': False, 'layer_norm_no_params': False, 'weight_decay': 0, 'tuned_adam': False, 'perturb': 0.0, 'perturb_dist': 'xavier', 'regen': 0.0, 'regen_wasserstein': False, 'weight_init': 'orthogonal', 'net_width': 64, 'net_activation': 'tanh', 'init_gain': None, 'parseval_norm': False, 'parseval_num_groups': 1, 'device': 'cpu'}
{'env': 'gridworld_ninerooms', 'change_freq': 40000, 'seed': 124, 'env_type': 'rl', 'local_run': False}
Running on gpu: False
Gridworld args () {'env': 'gridworld_ninerooms', 'change_freq': 40000, 'seed': 124, 'env_type': 'rl', 'local_run': False}
time:  0.027 SPS: 0
0 success 0.1 +/- 0.1
0 eval steps mean 98.7 best 88 optimal 10
0 eval return -10.059 +/- 0.951
time:  0.291 SPS: 286
4999 success 0.9 +/- 0.1
4999 eval steps mean 23.3 best 11 optimal 10
4999 eval return 1.577 +/- 0.601
time:  0.544 SPS: 306
9999 success 1.0 +/- 0.0
9999 eval steps mean 17.9 best 11 optimal 10
9999 eval return 2.149 +/- 0.185
time:  0.825 SPS: 303
14999 success 0.0 +/- 0.0
14999 eval steps mean 99.9 best 99 optimal 10
14999 eval return -7.02 +/- 0.0
time:  1.151 SPS: 289
19999 success 0.6 +/- 0.163
19999 eval steps mean 61.8 best 13 optimal 10
19999 eval return -2.01 +/- 1.332
time:  1.474 SPS: 282
24999 success 0.5 +/- 0.167
24999 eval steps mean 63.0 best 10 optimal 10
24999 eval return -6.126 +/- 2.365
time:  1.795 SPS: 278
29999 success 0.8 +/- 0.133
29999 eval steps mean 34.1 best 11 optimal 10
29999 eval return -0.063 +/- 1.339
time:  2.1 SPS: 277
34999 success 1.0 +/- 0.0
34999 eval steps mean 11.6 best 11 optimal 10
34999 eval return 2.415 +/- 0.017
40000
GOAL [12 11]
time:  2.394 SPS: 278
39999 success 0.4 +/- 0.163
39999 eval steps mean 69.7 best 11 optimal 9
39999 eval return -3.991 +/- 1.805
time:  2.685 SPS: 279
44999 success 0.0 +/- 0.0
44999 eval steps mean 99.9 best 99 optimal 9
44999 eval return -6.081 +/- 0.061
time:  2.994 SPS: 278
49999 success 0.0 +/- 0.0
49999 eval steps mean 99.9 best 99 optimal 9
49999 eval return -6.02 +/- 0.0
time:  3.296 SPS: 278
54999 success 0.0 +/- 0.0
54999 eval steps mean 99.9 best 99 optimal 9
54999 eval return -6.02 +/- 0.0
time:  3.602 SPS: 277
59999 success 0.0 +/- 0.0
59999 eval steps mean 99.9 best 99 optimal 9
59999 eval return -6.02 +/- 0.0
time:  3.905 SPS: 277
64999 success 0.0 +/- 0.0
64999 eval steps mean 99.9 best 99 optimal 9
64999 eval return -6.02 +/- 0.0
time:  4.21 SPS: 277
69999 success 0.0 +/- 0.0
69999 eval steps mean 99.9 best 99 optimal 9
69999 eval return -6.02 +/- 0.0
time:  4.523 SPS: 276
74999 success 0.0 +/- 0.0
74999 eval steps mean 99.9 best 99 optimal 9
74999 eval return -6.02 +/- 0.0
80000
GOAL [ 9 14]
time:  4.835 SPS: 275
79999 success 0.0 +/- 0.0
79999 eval steps mean 99.9 best 99 optimal 9
79999 eval return -12.02 +/- 0.0
time:  5.146 SPS: 275
84999 success 0.0 +/- 0.0
84999 eval steps mean 99.9 best 99 optimal 9
84999 eval return -12.02 +/- 0.0
time:  5.45 SPS: 275
89999 success 0.0 +/- 0.0
89999 eval steps mean 99.9 best 99 optimal 9
89999 eval return -12.02 +/- 0.0
time:  5.752 SPS: 275
94999 success 0.0 +/- 0.0
94999 eval steps mean 99.9 best 99 optimal 9
94999 eval return -12.02 +/- 0.0
time:  6.059 SPS: 275
99999 success 0.0 +/- 0.0
99999 eval steps mean 99.9 best 99 optimal 9
99999 eval return -12.02 +/- 0.0
time:  6.369 SPS: 274
104999 success 0.0 +/- 0.0
104999 eval steps mean 99.9 best 99 optimal 9
104999 eval return -12.02 +/- 0.0
time:  6.666 SPS: 275
109999 success 0.0 +/- 0.0
109999 eval steps mean 99.9 best 99 optimal 9
109999 eval return -12.02 +/- 0.0
time:  6.967 SPS: 275
114999 success 0.0 +/- 0.0
114999 eval steps mean 99.9 best 99 optimal 9
114999 eval return -12.02 +/- 0.0
120000
GOAL [11  9]
time:  7.282 SPS: 274
119999 success 0.0 +/- 0.0
119999 eval steps mean 99.9 best 99 optimal 6
119999 eval return -4.92 +/- 0.0
time:  7.596 SPS: 274
124999 success 0.0 +/- 0.0
124999 eval steps mean 99.9 best 99 optimal 6
124999 eval return -4.92 +/- 0.0
time:  7.905 SPS: 274
129999 success 0.0 +/- 0.0
129999 eval steps mean 99.9 best 99 optimal 6
129999 eval return -4.92 +/- 0.0
time:  8.205 SPS: 274
134999 success 0.0 +/- 0.0
134999 eval steps mean 99.9 best 99 optimal 6
134999 eval return -4.92 +/- 0.0
time:  8.507 SPS: 274
139999 success 0.0 +/- 0.0
139999 eval steps mean 99.9 best 99 optimal 6
139999 eval return -4.92 +/- 0.0
time:  8.808 SPS: 274
144999 success 0.0 +/- 0.0
144999 eval steps mean 99.9 best 99 optimal 6
144999 eval return -4.92 +/- 0.0
time:  9.118 SPS: 274
149999 success 0.0 +/- 0.0
149999 eval steps mean 99.9 best 99 optimal 6
149999 eval return -4.92 +/- 0.0
time:  9.427 SPS: 274
154999 success 0.0 +/- 0.0
154999 eval steps mean 99.9 best 99 optimal 6
154999 eval return -4.92 +/- 0.0
160000
GOAL [13 14]
time:  9.746 SPS: 273
159999 success 0.0 +/- 0.0
159999 eval steps mean 99.9 best 99 optimal 13
159999 eval return -10.02 +/- 0.0
done RL run. Time 9.839968260000001 min
