agent_dict keys dict_keys(['base_algorithm', 'learning_rate', 'num_envs', 'rollout_num_steps', 'gamma', 'gae_lambda', 'num_minibatches', 'update_epochs', 'minibatch_size', 'norm_adv', 'clip_coef', 'clip_vloss', 'ent_coef', 'vf_coef', 'max_grad_norm', 'rpo_alpha', 'parseval_reg', 'input_scale', 'learnable_input_scale', 'add_diag_layer', 'lie_group', 'pion', 'pion_block_size', 'pion_multiplicative', 'oft', 'poet', 'oet_num_blocks', 'poet_exact_cayley', 'layer_norm', 'layer_norm_no_params', 'weight_decay', 'tuned_adam', 'perturb', 'perturb_dist', 'regen', 'regen_wasserstein', 'weight_init', 'net_width', 'net_activation', 'init_gain', 'parseval_norm', 'parseval_num_groups'])
env_dict keys dict_keys(['env', 'change_freq', 'seed', 'env_type'])
Start RL run!
{'base_algorithm': 'ppo_agent', 'learning_rate': 0.003, 'num_envs': 1, 'rollout_num_steps': 128, 'gamma': 0.99, 'gae_lambda': 0.95, 'num_minibatches': 4, 'update_epochs': 4, 'minibatch_size': 32, 'norm_adv': True, 'clip_coef': 0.2, 'clip_vloss': True, 'ent_coef': 0.01, 'vf_coef': 0.5, 'max_grad_norm': 0.5, 'rpo_alpha': 0, 'parseval_reg': 0, 'input_scale': 1, 'learnable_input_scale': False, 'add_diag_layer': False, 'lie_group': False, 'pion': False, 'pion_block_size': None, 'pion_multiplicative': False, 'oft': True, 'poet': False, 'oet_num_blocks': 9, 'poet_exact_cayley': False, 'layer_norm': False, 'layer_norm_no_params': False, 'weight_decay': 0, 'tuned_adam': False, 'perturb': 0.0, 'perturb_dist': 'xavier', 'regen': 0.0, 'regen_wasserstein': False, 'weight_init': 'orthogonal', 'net_width': 64, 'net_activation': 'tanh', 'init_gain': None, 'parseval_norm': False, 'parseval_num_groups': 1, 'device': 'cpu'}
{'env': 'gridworld_ninerooms', 'change_freq': 40000, 'seed': 123, 'env_type': 'rl', 'local_run': False}
Running on gpu: False
Gridworld args () {'env': 'gridworld_ninerooms', 'change_freq': 40000, 'seed': 123, 'env_type': 'rl', 'local_run': False}
time:  0.029 SPS: 0
0 success 0.0 +/- 0.0
0 eval steps mean 99.9 best 99 optimal 8
0 eval return -15.756 +/- 0.48
time:  0.291 SPS: 286
4999 success 0.1 +/- 0.1
4999 eval steps mean 98.7 best 88 optimal 8
4999 eval return -11.415 +/- 1.377
time:  0.566 SPS: 294
9999 success 0.2 +/- 0.133
9999 eval steps mean 99.1 best 95 optimal 8
9999 eval return -9.498 +/- 1.197
time:  0.894 SPS: 279
14999 success 1.0 +/- 0.0
14999 eval steps mean 44.1 best 22 optimal 8
14999 eval return -0.396 +/- 0.383
time:  1.214 SPS: 274
19999 success 1.0 +/- 0.0
19999 eval steps mean 18.8 best 17 optimal 8
19999 eval return 1.521 +/- 0.037
time:  1.521 SPS: 273
24999 success 0.9 +/- 0.1
24999 eval steps mean 25.7 best 16 optimal 8
24999 eval return 0.242 +/- 1.365
time:  1.833 SPS: 272
29999 success 1.0 +/- 0.0
29999 eval steps mean 18.4 best 17 optimal 8
29999 eval return 1.456 +/- 0.105
time:  2.14 SPS: 272
34999 success 1.0 +/- 0.0
34999 eval steps mean 17.5 best 16 optimal 8
34999 eval return 1.591 +/- 0.027
40000
GOAL [13  3]
time:  2.445 SPS: 272
39999 success 0.1 +/- 0.1
39999 eval steps mean 91.0 best 11 optimal 10
39999 eval return -6.712 +/- 1.021
time:  2.768 SPS: 270
44999 success 1.0 +/- 0.0
44999 eval steps mean 11.1 best 10 optimal 10
44999 eval return 2.447 +/- 0.003
time:  3.093 SPS: 269
49999 success 1.0 +/- 0.0
49999 eval steps mean 11.1 best 10 optimal 10
49999 eval return 2.439 +/- 0.011
time:  3.396 SPS: 269
54999 success 0.5 +/- 0.167
54999 eval steps mean 55.4 best 10 optimal 10
54999 eval return -0.691 +/- 1.048
time:  3.716 SPS: 269
59999 success 1.0 +/- 0.0
59999 eval steps mean 11.3 best 10 optimal 10
59999 eval return 2.436 +/- 0.011
time:  4.019 SPS: 269
64999 success 0.7 +/- 0.153
64999 eval steps mean 37.6 best 10 optimal 10
64999 eval return -0.041 +/- 1.272
time:  4.332 SPS: 269
69999 success 1.0 +/- 0.0
69999 eval steps mean 11.7 best 10 optimal 10
69999 eval return 2.438 +/- 0.007
time:  4.64 SPS: 269
74999 success 1.0 +/- 0.0
74999 eval steps mean 11.3 best 10 optimal 10
74999 eval return 2.434 +/- 0.011
80000
GOAL [5 2]
time:  4.956 SPS: 269
79999 success 0.0 +/- 0.0
79999 eval steps mean 99.9 best 99 optimal 7
79999 eval return -10.541 +/- 0.06
time:  5.276 SPS: 268
84999 success 0.1 +/- 0.1
84999 eval steps mean 93.1 best 32 optimal 7
84999 eval return -5.072 +/- 0.795
time:  5.597 SPS: 268
89999 success 0.9 +/- 0.1
89999 eval steps mean 23.7 best 13 optimal 7
89999 eval return 1.061 +/- 0.901
time:  5.895 SPS: 268
94999 success 0.0 +/- 0.0
94999 eval steps mean 99.9 best 99 optimal 7
94999 eval return -7.408 +/- 0.332
time:  6.206 SPS: 268
99999 success 0.0 +/- 0.0
99999 eval steps mean 99.9 best 99 optimal 7
99999 eval return -5.971 +/- 0.362
time:  6.524 SPS: 268
104999 success 0.0 +/- 0.0
104999 eval steps mean 99.9 best 99 optimal 7
104999 eval return -10.437 +/- 0.244
time:  6.852 SPS: 267
109999 success 0.0 +/- 0.0
109999 eval steps mean 99.9 best 99 optimal 7
109999 eval return -5.988 +/- 0.151
time:  7.18 SPS: 266
114999 success 1.0 +/- 0.0
114999 eval steps mean 21.6 best 16 optimal 7
114999 eval return 1.596 +/- 0.146
120000
GOAL [ 5 12]
time:  7.485 SPS: 267
119999 success 0.0 +/- 0.0
119999 eval steps mean 99.9 best 99 optimal 7
119999 eval return -12.207 +/- 0.285
time:  7.793 SPS: 267
124999 success 0.0 +/- 0.0
124999 eval steps mean 99.9 best 99 optimal 7
124999 eval return -10.102 +/- 0.058
time:  8.125 SPS: 266
129999 success 0.0 +/- 0.0
129999 eval steps mean 99.9 best 99 optimal 7
129999 eval return -9.805 +/- 0.126
time:  8.442 SPS: 266
134999 success 0.1 +/- 0.1
134999 eval steps mean 95.5 best 56 optimal 7
134999 eval return -13.161 +/- 1.477
time:  8.781 SPS: 265
139999 success 1.0 +/- 0.0
139999 eval steps mean 17.8 best 13 optimal 7
139999 eval return 1.796 +/- 0.072
time:  9.097 SPS: 265
144999 success 1.0 +/- 0.0
144999 eval steps mean 14.3 best 13 optimal 7
144999 eval return 2.074 +/- 0.016
time:  9.394 SPS: 266
149999 success 1.0 +/- 0.0
149999 eval steps mean 15.7 best 14 optimal 7
149999 eval return 1.931 +/- 0.057
time:  9.713 SPS: 265
154999 success 0.9 +/- 0.1
154999 eval steps mean 24.8 best 14 optimal 7
154999 eval return 0.67 +/- 1.341
160000
GOAL [ 6 13]
time:  10.019 SPS: 266
159999 success 0.5 +/- 0.167
159999 eval steps mean 77.7 best 26 optimal 7
159999 eval return -1.963 +/- 0.923
done RL run. Time 10.10237199833333 min
