agent_dict keys dict_keys(['base_algorithm', 'learning_rate', 'num_envs', 'rollout_num_steps', 'gamma', 'gae_lambda', 'num_minibatches', 'update_epochs', 'minibatch_size', 'norm_adv', 'clip_coef', 'clip_vloss', 'ent_coef', 'vf_coef', 'max_grad_norm', 'rpo_alpha', 'parseval_reg', 'input_scale', 'learnable_input_scale', 'add_diag_layer', 'lie_group', 'pion', 'pion_block_size', 'pion_multiplicative', 'oft', 'poet', 'oet_num_blocks', 'poet_exact_cayley', 'layer_norm', 'layer_norm_no_params', 'weight_decay', 'tuned_adam', 'perturb', 'perturb_dist', 'regen', 'regen_wasserstein', 'weight_init', 'net_width', 'net_activation', 'init_gain', 'parseval_norm', 'parseval_num_groups'])
env_dict keys dict_keys(['env', 'change_freq', 'seed', 'env_type'])
Start RL run!
{'base_algorithm': 'ppo_agent', 'learning_rate': 0.01, 'num_envs': 1, 'rollout_num_steps': 128, 'gamma': 0.99, 'gae_lambda': 0.95, 'num_minibatches': 4, 'update_epochs': 4, 'minibatch_size': 32, 'norm_adv': True, 'clip_coef': 0.2, 'clip_vloss': True, 'ent_coef': 0.01, 'vf_coef': 0.5, 'max_grad_norm': 0.5, 'rpo_alpha': 0, 'parseval_reg': 0, 'input_scale': 1, 'learnable_input_scale': False, 'add_diag_layer': False, 'lie_group': False, 'pion': False, 'pion_block_size': None, 'pion_multiplicative': False, 'oft': True, 'poet': False, 'oet_num_blocks': 9, 'poet_exact_cayley': False, 'layer_norm': False, 'layer_norm_no_params': False, 'weight_decay': 0, 'tuned_adam': False, 'perturb': 0.0, 'perturb_dist': 'xavier', 'regen': 0.0, 'regen_wasserstein': False, 'weight_init': 'orthogonal', 'net_width': 64, 'net_activation': 'tanh', 'init_gain': None, 'parseval_norm': False, 'parseval_num_groups': 1, 'device': 'cpu'}
{'env': 'gridworld_ninerooms', 'change_freq': 40000, 'seed': 123, 'env_type': 'rl', 'local_run': False}
Running on gpu: False
Gridworld args () {'env': 'gridworld_ninerooms', 'change_freq': 40000, 'seed': 123, 'env_type': 'rl', 'local_run': False}
time:  0.028 SPS: 0
0 success 0.0 +/- 0.0
0 eval steps mean 99.9 best 99 optimal 8
0 eval return -15.557 +/- 0.498
time:  0.287 SPS: 290
4999 success 0.0 +/- 0.0
4999 eval steps mean 99.9 best 99 optimal 8
4999 eval return -13.021 +/- 0.855
time:  0.561 SPS: 296
9999 success 0.0 +/- 0.0
9999 eval steps mean 99.9 best 99 optimal 8
9999 eval return -10.072 +/- 0.423
time:  0.878 SPS: 284
14999 success 0.2 +/- 0.133
14999 eval steps mean 94.8 best 58 optimal 8
14999 eval return -8.738 +/- 1.238
time:  1.209 SPS: 275
19999 success 0.6 +/- 0.163
19999 eval steps mean 81.6 best 42 optimal 8
19999 eval return -5.206 +/- 1.42
time:  1.522 SPS: 273
24999 success 0.0 +/- 0.0
24999 eval steps mean 99.9 best 99 optimal 8
24999 eval return -11.079 +/- 0.273
time:  1.859 SPS: 268
29999 success 0.4 +/- 0.163
29999 eval steps mean 80.8 best 31 optimal 8
29999 eval return -10.005 +/- 2.248
time:  2.189 SPS: 266
34999 success 1.0 +/- 0.0
34999 eval steps mean 24.2 best 17 optimal 8
34999 eval return 0.976 +/- 0.199
40000
GOAL [13  3]
time:  2.496 SPS: 267
39999 success 0.0 +/- 0.0
39999 eval steps mean 99.9 best 99 optimal 10
39999 eval return -14.71 +/- 0.398
time:  2.82 SPS: 265
44999 success 0.0 +/- 0.0
44999 eval steps mean 99.9 best 99 optimal 10
44999 eval return -9.855 +/- 0.107
time:  3.167 SPS: 263
49999 success 0.9 +/- 0.1
49999 eval steps mean 32.1 best 11 optimal 10
49999 eval return 1.487 +/- 0.591
time:  3.474 SPS: 263
54999 success 1.0 +/- 0.0
54999 eval steps mean 14.0 best 11 optimal 10
54999 eval return 2.293 +/- 0.04
time:  3.779 SPS: 264
59999 success 0.9 +/- 0.1
59999 eval steps mean 43.9 best 16 optimal 10
59999 eval return 0.409 +/- 0.778
time:  4.089 SPS: 264
64999 success 1.0 +/- 0.0
64999 eval steps mean 10.9 best 10 optimal 10
64999 eval return 2.45 +/- 0.0
time:  4.387 SPS: 265
69999 success 0.0 +/- 0.0
69999 eval steps mean 99.9 best 99 optimal 10
69999 eval return -4.494 +/- 0.105
time:  4.716 SPS: 265
74999 success 1.0 +/- 0.0
74999 eval steps mean 13.7 best 11 optimal 10
74999 eval return 2.31 +/- 0.038
80000
GOAL [5 2]
time:  5.023 SPS: 265
79999 success 0.0 +/- 0.0
79999 eval steps mean 99.9 best 99 optimal 7
79999 eval return -11.26 +/- 0.416
time:  5.335 SPS: 265
84999 success 0.0 +/- 0.0
84999 eval steps mean 99.9 best 99 optimal 7
84999 eval return -13.266 +/- 0.222
time:  5.656 SPS: 265
89999 success 0.0 +/- 0.0
89999 eval steps mean 99.9 best 99 optimal 7
89999 eval return -10.086 +/- 1.32
time:  5.976 SPS: 264
94999 success 0.0 +/- 0.0
94999 eval steps mean 99.9 best 99 optimal 7
94999 eval return -8.015 +/- 0.041
time:  6.304 SPS: 264
99999 success 0.0 +/- 0.0
99999 eval steps mean 99.9 best 99 optimal 7
99999 eval return -8.05 +/- 0.112
time:  6.631 SPS: 263
104999 success 0.0 +/- 0.0
104999 eval steps mean 99.9 best 99 optimal 7
104999 eval return -8.577 +/- 0.302
time:  6.946 SPS: 263
109999 success 0.0 +/- 0.0
109999 eval steps mean 99.9 best 99 optimal 7
109999 eval return -8.394 +/- 0.773
time:  7.262 SPS: 263
114999 success 0.0 +/- 0.0
114999 eval steps mean 99.9 best 99 optimal 7
114999 eval return -7.727 +/- 0.594
120000
GOAL [ 5 12]
time:  7.592 SPS: 263
119999 success 0.0 +/- 0.0
119999 eval steps mean 99.9 best 99 optimal 7
119999 eval return -15.273 +/- 1.142
time:  7.913 SPS: 263
124999 success 0.0 +/- 0.0
124999 eval steps mean 99.9 best 99 optimal 7
124999 eval return -9.578 +/- 0.28
time:  8.237 SPS: 263
129999 success 0.0 +/- 0.0
129999 eval steps mean 99.9 best 99 optimal 7
129999 eval return -8.361 +/- 0.58
time:  8.569 SPS: 262
134999 success 0.0 +/- 0.0
134999 eval steps mean 99.9 best 99 optimal 7
134999 eval return -7.103 +/- 0.528
time:  8.9 SPS: 262
139999 success 0.1 +/- 0.1
139999 eval steps mean 91.5 best 16 optimal 7
139999 eval return -9.863 +/- 1.48
time:  9.217 SPS: 262
144999 success 0.0 +/- 0.0
144999 eval steps mean 99.9 best 99 optimal 7
144999 eval return -13.072 +/- 0.468
time:  9.546 SPS: 261
149999 success 1.0 +/- 0.0
149999 eval steps mean 21.0 best 14 optimal 7
149999 eval return 1.735 +/- 0.226
time:  9.86 SPS: 262
154999 success 0.0 +/- 0.0
154999 eval steps mean 99.9 best 99 optimal 7
154999 eval return -14.533 +/- 0.597
160000
GOAL [ 6 13]
time:  10.161 SPS: 262
159999 success 0.0 +/- 0.0
159999 eval steps mean 99.9 best 99 optimal 7
159999 eval return -4.327 +/- 0.185
done RL run. Time 10.24169059 min
