agent_dict keys dict_keys(['base_algorithm', 'learning_rate', 'num_envs', 'rollout_num_steps', 'gamma', 'gae_lambda', 'num_minibatches', 'update_epochs', 'minibatch_size', 'norm_adv', 'clip_coef', 'clip_vloss', 'ent_coef', 'vf_coef', 'max_grad_norm', 'rpo_alpha', 'parseval_reg', 'input_scale', 'learnable_input_scale', 'add_diag_layer', 'lie_group', 'pion', 'pion_block_size', 'pion_multiplicative', 'oft', 'poet', 'oet_num_blocks', 'poet_exact_cayley', 'layer_norm', 'layer_norm_no_params', 'weight_decay', 'tuned_adam', 'perturb', 'perturb_dist', 'regen', 'regen_wasserstein', 'weight_init', 'net_width', 'net_activation', 'init_gain', 'parseval_norm', 'parseval_num_groups'])
env_dict keys dict_keys(['env', 'change_freq', 'seed', 'env_type'])
Start RL run!
{'base_algorithm': 'ppo_agent', 'learning_rate': 0.001, 'num_envs': 1, 'rollout_num_steps': 128, 'gamma': 0.99, 'gae_lambda': 0.95, 'num_minibatches': 4, 'update_epochs': 4, 'minibatch_size': 32, 'norm_adv': True, 'clip_coef': 0.2, 'clip_vloss': True, 'ent_coef': 0.01, 'vf_coef': 0.5, 'max_grad_norm': 0.5, 'rpo_alpha': 0, 'parseval_reg': 0, 'input_scale': 1, 'learnable_input_scale': False, 'add_diag_layer': False, 'lie_group': False, 'pion': False, 'pion_block_size': None, 'pion_multiplicative': False, 'oft': False, 'poet': True, 'oet_num_blocks': 1, 'poet_exact_cayley': False, 'layer_norm': False, 'layer_norm_no_params': False, 'weight_decay': 0, 'tuned_adam': False, 'perturb': 0.0, 'perturb_dist': 'xavier', 'regen': 0.0, 'regen_wasserstein': False, 'weight_init': 'orthogonal', 'net_width': 64, 'net_activation': 'tanh', 'init_gain': None, 'parseval_norm': False, 'parseval_num_groups': 1, 'device': 'cpu'}
{'env': 'gridworld_ninerooms', 'change_freq': 40000, 'seed': 123, 'env_type': 'rl', 'local_run': False}
Running on gpu: False
Gridworld args () {'env': 'gridworld_ninerooms', 'change_freq': 40000, 'seed': 123, 'env_type': 'rl', 'local_run': False}
time:  0.028 SPS: 0
0 success 0.0 +/- 0.0
0 eval steps mean 99.9 best 99 optimal 8
0 eval return -15.401 +/- 0.452
time:  0.321 SPS: 259
4999 success 0.0 +/- 0.0
4999 eval steps mean 99.9 best 99 optimal 8
4999 eval return -11.948 +/- 0.411
time:  0.637 SPS: 261
9999 success 0.0 +/- 0.0
9999 eval steps mean 99.9 best 99 optimal 8
9999 eval return -10.537 +/- 0.429
time:  1.002 SPS: 249
14999 success 0.1 +/- 0.1
14999 eval steps mean 93.4 best 35 optimal 8
14999 eval return -9.626 +/- 1.493
time:  1.38 SPS: 241
19999 success 0.8 +/- 0.133
19999 eval steps mean 54.4 best 28 optimal 8
19999 eval return -3.04 +/- 1.715
time:  1.744 SPS: 238
24999 success 1.0 +/- 0.0
24999 eval steps mean 47.3 best 25 optimal 8
24999 eval return -1.858 +/- 0.738
time:  2.099 SPS: 238
29999 success 0.9 +/- 0.1
29999 eval steps mean 57.3 best 31 optimal 8
29999 eval return -3.149 +/- 0.878
time:  2.452 SPS: 237
34999 success 0.9 +/- 0.1
34999 eval steps mean 30.4 best 19 optimal 8
34999 eval return -0.325 +/- 1.128
40000
GOAL [13  3]
time:  2.803 SPS: 237
39999 success 0.0 +/- 0.0
39999 eval steps mean 99.9 best 99 optimal 10
39999 eval return -8.73 +/- 0.061
time:  3.178 SPS: 236
44999 success 0.0 +/- 0.0
44999 eval steps mean 99.9 best 99 optimal 10
44999 eval return -12.253 +/- 0.428
time:  3.546 SPS: 234
49999 success 0.9 +/- 0.1
49999 eval steps mean 27.0 best 11 optimal 10
49999 eval return 1.556 +/- 0.643
time:  3.892 SPS: 235
54999 success 1.0 +/- 0.0
54999 eval steps mean 10.9 best 10 optimal 10
54999 eval return 2.45 +/- 0.0
time:  4.24 SPS: 235
59999 success 1.0 +/- 0.0
59999 eval steps mean 10.9 best 10 optimal 10
59999 eval return 2.45 +/- 0.0
time:  4.591 SPS: 235
64999 success 0.0 +/- 0.0
64999 eval steps mean 99.9 best 99 optimal 10
64999 eval return -5.622 +/- 0.002
time:  4.967 SPS: 234
69999 success 1.0 +/- 0.0
69999 eval steps mean 11.3 best 10 optimal 10
69999 eval return 2.44 +/- 0.007
time:  5.308 SPS: 235
74999 success 1.0 +/- 0.0
74999 eval steps mean 10.9 best 10 optimal 10
74999 eval return 2.45 +/- 0.0
80000
GOAL [5 2]
time:  5.661 SPS: 235
79999 success 0.0 +/- 0.0
79999 eval steps mean 99.9 best 99 optimal 7
79999 eval return -7.87 +/- 0.138
time:  6.041 SPS: 234
84999 success 1.0 +/- 0.0
84999 eval steps mean 19.3 best 18 optimal 7
84999 eval return 1.467 +/- 0.036
time:  6.392 SPS: 234
89999 success 0.0 +/- 0.0
89999 eval steps mean 99.9 best 99 optimal 7
89999 eval return -5.675 +/- 0.303
time:  6.759 SPS: 234
94999 success 0.9 +/- 0.1
94999 eval steps mean 27.8 best 18 optimal 7
94999 eval return -0.217 +/- 1.615
time:  7.112 SPS: 234
99999 success 1.0 +/- 0.0
99999 eval steps mean 19.5 best 18 optimal 7
99999 eval return 1.321 +/- 0.065
time:  7.472 SPS: 234
104999 success 1.0 +/- 0.0
104999 eval steps mean 17.9 best 17 optimal 7
104999 eval return 1.53 +/- 0.0
time:  7.826 SPS: 234
109999 success 1.0 +/- 0.0
109999 eval steps mean 18.2 best 17 optimal 7
109999 eval return 1.509 +/- 0.011
time:  8.185 SPS: 234
114999 success 1.0 +/- 0.0
114999 eval steps mean 17.9 best 17 optimal 7
114999 eval return 1.53 +/- 0.0
120000
GOAL [ 5 12]
time:  8.531 SPS: 234
119999 success 0.0 +/- 0.0
119999 eval steps mean 99.9 best 99 optimal 7
119999 eval return -14.964 +/- 0.956
time:  8.902 SPS: 234
124999 success 0.0 +/- 0.0
124999 eval steps mean 99.9 best 99 optimal 7
124999 eval return -12.56 +/- 0.342
time:  9.287 SPS: 233
129999 success 0.0 +/- 0.0
129999 eval steps mean 99.9 best 99 optimal 7
129999 eval return -11.128 +/- 0.024
time:  9.667 SPS: 232
134999 success 0.0 +/- 0.0
134999 eval steps mean 99.9 best 99 optimal 7
134999 eval return -10.751 +/- 0.03
time:  10.037 SPS: 232
139999 success 0.0 +/- 0.0
139999 eval steps mean 99.9 best 99 optimal 7
139999 eval return -10.415 +/- 0.129
time:  10.331 SPS: 233
144999 success 0.0 +/- 0.0
144999 eval steps mean 99.9 best 99 optimal 7
144999 eval return -9.277 +/- 0.011
time:  10.606 SPS: 235
149999 success 0.0 +/- 0.0
149999 eval steps mean 99.9 best 99 optimal 7
149999 eval return -9.736 +/- 0.014
time:  10.877 SPS: 237
154999 success 0.0 +/- 0.0
154999 eval steps mean 99.9 best 99 optimal 7
154999 eval return -9.064 +/- 0.029
160000
GOAL [ 6 13]
time:  11.133 SPS: 239
159999 success 0.0 +/- 0.0
159999 eval steps mean 99.9 best 99 optimal 7
159999 eval return -8.514 +/- 0.057
done RL run. Time 11.196598784999999 min
