agent_dict keys dict_keys(['base_algorithm', 'learning_rate', 'num_envs', 'rollout_num_steps', 'gamma', 'gae_lambda', 'num_minibatches', 'update_epochs', 'minibatch_size', 'norm_adv', 'clip_coef', 'clip_vloss', 'ent_coef', 'vf_coef', 'max_grad_norm', 'rpo_alpha', 'parseval_reg', 'input_scale', 'learnable_input_scale', 'add_diag_layer', 'lie_group', 'pion', 'pion_block_size', 'pion_multiplicative', 'oft', 'poet', 'oet_num_blocks', 'poet_exact_cayley', 'layer_norm', 'layer_norm_no_params', 'weight_decay', 'tuned_adam', 'perturb', 'perturb_dist', 'regen', 'regen_wasserstein', 'weight_init', 'net_width', 'net_activation', 'init_gain', 'parseval_norm', 'parseval_num_groups'])
env_dict keys dict_keys(['env', 'change_freq', 'seed', 'env_type'])
Start RL run!
{'base_algorithm': 'ppo_agent', 'learning_rate': 0.01, 'num_envs': 1, 'rollout_num_steps': 128, 'gamma': 0.99, 'gae_lambda': 0.95, 'num_minibatches': 4, 'update_epochs': 4, 'minibatch_size': 32, 'norm_adv': True, 'clip_coef': 0.2, 'clip_vloss': True, 'ent_coef': 0.01, 'vf_coef': 0.5, 'max_grad_norm': 0.5, 'rpo_alpha': 0, 'parseval_reg': 0, 'input_scale': 1, 'learnable_input_scale': False, 'add_diag_layer': False, 'lie_group': False, 'pion': False, 'pion_block_size': None, 'pion_multiplicative': False, 'oft': False, 'poet': True, 'oet_num_blocks': 1, 'poet_exact_cayley': True, 'layer_norm': False, 'layer_norm_no_params': False, 'weight_decay': 0, 'tuned_adam': False, 'perturb': 0.0, 'perturb_dist': 'xavier', 'regen': 0.0, 'regen_wasserstein': False, 'weight_init': 'orthogonal', 'net_width': 64, 'net_activation': 'tanh', 'init_gain': None, 'parseval_norm': False, 'parseval_num_groups': 1, 'device': 'cpu'}
{'env': 'gridworld_ninerooms', 'change_freq': 40000, 'seed': 123, 'env_type': 'rl', 'local_run': False}
Running on gpu: False
Gridworld args () {'env': 'gridworld_ninerooms', 'change_freq': 40000, 'seed': 123, 'env_type': 'rl', 'local_run': False}
time:  0.028 SPS: 0
0 success 0.0 +/- 0.0
0 eval steps mean 99.9 best 99 optimal 8
0 eval return -15.063 +/- 0.838
time:  0.369 SPS: 225
4999 success 0.0 +/- 0.0
4999 eval steps mean 99.9 best 99 optimal 8
4999 eval return -12.054 +/- 0.402
time:  0.741 SPS: 224
9999 success 0.0 +/- 0.0
9999 eval steps mean 99.9 best 99 optimal 8
9999 eval return -12.089 +/- 1.222
time:  1.173 SPS: 213
14999 success 0.8 +/- 0.133
14999 eval steps mean 45.9 best 20 optimal 8
14999 eval return -2.197 +/- 1.75
time:  1.571 SPS: 212
19999 success 0.0 +/- 0.0
19999 eval steps mean 99.9 best 99 optimal 8
19999 eval return -13.818 +/- 0.473
time:  1.996 SPS: 208
24999 success 0.0 +/- 0.0
24999 eval steps mean 99.9 best 99 optimal 8
24999 eval return -12.973 +/- 0.398
time:  2.409 SPS: 207
29999 success 0.4 +/- 0.163
29999 eval steps mean 68.2 best 17 optimal 8
29999 eval return -6.901 +/- 2.455
time:  2.807 SPS: 207
34999 success 0.0 +/- 0.0
34999 eval steps mean 99.9 best 99 optimal 8
34999 eval return -15.0 +/- 0.0
40000
GOAL [13  3]
time:  3.221 SPS: 206
39999 success 0.0 +/- 0.0
39999 eval steps mean 99.9 best 99 optimal 10
39999 eval return -16.72 +/- 0.0
time:  3.632 SPS: 206
44999 success 0.0 +/- 0.0
44999 eval steps mean 99.9 best 99 optimal 10
44999 eval return -8.224 +/- 1.084
time:  4.046 SPS: 205
49999 success 1.0 +/- 0.0
49999 eval steps mean 30.3 best 13 optimal 10
49999 eval return 0.896 +/- 0.726
time:  4.437 SPS: 206
54999 success 0.2 +/- 0.133
54999 eval steps mean 82.3 best 11 optimal 10
54999 eval return -2.319 +/- 0.795
time:  4.853 SPS: 206
59999 success 1.0 +/- 0.0
59999 eval steps mean 11.7 best 10 optimal 10
59999 eval return 2.426 +/- 0.016
time:  5.232 SPS: 207
64999 success 0.6 +/- 0.163
64999 eval steps mean 59.5 best 21 optimal 10
64999 eval return -1.279 +/- 1.299
time:  5.635 SPS: 207
69999 success 1.0 +/- 0.0
69999 eval steps mean 12.7 best 11 optimal 10
69999 eval return 2.284 +/- 0.086
time:  6.03 SPS: 207
74999 success 1.0 +/- 0.0
74999 eval steps mean 23.7 best 10 optimal 10
74999 eval return 1.982 +/- 0.116
80000
GOAL [5 2]
time:  6.431 SPS: 207
79999 success 0.0 +/- 0.0
79999 eval steps mean 99.9 best 99 optimal 7
79999 eval return -9.779 +/- 0.093
time:  6.852 SPS: 206
84999 success 0.0 +/- 0.0
84999 eval steps mean 99.9 best 99 optimal 7
84999 eval return -7.745 +/- 0.359
time:  7.266 SPS: 206
89999 success 0.0 +/- 0.0
89999 eval steps mean 99.9 best 99 optimal 7
89999 eval return -6.365 +/- 0.429
time:  7.681 SPS: 206
94999 success 0.0 +/- 0.0
94999 eval steps mean 99.9 best 99 optimal 7
94999 eval return -8.359 +/- 0.999
time:  8.117 SPS: 205
99999 success 0.9 +/- 0.1
99999 eval steps mean 27.3 best 16 optimal 7
99999 eval return 1.193 +/- 0.596
time:  8.506 SPS: 205
104999 success 0.7 +/- 0.153
104999 eval steps mean 54.5 best 22 optimal 7
104999 eval return -4.059 +/- 2.121
time:  8.919 SPS: 205
109999 success 1.0 +/- 0.0
109999 eval steps mean 20.4 best 14 optimal 7
109999 eval return 1.836 +/- 0.231
time:  9.304 SPS: 206
114999 success 0.1 +/- 0.1
114999 eval steps mean 91.9 best 19 optimal 7
114999 eval return -5.452 +/- 0.831
120000
GOAL [ 5 12]
time:  9.721 SPS: 205
119999 success 0.0 +/- 0.0
119999 eval steps mean 99.9 best 99 optimal 7
119999 eval return -18.987 +/- 0.337
time:  10.108 SPS: 206
124999 success 0.0 +/- 0.0
124999 eval steps mean 99.9 best 99 optimal 7
124999 eval return -11.97 +/- 0.65
time:  10.435 SPS: 207
129999 success 0.0 +/- 0.0
129999 eval steps mean 99.9 best 99 optimal 7
129999 eval return -14.97 +/- 0.0
time:  10.748 SPS: 209
134999 success 0.0 +/- 0.0
134999 eval steps mean 99.9 best 99 optimal 7
134999 eval return -8.426 +/- 0.077
time:  11.057 SPS: 211
139999 success 0.0 +/- 0.0
139999 eval steps mean 99.9 best 99 optimal 7
139999 eval return -5.643 +/- 0.168
time:  11.31 SPS: 213
144999 success 0.3 +/- 0.153
144999 eval steps mean 85.6 best 40 optimal 7
144999 eval return -11.425 +/- 2.292
time:  11.532 SPS: 216
149999 success 0.9 +/- 0.1
149999 eval steps mean 26.1 best 16 optimal 7
149999 eval return -0.005 +/- 1.722
time:  11.74 SPS: 220
154999 success 0.5 +/- 0.167
154999 eval steps mean 65.7 best 14 optimal 7
154999 eval return -2.798 +/- 1.374
160000
GOAL [ 6 13]
time:  11.959 SPS: 222
159999 success 0.2 +/- 0.133
159999 eval steps mean 87.9 best 40 optimal 7
159999 eval return -3.104 +/- 0.885
done RL run. Time 12.015669181666665 min
