agent_dict keys dict_keys(['base_algorithm', 'learning_rate', 'num_envs', 'rollout_num_steps', 'gamma', 'gae_lambda', 'num_minibatches', 'update_epochs', 'minibatch_size', 'norm_adv', 'clip_coef', 'clip_vloss', 'ent_coef', 'vf_coef', 'max_grad_norm', 'rpo_alpha', 'parseval_reg', 'input_scale', 'learnable_input_scale', 'add_diag_layer', 'layer_norm', 'layer_norm_no_params', 'weight_decay', 'tuned_adam', 'perturb', 'perturb_dist', 'regen', 'regen_wasserstein', 'weight_init', 'net_width', 'net_activation', 'init_gain', 'parseval_norm', 'parseval_num_groups'])
env_dict keys dict_keys(['env', 'change_freq', 'seed', 'env_type'])
Start RL run!
{'base_algorithm': 'ppo_agent', 'learning_rate': 0.00025, 'num_envs': 1, 'rollout_num_steps': 128, 'gamma': 0.99, 'gae_lambda': 0.95, 'num_minibatches': 4, 'update_epochs': 4, 'minibatch_size': 32, 'norm_adv': True, 'clip_coef': 0.2, 'clip_vloss': True, 'ent_coef': 0.01, 'vf_coef': 0.5, 'max_grad_norm': 0.5, 'rpo_alpha': 0, 'parseval_reg': 0.001, 'input_scale': 1, 'learnable_input_scale': False, 'add_diag_layer': False, 'layer_norm': False, 'layer_norm_no_params': False, 'weight_decay': 0, 'tuned_adam': False, 'perturb': 0.0, 'perturb_dist': 'xavier', 'regen': 0.0, 'regen_wasserstein': False, 'weight_init': 'orthogonal', 'net_width': 64, 'net_activation': 'tanh', 'init_gain': None, 'parseval_norm': True, 'parseval_num_groups': 1, 'device': 'cpu'}
{'env': 'gridworld_ninerooms', 'change_freq': 40000, 'seed': 126, 'env_type': 'rl', 'local_run': False}
Running on gpu: False
Gridworld args () {'env': 'gridworld_ninerooms', 'change_freq': 40000, 'seed': 126, 'env_type': 'rl', 'local_run': False}
time:  0.057 SPS: 0
0 success 0.0 +/- 0.0
0 eval steps mean 99.9 best 99 optimal 10
0 eval return -14.566 +/- 0.376
time:  0.336 SPS: 248
4999 success 0.1 +/- 0.1
4999 eval steps mean 99.2 best 93 optimal 10
4999 eval return -10.843 +/- 0.746
time:  0.643 SPS: 259
9999 success 0.4 +/- 0.163
9999 eval steps mean 80.5 best 32 optimal 10
9999 eval return -6.253 +/- 1.803
time:  1.036 SPS: 241
14999 success 0.9 +/- 0.1
14999 eval steps mean 51.0 best 21 optimal 10
14999 eval return -1.381 +/- 1.12
time:  1.437 SPS: 231
19999 success 1.0 +/- 0.0
19999 eval steps mean 15.7 best 15 optimal 10
19999 eval return 1.889 +/- 0.032
time:  1.826 SPS: 228
24999 success 1.0 +/- 0.0
24999 eval steps mean 14.9 best 14 optimal 10
24999 eval return 1.95 +/- 0.0
time:  2.205 SPS: 226
29999 success 1.0 +/- 0.0
29999 eval steps mean 15.2 best 14 optimal 10
29999 eval return 1.934 +/- 0.015
time:  2.588 SPS: 225
34999 success 1.0 +/- 0.0
34999 eval steps mean 15.1 best 14 optimal 10
34999 eval return 1.939 +/- 0.011
40000
GOAL [12 14]
time:  2.983 SPS: 223
39999 success 0.0 +/- 0.0
39999 eval steps mean 99.9 best 99 optimal 12
39999 eval return -15.261 +/- 0.01
time:  3.341 SPS: 224
44999 success 0.0 +/- 0.0
44999 eval steps mean 99.9 best 99 optimal 12
44999 eval return -14.745 +/- 0.042
time:  3.735 SPS: 223
49999 success 0.9 +/- 0.1
49999 eval steps mean 59.9 best 25 optimal 12
49999 eval return -1.012 +/- 0.859
time:  4.129 SPS: 221
54999 success 1.0 +/- 0.0
54999 eval steps mean 13.8 best 12 optimal 12
54999 eval return 2.184 +/- 0.019
time:  4.515 SPS: 221
59999 success 1.0 +/- 0.0
59999 eval steps mean 13.1 best 12 optimal 12
59999 eval return 2.203 +/- 0.017
time:  4.904 SPS: 220
64999 success 1.0 +/- 0.0
64999 eval steps mean 13.0 best 12 optimal 12
64999 eval return 2.213 +/- 0.007
time:  5.286 SPS: 220
69999 success 0.9 +/- 0.1
69999 eval steps mean 21.9 best 13 optimal 12
69999 eval return 0.659 +/- 1.54
time:  5.671 SPS: 220
74999 success 1.0 +/- 0.0
74999 eval steps mean 12.9 best 12 optimal 12
74999 eval return 2.22 +/- 0.0
80000
GOAL [10 12]
time:  6.073 SPS: 219
79999 success 0.0 +/- 0.0
79999 eval steps mean 99.9 best 99 optimal 8
79999 eval return -4.335 +/- 0.007
time:  6.429 SPS: 220
84999 success 0.0 +/- 0.0
84999 eval steps mean 99.9 best 99 optimal 8
84999 eval return -2.614 +/- 0.012
time:  6.807 SPS: 220
89999 success 0.0 +/- 0.0
89999 eval steps mean 99.9 best 99 optimal 8
89999 eval return -2.612 +/- 0.012
time:  7.209 SPS: 219
94999 success 1.0 +/- 0.0
94999 eval steps mean 13.4 best 13 optimal 8
94999 eval return 2.203 +/- 0.014
time:  7.594 SPS: 219
99999 success 0.9 +/- 0.1
99999 eval steps mean 21.6 best 12 optimal 8
99999 eval return 0.424 +/- 1.796
time:  8.002 SPS: 218
104999 success 1.0 +/- 0.0
104999 eval steps mean 13.1 best 12 optimal 8
104999 eval return 2.201 +/- 0.019
time:  8.398 SPS: 218
109999 success 1.0 +/- 0.0
109999 eval steps mean 13.0 best 12 optimal 8
109999 eval return 2.213 +/- 0.007
time:  8.79 SPS: 218
114999 success 1.0 +/- 0.0
114999 eval steps mean 12.9 best 12 optimal 8
114999 eval return 2.22 +/- 0.0
120000
GOAL [12 14]
time:  9.168 SPS: 218
119999 success 0.0 +/- 0.0
119999 eval steps mean 99.9 best 99 optimal 12
119999 eval return -2.661 +/- 0.01
time:  9.519 SPS: 218
124999 success 1.0 +/- 0.0
124999 eval steps mean 19.8 best 17 optimal 12
124999 eval return 1.989 +/- 0.019
time:  9.987 SPS: 216
129999 success 1.0 +/- 0.0
129999 eval steps mean 12.9 best 12 optimal 12
129999 eval return 2.22 +/- 0.0
time:  10.582 SPS: 212
134999 success 1.0 +/- 0.0
134999 eval steps mean 12.9 best 12 optimal 12
134999 eval return 2.22 +/- 0.0
time:  11.262 SPS: 207
139999 success 1.0 +/- 0.0
139999 eval steps mean 12.9 best 12 optimal 12
139999 eval return 2.22 +/- 0.0
time:  11.787 SPS: 205
144999 success 1.0 +/- 0.0
144999 eval steps mean 13.1 best 12 optimal 12
144999 eval return 2.207 +/- 0.013
time:  12.441 SPS: 200
149999 success 1.0 +/- 0.0
149999 eval steps mean 12.9 best 12 optimal 12
149999 eval return 2.22 +/- 0.0
time:  13.141 SPS: 196
154999 success 1.0 +/- 0.0
154999 eval steps mean 12.9 best 12 optimal 12
154999 eval return 2.22 +/- 0.0
160000
GOAL [12  1]
time:  13.899 SPS: 191
159999 success 0.0 +/- 0.0
159999 eval steps mean 99.9 best 99 optimal 11
159999 eval return -13.026 +/- 0.003
time:  14.287 SPS: 192
164999 success 0.0 +/- 0.0
164999 eval steps mean 99.9 best 99 optimal 11
164999 eval return -13.048 +/- 0.061
time:  14.872 SPS: 190
169999 success 1.0 +/- 0.0
169999 eval steps mean 23.3 best 12 optimal 11
169999 eval return 1.799 +/- 0.12
time:  15.373 SPS: 189
174999 success 1.0 +/- 0.0
174999 eval steps mean 12.1 best 11 optimal 11
174999 eval return 2.335 +/- 0.005
time:  15.737 SPS: 190
179999 success 1.0 +/- 0.0
179999 eval steps mean 11.9 best 11 optimal 11
179999 eval return 2.34 +/- 0.0
time:  16.072 SPS: 191
184999 success 1.0 +/- 0.0
184999 eval steps mean 11.9 best 11 optimal 11
184999 eval return 2.34 +/- 0.0
time:  16.405 SPS: 193
189999 success 1.0 +/- 0.0
189999 eval steps mean 12.1 best 11 optimal 11
189999 eval return 2.335 +/- 0.005
time:  16.74 SPS: 194
194999 success 1.0 +/- 0.0
194999 eval steps mean 14.3 best 11 optimal 11
194999 eval return 2.19 +/- 0.15
200000
GOAL [10 11]
time:  17.091 SPS: 195
199999 success 0.0 +/- 0.0
199999 eval steps mean 99.9 best 99 optimal 7
199999 eval return -13.785 +/- 0.059
time:  17.437 SPS: 195
204999 success 0.0 +/- 0.0
204999 eval steps mean 99.9 best 99 optimal 7
204999 eval return -9.889 +/- 0.388
time:  17.763 SPS: 197
209999 success 0.0 +/- 0.0
209999 eval steps mean 99.9 best 99 optimal 7
209999 eval return -4.0 +/- 0.052
time:  18.112 SPS: 197
214999 success 0.0 +/- 0.0
214999 eval steps mean 99.9 best 99 optimal 7
214999 eval return -3.893 +/- 0.034
time:  18.685 SPS: 196
219999 success 0.0 +/- 0.0
219999 eval steps mean 99.9 best 99 optimal 7
219999 eval return -3.826 +/- 0.006
time:  19.245 SPS: 194
224999 success 0.0 +/- 0.0
224999 eval steps mean 99.9 best 99 optimal 7
224999 eval return -4.679 +/- 0.871
time:  19.641 SPS: 195
229999 success 0.0 +/- 0.0
229999 eval steps mean 99.9 best 99 optimal 7
229999 eval return -3.644 +/- 0.041
time:  19.987 SPS: 195
234999 success 0.0 +/- 0.0
234999 eval steps mean 99.9 best 99 optimal 7
234999 eval return -3.727 +/- 0.053
240000
GOAL [6 1]
time:  20.448 SPS: 195
239999 success 0.0 +/- 0.0
239999 eval steps mean 99.9 best 99 optimal 7
239999 eval return -19.174 +/- 0.162
time:  20.804 SPS: 196
244999 success 0.0 +/- 0.0
244999 eval steps mean 99.9 best 99 optimal 7
244999 eval return -15.38 +/- 0.003
time:  21.196 SPS: 196
249999 success 0.0 +/- 0.0
249999 eval steps mean 99.9 best 99 optimal 7
249999 eval return -6.982 +/- 0.131
time:  22.131 SPS: 192
254999 success 0.1 +/- 0.1
254999 eval steps mean 96.3 best 64 optimal 7
254999 eval return -6.147 +/- 0.594
time:  22.601 SPS: 191
259999 success 0.0 +/- 0.0
259999 eval steps mean 99.9 best 99 optimal 7
259999 eval return -6.741 +/- 0.044
time:  22.958 SPS: 192
264999 success 0.0 +/- 0.0
264999 eval steps mean 99.9 best 99 optimal 7
264999 eval return -6.619 +/- 0.035
time:  23.313 SPS: 193
269999 success 0.0 +/- 0.0
269999 eval steps mean 99.9 best 99 optimal 7
269999 eval return -6.525 +/- 0.038
time:  23.672 SPS: 193
274999 success 0.4 +/- 0.163
274999 eval steps mean 83.1 best 35 optimal 7
274999 eval return -4.102 +/- 0.985
280000
GOAL [5 2]
time:  24.031 SPS: 194
279999 success 0.3 +/- 0.153
279999 eval steps mean 81.0 best 23 optimal 7
279999 eval return -1.867 +/- 0.675
time:  24.373 SPS: 194
284999 success 1.0 +/- 0.0
284999 eval steps mean 19.9 best 18 optimal 7
284999 eval return 1.47 +/- 0.016
time:  24.713 SPS: 195
289999 success 1.0 +/- 0.0
289999 eval steps mean 18.3 best 17 optimal 7
289999 eval return 1.49 +/- 0.029
time:  25.093 SPS: 195
294999 success 1.0 +/- 0.0
294999 eval steps mean 18.1 best 17 optimal 7
294999 eval return 1.523 +/- 0.007
time:  25.504 SPS: 196
299999 success 0.9 +/- 0.1
299999 eval steps mean 26.1 best 17 optimal 7
299999 eval return 0.131 +/- 1.399
time:  26.039 SPS: 195
304999 success 1.0 +/- 0.0
304999 eval steps mean 17.9 best 17 optimal 7
304999 eval return 1.53 +/- 0.0
time:  26.572 SPS: 194
309999 success 1.0 +/- 0.0
309999 eval steps mean 17.9 best 17 optimal 7
309999 eval return 1.53 +/- 0.0
time:  27.478 SPS: 191
314999 success 1.0 +/- 0.0
314999 eval steps mean 17.9 best 17 optimal 7
314999 eval return 1.53 +/- 0.0
320000
GOAL [10  1]
time:  28.488 SPS: 187
319999 success 0.0 +/- 0.0
319999 eval steps mean 99.9 best 99 optimal 9
319999 eval return -10.549 +/- 0.147
time:  29.008 SPS: 186
324999 success 0.0 +/- 0.0
324999 eval steps mean 99.9 best 99 optimal 9
324999 eval return -7.271 +/- 0.471
time:  29.647 SPS: 185
329999 success 1.0 +/- 0.0
329999 eval steps mean 17.1 best 13 optimal 9
329999 eval return 2.042 +/- 0.021
time:  30.041 SPS: 185
334999 success 1.0 +/- 0.0
334999 eval steps mean 14.2 best 13 optimal 9
334999 eval return 2.086 +/- 0.004
time:  30.486 SPS: 185
339999 success 1.0 +/- 0.0
339999 eval steps mean 13.9 best 13 optimal 9
339999 eval return 2.09 +/- 0.0
time:  30.883 SPS: 186
344999 success 1.0 +/- 0.0
344999 eval steps mean 13.9 best 13 optimal 9
344999 eval return 2.09 +/- 0.0
time:  31.29 SPS: 186
349999 success 1.0 +/- 0.0
349999 eval steps mean 14.1 best 13 optimal 9
349999 eval return 2.063 +/- 0.027
time:  31.668 SPS: 186
354999 success 1.0 +/- 0.0
354999 eval steps mean 13.9 best 13 optimal 9
354999 eval return 2.09 +/- 0.0
360000
GOAL [ 8 10]
time:  32.008 SPS: 187
359999 success 0.0 +/- 0.0
359999 eval steps mean 99.9 best 99 optimal 4
359999 eval return -18.584 +/- 0.03
time:  32.364 SPS: 187
364999 success 0.0 +/- 0.0
364999 eval steps mean 99.9 best 99 optimal 4
364999 eval return -18.674 +/- 0.021
time:  32.752 SPS: 188
369999 success 0.0 +/- 0.0
369999 eval steps mean 99.9 best 99 optimal 4
369999 eval return -15.768 +/- 0.018
time:  33.106 SPS: 188
374999 success 0.0 +/- 0.0
374999 eval steps mean 99.9 best 99 optimal 4
374999 eval return -6.354 +/- 0.039
time:  33.451 SPS: 189
379999 success 0.0 +/- 0.0
379999 eval steps mean 99.9 best 99 optimal 4
379999 eval return -5.819 +/- 0.032
time:  34.201 SPS: 187
384999 success 0.0 +/- 0.0
384999 eval steps mean 99.9 best 99 optimal 4
384999 eval return -5.376 +/- 0.072
time:  34.757 SPS: 187
389999 success 0.0 +/- 0.0
389999 eval steps mean 99.9 best 99 optimal 4
389999 eval return -5.608 +/- 0.043
time:  35.319 SPS: 186
394999 success 0.0 +/- 0.0
394999 eval steps mean 99.9 best 99 optimal 4
394999 eval return -5.517 +/- 0.025
400000
GOAL [5 4]
time:  36.012 SPS: 185
399999 success 0.0 +/- 0.0
399999 eval steps mean 99.9 best 99 optimal 5
399999 eval return -21.248 +/- 0.13
time:  36.46 SPS: 185
404999 success 0.0 +/- 0.0
404999 eval steps mean 99.9 best 99 optimal 5
404999 eval return -20.674 +/- 0.146
time:  37.051 SPS: 184
409999 success 0.0 +/- 0.0
409999 eval steps mean 99.9 best 99 optimal 5
409999 eval return -16.181 +/- 0.395
time:  37.8 SPS: 182
414999 success 0.0 +/- 0.0
414999 eval steps mean 99.9 best 99 optimal 5
414999 eval return -13.311 +/- 0.235
time:  38.147 SPS: 183
419999 success 0.0 +/- 0.0
419999 eval steps mean 99.9 best 99 optimal 5
419999 eval return -9.193 +/- 0.136
time:  38.494 SPS: 184
424999 success 0.0 +/- 0.0
424999 eval steps mean 99.9 best 99 optimal 5
424999 eval return -4.602 +/- 0.308
time:  39.087 SPS: 183
429999 success 0.0 +/- 0.0
429999 eval steps mean 99.9 best 99 optimal 5
429999 eval return -4.072 +/- 0.095
time:  39.573 SPS: 183
434999 success 1.0 +/- 0.0
434999 eval steps mean 20.3 best 19 optimal 5
434999 eval return 1.126 +/- 0.026
440000
GOAL [11 14]
time:  40.145 SPS: 182
439999 success 0.0 +/- 0.0
439999 eval steps mean 99.9 best 99 optimal 11
439999 eval return -20.049 +/- 0.026
time:  40.515 SPS: 183
444999 success 0.0 +/- 0.0
444999 eval steps mean 99.9 best 99 optimal 11
444999 eval return -19.858 +/- 0.064
time:  40.87 SPS: 183
449999 success 0.0 +/- 0.0
449999 eval steps mean 99.9 best 99 optimal 11
449999 eval return -15.202 +/- 0.018
time:  41.641 SPS: 182
454999 success 0.0 +/- 0.0
454999 eval steps mean 99.9 best 99 optimal 11
454999 eval return -9.542 +/- 0.885
time:  42.23 SPS: 181
459999 success 1.0 +/- 0.0
459999 eval steps mean 14.4 best 13 optimal 11
459999 eval return 2.067 +/- 0.023
time:  42.804 SPS: 181
464999 success 1.0 +/- 0.0
464999 eval steps mean 13.9 best 13 optimal 11
464999 eval return 2.09 +/- 0.0
time:  43.131 SPS: 181
469999 success 1.0 +/- 0.0
469999 eval steps mean 13.9 best 13 optimal 11
469999 eval return 2.09 +/- 0.0
time:  43.559 SPS: 181
474999 success 1.0 +/- 0.0
474999 eval steps mean 14.1 best 14 optimal 11
474999 eval return 2.073 +/- 0.017
480000
GOAL [ 9 13]
time:  44.253 SPS: 180
479999 success 0.0 +/- 0.0
479999 eval steps mean 99.9 best 99 optimal 8
479999 eval return -5.284 +/- 0.07
time:  44.823 SPS: 180
484999 success 0.0 +/- 0.0
484999 eval steps mean 99.9 best 99 optimal 8
484999 eval return -5.524 +/- 0.082
time:  45.22 SPS: 180
489999 success 0.0 +/- 0.0
489999 eval steps mean 99.9 best 99 optimal 8
489999 eval return -5.533 +/- 0.017
time:  46.144 SPS: 178
494999 success 0.0 +/- 0.0
494999 eval steps mean 99.9 best 99 optimal 8
494999 eval return -4.268 +/- 0.032
time:  46.852 SPS: 177
499999 success 0.0 +/- 0.0
499999 eval steps mean 99.9 best 99 optimal 8
499999 eval return -4.213 +/- 0.031
time:  47.318 SPS: 177
504999 success 0.0 +/- 0.0
504999 eval steps mean 99.9 best 99 optimal 8
504999 eval return -4.218 +/- 0.017
time:  47.835 SPS: 177
509999 success 1.0 +/- 0.0
509999 eval steps mean 16.9 best 14 optimal 8
509999 eval return 1.851 +/- 0.038
time:  48.547 SPS: 176
514999 success 1.0 +/- 0.0
514999 eval steps mean 15.3 best 14 optimal 8
514999 eval return 1.912 +/- 0.026
520000
GOAL [13 13]
time:  49.409 SPS: 175
519999 success 0.0 +/- 0.0
519999 eval steps mean 99.9 best 99 optimal 12
519999 eval return -8.286 +/- 0.21
time:  49.954 SPS: 175
524999 success 0.0 +/- 0.0
524999 eval steps mean 99.9 best 99 optimal 12
524999 eval return -6.242 +/- 0.027
time:  50.497 SPS: 174
529999 success 0.0 +/- 0.0
529999 eval steps mean 99.9 best 99 optimal 12
529999 eval return -3.484 +/- 0.078
time:  50.845 SPS: 175
534999 success 1.0 +/- 0.0
534999 eval steps mean 13.3 best 12 optimal 12
534999 eval return 2.212 +/- 0.008
time:  51.244 SPS: 175
539999 success 1.0 +/- 0.0
539999 eval steps mean 12.9 best 12 optimal 12
539999 eval return 2.22 +/- 0.0
time:  51.864 SPS: 175
544999 success 1.0 +/- 0.0
544999 eval steps mean 12.9 best 12 optimal 12
544999 eval return 2.22 +/- 0.0
time:  52.217 SPS: 175
549999 success 1.0 +/- 0.0
549999 eval steps mean 12.9 best 12 optimal 12
549999 eval return 2.22 +/- 0.0
time:  52.649 SPS: 175
554999 success 1.0 +/- 0.0
554999 eval steps mean 12.9 best 12 optimal 12
554999 eval return 2.22 +/- 0.0
560000
GOAL [14  6]
time:  52.996 SPS: 176
559999 success 0.0 +/- 0.0
559999 eval steps mean 99.9 best 99 optimal 8
559999 eval return -10.068 +/- 0.127
time:  53.408 SPS: 176
564999 success 0.0 +/- 0.0
564999 eval steps mean 99.9 best 99 optimal 8
564999 eval return -8.446 +/- 0.036
time:  53.757 SPS: 176
569999 success 0.0 +/- 0.0
569999 eval steps mean 99.9 best 99 optimal 8
569999 eval return -8.346 +/- 0.003
time:  54.114 SPS: 177
574999 success 0.0 +/- 0.0
574999 eval steps mean 99.9 best 99 optimal 8
574999 eval return -8.281 +/- 0.014
time:  54.465 SPS: 177
579999 success 1.0 +/- 0.0
579999 eval steps mean 9.1 best 8 optimal 8
579999 eval return 2.635 +/- 0.005
time:  54.788 SPS: 177
584999 success 1.0 +/- 0.0
584999 eval steps mean 9.1 best 8 optimal 8
584999 eval return 2.635 +/- 0.005
time:  55.117 SPS: 178
589999 success 1.0 +/- 0.0
589999 eval steps mean 8.9 best 8 optimal 8
589999 eval return 2.64 +/- 0.0
time:  55.446 SPS: 178
594999 success 1.0 +/- 0.0
594999 eval steps mean 15.1 best 8 optimal 8
594999 eval return 2.577 +/- 0.063
600000
GOAL [ 8 13]
time:  55.789 SPS: 179
599999 success 0.0 +/- 0.0
599999 eval steps mean 99.9 best 99 optimal 7
599999 eval return -13.803 +/- 0.006
time:  56.127 SPS: 179
604999 success 0.0 +/- 0.0
604999 eval steps mean 99.9 best 99 optimal 7
604999 eval return -9.693 +/- 0.199
time:  56.474 SPS: 180
609999 success 0.0 +/- 0.0
609999 eval steps mean 99.9 best 99 optimal 7
609999 eval return -5.504 +/- 0.139
time:  56.825 SPS: 180
614999 success 1.0 +/- 0.0
614999 eval steps mean 16.0 best 15 optimal 7
614999 eval return 1.796 +/- 0.004
time:  57.561 SPS: 179
619999 success 1.0 +/- 0.0
619999 eval steps mean 15.9 best 15 optimal 7
619999 eval return 1.8 +/- 0.0
time:  57.94 SPS: 179
624999 success 1.0 +/- 0.0
624999 eval steps mean 15.9 best 15 optimal 7
624999 eval return 1.8 +/- 0.0
time:  58.277 SPS: 180
629999 success 1.0 +/- 0.0
629999 eval steps mean 15.9 best 15 optimal 7
629999 eval return 1.8 +/- 0.0
time:  58.608 SPS: 180
634999 success 1.0 +/- 0.0
634999 eval steps mean 16.2 best 16 optimal 7
634999 eval return 1.759 +/- 0.041
640000
GOAL [ 5 11]
time:  58.952 SPS: 180
639999 success 0.0 +/- 0.0
639999 eval steps mean 99.9 best 99 optimal 6
639999 eval return -5.014 +/- 0.026
time:  59.887 SPS: 179
644999 success 0.0 +/- 0.0
644999 eval steps mean 99.9 best 99 optimal 6
644999 eval return -5.067 +/- 0.021
time:  60.48 SPS: 179
649999 success 0.1 +/- 0.1
649999 eval steps mean 98.9 best 90 optimal 6
649999 eval return -3.747 +/- 0.322
time:  61.347 SPS: 177
654999 success 1.0 +/- 0.0
654999 eval steps mean 21.1 best 20 optimal 6
654999 eval return 1.237 +/- 0.003
time:  61.906 SPS: 177
659999 success 1.0 +/- 0.0
659999 eval steps mean 21.0 best 20 optimal 6
659999 eval return 1.233 +/- 0.007
time:  62.243 SPS: 178
664999 success 1.0 +/- 0.0
664999 eval steps mean 21.1 best 20 optimal 6
664999 eval return 1.237 +/- 0.003
time:  63.104 SPS: 176
669999 success 1.0 +/- 0.0
669999 eval steps mean 21.0 best 20 optimal 6
669999 eval return 1.233 +/- 0.007
time:  63.635 SPS: 176
674999 success 1.0 +/- 0.0
674999 eval steps mean 21.1 best 20 optimal 6
674999 eval return 1.235 +/- 0.005
680000
GOAL [14  5]
time:  64.146 SPS: 176
679999 success 0.0 +/- 0.0
679999 eval steps mean 99.9 best 99 optimal 9
679999 eval return -15.593 +/- 0.018
time:  64.471 SPS: 177
684999 success 0.0 +/- 0.0
684999 eval steps mean 99.9 best 99 optimal 9
684999 eval return -13.101 +/- 0.01
time:  64.829 SPS: 177
689999 success 0.0 +/- 0.0
689999 eval steps mean 99.9 best 99 optimal 9
689999 eval return -12.969 +/- 0.018
time:  65.176 SPS: 177
694999 success 0.0 +/- 0.0
694999 eval steps mean 99.9 best 99 optimal 9
694999 eval return -12.918 +/- 0.14
time:  65.483 SPS: 178
699999 success 0.0 +/- 0.0
699999 eval steps mean 99.9 best 99 optimal 9
699999 eval return -11.45 +/- 0.012
time:  65.861 SPS: 178
704999 success 0.0 +/- 0.0
704999 eval steps mean 99.9 best 99 optimal 9
704999 eval return -10.503 +/- 0.222
time:  66.213 SPS: 178
709999 success 0.0 +/- 0.0
709999 eval steps mean 99.9 best 99 optimal 9
709999 eval return -10.1 +/- 0.021
time:  66.572 SPS: 179
714999 success 0.0 +/- 0.0
714999 eval steps mean 99.9 best 99 optimal 9
714999 eval return -8.392 +/- 0.02
720000
GOAL [13  0]
time:  67.324 SPS: 178
719999 success 0.0 +/- 0.0
719999 eval steps mean 99.9 best 99 optimal 13
719999 eval return -10.619 +/- 0.07
time:  67.863 SPS: 178
724999 success 0.0 +/- 0.0
724999 eval steps mean 99.9 best 99 optimal 13
724999 eval return -7.382 +/- 0.086
time:  68.597 SPS: 177
729999 success 0.0 +/- 0.0
729999 eval steps mean 99.9 best 99 optimal 13
729999 eval return -7.373 +/- 0.136
time:  69.135 SPS: 177
734999 success 0.0 +/- 0.0
734999 eval steps mean 99.9 best 99 optimal 13
734999 eval return -7.218 +/- 0.002
time:  69.456 SPS: 177
739999 success 0.0 +/- 0.0
739999 eval steps mean 99.9 best 99 optimal 13
739999 eval return -7.217 +/- 0.004
time:  70.079 SPS: 177
744999 success 0.5 +/- 0.167
744999 eval steps mean 65.2 best 17 optimal 13
744999 eval return -3.94 +/- 1.658
time:  71.074 SPS: 175
749999 success 1.0 +/- 0.0
749999 eval steps mean 13.9 best 13 optimal 13
749999 eval return 2.09 +/- 0.0
time:  71.686 SPS: 175
754999 success 1.0 +/- 0.0
754999 eval steps mean 13.9 best 13 optimal 13
754999 eval return 2.09 +/- 0.0
760000
GOAL [ 8 10]
time:  72.18 SPS: 175
759999 success 0.0 +/- 0.0
759999 eval steps mean 99.9 best 99 optimal 4
759999 eval return -18.779 +/- 0.097
time:  72.481 SPS: 175
764999 success 0.0 +/- 0.0
764999 eval steps mean 99.9 best 99 optimal 4
764999 eval return -17.144 +/- 0.21
time:  72.828 SPS: 176
769999 success 0.0 +/- 0.0
769999 eval steps mean 99.9 best 99 optimal 4
769999 eval return -14.579 +/- 0.024
time:  73.268 SPS: 176
774999 success 0.0 +/- 0.0
774999 eval steps mean 99.9 best 99 optimal 4
774999 eval return -14.524 +/- 0.004
time:  73.687 SPS: 176
779999 success 0.0 +/- 0.0
779999 eval steps mean 99.9 best 99 optimal 4
779999 eval return -14.52 +/- 0.0
time:  74.057 SPS: 176
784999 success 0.0 +/- 0.0
784999 eval steps mean 99.9 best 99 optimal 4
784999 eval return -14.713 +/- 0.193
time:  74.426 SPS: 176
789999 success 0.0 +/- 0.0
789999 eval steps mean 99.9 best 99 optimal 4
789999 eval return -14.52 +/- 0.0
time:  74.795 SPS: 177
794999 success 0.0 +/- 0.0
794999 eval steps mean 99.9 best 99 optimal 4
794999 eval return -14.52 +/- 0.0
800000
GOAL [12 14]
time:  75.178 SPS: 177
799999 success 0.0 +/- 0.0
799999 eval steps mean 99.9 best 99 optimal 12
799999 eval return -10.52 +/- 0.0
done RL run. Time 75.31815263833366 min
