agent_dict keys dict_keys(['base_algorithm', 'learning_rate', 'num_envs', 'rollout_num_steps', 'gamma', 'gae_lambda', 'num_minibatches', 'update_epochs', 'minibatch_size', 'norm_adv', 'clip_coef', 'clip_vloss', 'ent_coef', 'vf_coef', 'max_grad_norm', 'rpo_alpha', 'parseval_reg', 'input_scale', 'learnable_input_scale', 'add_diag_layer', 'layer_norm', 'layer_norm_no_params', 'weight_decay', 'tuned_adam', 'perturb', 'perturb_dist', 'regen', 'regen_wasserstein', 'weight_init', 'net_width', 'net_activation', 'init_gain', 'parseval_norm', 'parseval_num_groups'])
env_dict keys dict_keys(['env', 'change_freq', 'seed', 'env_type'])
Start RL run!
{'base_algorithm': 'ppo_agent', 'learning_rate': 0.00025, 'num_envs': 1, 'rollout_num_steps': 128, 'gamma': 0.99, 'gae_lambda': 0.95, 'num_minibatches': 4, 'update_epochs': 4, 'minibatch_size': 32, 'norm_adv': True, 'clip_coef': 0.2, 'clip_vloss': True, 'ent_coef': 0.01, 'vf_coef': 0.5, 'max_grad_norm': 0.5, 'rpo_alpha': 0, 'parseval_reg': 0.001, 'input_scale': 1, 'learnable_input_scale': False, 'add_diag_layer': False, 'layer_norm': False, 'layer_norm_no_params': False, 'weight_decay': 0, 'tuned_adam': False, 'perturb': 0.0, 'perturb_dist': 'xavier', 'regen': 0.0, 'regen_wasserstein': False, 'weight_init': 'orthogonal', 'net_width': 64, 'net_activation': 'tanh', 'init_gain': None, 'parseval_norm': True, 'parseval_num_groups': 1, 'device': 'cpu'}
{'env': 'gridworld_ninerooms', 'change_freq': 40000, 'seed': 125, 'env_type': 'rl', 'local_run': False}
Running on gpu: False
Gridworld args () {'env': 'gridworld_ninerooms', 'change_freq': 40000, 'seed': 125, 'env_type': 'rl', 'local_run': False}
time:  0.05 SPS: 0
0 success 0.0 +/- 0.0
0 eval steps mean 99.9 best 99 optimal 6
0 eval return -13.488 +/- 0.671
time:  0.375 SPS: 222
4999 success 0.0 +/- 0.0
4999 eval steps mean 99.9 best 99 optimal 6
4999 eval return -14.061 +/- 0.504
time:  0.698 SPS: 238
9999 success 0.0 +/- 0.0
9999 eval steps mean 99.9 best 99 optimal 6
9999 eval return -9.0 +/- 0.926
time:  1.103 SPS: 226
14999 success 0.7 +/- 0.153
14999 eval steps mean 71.9 best 24 optimal 6
14999 eval return -2.979 +/- 1.211
time:  1.507 SPS: 221
19999 success 1.0 +/- 0.0
19999 eval steps mean 27.7 best 16 optimal 6
19999 eval return 0.852 +/- 0.448
time:  1.901 SPS: 219
24999 success 1.0 +/- 0.0
24999 eval steps mean 15.3 best 14 optimal 6
24999 eval return 1.912 +/- 0.029
time:  2.286 SPS: 218
29999 success 1.0 +/- 0.0
29999 eval steps mean 15.1 best 14 optimal 6
29999 eval return 1.925 +/- 0.025
time:  2.677 SPS: 217
34999 success 1.0 +/- 0.0
34999 eval steps mean 15.0 best 15 optimal 6
34999 eval return 1.946 +/- 0.004
40000
GOAL [10  2]
time:  3.082 SPS: 216
39999 success 0.0 +/- 0.0
39999 eval steps mean 99.9 best 99 optimal 8
39999 eval return -18.993 +/- 0.101
time:  3.47 SPS: 216
44999 success 0.0 +/- 0.0
44999 eval steps mean 99.9 best 99 optimal 8
44999 eval return -13.966 +/- 0.386
time:  3.869 SPS: 215
49999 success 0.2 +/- 0.133
49999 eval steps mean 96.7 best 70 optimal 8
49999 eval return -9.577 +/- 1.151
time:  4.277 SPS: 214
54999 success 0.1 +/- 0.1
54999 eval steps mean 99.0 best 91 optimal 8
54999 eval return -10.399 +/- 0.492
time:  4.683 SPS: 213
59999 success 0.2 +/- 0.133
59999 eval steps mean 94.1 best 64 optimal 8
59999 eval return -8.625 +/- 1.038
time:  5.091 SPS: 212
64999 success 1.0 +/- 0.0
64999 eval steps mean 37.9 best 19 optimal 8
64999 eval return -0.427 +/- 0.831
time:  5.488 SPS: 212
69999 success 1.0 +/- 0.0
69999 eval steps mean 20.4 best 18 optimal 8
69999 eval return 1.347 +/- 0.025
time:  5.882 SPS: 212
74999 success 1.0 +/- 0.0
74999 eval steps mean 19.0 best 18 optimal 8
74999 eval return 1.397 +/- 0.013
80000
GOAL [7 1]
time:  6.282 SPS: 212
79999 success 0.0 +/- 0.0
79999 eval steps mean 99.9 best 99 optimal 6
79999 eval return -8.426 +/- 0.088
time:  6.688 SPS: 211
84999 success 0.1 +/- 0.1
84999 eval steps mean 91.6 best 17 optimal 6
84999 eval return -5.016 +/- 0.74
time:  7.108 SPS: 211
89999 success 0.0 +/- 0.0
89999 eval steps mean 99.9 best 99 optimal 6
89999 eval return -5.522 +/- 0.035
time:  7.527 SPS: 210
94999 success 1.0 +/- 0.0
94999 eval steps mean 19.2 best 16 optimal 6
94999 eval return 1.588 +/- 0.032
time:  7.931 SPS: 210
99999 success 1.0 +/- 0.0
99999 eval steps mean 16.9 best 16 optimal 6
99999 eval return 1.64 +/- 0.0
time:  8.328 SPS: 210
104999 success 1.0 +/- 0.0
104999 eval steps mean 16.9 best 16 optimal 6
104999 eval return 1.64 +/- 0.0
time:  8.725 SPS: 210
109999 success 1.0 +/- 0.0
109999 eval steps mean 16.9 best 16 optimal 6
109999 eval return 1.64 +/- 0.0
time:  9.101 SPS: 210
114999 success 1.0 +/- 0.0
114999 eval steps mean 16.9 best 16 optimal 6
114999 eval return 1.64 +/- 0.0
120000
GOAL [ 6 11]
time:  9.477 SPS: 211
119999 success 0.0 +/- 0.0
119999 eval steps mean 99.9 best 99 optimal 5
119999 eval return -20.533 +/- 0.087
time:  9.874 SPS: 210
124999 success 0.0 +/- 0.0
124999 eval steps mean 99.9 best 99 optimal 5
124999 eval return -16.778 +/- 0.095
time:  10.396 SPS: 208
129999 success 0.0 +/- 0.0
129999 eval steps mean 99.9 best 99 optimal 5
129999 eval return -13.774 +/- 0.071
time:  10.976 SPS: 204
134999 success 0.0 +/- 0.0
134999 eval steps mean 99.9 best 99 optimal 5
134999 eval return -5.773 +/- 1.001
time:  11.573 SPS: 201
139999 success 1.0 +/- 0.0
139999 eval steps mean 19.5 best 16 optimal 5
139999 eval return 1.671 +/- 0.053
time:  12.108 SPS: 199
144999 success 1.0 +/- 0.0
144999 eval steps mean 16.3 best 15 optimal 5
144999 eval return 1.788 +/- 0.009
time:  12.655 SPS: 197
149999 success 1.0 +/- 0.0
149999 eval steps mean 15.9 best 15 optimal 5
149999 eval return 1.8 +/- 0.0
time:  13.194 SPS: 195
154999 success 1.0 +/- 0.0
154999 eval steps mean 16.1 best 15 optimal 5
154999 eval return 1.791 +/- 0.009
160000
GOAL [ 8 13]
time:  13.563 SPS: 196
159999 success 0.0 +/- 0.0
159999 eval steps mean 99.9 best 99 optimal 7
159999 eval return -4.468 +/- 0.012
time:  14.167 SPS: 194
164999 success 0.9 +/- 0.1
164999 eval steps mean 29.9 best 21 optimal 7
164999 eval return 0.545 +/- 0.831
time:  14.931 SPS: 189
169999 success 1.0 +/- 0.0
169999 eval steps mean 21.9 best 21 optimal 7
169999 eval return 1.39 +/- 0.0
time:  15.384 SPS: 189
174999 success 0.9 +/- 0.1
174999 eval steps mean 30.6 best 21 optimal 7
174999 eval return 0.466 +/- 0.806
time:  15.752 SPS: 190
179999 success 1.0 +/- 0.0
179999 eval steps mean 22.1 best 21 optimal 7
179999 eval return 1.387 +/- 0.003
time:  16.334 SPS: 188
184999 success 1.0 +/- 0.0
184999 eval steps mean 20.7 best 19 optimal 7
184999 eval return 1.392 +/- 0.019
time:  17.116 SPS: 185
189999 success 1.0 +/- 0.0
189999 eval steps mean 19.9 best 19 optimal 7
189999 eval return 1.42 +/- 0.0
time:  17.458 SPS: 186
194999 success 1.0 +/- 0.0
194999 eval steps mean 19.9 best 19 optimal 7
194999 eval return 1.42 +/- 0.0
200000
GOAL [13  1]
time:  17.805 SPS: 187
199999 success 0.0 +/- 0.0
199999 eval steps mean 99.9 best 99 optimal 12
199999 eval return -17.81 +/- 0.015
time:  18.15 SPS: 188
204999 success 0.0 +/- 0.0
204999 eval steps mean 99.9 best 99 optimal 12
204999 eval return -16.108 +/- 0.347
time:  18.488 SPS: 189
209999 success 0.0 +/- 0.0
209999 eval steps mean 99.9 best 99 optimal 12
209999 eval return -6.739 +/- 0.046
time:  18.838 SPS: 190
214999 success 0.2 +/- 0.133
214999 eval steps mean 91.9 best 50 optimal 12
214999 eval return -4.535 +/- 0.759
time:  19.343 SPS: 189
219999 success 1.0 +/- 0.0
219999 eval steps mean 14.5 best 12 optimal 12
219999 eval return 2.177 +/- 0.019
time:  19.677 SPS: 190
224999 success 1.0 +/- 0.0
224999 eval steps mean 12.9 best 12 optimal 12
224999 eval return 2.22 +/- 0.0
time:  20.013 SPS: 191
229999 success 1.0 +/- 0.0
229999 eval steps mean 12.9 best 12 optimal 12
229999 eval return 2.22 +/- 0.0
time:  20.351 SPS: 192
234999 success 1.0 +/- 0.0
234999 eval steps mean 12.9 best 12 optimal 12
234999 eval return 2.22 +/- 0.0
240000
GOAL [10 11]
time:  20.697 SPS: 193
239999 success 0.0 +/- 0.0
239999 eval steps mean 99.9 best 99 optimal 7
239999 eval return -12.953 +/- 0.059
time:  21.074 SPS: 193
244999 success 0.0 +/- 0.0
244999 eval steps mean 99.9 best 99 optimal 7
244999 eval return -12.821 +/- 0.017
time:  21.454 SPS: 194
249999 success 0.0 +/- 0.0
249999 eval steps mean 99.9 best 99 optimal 7
249999 eval return -12.142 +/- 0.015
time:  21.8 SPS: 194
254999 success 0.0 +/- 0.0
254999 eval steps mean 99.9 best 99 optimal 7
254999 eval return -6.077 +/- 0.483
time:  22.124 SPS: 195
259999 success 0.0 +/- 0.0
259999 eval steps mean 99.9 best 99 optimal 7
259999 eval return -4.359 +/- 0.017
time:  22.432 SPS: 196
264999 success 0.0 +/- 0.0
264999 eval steps mean 99.9 best 99 optimal 7
264999 eval return -4.345 +/- 0.054
time:  22.767 SPS: 197
269999 success 1.0 +/- 0.0
269999 eval steps mean 13.2 best 11 optimal 7
269999 eval return 2.263 +/- 0.027
time:  23.099 SPS: 198
274999 success 1.0 +/- 0.0
274999 eval steps mean 11.9 best 11 optimal 7
274999 eval return 2.34 +/- 0.0
280000
GOAL [ 6 11]
time:  23.467 SPS: 198
279999 success 0.0 +/- 0.0
279999 eval steps mean 99.9 best 99 optimal 5
279999 eval return -8.038 +/- 0.04
time:  23.809 SPS: 199
284999 success 1.0 +/- 0.0
284999 eval steps mean 20.9 best 19 optimal 5
284999 eval return 1.356 +/- 0.032
time:  24.146 SPS: 200
289999 success 1.0 +/- 0.0
289999 eval steps mean 19.9 best 19 optimal 5
289999 eval return 1.4 +/- 0.0
time:  24.484 SPS: 200
294999 success 1.0 +/- 0.0
294999 eval steps mean 20.1 best 19 optimal 5
294999 eval return 1.403 +/- 0.007
time:  24.819 SPS: 201
299999 success 0.9 +/- 0.1
299999 eval steps mean 28.1 best 20 optimal 5
299999 eval return 0.41 +/- 0.985
time:  25.158 SPS: 202
304999 success 1.0 +/- 0.0
304999 eval steps mean 18.1 best 17 optimal 5
304999 eval return 1.469 +/- 0.021
time:  25.494 SPS: 202
309999 success 1.0 +/- 0.0
309999 eval steps mean 17.9 best 17 optimal 5
309999 eval return 1.49 +/- 0.0
time:  25.829 SPS: 203
314999 success 1.0 +/- 0.0
314999 eval steps mean 17.9 best 17 optimal 5
314999 eval return 1.49 +/- 0.0
320000
GOAL [5 4]
time:  26.18 SPS: 203
319999 success 0.0 +/- 0.0
319999 eval steps mean 99.9 best 99 optimal 5
319999 eval return -19.174 +/- 0.04
time:  26.529 SPS: 204
324999 success 0.0 +/- 0.0
324999 eval steps mean 99.9 best 99 optimal 5
324999 eval return -18.118 +/- 0.45
time:  26.908 SPS: 204
329999 success 0.0 +/- 0.0
329999 eval steps mean 99.9 best 99 optimal 5
329999 eval return -15.0 +/- 0.282
time:  27.308 SPS: 204
334999 success 0.0 +/- 0.0
334999 eval steps mean 99.9 best 99 optimal 5
334999 eval return -14.657 +/- 0.35
time:  27.621 SPS: 205
339999 success 0.0 +/- 0.0
339999 eval steps mean 99.9 best 99 optimal 5
339999 eval return -14.111 +/- 0.009
time:  27.927 SPS: 205
344999 success 0.0 +/- 0.0
344999 eval steps mean 99.9 best 99 optimal 5
344999 eval return -14.103 +/- 0.005
time:  28.232 SPS: 206
349999 success 0.0 +/- 0.0
349999 eval steps mean 99.9 best 99 optimal 5
349999 eval return -14.097 +/- 0.007
time:  28.532 SPS: 207
354999 success 0.0 +/- 0.0
354999 eval steps mean 99.9 best 99 optimal 5
354999 eval return -14.048 +/- 0.006
360000
GOAL [9 0]
time:  29.062 SPS: 206
359999 success 0.0 +/- 0.0
359999 eval steps mean 99.9 best 99 optimal 9
359999 eval return -16.232 +/- 0.193
time:  29.535 SPS: 205
364999 success 0.0 +/- 0.0
364999 eval steps mean 99.9 best 99 optimal 9
364999 eval return -14.376 +/- 0.176
time:  30.194 SPS: 204
369999 success 0.0 +/- 0.0
369999 eval steps mean 99.9 best 99 optimal 9
369999 eval return -13.27 +/- 0.027
time:  30.827 SPS: 202
374999 success 0.0 +/- 0.0
374999 eval steps mean 99.9 best 99 optimal 9
374999 eval return -7.489 +/- 1.093
time:  31.17 SPS: 203
379999 success 1.0 +/- 0.0
379999 eval steps mean 26.1 best 22 optimal 9
379999 eval return 0.747 +/- 0.102
time:  31.508 SPS: 203
384999 success 1.0 +/- 0.0
384999 eval steps mean 16.3 best 15 optimal 9
384999 eval return 1.784 +/- 0.013
time:  31.992 SPS: 203
389999 success 1.0 +/- 0.0
389999 eval steps mean 16.1 best 15 optimal 9
389999 eval return 1.787 +/- 0.013
time:  32.52 SPS: 202
394999 success 1.0 +/- 0.0
394999 eval steps mean 15.9 best 15 optimal 9
394999 eval return 1.8 +/- 0.0
400000
GOAL [12  4]
time:  33.095 SPS: 201
399999 success 1.0 +/- 0.0
399999 eval steps mean 8.9 best 8 optimal 8
399999 eval return 2.64 +/- 0.0
time:  33.845 SPS: 199
404999 success 1.0 +/- 0.0
404999 eval steps mean 9.1 best 8 optimal 8
404999 eval return 2.637 +/- 0.003
time:  34.62 SPS: 197
409999 success 1.0 +/- 0.0
409999 eval steps mean 8.9 best 8 optimal 8
409999 eval return 2.64 +/- 0.0
time:  35.153 SPS: 196
414999 success 1.0 +/- 0.0
414999 eval steps mean 8.9 best 8 optimal 8
414999 eval return 2.64 +/- 0.0
time:  36.03 SPS: 194
419999 success 1.0 +/- 0.0
419999 eval steps mean 8.9 best 8 optimal 8
419999 eval return 2.64 +/- 0.0
time:  36.399 SPS: 194
424999 success 1.0 +/- 0.0
424999 eval steps mean 8.9 best 8 optimal 8
424999 eval return 2.64 +/- 0.0
time:  36.732 SPS: 195
429999 success 1.0 +/- 0.0
429999 eval steps mean 8.9 best 8 optimal 8
429999 eval return 2.64 +/- 0.0
time:  37.063 SPS: 195
434999 success 1.0 +/- 0.0
434999 eval steps mean 8.9 best 8 optimal 8
434999 eval return 2.64 +/- 0.0
440000
GOAL [10  0]
time:  37.465 SPS: 195
439999 success 0.0 +/- 0.0
439999 eval steps mean 99.9 best 99 optimal 10
439999 eval return -5.426 +/- 0.035
time:  37.815 SPS: 196
444999 success 0.0 +/- 0.0
444999 eval steps mean 99.9 best 99 optimal 10
444999 eval return -3.558 +/- 0.047
time:  38.173 SPS: 196
449999 success 0.0 +/- 0.0
449999 eval steps mean 99.9 best 99 optimal 10
449999 eval return -3.222 +/- 0.002
time:  38.542 SPS: 196
454999 success 0.0 +/- 0.0
454999 eval steps mean 99.9 best 99 optimal 10
454999 eval return -3.39 +/- 0.036
time:  38.966 SPS: 196
459999 success 0.0 +/- 0.0
459999 eval steps mean 99.9 best 99 optimal 10
459999 eval return -3.319 +/- 0.023
time:  39.566 SPS: 195
464999 success 0.0 +/- 0.0
464999 eval steps mean 99.9 best 99 optimal 10
464999 eval return -3.853 +/- 0.106
time:  40.087 SPS: 195
469999 success 0.0 +/- 0.0
469999 eval steps mean 99.9 best 99 optimal 10
469999 eval return -3.328 +/- 0.031
time:  40.448 SPS: 195
474999 success 0.0 +/- 0.0
474999 eval steps mean 99.9 best 99 optimal 10
474999 eval return -3.95 +/- 0.057
480000
GOAL [14 11]
time:  40.819 SPS: 195
479999 success 0.0 +/- 0.0
479999 eval steps mean 99.9 best 99 optimal 11
479999 eval return -11.37 +/- 0.168
time:  41.175 SPS: 196
484999 success 0.0 +/- 0.0
484999 eval steps mean 99.9 best 99 optimal 11
484999 eval return -8.356 +/- 0.035
time:  41.522 SPS: 196
489999 success 1.0 +/- 0.0
489999 eval steps mean 11.9 best 11 optimal 11
489999 eval return 2.34 +/- 0.0
time:  41.851 SPS: 197
494999 success 1.0 +/- 0.0
494999 eval steps mean 11.9 best 11 optimal 11
494999 eval return 2.34 +/- 0.0
time:  42.184 SPS: 197
499999 success 1.0 +/- 0.0
499999 eval steps mean 12.3 best 11 optimal 11
499999 eval return 2.31 +/- 0.021
time:  42.72 SPS: 197
504999 success 1.0 +/- 0.0
504999 eval steps mean 12.1 best 11 optimal 11
504999 eval return 2.337 +/- 0.003
time:  43.05 SPS: 197
509999 success 1.0 +/- 0.0
509999 eval steps mean 11.9 best 11 optimal 11
509999 eval return 2.34 +/- 0.0
time:  43.385 SPS: 197
514999 success 1.0 +/- 0.0
514999 eval steps mean 11.9 best 11 optimal 11
514999 eval return 2.34 +/- 0.0
520000
GOAL [10  0]
time:  43.732 SPS: 198
519999 success 0.0 +/- 0.0
519999 eval steps mean 99.9 best 99 optimal 10
519999 eval return -13.946 +/- 0.038
time:  44.267 SPS: 197
524999 success 0.0 +/- 0.0
524999 eval steps mean 99.9 best 99 optimal 10
524999 eval return -13.811 +/- 0.006
time:  44.887 SPS: 196
529999 success 0.0 +/- 0.0
529999 eval steps mean 99.9 best 99 optimal 10
529999 eval return -13.796 +/- 0.008
time:  45.255 SPS: 197
534999 success 0.0 +/- 0.0
534999 eval steps mean 99.9 best 99 optimal 10
534999 eval return -12.352 +/- 0.017
time:  45.602 SPS: 197
539999 success 0.0 +/- 0.0
539999 eval steps mean 99.9 best 99 optimal 10
539999 eval return -3.967 +/- 0.345
time:  46.052 SPS: 197
544999 success 0.0 +/- 0.0
544999 eval steps mean 99.9 best 99 optimal 10
544999 eval return -3.45 +/- 0.028
time:  46.793 SPS: 195
549999 success 0.0 +/- 0.0
549999 eval steps mean 99.9 best 99 optimal 10
549999 eval return -3.402 +/- 0.013
time:  47.859 SPS: 193
554999 success 0.0 +/- 0.0
554999 eval steps mean 99.9 best 99 optimal 10
554999 eval return -3.587 +/- 0.046
560000
GOAL [13  0]
time:  48.449 SPS: 192
559999 success 0.0 +/- 0.0
559999 eval steps mean 99.9 best 99 optimal 13
559999 eval return -5.807 +/- 0.031
time:  49.191 SPS: 191
564999 success 1.0 +/- 0.0
564999 eval steps mean 27.3 best 14 optimal 13
564999 eval return 1.885 +/- 0.054
time:  49.725 SPS: 191
569999 success 1.0 +/- 0.0
569999 eval steps mean 13.9 best 13 optimal 13
569999 eval return 2.09 +/- 0.0
time:  50.363 SPS: 190
574999 success 1.0 +/- 0.0
574999 eval steps mean 14.1 best 13 optimal 13
574999 eval return 2.077 +/- 0.013
time:  50.769 SPS: 190
579999 success 1.0 +/- 0.0
579999 eval steps mean 14.3 best 13 optimal 13
579999 eval return 2.068 +/- 0.016
time:  51.13 SPS: 190
584999 success 1.0 +/- 0.0
584999 eval steps mean 13.9 best 13 optimal 13
584999 eval return 2.09 +/- 0.0
time:  51.467 SPS: 191
589999 success 1.0 +/- 0.0
589999 eval steps mean 14.1 best 13 optimal 13
589999 eval return 2.075 +/- 0.015
time:  51.82 SPS: 191
594999 success 1.0 +/- 0.0
594999 eval steps mean 13.9 best 13 optimal 13
594999 eval return 2.09 +/- 0.0
600000
GOAL [12 11]
time:  52.176 SPS: 191
599999 success 0.0 +/- 0.0
599999 eval steps mean 99.9 best 99 optimal 9
599999 eval return -11.408 +/- 0.005
time:  52.764 SPS: 191
604999 success 0.0 +/- 0.0
604999 eval steps mean 99.9 best 99 optimal 9
604999 eval return -11.425 +/- 0.005
time:  53.079 SPS: 191
609999 success 0.0 +/- 0.0
609999 eval steps mean 99.9 best 99 optimal 9
609999 eval return -11.408 +/- 0.004
time:  53.381 SPS: 192
614999 success 0.0 +/- 0.0
614999 eval steps mean 99.9 best 99 optimal 9
614999 eval return -10.54 +/- 0.013
time:  53.788 SPS: 192
619999 success 0.0 +/- 0.0
619999 eval steps mean 99.9 best 99 optimal 9
619999 eval return -9.668 +/- 0.277
time:  54.14 SPS: 192
624999 success 1.0 +/- 0.0
624999 eval steps mean 13.9 best 12 optimal 9
624999 eval return 2.44 +/- 0.023
time:  54.487 SPS: 192
629999 success 1.0 +/- 0.0
629999 eval steps mean 9.9 best 9 optimal 9
629999 eval return 2.55 +/- 0.0
time:  54.822 SPS: 193
634999 success 1.0 +/- 0.0
634999 eval steps mean 9.9 best 9 optimal 9
634999 eval return 2.55 +/- 0.0
640000
GOAL [10  7]
time:  55.172 SPS: 193
639999 success 1.0 +/- 0.0
639999 eval steps mean 3.9 best 3 optimal 3
639999 eval return 2.94 +/- 0.0
time:  55.522 SPS: 193
644999 success 1.0 +/- 0.0
644999 eval steps mean 3.9 best 3 optimal 3
644999 eval return 2.94 +/- 0.0
time:  55.857 SPS: 193
649999 success 1.0 +/- 0.0
649999 eval steps mean 3.9 best 3 optimal 3
649999 eval return 2.94 +/- 0.0
time:  56.219 SPS: 194
654999 success 1.0 +/- 0.0
654999 eval steps mean 3.9 best 3 optimal 3
654999 eval return 2.94 +/- 0.0
time:  56.549 SPS: 194
659999 success 1.0 +/- 0.0
659999 eval steps mean 3.9 best 3 optimal 3
659999 eval return 2.94 +/- 0.0
time:  56.881 SPS: 194
664999 success 1.0 +/- 0.0
664999 eval steps mean 3.9 best 3 optimal 3
664999 eval return 2.94 +/- 0.0
time:  57.213 SPS: 195
669999 success 1.0 +/- 0.0
669999 eval steps mean 3.9 best 3 optimal 3
669999 eval return 2.94 +/- 0.0
time:  57.546 SPS: 195
674999 success 1.0 +/- 0.0
674999 eval steps mean 3.9 best 3 optimal 3
674999 eval return 2.94 +/- 0.0
680000
GOAL [12  8]
time:  57.887 SPS: 195
679999 success 0.4 +/- 0.163
679999 eval steps mean 68.0 best 8 optimal 6
679999 eval return -0.618 +/- 0.816
time:  58.232 SPS: 196
684999 success 1.0 +/- 0.0
684999 eval steps mean 8.9 best 8 optimal 6
684999 eval return 2.72 +/- 0.0
time:  58.561 SPS: 196
689999 success 1.0 +/- 0.0
689999 eval steps mean 8.9 best 8 optimal 6
689999 eval return 2.722 +/- 0.002
time:  58.889 SPS: 196
694999 success 1.0 +/- 0.0
694999 eval steps mean 6.9 best 6 optimal 6
694999 eval return 2.79 +/- 0.0
time:  59.226 SPS: 196
699999 success 1.0 +/- 0.0
699999 eval steps mean 6.9 best 6 optimal 6
699999 eval return 2.79 +/- 0.0
time:  59.563 SPS: 197
704999 success 1.0 +/- 0.0
704999 eval steps mean 6.9 best 6 optimal 6
704999 eval return 2.79 +/- 0.0
time:  59.894 SPS: 197
709999 success 1.0 +/- 0.0
709999 eval steps mean 6.9 best 6 optimal 6
709999 eval return 2.79 +/- 0.0
time:  60.229 SPS: 197
714999 success 1.0 +/- 0.0
714999 eval steps mean 7.1 best 6 optimal 6
714999 eval return 2.785 +/- 0.005
720000
GOAL [ 6 13]
time:  60.573 SPS: 198
719999 success 0.0 +/- 0.0
719999 eval steps mean 99.9 best 99 optimal 7
719999 eval return -10.629 +/- 0.048
time:  60.925 SPS: 198
724999 success 0.0 +/- 0.0
724999 eval steps mean 99.9 best 99 optimal 7
724999 eval return -8.886 +/- 0.01
time:  61.551 SPS: 197
729999 success 0.9 +/- 0.1
729999 eval steps mean 26.9 best 17 optimal 7
729999 eval return -0.211 +/- 1.628
time:  62.193 SPS: 196
734999 success 1.0 +/- 0.0
734999 eval steps mean 17.9 best 17 optimal 7
734999 eval return 1.49 +/- 0.0
time:  62.747 SPS: 196
739999 success 1.0 +/- 0.0
739999 eval steps mean 18.1 best 17 optimal 7
739999 eval return 1.487 +/- 0.003
time:  63.206 SPS: 196
744999 success 1.0 +/- 0.0
744999 eval steps mean 17.9 best 17 optimal 7
744999 eval return 1.49 +/- 0.0
time:  64.156 SPS: 194
749999 success 1.0 +/- 0.0
749999 eval steps mean 18.2 best 17 optimal 7
749999 eval return 1.452 +/- 0.038
time:  64.743 SPS: 194
754999 success 1.0 +/- 0.0
754999 eval steps mean 18.4 best 17 optimal 7
754999 eval return 1.475 +/- 0.015
760000
GOAL [ 7 10]
time:  65.175 SPS: 194
759999 success 0.0 +/- 0.0
759999 eval steps mean 99.9 best 99 optimal 3
759999 eval return -4.531 +/- 0.037
time:  65.527 SPS: 194
764999 success 0.0 +/- 0.0
764999 eval steps mean 99.9 best 99 optimal 3
764999 eval return -4.412 +/- 0.1
time:  65.895 SPS: 194
769999 success 0.0 +/- 0.0
769999 eval steps mean 99.9 best 99 optimal 3
769999 eval return -4.077 +/- 0.032
time:  66.448 SPS: 194
774999 success 0.0 +/- 0.0
774999 eval steps mean 99.9 best 99 optimal 3
774999 eval return -3.794 +/- 0.021
time:  67.013 SPS: 193
779999 success 0.0 +/- 0.0
779999 eval steps mean 99.9 best 99 optimal 3
779999 eval return -3.87 +/- 0.025
time:  67.449 SPS: 193
784999 success 0.9 +/- 0.1
784999 eval steps mean 43.1 best 17 optimal 3
784999 eval return 0.552 +/- 0.479
time:  68.226 SPS: 192
789999 success 1.0 +/- 0.0
789999 eval steps mean 17.9 best 17 optimal 3
789999 eval return 1.47 +/- 0.0
time:  68.614 SPS: 193
794999 success 1.0 +/- 0.0
794999 eval steps mean 17.9 best 17 optimal 3
794999 eval return 1.47 +/- 0.0
800000
GOAL [12 11]
time:  68.962 SPS: 193
799999 success 1.0 +/- 0.0
799999 eval steps mean 9.9 best 9 optimal 9
799999 eval return 2.55 +/- 0.0
done RL run. Time 69.07587651166638 min
