agent_dict keys dict_keys(['base_algorithm', 'learning_rate', 'num_envs', 'rollout_num_steps', 'gamma', 'gae_lambda', 'num_minibatches', 'update_epochs', 'minibatch_size', 'norm_adv', 'clip_coef', 'clip_vloss', 'ent_coef', 'vf_coef', 'max_grad_norm', 'rpo_alpha', 'parseval_reg', 'input_scale', 'learnable_input_scale', 'add_diag_layer', 'layer_norm', 'layer_norm_no_params', 'weight_decay', 'tuned_adam', 'perturb', 'perturb_dist', 'regen', 'regen_wasserstein', 'weight_init', 'net_width', 'net_activation', 'init_gain', 'parseval_norm', 'parseval_num_groups'])
env_dict keys dict_keys(['env', 'change_freq', 'seed', 'env_type'])
Start RL run!
{'base_algorithm': 'ppo_agent', 'learning_rate': 0.00025, 'num_envs': 1, 'rollout_num_steps': 128, 'gamma': 0.99, 'gae_lambda': 0.95, 'num_minibatches': 4, 'update_epochs': 4, 'minibatch_size': 32, 'norm_adv': True, 'clip_coef': 0.2, 'clip_vloss': True, 'ent_coef': 0.01, 'vf_coef': 0.5, 'max_grad_norm': 0.5, 'rpo_alpha': 0, 'parseval_reg': 0.001, 'input_scale': 1, 'learnable_input_scale': False, 'add_diag_layer': False, 'layer_norm': False, 'layer_norm_no_params': False, 'weight_decay': 0, 'tuned_adam': False, 'perturb': 0.0, 'perturb_dist': 'xavier', 'regen': 0.0, 'regen_wasserstein': False, 'weight_init': 'orthogonal', 'net_width': 64, 'net_activation': 'tanh', 'init_gain': None, 'parseval_norm': True, 'parseval_num_groups': 1, 'device': 'cpu'}
{'env': 'gridworld_ninerooms', 'change_freq': 40000, 'seed': 127, 'env_type': 'rl', 'local_run': False}
Running on gpu: False
Gridworld args () {'env': 'gridworld_ninerooms', 'change_freq': 40000, 'seed': 127, 'env_type': 'rl', 'local_run': False}
time:  0.057 SPS: 0
0 success 0.0 +/- 0.0
0 eval steps mean 99.9 best 99 optimal 7
0 eval return -15.575 +/- 0.805
time:  0.442 SPS: 188
4999 success 0.0 +/- 0.0
4999 eval steps mean 99.9 best 99 optimal 7
4999 eval return -16.073 +/- 0.407
time:  0.78 SPS: 213
9999 success 0.0 +/- 0.0
9999 eval steps mean 99.9 best 99 optimal 7
9999 eval return -12.622 +/- 0.692
time:  1.182 SPS: 211
14999 success 0.5 +/- 0.167
14999 eval steps mean 83.3 best 40 optimal 7
14999 eval return -5.716 +/- 1.129
time:  1.59 SPS: 209
19999 success 0.7 +/- 0.153
19999 eval steps mean 61.0 best 26 optimal 7
19999 eval return -4.398 +/- 1.721
time:  1.975 SPS: 210
24999 success 1.0 +/- 0.0
24999 eval steps mean 19.2 best 17 optimal 7
24999 eval return 1.388 +/- 0.033
time:  2.357 SPS: 212
29999 success 1.0 +/- 0.0
29999 eval steps mean 17.9 best 17 optimal 7
29999 eval return 1.47 +/- 0.0
time:  2.75 SPS: 212
34999 success 1.0 +/- 0.0
34999 eval steps mean 17.9 best 17 optimal 7
34999 eval return 1.47 +/- 0.0
40000
GOAL [9 3]
time:  3.143 SPS: 212
39999 success 0.0 +/- 0.0
39999 eval steps mean 99.9 best 99 optimal 6
39999 eval return -5.481 +/- 0.049
time:  3.531 SPS: 212
44999 success 0.0 +/- 0.0
44999 eval steps mean 99.9 best 99 optimal 6
44999 eval return -4.928 +/- 0.589
time:  3.908 SPS: 213
49999 success 0.0 +/- 0.0
49999 eval steps mean 99.9 best 99 optimal 6
49999 eval return -3.668 +/- 0.038
time:  4.302 SPS: 213
54999 success 0.8 +/- 0.133
54999 eval steps mean 32.3 best 15 optimal 6
54999 eval return 0.783 +/- 0.754
time:  4.698 SPS: 212
59999 success 0.9 +/- 0.1
59999 eval steps mean 23.4 best 14 optimal 6
59999 eval return 1.373 +/- 0.577
time:  5.092 SPS: 212
64999 success 1.0 +/- 0.0
64999 eval steps mean 14.9 best 14 optimal 6
64999 eval return 1.95 +/- 0.0
time:  5.482 SPS: 212
69999 success 1.0 +/- 0.0
69999 eval steps mean 15.1 best 14 optimal 6
69999 eval return 1.943 +/- 0.007
time:  5.875 SPS: 212
74999 success 1.0 +/- 0.0
74999 eval steps mean 15.1 best 14 optimal 6
74999 eval return 1.943 +/- 0.007
80000
GOAL [6 4]
time:  6.274 SPS: 212
79999 success 0.0 +/- 0.0
79999 eval steps mean 99.9 best 99 optimal 4
79999 eval return -5.829 +/- 0.29
time:  6.681 SPS: 212
84999 success 0.7 +/- 0.153
84999 eval steps mean 66.0 best 28 optimal 4
84999 eval return -1.267 +/- 0.792
time:  7.091 SPS: 211
89999 success 1.0 +/- 0.0
89999 eval steps mean 18.9 best 18 optimal 4
89999 eval return 1.31 +/- 0.0
time:  7.498 SPS: 211
94999 success 1.0 +/- 0.0
94999 eval steps mean 18.9 best 18 optimal 4
94999 eval return 1.31 +/- 0.0
time:  7.891 SPS: 211
99999 success 1.0 +/- 0.0
99999 eval steps mean 20.3 best 18 optimal 4
99999 eval return 1.249 +/- 0.061
time:  8.297 SPS: 210
104999 success 1.0 +/- 0.0
104999 eval steps mean 18.9 best 18 optimal 4
104999 eval return 1.31 +/- 0.0
time:  8.695 SPS: 210
109999 success 1.0 +/- 0.0
109999 eval steps mean 18.9 best 18 optimal 4
109999 eval return 1.31 +/- 0.0
time:  9.202 SPS: 208
114999 success 1.0 +/- 0.0
114999 eval steps mean 19.1 best 18 optimal 4
114999 eval return 1.279 +/- 0.031
120000
GOAL [13 13]
time:  9.907 SPS: 201
119999 success 0.0 +/- 0.0
119999 eval steps mean 99.9 best 99 optimal 12
119999 eval return -18.341 +/- 0.027
time:  10.545 SPS: 197
124999 success 0.0 +/- 0.0
124999 eval steps mean 99.9 best 99 optimal 12
124999 eval return -16.351 +/- 0.034
time:  10.859 SPS: 199
129999 success 0.0 +/- 0.0
129999 eval steps mean 99.9 best 99 optimal 12
129999 eval return -14.836 +/- 0.234
time:  11.329 SPS: 198
134999 success 0.0 +/- 0.0
134999 eval steps mean 99.9 best 99 optimal 12
134999 eval return -13.741 +/- 0.238
time:  11.91 SPS: 195
139999 success 0.0 +/- 0.0
139999 eval steps mean 99.9 best 99 optimal 12
139999 eval return -12.686 +/- 0.219
time:  12.622 SPS: 191
144999 success 0.0 +/- 0.0
144999 eval steps mean 99.9 best 99 optimal 12
144999 eval return -12.431 +/- 0.233
time:  12.963 SPS: 192
149999 success 0.0 +/- 0.0
149999 eval steps mean 99.9 best 99 optimal 12
149999 eval return -9.544 +/- 0.016
time:  13.309 SPS: 194
154999 success 0.0 +/- 0.0
154999 eval steps mean 99.9 best 99 optimal 12
154999 eval return -9.399 +/- 0.121
160000
GOAL [10  4]
time:  13.677 SPS: 194
159999 success 0.0 +/- 0.0
159999 eval steps mean 99.9 best 99 optimal 6
159999 eval return -2.886 +/- 0.066
time:  14.713 SPS: 186
164999 success 0.0 +/- 0.0
164999 eval steps mean 99.9 best 99 optimal 6
164999 eval return -2.82 +/- 0.0
time:  15.18 SPS: 186
169999 success 0.0 +/- 0.0
169999 eval steps mean 99.9 best 99 optimal 6
169999 eval return -2.82 +/- 0.0
time:  15.658 SPS: 186
174999 success 0.0 +/- 0.0
174999 eval steps mean 99.9 best 99 optimal 6
174999 eval return -2.826 +/- 0.004
time:  16.008 SPS: 187
179999 success 0.1 +/- 0.1
179999 eval steps mean 92.0 best 21 optimal 6
179999 eval return -2.504 +/- 0.551
time:  16.358 SPS: 188
184999 success 1.0 +/- 0.0
184999 eval steps mean 11.1 best 10 optimal 6
184999 eval return 2.447 +/- 0.003
time:  16.689 SPS: 189
189999 success 1.0 +/- 0.0
189999 eval steps mean 11.3 best 10 optimal 6
189999 eval return 2.426 +/- 0.016
time:  17.551 SPS: 185
194999 success 1.0 +/- 0.0
194999 eval steps mean 11.7 best 10 optimal 6
194999 eval return 2.364 +/- 0.069
200000
GOAL [12 14]
time:  18.674 SPS: 178
199999 success 0.0 +/- 0.0
199999 eval steps mean 99.9 best 99 optimal 12
199999 eval return -14.176 +/- 0.277
time:  19.135 SPS: 178
204999 success 0.0 +/- 0.0
204999 eval steps mean 99.9 best 99 optimal 12
204999 eval return -10.736 +/- 0.133
time:  19.778 SPS: 176
209999 success 0.0 +/- 0.0
209999 eval steps mean 99.9 best 99 optimal 12
209999 eval return -9.54 +/- 0.02
time:  20.132 SPS: 177
214999 success 0.0 +/- 0.0
214999 eval steps mean 99.9 best 99 optimal 12
214999 eval return -9.53 +/- 0.028
time:  20.722 SPS: 176
219999 success 0.0 +/- 0.0
219999 eval steps mean 99.9 best 99 optimal 12
219999 eval return -7.184 +/- 0.04
time:  21.231 SPS: 176
224999 success 0.0 +/- 0.0
224999 eval steps mean 99.9 best 99 optimal 12
224999 eval return -6.215 +/- 0.005
time:  22.008 SPS: 174
229999 success 0.8 +/- 0.133
229999 eval steps mean 43.0 best 16 optimal 12
229999 eval return -0.575 +/- 1.572
time:  23.255 SPS: 168
234999 success 1.0 +/- 0.0
234999 eval steps mean 13.3 best 12 optimal 12
234999 eval return 2.215 +/- 0.005
240000
GOAL [9 4]
time:  23.655 SPS: 169
239999 success 0.0 +/- 0.0
239999 eval steps mean 99.9 best 99 optimal 5
239999 eval return -17.011 +/- 0.014
time:  24.005 SPS: 170
244999 success 0.0 +/- 0.0
244999 eval steps mean 99.9 best 99 optimal 5
244999 eval return -16.958 +/- 0.014
time:  24.356 SPS: 171
249999 success 0.0 +/- 0.0
249999 eval steps mean 99.9 best 99 optimal 5
249999 eval return -17.036 +/- 0.071
time:  24.724 SPS: 171
254999 success 0.0 +/- 0.0
254999 eval steps mean 99.9 best 99 optimal 5
254999 eval return -9.073 +/- 0.633
time:  25.498 SPS: 169
259999 success 0.0 +/- 0.0
259999 eval steps mean 99.9 best 99 optimal 5
259999 eval return -7.876 +/- 0.02
time:  26.057 SPS: 169
264999 success 0.0 +/- 0.0
264999 eval steps mean 99.9 best 99 optimal 5
264999 eval return -7.898 +/- 0.028
time:  26.412 SPS: 170
269999 success 0.1 +/- 0.1
269999 eval steps mean 98.0 best 81 optimal 5
269999 eval return -5.184 +/- 0.437
time:  26.926 SPS: 170
274999 success 1.0 +/- 0.0
274999 eval steps mean 17.1 best 16 optimal 5
274999 eval return 1.722 +/- 0.034
280000
GOAL [6 2]
time:  27.844 SPS: 167
279999 success 0.8 +/- 0.133
279999 eval steps mean 40.2 best 21 optimal 6
279999 eval return -0.021 +/- 0.914
time:  28.478 SPS: 166
284999 success 1.0 +/- 0.0
284999 eval steps mean 20.9 best 20 optimal 6
284999 eval return 1.5 +/- 0.0
time:  28.805 SPS: 167
289999 success 1.0 +/- 0.0
289999 eval steps mean 21.0 best 20 optimal 6
289999 eval return 1.495 +/- 0.005
time:  29.138 SPS: 168
294999 success 1.0 +/- 0.0
294999 eval steps mean 21.1 best 20 optimal 6
294999 eval return 1.493 +/- 0.007
time:  29.469 SPS: 169
299999 success 1.0 +/- 0.0
299999 eval steps mean 20.9 best 20 optimal 6
299999 eval return 1.5 +/- 0.0
time:  29.805 SPS: 170
304999 success 1.0 +/- 0.0
304999 eval steps mean 21.1 best 20 optimal 6
304999 eval return 1.477 +/- 0.023
time:  30.144 SPS: 171
309999 success 1.0 +/- 0.0
309999 eval steps mean 21.1 best 20 optimal 6
309999 eval return 1.493 +/- 0.007
time:  30.477 SPS: 172
314999 success 1.0 +/- 0.0
314999 eval steps mean 20.9 best 20 optimal 6
314999 eval return 1.5 +/- 0.0
320000
GOAL [ 6 14]
time:  31.011 SPS: 171
319999 success 0.0 +/- 0.0
319999 eval steps mean 99.9 best 99 optimal 8
319999 eval return -20.138 +/- 0.239
time:  31.507 SPS: 171
324999 success 0.0 +/- 0.0
324999 eval steps mean 99.9 best 99 optimal 8
324999 eval return -16.538 +/- 0.324
time:  32.219 SPS: 170
329999 success 0.0 +/- 0.0
329999 eval steps mean 99.9 best 99 optimal 8
329999 eval return -12.862 +/- 0.778
time:  33.104 SPS: 168
334999 success 0.7 +/- 0.153
334999 eval steps mean 68.1 best 44 optimal 8
334999 eval return -5.841 +/- 1.19
time:  34.173 SPS: 165
339999 success 1.0 +/- 0.0
339999 eval steps mean 19.5 best 18 optimal 8
339999 eval return 1.275 +/- 0.02
time:  34.702 SPS: 165
344999 success 1.0 +/- 0.0
344999 eval steps mean 19.0 best 18 optimal 8
344999 eval return 1.309 +/- 0.001
time:  35.033 SPS: 166
349999 success 1.0 +/- 0.0
349999 eval steps mean 18.9 best 18 optimal 8
349999 eval return 1.31 +/- 0.0
time:  35.367 SPS: 167
354999 success 0.9 +/- 0.1
354999 eval steps mean 27.0 best 18 optimal 8
354999 eval return -0.442 +/- 1.752
360000
GOAL [10  6]
time:  35.709 SPS: 168
359999 success 0.0 +/- 0.0
359999 eval steps mean 99.9 best 99 optimal 4
359999 eval return -14.762 +/- 0.034
time:  36.049 SPS: 168
364999 success 0.0 +/- 0.0
364999 eval steps mean 99.9 best 99 optimal 4
364999 eval return -13.998 +/- 0.011
time:  36.405 SPS: 169
369999 success 0.0 +/- 0.0
369999 eval steps mean 99.9 best 99 optimal 4
369999 eval return -13.797 +/- 0.207
time:  36.76 SPS: 170
374999 success 0.0 +/- 0.0
374999 eval steps mean 99.9 best 99 optimal 4
374999 eval return -13.904 +/- 0.069
time:  37.114 SPS: 170
379999 success 0.0 +/- 0.0
379999 eval steps mean 99.9 best 99 optimal 4
379999 eval return -9.859 +/- 0.37
time:  37.472 SPS: 171
384999 success 0.0 +/- 0.0
384999 eval steps mean 99.9 best 99 optimal 4
384999 eval return -5.325 +/- 0.418
time:  37.953 SPS: 171
389999 success 0.0 +/- 0.0
389999 eval steps mean 99.9 best 99 optimal 4
389999 eval return -4.564 +/- 0.141
time:  38.33 SPS: 171
394999 success 0.0 +/- 0.0
394999 eval steps mean 99.9 best 99 optimal 4
394999 eval return -4.988 +/- 0.606
400000
GOAL [12  6]
time:  39.281 SPS: 169
399999 success 0.0 +/- 0.0
399999 eval steps mean 99.9 best 99 optimal 6
399999 eval return -4.105 +/- 0.486
time:  40.164 SPS: 168
404999 success 0.0 +/- 0.0
404999 eval steps mean 99.9 best 99 optimal 6
404999 eval return -2.582 +/- 0.002
time:  41.031 SPS: 166
409999 success 0.1 +/- 0.1
409999 eval steps mean 97.7 best 78 optimal 6
409999 eval return -2.219 +/- 0.361
time:  41.76 SPS: 165
414999 success 0.9 +/- 0.1
414999 eval steps mean 16.2 best 6 optimal 6
414999 eval return 2.253 +/- 0.537
time:  42.092 SPS: 166
419999 success 1.0 +/- 0.0
419999 eval steps mean 6.9 best 6 optimal 6
419999 eval return 2.79 +/- 0.0
time:  42.427 SPS: 166
424999 success 1.0 +/- 0.0
424999 eval steps mean 7.1 best 6 optimal 6
424999 eval return 2.781 +/- 0.009
time:  42.758 SPS: 167
429999 success 1.0 +/- 0.0
429999 eval steps mean 6.9 best 6 optimal 6
429999 eval return 2.79 +/- 0.0
time:  43.092 SPS: 168
434999 success 1.0 +/- 0.0
434999 eval steps mean 6.9 best 6 optimal 6
434999 eval return 2.79 +/- 0.0
440000
GOAL [13  5]
time:  43.437 SPS: 168
439999 success 0.0 +/- 0.0
439999 eval steps mean 99.9 best 99 optimal 8
439999 eval return -6.973 +/- 0.436
time:  43.789 SPS: 169
444999 success 0.0 +/- 0.0
444999 eval steps mean 99.9 best 99 optimal 8
444999 eval return -1.74 +/- 0.0
time:  44.163 SPS: 169
449999 success 0.2 +/- 0.133
449999 eval steps mean 93.9 best 47 optimal 8
449999 eval return -1.048 +/- 0.465
time:  44.518 SPS: 170
454999 success 1.0 +/- 0.0
454999 eval steps mean 8.9 best 8 optimal 8
454999 eval return 2.64 +/- 0.0
time:  44.852 SPS: 170
459999 success 1.0 +/- 0.0
459999 eval steps mean 8.9 best 8 optimal 8
459999 eval return 2.64 +/- 0.0
time:  45.188 SPS: 171
464999 success 1.0 +/- 0.0
464999 eval steps mean 8.9 best 8 optimal 8
464999 eval return 2.64 +/- 0.0
time:  45.516 SPS: 172
469999 success 1.0 +/- 0.0
469999 eval steps mean 8.9 best 8 optimal 8
469999 eval return 2.64 +/- 0.0
time:  45.849 SPS: 172
474999 success 1.0 +/- 0.0
474999 eval steps mean 8.9 best 8 optimal 8
474999 eval return 2.64 +/- 0.0
480000
GOAL [14 13]
time:  46.194 SPS: 173
479999 success 0.0 +/- 0.0
479999 eval steps mean 99.9 best 99 optimal 13
479999 eval return -10.559 +/- 0.041
time:  46.549 SPS: 173
484999 success 0.0 +/- 0.0
484999 eval steps mean 99.9 best 99 optimal 13
484999 eval return -10.504 +/- 0.004
time:  46.894 SPS: 174
489999 success 0.0 +/- 0.0
489999 eval steps mean 99.9 best 99 optimal 13
489999 eval return -7.348 +/- 0.041
time:  47.234 SPS: 174
494999 success 0.0 +/- 0.0
494999 eval steps mean 99.9 best 99 optimal 13
494999 eval return -7.24 +/- 0.009
time:  47.573 SPS: 175
499999 success 0.0 +/- 0.0
499999 eval steps mean 99.9 best 99 optimal 13
499999 eval return -7.221 +/- 0.001
time:  48.408 SPS: 173
504999 success 0.0 +/- 0.0
504999 eval steps mean 99.9 best 99 optimal 13
504999 eval return -7.226 +/- 0.005
time:  48.753 SPS: 174
509999 success 0.1 +/- 0.1
509999 eval steps mean 97.3 best 73 optimal 13
509999 eval return -6.639 +/- 0.583
time:  49.092 SPS: 174
514999 success 0.2 +/- 0.133
514999 eval steps mean 89.0 best 22 optimal 13
514999 eval return -5.731 +/- 1.033
520000
GOAL [8 2]
time:  49.443 SPS: 175
519999 success 0.0 +/- 0.0
519999 eval steps mean 99.9 best 99 optimal 6
519999 eval return -16.399 +/- 0.011
time:  49.757 SPS: 175
524999 success 0.0 +/- 0.0
524999 eval steps mean 99.9 best 99 optimal 6
524999 eval return -13.316 +/- 0.491
time:  50.106 SPS: 176
529999 success 0.0 +/- 0.0
529999 eval steps mean 99.9 best 99 optimal 6
529999 eval return -10.314 +/- 0.275
time:  50.454 SPS: 176
534999 success 0.0 +/- 0.0
534999 eval steps mean 99.9 best 99 optimal 6
534999 eval return -7.741 +/- 0.003
time:  50.808 SPS: 177
539999 success 0.2 +/- 0.133
539999 eval steps mean 90.5 best 45 optimal 6
539999 eval return -6.077 +/- 0.961
time:  51.155 SPS: 177
544999 success 0.9 +/- 0.1
544999 eval steps mean 23.6 best 14 optimal 6
544999 eval return 1.4 +/- 0.523
time:  51.509 SPS: 177
549999 success 1.0 +/- 0.0
549999 eval steps mean 14.9 best 14 optimal 6
549999 eval return 1.95 +/- 0.0
time:  51.855 SPS: 178
554999 success 1.0 +/- 0.0
554999 eval steps mean 14.9 best 14 optimal 6
554999 eval return 1.95 +/- 0.0
560000
GOAL [ 9 14]
time:  52.218 SPS: 178
559999 success 0.0 +/- 0.0
559999 eval steps mean 99.9 best 99 optimal 9
559999 eval return -18.253 +/- 0.286
time:  52.824 SPS: 178
564999 success 0.0 +/- 0.0
564999 eval steps mean 99.9 best 99 optimal 9
564999 eval return -17.907 +/- 0.047
time:  53.761 SPS: 176
569999 success 0.0 +/- 0.0
569999 eval steps mean 99.9 best 99 optimal 9
569999 eval return -18.443 +/- 0.282
time:  54.466 SPS: 175
574999 success 0.0 +/- 0.0
574999 eval steps mean 99.9 best 99 optimal 9
574999 eval return -17.875 +/- 0.017
time:  55.022 SPS: 175
579999 success 0.0 +/- 0.0
579999 eval steps mean 99.9 best 99 optimal 9
579999 eval return -15.236 +/- 0.004
time:  56.182 SPS: 173
584999 success 0.0 +/- 0.0
584999 eval steps mean 99.9 best 99 optimal 9
584999 eval return -12.733 +/- 0.078
time:  57.016 SPS: 172
589999 success 0.0 +/- 0.0
589999 eval steps mean 99.9 best 99 optimal 9
589999 eval return -12.5 +/- 0.0
time:  57.375 SPS: 172
594999 success 0.0 +/- 0.0
594999 eval steps mean 99.9 best 99 optimal 9
594999 eval return -11.436 +/- 0.258
600000
GOAL [13 12]
time:  57.812 SPS: 172
599999 success 0.0 +/- 0.0
599999 eval steps mean 99.9 best 99 optimal 11
599999 eval return -5.353 +/- 0.102
time:  58.377 SPS: 172
604999 success 1.0 +/- 0.0
604999 eval steps mean 11.9 best 11 optimal 11
604999 eval return 2.34 +/- 0.0
time:  59.312 SPS: 171
609999 success 1.0 +/- 0.0
609999 eval steps mean 11.9 best 11 optimal 11
609999 eval return 2.34 +/- 0.0
time:  59.923 SPS: 171
614999 success 1.0 +/- 0.0
614999 eval steps mean 12.1 best 11 optimal 11
614999 eval return 2.329 +/- 0.011
time:  60.709 SPS: 170
619999 success 1.0 +/- 0.0
619999 eval steps mean 11.9 best 11 optimal 11
619999 eval return 2.34 +/- 0.0
time:  61.402 SPS: 169
624999 success 1.0 +/- 0.0
624999 eval steps mean 11.9 best 11 optimal 11
624999 eval return 2.34 +/- 0.0
time:  61.914 SPS: 169
629999 success 1.0 +/- 0.0
629999 eval steps mean 11.9 best 11 optimal 11
629999 eval return 2.34 +/- 0.0
time:  62.253 SPS: 170
634999 success 1.0 +/- 0.0
634999 eval steps mean 11.9 best 11 optimal 11
634999 eval return 2.34 +/- 0.0
640000
GOAL [12  7]
time:  62.602 SPS: 170
639999 success 0.0 +/- 0.0
639999 eval steps mean 99.9 best 99 optimal 5
639999 eval return -7.536 +/- 0.036
time:  62.927 SPS: 170
644999 success 0.0 +/- 0.0
644999 eval steps mean 99.9 best 99 optimal 5
644999 eval return -7.032 +/- 0.042
time:  63.279 SPS: 171
649999 success 0.0 +/- 0.0
649999 eval steps mean 99.9 best 99 optimal 5
649999 eval return -6.965 +/- 0.01
time:  63.639 SPS: 171
654999 success 0.0 +/- 0.0
654999 eval steps mean 99.9 best 99 optimal 5
654999 eval return -3.674 +/- 0.154
time:  63.993 SPS: 171
659999 success 0.0 +/- 0.0
659999 eval steps mean 99.9 best 99 optimal 5
659999 eval return -3.52 +/- 0.0
time:  64.348 SPS: 172
664999 success 0.0 +/- 0.0
664999 eval steps mean 99.9 best 99 optimal 5
664999 eval return -3.52 +/- 0.0
time:  64.703 SPS: 172
669999 success 0.0 +/- 0.0
669999 eval steps mean 99.9 best 99 optimal 5
669999 eval return -3.852 +/- 0.228
time:  65.669 SPS: 171
674999 success 0.0 +/- 0.0
674999 eval steps mean 99.9 best 99 optimal 5
674999 eval return -3.522 +/- 0.002
680000
GOAL [13 11]
time:  66.058 SPS: 171
679999 success 0.0 +/- 0.0
679999 eval steps mean 99.9 best 99 optimal 10
679999 eval return -8.52 +/- 0.0
time:  66.408 SPS: 171
684999 success 0.0 +/- 0.0
684999 eval steps mean 99.9 best 99 optimal 10
684999 eval return -8.522 +/- 0.002
time:  66.758 SPS: 172
689999 success 1.0 +/- 0.0
689999 eval steps mean 15.5 best 14 optimal 10
689999 eval return 2.371 +/- 0.016
time:  67.087 SPS: 172
694999 success 1.0 +/- 0.0
694999 eval steps mean 10.9 best 10 optimal 10
694999 eval return 2.45 +/- 0.0
time:  67.727 SPS: 172
699999 success 1.0 +/- 0.0
699999 eval steps mean 11.8 best 11 optimal 10
699999 eval return 2.437 +/- 0.009
time:  68.624 SPS: 171
704999 success 1.0 +/- 0.0
704999 eval steps mean 10.9 best 10 optimal 10
704999 eval return 2.45 +/- 0.0
time:  68.954 SPS: 171
709999 success 1.0 +/- 0.0
709999 eval steps mean 10.9 best 10 optimal 10
709999 eval return 2.45 +/- 0.0
time:  69.285 SPS: 171
714999 success 1.0 +/- 0.0
714999 eval steps mean 10.9 best 10 optimal 10
714999 eval return 2.45 +/- 0.0
720000
GOAL [ 5 12]
time:  69.628 SPS: 172
719999 success 0.0 +/- 0.0
719999 eval steps mean 99.9 best 99 optimal 7
719999 eval return -9.339 +/- 0.019
time:  70.205 SPS: 172
724999 success 0.0 +/- 0.0
724999 eval steps mean 99.9 best 99 optimal 7
724999 eval return -8.943 +/- 0.015
time:  70.557 SPS: 172
729999 success 0.0 +/- 0.0
729999 eval steps mean 99.9 best 99 optimal 7
729999 eval return -7.09 +/- 0.006
time:  70.911 SPS: 172
734999 success 0.0 +/- 0.0
734999 eval steps mean 99.9 best 99 optimal 7
734999 eval return -6.761 +/- 0.151
time:  71.268 SPS: 173
739999 success 0.0 +/- 0.0
739999 eval steps mean 99.9 best 99 optimal 7
739999 eval return -6.192 +/- 0.149
time:  71.613 SPS: 173
744999 success 0.4 +/- 0.163
744999 eval steps mean 83.5 best 19 optimal 7
744999 eval return -1.838 +/- 0.662
time:  71.962 SPS: 173
749999 success 1.0 +/- 0.0
749999 eval steps mean 17.9 best 17 optimal 7
749999 eval return 1.53 +/- 0.0
time:  72.317 SPS: 174
754999 success 1.0 +/- 0.0
754999 eval steps mean 17.9 best 17 optimal 7
754999 eval return 1.53 +/- 0.0
760000
GOAL [8 3]
time:  72.694 SPS: 174
759999 success 0.0 +/- 0.0
759999 eval steps mean 99.9 best 99 optimal 5
759999 eval return -19.583 +/- 0.045
time:  73.066 SPS: 174
764999 success 0.0 +/- 0.0
764999 eval steps mean 99.9 best 99 optimal 5
764999 eval return -19.888 +/- 0.021
time:  73.418 SPS: 174
769999 success 0.0 +/- 0.0
769999 eval steps mean 99.9 best 99 optimal 5
769999 eval return -20.523 +/- 0.079
time:  73.775 SPS: 175
774999 success 0.0 +/- 0.0
774999 eval steps mean 99.9 best 99 optimal 5
774999 eval return -20.021 +/- 0.157
time:  74.132 SPS: 175
779999 success 0.0 +/- 0.0
779999 eval steps mean 99.9 best 99 optimal 5
779999 eval return -16.058 +/- 0.382
time:  74.492 SPS: 175
784999 success 0.0 +/- 0.0
784999 eval steps mean 99.9 best 99 optimal 5
784999 eval return -13.497 +/- 0.27
time:  74.852 SPS: 175
789999 success 0.0 +/- 0.0
789999 eval steps mean 99.9 best 99 optimal 5
789999 eval return -11.818 +/- 0.158
time:  75.215 SPS: 176
794999 success 0.0 +/- 0.0
794999 eval steps mean 99.9 best 99 optimal 5
794999 eval return -11.522 +/- 0.029
800000
GOAL [11 14]
time:  75.59 SPS: 176
799999 success 0.0 +/- 0.0
799999 eval steps mean 99.9 best 99 optimal 11
799999 eval return -10.782 +/- 0.273
done RL run. Time 75.72155924833302 min
