agent_dict keys dict_keys(['base_algorithm', 'learning_rate', 'num_envs', 'rollout_num_steps', 'gamma', 'gae_lambda', 'num_minibatches', 'update_epochs', 'minibatch_size', 'norm_adv', 'clip_coef', 'clip_vloss', 'ent_coef', 'vf_coef', 'max_grad_norm', 'parseval_reg', 'layer_norm', 'layer_norm_no_params', 'weight_decay', 'tuned_adam', 'perturb', 'perturb_dist', 'weight_init', 'net_width', 'net_activation', 'init_gain', 'parseval_num_groups'])
env_dict keys dict_keys(['env', 'change_freq', 'seed', 'env_type'])
Start RL run!
{'base_algorithm': 'ppo_agent', 'learning_rate': 0.00025, 'num_envs': 1, 'rollout_num_steps': 128, 'gamma': 0.99, 'gae_lambda': 0.95, 'num_minibatches': 4, 'update_epochs': 4, 'minibatch_size': 32, 'norm_adv': True, 'clip_coef': 0.2, 'clip_vloss': True, 'ent_coef': 0.01, 'vf_coef': 0.5, 'max_grad_norm': 0.5, 'parseval_reg': 0, 'layer_norm': False, 'layer_norm_no_params': False, 'weight_decay': 0, 'tuned_adam': False, 'perturb': 0.0, 'perturb_dist': 'xavier', 'weight_init': 'orthogonal', 'net_width': 64, 'net_activation': 'tanh', 'init_gain': None, 'parseval_num_groups': 1, 'device': 'cpu'}
{'env': 'gridworld_ninerooms', 'change_freq': 40000, 'seed': 127, 'env_type': 'rl', 'local_run': False}
Running on gpu: False
Gridworld args () {'env': 'gridworld_ninerooms', 'change_freq': 40000, 'seed': 127, 'env_type': 'rl', 'local_run': False}
time:  0.028 SPS: 0
0 success 0.0 +/- 0.0
0 eval steps mean 99.9 best 99 optimal 7
0 eval return -15.788 +/- 0.434
time:  0.243 SPS: 343
4999 success 0.0 +/- 0.0
4999 eval steps mean 99.9 best 99 optimal 7
4999 eval return -15.571 +/- 0.67
time:  0.45 SPS: 369
9999 success 0.0 +/- 0.0
9999 eval steps mean 99.9 best 99 optimal 7
9999 eval return -10.887 +/- 0.601
time:  0.72 SPS: 347
14999 success 0.5 +/- 0.167
14999 eval steps mean 81.9 best 36 optimal 7
14999 eval return -4.229 +/- 1.077
time:  0.951 SPS: 350
19999 success 1.0 +/- 0.0
19999 eval steps mean 28.3 best 20 optimal 7
19999 eval return 1.034 +/- 0.091
time:  1.169 SPS: 356
24999 success 1.0 +/- 0.0
24999 eval steps mean 19.4 best 17 optimal 7
24999 eval return 1.378 +/- 0.06
time:  1.383 SPS: 361
29999 success 1.0 +/- 0.0
29999 eval steps mean 17.9 best 17 optimal 7
29999 eval return 1.47 +/- 0.0
time:  1.629 SPS: 358
34999 success 1.0 +/- 0.0
34999 eval steps mean 17.9 best 17 optimal 7
34999 eval return 1.47 +/- 0.0
40000
GOAL [9 3]
time:  1.879 SPS: 354
39999 success 0.0 +/- 0.0
39999 eval steps mean 99.9 best 99 optimal 6
39999 eval return -5.411 +/- 0.054
time:  2.095 SPS: 358
44999 success 0.0 +/- 0.0
44999 eval steps mean 99.9 best 99 optimal 6
44999 eval return -3.968 +/- 0.118
time:  2.301 SPS: 362
49999 success 0.0 +/- 0.0
49999 eval steps mean 99.9 best 99 optimal 6
49999 eval return -3.753 +/- 0.078
time:  2.548 SPS: 359
54999 success 0.0 +/- 0.0
54999 eval steps mean 99.9 best 99 optimal 6
54999 eval return -3.614 +/- 0.003
time:  2.775 SPS: 360
59999 success 0.0 +/- 0.0
59999 eval steps mean 99.9 best 99 optimal 6
59999 eval return -3.73 +/- 0.006
time:  3.055 SPS: 354
64999 success 0.0 +/- 0.0
64999 eval steps mean 99.9 best 99 optimal 6
64999 eval return -3.516 +/- 0.03
time:  3.317 SPS: 351
69999 success 0.2 +/- 0.133
69999 eval steps mean 84.5 best 15 optimal 6
69999 eval return -2.505 +/- 0.707
time:  3.541 SPS: 353
74999 success 1.0 +/- 0.0
74999 eval steps mean 15.5 best 14 optimal 6
74999 eval return 1.925 +/- 0.014
80000
GOAL [6 4]
time:  3.835 SPS: 347
79999 success 0.2 +/- 0.133
79999 eval steps mean 93.6 best 63 optimal 4
79999 eval return -3.953 +/- 0.566
time:  4.087 SPS: 346
84999 success 1.0 +/- 0.0
84999 eval steps mean 19.4 best 18 optimal 4
84999 eval return 1.299 +/- 0.006
time:  4.3 SPS: 348
89999 success 1.0 +/- 0.0
89999 eval steps mean 19.1 best 19 optimal 4
89999 eval return 1.307 +/- 0.003
time:  4.564 SPS: 346
94999 success 1.0 +/- 0.0
94999 eval steps mean 19.1 best 19 optimal 4
94999 eval return 1.299 +/- 0.011
time:  4.932 SPS: 337
99999 success 1.0 +/- 0.0
99999 eval steps mean 18.9 best 18 optimal 4
99999 eval return 1.31 +/- 0.0
time:  5.293 SPS: 330
104999 success 1.0 +/- 0.0
104999 eval steps mean 18.9 best 18 optimal 4
104999 eval return 1.31 +/- 0.0
time:  5.637 SPS: 325
109999 success 1.0 +/- 0.0
109999 eval steps mean 18.9 best 18 optimal 4
109999 eval return 1.31 +/- 0.0
time:  5.973 SPS: 320
114999 success 1.0 +/- 0.0
114999 eval steps mean 18.9 best 18 optimal 4
114999 eval return 1.31 +/- 0.0
120000
GOAL [13 13]
time:  6.394 SPS: 312
119999 success 0.0 +/- 0.0
119999 eval steps mean 99.9 best 99 optimal 12
119999 eval return -19.387 +/- 0.023
time:  6.821 SPS: 305
124999 success 0.0 +/- 0.0
124999 eval steps mean 99.9 best 99 optimal 12
124999 eval return -16.992 +/- 0.071
time:  7.166 SPS: 302
129999 success 0.0 +/- 0.0
129999 eval steps mean 99.9 best 99 optimal 12
129999 eval return -16.773 +/- 0.038
time:  7.475 SPS: 301
134999 success 0.0 +/- 0.0
134999 eval steps mean 99.9 best 99 optimal 12
134999 eval return -16.551 +/- 0.031
time:  7.788 SPS: 299
139999 success 0.0 +/- 0.0
139999 eval steps mean 99.9 best 99 optimal 12
139999 eval return -14.901 +/- 0.002
time:  8.085 SPS: 298
144999 success 0.0 +/- 0.0
144999 eval steps mean 99.9 best 99 optimal 12
144999 eval return -14.904 +/- 0.003
time:  8.291 SPS: 301
149999 success 0.0 +/- 0.0
149999 eval steps mean 99.9 best 99 optimal 12
149999 eval return -14.898 +/- 0.002
time:  8.5 SPS: 303
154999 success 0.0 +/- 0.0
154999 eval steps mean 99.9 best 99 optimal 12
154999 eval return -14.905 +/- 0.005
160000
GOAL [10  4]
time:  8.715 SPS: 305
159999 success 0.0 +/- 0.0
159999 eval steps mean 99.9 best 99 optimal 6
159999 eval return -3.696 +/- 0.003
time:  8.921 SPS: 308
164999 success 0.0 +/- 0.0
164999 eval steps mean 99.9 best 99 optimal 6
164999 eval return -3.079 +/- 0.022
time:  9.127 SPS: 310
169999 success 0.0 +/- 0.0
169999 eval steps mean 99.9 best 99 optimal 6
169999 eval return -2.84 +/- 0.0
time:  9.333 SPS: 312
174999 success 0.0 +/- 0.0
174999 eval steps mean 99.9 best 99 optimal 6
174999 eval return -2.854 +/- 0.007
time:  9.542 SPS: 314
179999 success 0.0 +/- 0.0
179999 eval steps mean 99.9 best 99 optimal 6
179999 eval return -2.84 +/- 0.0
time:  9.751 SPS: 316
184999 success 0.0 +/- 0.0
184999 eval steps mean 99.9 best 99 optimal 6
184999 eval return -2.863 +/- 0.006
time:  9.961 SPS: 317
189999 success 0.0 +/- 0.0
189999 eval steps mean 99.9 best 99 optimal 6
189999 eval return -2.846 +/- 0.003
time:  10.173 SPS: 319
194999 success 0.0 +/- 0.0
194999 eval steps mean 99.9 best 99 optimal 6
194999 eval return -2.977 +/- 0.124
200000
GOAL [12 14]
time:  10.385 SPS: 320
199999 success 0.0 +/- 0.0
199999 eval steps mean 99.9 best 99 optimal 12
199999 eval return -14.038 +/- 0.005
time:  10.595 SPS: 322
204999 success 0.0 +/- 0.0
204999 eval steps mean 99.9 best 99 optimal 12
204999 eval return -11.271 +/- 0.301
time:  10.783 SPS: 324
209999 success 0.0 +/- 0.0
209999 eval steps mean 99.9 best 99 optimal 12
209999 eval return -10.97 +/- 0.0
time:  10.974 SPS: 326
214999 success 0.0 +/- 0.0
214999 eval steps mean 99.9 best 99 optimal 12
214999 eval return -10.97 +/- 0.0
time:  11.168 SPS: 328
219999 success 0.0 +/- 0.0
219999 eval steps mean 99.9 best 99 optimal 12
219999 eval return -10.97 +/- 0.0
time:  11.354 SPS: 330
224999 success 0.0 +/- 0.0
224999 eval steps mean 99.9 best 99 optimal 12
224999 eval return -11.271 +/- 0.301
time:  11.541 SPS: 332
229999 success 0.0 +/- 0.0
229999 eval steps mean 99.9 best 99 optimal 12
229999 eval return -10.97 +/- 0.0
time:  11.735 SPS: 333
234999 success 0.0 +/- 0.0
234999 eval steps mean 99.9 best 99 optimal 12
234999 eval return -10.97 +/- 0.0
240000
GOAL [9 4]
time:  11.929 SPS: 335
239999 success 0.0 +/- 0.0
239999 eval steps mean 99.9 best 99 optimal 5
239999 eval return -10.15 +/- 0.0
time:  12.123 SPS: 336
244999 success 0.0 +/- 0.0
244999 eval steps mean 99.9 best 99 optimal 5
244999 eval return -10.15 +/- 0.0
time:  12.318 SPS: 338
249999 success 0.0 +/- 0.0
249999 eval steps mean 99.9 best 99 optimal 5
249999 eval return -10.15 +/- 0.0
time:  12.508 SPS: 339
254999 success 0.0 +/- 0.0
254999 eval steps mean 99.9 best 99 optimal 5
254999 eval return -10.15 +/- 0.0
time:  12.696 SPS: 341
259999 success 0.0 +/- 0.0
259999 eval steps mean 99.9 best 99 optimal 5
259999 eval return -9.469 +/- 0.681
time:  12.885 SPS: 342
264999 success 0.0 +/- 0.0
264999 eval steps mean 99.9 best 99 optimal 5
264999 eval return -10.15 +/- 0.0
time:  13.08 SPS: 344
269999 success 0.0 +/- 0.0
269999 eval steps mean 99.9 best 99 optimal 5
269999 eval return -10.15 +/- 0.0
time:  13.278 SPS: 345
274999 success 0.0 +/- 0.0
274999 eval steps mean 99.9 best 99 optimal 5
274999 eval return -3.562 +/- 0.025
280000
GOAL [6 2]
time:  13.492 SPS: 345
279999 success 0.0 +/- 0.0
279999 eval steps mean 99.9 best 99 optimal 6
279999 eval return -4.61 +/- 0.021
time:  13.702 SPS: 346
284999 success 0.0 +/- 0.0
284999 eval steps mean 99.9 best 99 optimal 6
284999 eval return -4.384 +/- 0.01
time:  13.909 SPS: 347
289999 success 0.0 +/- 0.0
289999 eval steps mean 99.9 best 99 optimal 6
289999 eval return -4.971 +/- 0.051
time:  14.114 SPS: 348
294999 success 0.0 +/- 0.0
294999 eval steps mean 99.9 best 99 optimal 6
294999 eval return -4.377 +/- 0.015
time:  14.318 SPS: 349
299999 success 0.0 +/- 0.0
299999 eval steps mean 99.9 best 99 optimal 6
299999 eval return -4.433 +/- 0.028
time:  14.523 SPS: 350
304999 success 0.0 +/- 0.0
304999 eval steps mean 99.9 best 99 optimal 6
304999 eval return -4.332 +/- 0.005
time:  14.732 SPS: 350
309999 success 0.0 +/- 0.0
309999 eval steps mean 99.9 best 99 optimal 6
309999 eval return -4.372 +/- 0.016
time:  14.938 SPS: 351
314999 success 0.0 +/- 0.0
314999 eval steps mean 99.9 best 99 optimal 6
314999 eval return -4.557 +/- 0.008
320000
GOAL [ 6 14]
time:  15.151 SPS: 352
319999 success 0.0 +/- 0.0
319999 eval steps mean 99.9 best 99 optimal 8
319999 eval return -20.168 +/- 0.014
time:  15.352 SPS: 352
324999 success 0.0 +/- 0.0
324999 eval steps mean 99.9 best 99 optimal 8
324999 eval return -18.276 +/- 0.372
time:  15.54 SPS: 353
329999 success 0.0 +/- 0.0
329999 eval steps mean 99.9 best 99 optimal 8
329999 eval return -15.92 +/- 0.0
time:  15.726 SPS: 355
334999 success 0.0 +/- 0.0
334999 eval steps mean 99.9 best 99 optimal 8
334999 eval return -15.92 +/- 0.0
time:  15.909 SPS: 356
339999 success 0.0 +/- 0.0
339999 eval steps mean 99.9 best 99 optimal 8
339999 eval return -15.917 +/- 0.003
time:  16.098 SPS: 357
344999 success 0.0 +/- 0.0
344999 eval steps mean 99.9 best 99 optimal 8
344999 eval return -15.92 +/- 0.0
time:  16.284 SPS: 358
349999 success 0.0 +/- 0.0
349999 eval steps mean 99.9 best 99 optimal 8
349999 eval return -15.92 +/- 0.0
time:  16.468 SPS: 359
354999 success 0.0 +/- 0.0
354999 eval steps mean 99.9 best 99 optimal 8
354999 eval return -15.92 +/- 0.0
360000
GOAL [10  6]
time:  16.661 SPS: 360
359999 success 0.0 +/- 0.0
359999 eval steps mean 99.9 best 99 optimal 4
359999 eval return -3.9 +/- 0.0
time:  16.854 SPS: 360
364999 success 0.0 +/- 0.0
364999 eval steps mean 99.9 best 99 optimal 4
364999 eval return -3.9 +/- 0.0
time:  17.055 SPS: 361
369999 success 0.0 +/- 0.0
369999 eval steps mean 99.9 best 99 optimal 4
369999 eval return -3.899 +/- 0.001
time:  17.249 SPS: 362
374999 success 0.0 +/- 0.0
374999 eval steps mean 99.9 best 99 optimal 4
374999 eval return -3.9 +/- 0.0
time:  17.441 SPS: 363
379999 success 0.0 +/- 0.0
379999 eval steps mean 99.9 best 99 optimal 4
379999 eval return -3.899 +/- 0.001
time:  17.627 SPS: 364
384999 success 0.0 +/- 0.0
384999 eval steps mean 99.9 best 99 optimal 4
384999 eval return -3.9 +/- 0.0
time:  17.821 SPS: 364
389999 success 0.0 +/- 0.0
389999 eval steps mean 99.9 best 99 optimal 4
389999 eval return -3.9 +/- 0.0
time:  18.014 SPS: 365
394999 success 0.0 +/- 0.0
394999 eval steps mean 99.9 best 99 optimal 4
394999 eval return -3.9 +/- 0.0
400000
GOAL [12  6]
time:  18.213 SPS: 366
399999 success 0.0 +/- 0.0
399999 eval steps mean 99.9 best 99 optimal 6
399999 eval return -2.08 +/- 0.0
time:  18.414 SPS: 366
404999 success 1.0 +/- 0.0
404999 eval steps mean 6.9 best 6 optimal 6
404999 eval return 2.79 +/- 0.0
time:  18.601 SPS: 367
409999 success 1.0 +/- 0.0
409999 eval steps mean 6.9 best 6 optimal 6
409999 eval return 2.79 +/- 0.0
time:  18.796 SPS: 367
414999 success 1.0 +/- 0.0
414999 eval steps mean 6.9 best 6 optimal 6
414999 eval return 2.79 +/- 0.0
time:  18.988 SPS: 368
419999 success 1.0 +/- 0.0
419999 eval steps mean 6.9 best 6 optimal 6
419999 eval return 2.79 +/- 0.0
time:  19.186 SPS: 369
424999 success 1.0 +/- 0.0
424999 eval steps mean 6.9 best 6 optimal 6
424999 eval return 2.79 +/- 0.0
time:  19.385 SPS: 369
429999 success 1.0 +/- 0.0
429999 eval steps mean 6.9 best 6 optimal 6
429999 eval return 2.79 +/- 0.0
time:  19.574 SPS: 370
434999 success 1.0 +/- 0.0
434999 eval steps mean 6.9 best 6 optimal 6
434999 eval return 2.79 +/- 0.0
440000
GOAL [13  5]
time:  19.772 SPS: 370
439999 success 0.0 +/- 0.0
439999 eval steps mean 99.9 best 99 optimal 8
439999 eval return -4.636 +/- 0.144
time:  19.972 SPS: 371
444999 success 1.0 +/- 0.0
444999 eval steps mean 9.1 best 8 optimal 8
444999 eval return 2.637 +/- 0.003
time:  20.166 SPS: 371
449999 success 1.0 +/- 0.0
449999 eval steps mean 8.9 best 8 optimal 8
449999 eval return 2.64 +/- 0.0
time:  20.356 SPS: 372
454999 success 1.0 +/- 0.0
454999 eval steps mean 8.9 best 8 optimal 8
454999 eval return 2.64 +/- 0.0
time:  20.554 SPS: 372
459999 success 1.0 +/- 0.0
459999 eval steps mean 8.9 best 8 optimal 8
459999 eval return 2.64 +/- 0.0
time:  20.753 SPS: 373
464999 success 1.0 +/- 0.0
464999 eval steps mean 8.9 best 8 optimal 8
464999 eval return 2.64 +/- 0.0
time:  20.955 SPS: 373
469999 success 1.0 +/- 0.0
469999 eval steps mean 8.9 best 8 optimal 8
469999 eval return 2.64 +/- 0.0
time:  21.155 SPS: 374
474999 success 1.0 +/- 0.0
474999 eval steps mean 8.9 best 8 optimal 8
474999 eval return 2.64 +/- 0.0
480000
GOAL [14 13]
time:  21.36 SPS: 374
479999 success 0.0 +/- 0.0
479999 eval steps mean 99.9 best 99 optimal 13
479999 eval return -13.668 +/- 0.234
time:  21.57 SPS: 374
484999 success 0.0 +/- 0.0
484999 eval steps mean 99.9 best 99 optimal 13
484999 eval return -11.364 +/- 0.269
time:  21.766 SPS: 375
489999 success 0.0 +/- 0.0
489999 eval steps mean 99.9 best 99 optimal 13
489999 eval return -11.38 +/- 0.147
time:  21.957 SPS: 375
494999 success 0.0 +/- 0.0
494999 eval steps mean 99.9 best 99 optimal 13
494999 eval return -10.94 +/- 0.0
time:  22.148 SPS: 376
499999 success 0.0 +/- 0.0
499999 eval steps mean 99.9 best 99 optimal 13
499999 eval return -10.94 +/- 0.0
time:  22.343 SPS: 376
504999 success 0.0 +/- 0.0
504999 eval steps mean 99.9 best 99 optimal 13
504999 eval return -10.94 +/- 0.0
time:  22.542 SPS: 377
509999 success 0.0 +/- 0.0
509999 eval steps mean 99.9 best 99 optimal 13
509999 eval return -10.937 +/- 0.003
time:  22.738 SPS: 377
514999 success 0.0 +/- 0.0
514999 eval steps mean 99.9 best 99 optimal 13
514999 eval return -10.94 +/- 0.0
520000
GOAL [8 2]
time:  22.935 SPS: 377
519999 success 0.0 +/- 0.0
519999 eval steps mean 99.9 best 99 optimal 6
519999 eval return -8.24 +/- 0.0
time:  23.127 SPS: 378
524999 success 0.0 +/- 0.0
524999 eval steps mean 99.9 best 99 optimal 6
524999 eval return -8.424 +/- 0.184
time:  23.326 SPS: 378
529999 success 0.0 +/- 0.0
529999 eval steps mean 99.9 best 99 optimal 6
529999 eval return -8.22 +/- 0.0
time:  23.519 SPS: 379
534999 success 0.0 +/- 0.0
534999 eval steps mean 99.9 best 99 optimal 6
534999 eval return -8.22 +/- 0.0
time:  23.716 SPS: 379
539999 success 0.0 +/- 0.0
539999 eval steps mean 99.9 best 99 optimal 6
539999 eval return -8.22 +/- 0.0
time:  23.908 SPS: 379
544999 success 0.0 +/- 0.0
544999 eval steps mean 99.9 best 99 optimal 6
544999 eval return -8.22 +/- 0.0
time:  24.105 SPS: 380
549999 success 0.0 +/- 0.0
549999 eval steps mean 99.9 best 99 optimal 6
549999 eval return -4.116 +/- 0.016
time:  24.313 SPS: 380
554999 success 0.0 +/- 0.0
554999 eval steps mean 99.9 best 99 optimal 6
554999 eval return -4.234 +/- 0.015
560000
GOAL [ 9 14]
time:  24.526 SPS: 380
559999 success 0.0 +/- 0.0
559999 eval steps mean 99.9 best 99 optimal 9
559999 eval return -15.14 +/- 0.011
time:  24.743 SPS: 380
564999 success 0.0 +/- 0.0
564999 eval steps mean 99.9 best 99 optimal 9
564999 eval return -14.32 +/- 0.0
time:  24.953 SPS: 380
569999 success 0.0 +/- 0.0
569999 eval steps mean 99.9 best 99 optimal 9
569999 eval return -14.326 +/- 0.004
time:  25.171 SPS: 380
574999 success 0.0 +/- 0.0
574999 eval steps mean 99.9 best 99 optimal 9
574999 eval return -14.05 +/- 0.182
time:  25.384 SPS: 380
579999 success 0.0 +/- 0.0
579999 eval steps mean 99.9 best 99 optimal 9
579999 eval return -13.743 +/- 0.387
time:  25.597 SPS: 380
584999 success 0.0 +/- 0.0
584999 eval steps mean 99.9 best 99 optimal 9
584999 eval return -13.121 +/- 0.136
time:  25.789 SPS: 381
589999 success 0.0 +/- 0.0
589999 eval steps mean 99.9 best 99 optimal 9
589999 eval return -12.959 +/- 0.001
time:  25.984 SPS: 381
594999 success 0.0 +/- 0.0
594999 eval steps mean 99.9 best 99 optimal 9
594999 eval return -12.619 +/- 0.032
600000
GOAL [13 12]
time:  26.2 SPS: 381
599999 success 0.0 +/- 0.0
599999 eval steps mean 99.9 best 99 optimal 11
599999 eval return -7.582 +/- 0.006
time:  26.411 SPS: 381
604999 success 0.0 +/- 0.0
604999 eval steps mean 99.9 best 99 optimal 11
604999 eval return -7.592 +/- 0.012
time:  26.622 SPS: 381
609999 success 0.0 +/- 0.0
609999 eval steps mean 99.9 best 99 optimal 11
609999 eval return -7.578 +/- 0.002
time:  26.835 SPS: 381
614999 success 0.0 +/- 0.0
614999 eval steps mean 99.9 best 99 optimal 11
614999 eval return -7.472 +/- 0.142
time:  27.036 SPS: 382
619999 success 0.0 +/- 0.0
619999 eval steps mean 99.9 best 99 optimal 11
619999 eval return -5.248 +/- 0.006
time:  27.244 SPS: 382
624999 success 0.0 +/- 0.0
624999 eval steps mean 99.9 best 99 optimal 11
624999 eval return -5.282 +/- 0.042
time:  27.452 SPS: 382
629999 success 0.0 +/- 0.0
629999 eval steps mean 99.9 best 99 optimal 11
629999 eval return -5.24 +/- 0.0
time:  27.66 SPS: 382
634999 success 0.0 +/- 0.0
634999 eval steps mean 99.9 best 99 optimal 11
634999 eval return -5.24 +/- 0.0
640000
GOAL [12  7]
time:  27.878 SPS: 382
639999 success 1.0 +/- 0.0
639999 eval steps mean 5.9 best 5 optimal 5
639999 eval return 2.85 +/- 0.0
time:  28.083 SPS: 382
644999 success 1.0 +/- 0.0
644999 eval steps mean 5.9 best 5 optimal 5
644999 eval return 2.85 +/- 0.0
time:  28.285 SPS: 383
649999 success 1.0 +/- 0.0
649999 eval steps mean 5.9 best 5 optimal 5
649999 eval return 2.85 +/- 0.0
time:  28.485 SPS: 383
654999 success 1.0 +/- 0.0
654999 eval steps mean 5.9 best 5 optimal 5
654999 eval return 2.85 +/- 0.0
time:  28.686 SPS: 383
659999 success 1.0 +/- 0.0
659999 eval steps mean 5.9 best 5 optimal 5
659999 eval return 2.85 +/- 0.0
time:  28.888 SPS: 383
664999 success 1.0 +/- 0.0
664999 eval steps mean 5.9 best 5 optimal 5
664999 eval return 2.85 +/- 0.0
time:  29.092 SPS: 383
669999 success 1.0 +/- 0.0
669999 eval steps mean 5.9 best 5 optimal 5
669999 eval return 2.85 +/- 0.0
time:  29.3 SPS: 383
674999 success 1.0 +/- 0.0
674999 eval steps mean 5.9 best 5 optimal 5
674999 eval return 2.85 +/- 0.0
680000
GOAL [13 11]
time:  29.507 SPS: 384
679999 success 0.0 +/- 0.0
679999 eval steps mean 99.9 best 99 optimal 10
679999 eval return -5.121 +/- 0.015
time:  29.691 SPS: 384
684999 success 0.0 +/- 0.0
684999 eval steps mean 99.9 best 99 optimal 10
684999 eval return -5.259 +/- 0.118
time:  29.892 SPS: 384
689999 success 0.0 +/- 0.0
689999 eval steps mean 99.9 best 99 optimal 10
689999 eval return -4.22 +/- 0.0
time:  30.103 SPS: 384
694999 success 0.0 +/- 0.0
694999 eval steps mean 99.9 best 99 optimal 10
694999 eval return -4.22 +/- 0.0
time:  30.312 SPS: 384
699999 success 1.0 +/- 0.0
699999 eval steps mean 10.9 best 10 optimal 10
699999 eval return 2.45 +/- 0.0
time:  30.511 SPS: 385
704999 success 1.0 +/- 0.0
704999 eval steps mean 10.9 best 10 optimal 10
704999 eval return 2.45 +/- 0.0
time:  30.716 SPS: 385
709999 success 1.0 +/- 0.0
709999 eval steps mean 10.9 best 10 optimal 10
709999 eval return 2.45 +/- 0.0
time:  30.916 SPS: 385
714999 success 1.0 +/- 0.0
714999 eval steps mean 10.9 best 10 optimal 10
714999 eval return 2.45 +/- 0.0
720000
GOAL [ 5 12]
time:  31.128 SPS: 385
719999 success 0.0 +/- 0.0
719999 eval steps mean 99.9 best 99 optimal 7
719999 eval return -11.611 +/- 0.588
time:  31.309 SPS: 385
724999 success 0.0 +/- 0.0
724999 eval steps mean 99.9 best 99 optimal 7
724999 eval return -10.182 +/- 0.758
time:  31.489 SPS: 386
729999 success 0.0 +/- 0.0
729999 eval steps mean 99.9 best 99 optimal 7
729999 eval return -9.26 +/- 0.0
time:  31.674 SPS: 386
734999 success 0.0 +/- 0.0
734999 eval steps mean 99.9 best 99 optimal 7
734999 eval return -9.26 +/- 0.0
time:  31.856 SPS: 387
739999 success 0.0 +/- 0.0
739999 eval steps mean 99.9 best 99 optimal 7
739999 eval return -9.614 +/- 0.236
time:  32.039 SPS: 387
744999 success 0.0 +/- 0.0
744999 eval steps mean 99.9 best 99 optimal 7
744999 eval return -9.26 +/- 0.0
time:  32.218 SPS: 387
749999 success 0.0 +/- 0.0
749999 eval steps mean 99.9 best 99 optimal 7
749999 eval return -9.26 +/- 0.0
time:  32.396 SPS: 388
754999 success 0.0 +/- 0.0
754999 eval steps mean 99.9 best 99 optimal 7
754999 eval return -9.26 +/- 0.0
760000
GOAL [8 3]
time:  32.582 SPS: 388
759999 success 0.0 +/- 0.0
759999 eval steps mean 99.9 best 99 optimal 5
759999 eval return -16.539 +/- 0.001
time:  32.787 SPS: 388
764999 success 0.0 +/- 0.0
764999 eval steps mean 99.9 best 99 optimal 5
764999 eval return -10.632 +/- 0.005
time:  32.998 SPS: 388
769999 success 0.0 +/- 0.0
769999 eval steps mean 99.9 best 99 optimal 5
769999 eval return -10.602 +/- 0.002
time:  33.207 SPS: 388
774999 success 0.0 +/- 0.0
774999 eval steps mean 99.9 best 99 optimal 5
774999 eval return -5.944 +/- 0.038
time:  33.423 SPS: 388
779999 success 0.0 +/- 0.0
779999 eval steps mean 99.9 best 99 optimal 5
779999 eval return -5.896 +/- 0.063
time:  33.633 SPS: 389
784999 success 0.0 +/- 0.0
784999 eval steps mean 99.9 best 99 optimal 5
784999 eval return -5.124 +/- 0.022
time:  33.848 SPS: 388
789999 success 0.0 +/- 0.0
789999 eval steps mean 99.9 best 99 optimal 5
789999 eval return -5.102 +/- 0.002
time:  34.058 SPS: 389
794999 success 0.0 +/- 0.0
794999 eval steps mean 99.9 best 99 optimal 5
794999 eval return -5.12 +/- 0.013
800000
GOAL [11 14]
time:  34.278 SPS: 388
799999 success 0.0 +/- 0.0
799999 eval steps mean 99.9 best 99 optimal 11
799999 eval return -13.24 +/- 0.0
done RL run. Time 34.35800372166753 min
