agent_dict keys dict_keys(['base_algorithm', 'learning_rate', 'num_envs', 'rollout_num_steps', 'gamma', 'gae_lambda', 'num_minibatches', 'update_epochs', 'minibatch_size', 'norm_adv', 'clip_coef', 'clip_vloss', 'ent_coef', 'vf_coef', 'max_grad_norm', 'rpo_alpha', 'parseval_reg', 'input_scale', 'learnable_input_scale', 'add_diag_layer', 'layer_norm', 'layer_norm_no_params', 'weight_decay', 'tuned_adam', 'perturb', 'perturb_dist', 'regen', 'regen_wasserstein', 'weight_init', 'net_width', 'net_activation', 'init_gain', 'parseval_norm', 'parseval_num_groups'])
env_dict keys dict_keys(['env', 'change_freq', 'seed', 'env_type'])
Start RL run!
{'base_algorithm': 'ppo_agent', 'learning_rate': 0.00025, 'num_envs': 1, 'rollout_num_steps': 128, 'gamma': 0.99, 'gae_lambda': 0.95, 'num_minibatches': 4, 'update_epochs': 4, 'minibatch_size': 32, 'norm_adv': True, 'clip_coef': 0.2, 'clip_vloss': True, 'ent_coef': 0.01, 'vf_coef': 0.5, 'max_grad_norm': 0.5, 'rpo_alpha': 0, 'parseval_reg': 0, 'input_scale': 1, 'learnable_input_scale': False, 'add_diag_layer': False, 'layer_norm': True, 'layer_norm_no_params': False, 'weight_decay': 0, 'tuned_adam': False, 'perturb': 0.0, 'perturb_dist': 'xavier', 'regen': 0.0, 'regen_wasserstein': False, 'weight_init': 'orthogonal', 'net_width': 64, 'net_activation': 'tanh', 'init_gain': None, 'parseval_norm': False, 'parseval_num_groups': 1, 'device': 'cpu'}
{'env': 'gridworld_ninerooms', 'change_freq': 40000, 'seed': 124, 'env_type': 'rl', 'local_run': False}
Running on gpu: False
Gridworld args () {'env': 'gridworld_ninerooms', 'change_freq': 40000, 'seed': 124, 'env_type': 'rl', 'local_run': False}
time:  0.048 SPS: 0
0 success 0.0 +/- 0.0
0 eval steps mean 99.9 best 99 optimal 10
0 eval return -11.187 +/- 0.892
time:  0.416 SPS: 200
4999 success 0.4 +/- 0.163
4999 eval steps mean 79.4 best 38 optimal 10
4999 eval return -4.666 +/- 1.314
time:  0.752 SPS: 221
9999 success 1.0 +/- 0.0
9999 eval steps mean 11.7 best 10 optimal 10
9999 eval return 2.42 +/- 0.023
time:  1.159 SPS: 215
14999 success 1.0 +/- 0.0
14999 eval steps mean 10.9 best 10 optimal 10
14999 eval return 2.45 +/- 0.0
time:  1.572 SPS: 211
19999 success 1.0 +/- 0.0
19999 eval steps mean 10.9 best 10 optimal 10
19999 eval return 2.45 +/- 0.0
time:  1.958 SPS: 212
24999 success 1.0 +/- 0.0
24999 eval steps mean 10.9 best 10 optimal 10
24999 eval return 2.45 +/- 0.0
time:  2.351 SPS: 212
29999 success 1.0 +/- 0.0
29999 eval steps mean 11.1 best 10 optimal 10
29999 eval return 2.447 +/- 0.003
time:  2.75 SPS: 212
34999 success 1.0 +/- 0.0
34999 eval steps mean 10.9 best 10 optimal 10
34999 eval return 2.45 +/- 0.0
40000
GOAL [12 11]
time:  3.161 SPS: 210
39999 success 1.0 +/- 0.0
39999 eval steps mean 12.3 best 9 optimal 9
39999 eval return 2.514 +/- 0.021
time:  3.555 SPS: 210
44999 success 1.0 +/- 0.0
44999 eval steps mean 9.9 best 9 optimal 9
44999 eval return 2.55 +/- 0.0
time:  3.959 SPS: 210
49999 success 1.0 +/- 0.0
49999 eval steps mean 10.5 best 9 optimal 9
49999 eval return 2.537 +/- 0.007
time:  4.364 SPS: 210
54999 success 1.0 +/- 0.0
54999 eval steps mean 9.9 best 9 optimal 9
54999 eval return 2.55 +/- 0.0
time:  4.766 SPS: 209
59999 success 1.0 +/- 0.0
59999 eval steps mean 9.9 best 9 optimal 9
59999 eval return 2.55 +/- 0.0
time:  5.168 SPS: 209
64999 success 1.0 +/- 0.0
64999 eval steps mean 9.9 best 9 optimal 9
64999 eval return 2.55 +/- 0.0
time:  5.567 SPS: 209
69999 success 1.0 +/- 0.0
69999 eval steps mean 9.9 best 9 optimal 9
69999 eval return 2.55 +/- 0.0
time:  5.967 SPS: 209
74999 success 1.0 +/- 0.0
74999 eval steps mean 10.1 best 9 optimal 9
74999 eval return 2.535 +/- 0.015
80000
GOAL [ 9 14]
time:  6.384 SPS: 208
79999 success 0.0 +/- 0.0
79999 eval steps mean 99.9 best 99 optimal 9
79999 eval return -7.116 +/- 0.169
time:  6.774 SPS: 209
84999 success 0.0 +/- 0.0
84999 eval steps mean 99.9 best 99 optimal 9
84999 eval return -6.01 +/- 0.005
time:  7.205 SPS: 208
89999 success 0.0 +/- 0.0
89999 eval steps mean 99.9 best 99 optimal 9
89999 eval return -6.372 +/- 0.033
time:  7.634 SPS: 207
94999 success 0.0 +/- 0.0
94999 eval steps mean 99.9 best 99 optimal 9
94999 eval return -6.068 +/- 0.01
time:  8.073 SPS: 206
99999 success 0.0 +/- 0.0
99999 eval steps mean 99.9 best 99 optimal 9
99999 eval return -6.098 +/- 0.006
time:  8.504 SPS: 205
104999 success 0.0 +/- 0.0
104999 eval steps mean 99.9 best 99 optimal 9
104999 eval return -6.439 +/- 0.13
time:  8.925 SPS: 205
109999 success 0.0 +/- 0.0
109999 eval steps mean 99.9 best 99 optimal 9
109999 eval return -6.08 +/- 0.017
time:  9.32 SPS: 205
114999 success 0.0 +/- 0.0
114999 eval steps mean 99.9 best 99 optimal 9
114999 eval return -6.158 +/- 0.015
120000
GOAL [11  9]
time:  9.703 SPS: 206
119999 success 1.0 +/- 0.0
119999 eval steps mean 6.9 best 6 optimal 6
119999 eval return 2.79 +/- 0.0
time:  10.041 SPS: 207
124999 success 1.0 +/- 0.0
124999 eval steps mean 6.9 best 6 optimal 6
124999 eval return 2.79 +/- 0.0
time:  10.463 SPS: 207
129999 success 1.0 +/- 0.0
129999 eval steps mean 6.9 best 6 optimal 6
129999 eval return 2.79 +/- 0.0
time:  10.802 SPS: 208
134999 success 1.0 +/- 0.0
134999 eval steps mean 6.9 best 6 optimal 6
134999 eval return 2.79 +/- 0.0
time:  11.141 SPS: 209
139999 success 1.0 +/- 0.0
139999 eval steps mean 6.9 best 6 optimal 6
139999 eval return 2.79 +/- 0.0
time:  11.469 SPS: 210
144999 success 1.0 +/- 0.0
144999 eval steps mean 6.9 best 6 optimal 6
144999 eval return 2.79 +/- 0.0
time:  11.8 SPS: 211
149999 success 1.0 +/- 0.0
149999 eval steps mean 6.9 best 6 optimal 6
149999 eval return 2.79 +/- 0.0
time:  12.13 SPS: 212
154999 success 1.0 +/- 0.0
154999 eval steps mean 6.9 best 6 optimal 6
154999 eval return 2.79 +/- 0.0
160000
GOAL [13 14]
time:  12.47 SPS: 213
159999 success 0.0 +/- 0.0
159999 eval steps mean 99.9 best 99 optimal 13
159999 eval return -4.526 +/- 0.237
time:  12.824 SPS: 214
164999 success 0.0 +/- 0.0
164999 eval steps mean 99.9 best 99 optimal 13
164999 eval return -3.265 +/- 0.013
time:  13.18 SPS: 214
169999 success 0.0 +/- 0.0
169999 eval steps mean 99.9 best 99 optimal 13
169999 eval return -3.377 +/- 0.025
time:  13.535 SPS: 215
174999 success 0.0 +/- 0.0
174999 eval steps mean 99.9 best 99 optimal 13
174999 eval return -3.259 +/- 0.012
time:  14.039 SPS: 213
179999 success 0.0 +/- 0.0
179999 eval steps mean 99.9 best 99 optimal 13
179999 eval return -3.187 +/- 0.027
time:  14.621 SPS: 210
184999 success 0.0 +/- 0.0
184999 eval steps mean 99.9 best 99 optimal 13
184999 eval return -3.145 +/- 0.041
time:  15.09 SPS: 209
189999 success 0.0 +/- 0.0
189999 eval steps mean 99.9 best 99 optimal 13
189999 eval return -3.17 +/- 0.048
time:  15.444 SPS: 210
194999 success 0.0 +/- 0.0
194999 eval steps mean 99.9 best 99 optimal 13
194999 eval return -3.268 +/- 0.016
200000
GOAL [14  8]
time:  15.96 SPS: 208
199999 success 0.0 +/- 0.0
199999 eval steps mean 99.9 best 99 optimal 8
199999 eval return -6.647 +/- 0.063
time:  16.546 SPS: 206
204999 success 0.0 +/- 0.0
204999 eval steps mean 99.9 best 99 optimal 8
204999 eval return -3.748 +/- 0.014
time:  17.261 SPS: 202
209999 success 1.0 +/- 0.0
209999 eval steps mean 11.1 best 10 optimal 8
209999 eval return 2.559 +/- 0.011
time:  18.202 SPS: 196
214999 success 1.0 +/- 0.0
214999 eval steps mean 8.9 best 8 optimal 8
214999 eval return 2.64 +/- 0.0
time:  18.571 SPS: 197
219999 success 0.9 +/- 0.1
219999 eval steps mean 18.0 best 8 optimal 8
219999 eval return 2.173 +/- 0.467
time:  18.925 SPS: 198
224999 success 1.0 +/- 0.0
224999 eval steps mean 8.9 best 8 optimal 8
224999 eval return 2.64 +/- 0.0
time:  19.258 SPS: 199
229999 success 1.0 +/- 0.0
229999 eval steps mean 8.9 best 8 optimal 8
229999 eval return 2.64 +/- 0.0
time:  19.589 SPS: 199
234999 success 1.0 +/- 0.0
234999 eval steps mean 8.9 best 8 optimal 8
234999 eval return 2.64 +/- 0.0
240000
GOAL [12  5]
time:  20.031 SPS: 199
239999 success 0.0 +/- 0.0
239999 eval steps mean 99.9 best 99 optimal 7
239999 eval return -4.773 +/- 0.164
time:  20.336 SPS: 200
244999 success 0.0 +/- 0.0
244999 eval steps mean 99.9 best 99 optimal 7
244999 eval return -4.03 +/- 0.0
time:  20.64 SPS: 201
249999 success 0.0 +/- 0.0
249999 eval steps mean 99.9 best 99 optimal 7
249999 eval return -3.977 +/- 0.054
time:  21.41 SPS: 198
254999 success 0.0 +/- 0.0
254999 eval steps mean 99.9 best 99 optimal 7
254999 eval return -4.03 +/- 0.0
time:  21.813 SPS: 198
259999 success 0.0 +/- 0.0
259999 eval steps mean 99.9 best 99 optimal 7
259999 eval return -4.03 +/- 0.0
time:  22.351 SPS: 197
264999 success 1.0 +/- 0.0
264999 eval steps mean 9.9 best 9 optimal 7
264999 eval return 2.69 +/- 0.0
time:  22.914 SPS: 196
269999 success 1.0 +/- 0.0
269999 eval steps mean 9.9 best 9 optimal 7
269999 eval return 2.69 +/- 0.0
time:  23.475 SPS: 195
274999 success 1.0 +/- 0.0
274999 eval steps mean 9.9 best 9 optimal 7
274999 eval return 2.69 +/- 0.0
280000
GOAL [8 4]
time:  24.847 SPS: 187
279999 success 0.0 +/- 0.0
279999 eval steps mean 99.9 best 99 optimal 4
279999 eval return -8.55 +/- 0.821
time:  25.514 SPS: 186
284999 success 0.0 +/- 0.0
284999 eval steps mean 99.9 best 99 optimal 4
284999 eval return -4.512 +/- 0.287
time:  25.864 SPS: 186
289999 success 0.0 +/- 0.0
289999 eval steps mean 99.9 best 99 optimal 4
289999 eval return -3.751 +/- 0.014
time:  26.318 SPS: 186
294999 success 0.0 +/- 0.0
294999 eval steps mean 99.9 best 99 optimal 4
294999 eval return -3.931 +/- 0.027
time:  26.959 SPS: 185
299999 success 0.0 +/- 0.0
299999 eval steps mean 99.9 best 99 optimal 4
299999 eval return -3.845 +/- 0.061
time:  27.32 SPS: 186
304999 success 0.0 +/- 0.0
304999 eval steps mean 99.9 best 99 optimal 4
304999 eval return -3.97 +/- 0.03
time:  27.691 SPS: 186
309999 success 0.0 +/- 0.0
309999 eval steps mean 99.9 best 99 optimal 4
309999 eval return -3.922 +/- 0.024
time:  28.055 SPS: 187
314999 success 0.0 +/- 0.0
314999 eval steps mean 99.9 best 99 optimal 4
314999 eval return -3.871 +/- 0.034
320000
GOAL [13  2]
time:  28.428 SPS: 187
319999 success 0.0 +/- 0.0
319999 eval steps mean 99.9 best 99 optimal 11
319999 eval return -4.998 +/- 0.063
time:  28.787 SPS: 188
324999 success 1.0 +/- 0.0
324999 eval steps mean 14.3 best 13 optimal 11
324999 eval return 2.208 +/- 0.022
time:  29.124 SPS: 188
329999 success 1.0 +/- 0.0
329999 eval steps mean 13.9 best 13 optimal 11
329999 eval return 2.23 +/- 0.0
time:  29.46 SPS: 189
334999 success 1.0 +/- 0.0
334999 eval steps mean 13.9 best 13 optimal 11
334999 eval return 2.23 +/- 0.0
time:  29.884 SPS: 189
339999 success 1.0 +/- 0.0
339999 eval steps mean 13.9 best 13 optimal 11
339999 eval return 2.23 +/- 0.0
time:  30.491 SPS: 188
344999 success 1.0 +/- 0.0
344999 eval steps mean 13.9 best 13 optimal 11
344999 eval return 2.23 +/- 0.0
time:  31.055 SPS: 187
349999 success 1.0 +/- 0.0
349999 eval steps mean 13.9 best 13 optimal 11
349999 eval return 2.23 +/- 0.0
time:  31.513 SPS: 187
354999 success 1.0 +/- 0.0
354999 eval steps mean 13.9 best 13 optimal 11
354999 eval return 2.23 +/- 0.0
360000
GOAL [10 14]
time:  31.859 SPS: 188
359999 success 0.0 +/- 0.0
359999 eval steps mean 99.9 best 99 optimal 10
359999 eval return -16.863 +/- 0.044
time:  32.312 SPS: 188
364999 success 0.0 +/- 0.0
364999 eval steps mean 99.9 best 99 optimal 10
364999 eval return -15.544 +/- 0.368
time:  32.906 SPS: 187
369999 success 0.0 +/- 0.0
369999 eval steps mean 99.9 best 99 optimal 10
369999 eval return -14.104 +/- 0.005
time:  33.339 SPS: 187
374999 success 0.0 +/- 0.0
374999 eval steps mean 99.9 best 99 optimal 10
374999 eval return -14.146 +/- 0.016
time:  33.709 SPS: 187
379999 success 0.0 +/- 0.0
379999 eval steps mean 99.9 best 99 optimal 10
379999 eval return -14.14 +/- 0.0
time:  34.078 SPS: 188
384999 success 0.0 +/- 0.0
384999 eval steps mean 99.9 best 99 optimal 10
384999 eval return -14.138 +/- 0.002
time:  34.464 SPS: 188
389999 success 0.0 +/- 0.0
389999 eval steps mean 99.9 best 99 optimal 10
389999 eval return -14.14 +/- 0.0
time:  35.066 SPS: 187
394999 success 0.0 +/- 0.0
394999 eval steps mean 99.9 best 99 optimal 10
394999 eval return -14.14 +/- 0.0
400000
GOAL [8 3]
time:  36.149 SPS: 184
399999 success 0.0 +/- 0.0
399999 eval steps mean 99.9 best 99 optimal 5
399999 eval return -6.08 +/- 0.0
time:  37.242 SPS: 181
404999 success 0.0 +/- 0.0
404999 eval steps mean 99.9 best 99 optimal 5
404999 eval return -6.3 +/- 0.211
time:  37.607 SPS: 181
409999 success 0.0 +/- 0.0
409999 eval steps mean 99.9 best 99 optimal 5
409999 eval return -6.987 +/- 0.888
time:  37.966 SPS: 182
414999 success 0.0 +/- 0.0
414999 eval steps mean 99.9 best 99 optimal 5
414999 eval return -6.08 +/- 0.0
time:  38.526 SPS: 181
419999 success 0.0 +/- 0.0
419999 eval steps mean 99.9 best 99 optimal 5
419999 eval return -6.054 +/- 0.016
time:  39.093 SPS: 181
424999 success 0.0 +/- 0.0
424999 eval steps mean 99.9 best 99 optimal 5
424999 eval return -3.626 +/- 0.037
time:  39.451 SPS: 181
429999 success 0.4 +/- 0.163
429999 eval steps mean 77.7 best 16 optimal 5
429999 eval return -1.437 +/- 0.701
time:  39.801 SPS: 182
434999 success 1.0 +/- 0.0
434999 eval steps mean 15.9 best 15 optimal 5
434999 eval return 1.8 +/- 0.0
440000
GOAL [11  9]
time:  40.151 SPS: 182
439999 success 0.0 +/- 0.0
439999 eval steps mean 99.9 best 99 optimal 6
439999 eval return -13.23 +/- 0.565
time:  40.51 SPS: 183
444999 success 0.0 +/- 0.0
444999 eval steps mean 99.9 best 99 optimal 6
444999 eval return -2.714 +/- 0.134
time:  40.873 SPS: 183
449999 success 0.0 +/- 0.0
449999 eval steps mean 99.9 best 99 optimal 6
449999 eval return -2.58 +/- 0.0
time:  41.236 SPS: 183
454999 success 0.0 +/- 0.0
454999 eval steps mean 99.9 best 99 optimal 6
454999 eval return -2.58 +/- 0.0
time:  41.597 SPS: 184
459999 success 0.0 +/- 0.0
459999 eval steps mean 99.9 best 99 optimal 6
459999 eval return -2.584 +/- 0.004
time:  41.959 SPS: 184
464999 success 1.0 +/- 0.0
464999 eval steps mean 10.9 best 7 optimal 6
464999 eval return 2.73 +/- 0.022
time:  42.297 SPS: 185
469999 success 1.0 +/- 0.0
469999 eval steps mean 6.9 best 6 optimal 6
469999 eval return 2.79 +/- 0.0
time:  42.629 SPS: 185
474999 success 1.0 +/- 0.0
474999 eval steps mean 6.9 best 6 optimal 6
474999 eval return 2.79 +/- 0.0
480000
GOAL [12 10]
time:  42.976 SPS: 186
479999 success 0.0 +/- 0.0
479999 eval steps mean 99.9 best 99 optimal 8
479999 eval return -3.133 +/- 0.026
time:  43.336 SPS: 186
484999 success 0.0 +/- 0.0
484999 eval steps mean 99.9 best 99 optimal 8
484999 eval return -2.62 +/- 0.015
time:  44.195 SPS: 184
489999 success 0.0 +/- 0.0
489999 eval steps mean 99.9 best 99 optimal 8
489999 eval return -2.248 +/- 0.008
time:  44.647 SPS: 184
494999 success 0.0 +/- 0.0
494999 eval steps mean 99.9 best 99 optimal 8
494999 eval return -2.357 +/- 0.012
time:  45.268 SPS: 184
499999 success 0.0 +/- 0.0
499999 eval steps mean 99.9 best 99 optimal 8
499999 eval return -2.213 +/- 0.002
time:  46.107 SPS: 182
504999 success 0.0 +/- 0.0
504999 eval steps mean 99.9 best 99 optimal 8
504999 eval return -2.86 +/- 0.643
time:  46.661 SPS: 182
509999 success 0.0 +/- 0.0
509999 eval steps mean 99.9 best 99 optimal 8
509999 eval return -2.221 +/- 0.003
time:  47.134 SPS: 182
514999 success 0.0 +/- 0.0
514999 eval steps mean 99.9 best 99 optimal 8
514999 eval return -2.288 +/- 0.007
520000
GOAL [9 0]
time:  47.717 SPS: 181
519999 success 0.0 +/- 0.0
519999 eval steps mean 99.9 best 99 optimal 9
519999 eval return -13.078 +/- 0.051
time:  48.06 SPS: 182
524999 success 0.0 +/- 0.0
524999 eval steps mean 99.9 best 99 optimal 9
524999 eval return -12.999 +/- 0.004
time:  48.41 SPS: 182
529999 success 0.0 +/- 0.0
529999 eval steps mean 99.9 best 99 optimal 9
529999 eval return -9.338 +/- 0.194
time:  48.778 SPS: 182
534999 success 0.0 +/- 0.0
534999 eval steps mean 99.9 best 99 optimal 9
534999 eval return -8.107 +/- 0.198
time:  49.14 SPS: 183
539999 success 0.0 +/- 0.0
539999 eval steps mean 99.9 best 99 optimal 9
539999 eval return -5.975 +/- 0.037
time:  49.498 SPS: 183
544999 success 0.0 +/- 0.0
544999 eval steps mean 99.9 best 99 optimal 9
544999 eval return -6.038 +/- 0.021
time:  49.97 SPS: 183
549999 success 0.0 +/- 0.0
549999 eval steps mean 99.9 best 99 optimal 9
549999 eval return -6.0 +/- 0.0
time:  51.232 SPS: 180
554999 success 0.0 +/- 0.0
554999 eval steps mean 99.9 best 99 optimal 9
554999 eval return -6.024 +/- 0.018
560000
GOAL [8 0]
time:  52.456 SPS: 177
559999 success 0.0 +/- 0.0
559999 eval steps mean 99.9 best 99 optimal 8
559999 eval return -7.023 +/- 0.017
time:  52.836 SPS: 178
564999 success 0.0 +/- 0.0
564999 eval steps mean 99.9 best 99 optimal 8
564999 eval return -7.024 +/- 0.019
time:  53.205 SPS: 178
569999 success 0.0 +/- 0.0
569999 eval steps mean 99.9 best 99 optimal 8
569999 eval return -6.958 +/- 1.076
time:  53.578 SPS: 178
574999 success 0.0 +/- 0.0
574999 eval steps mean 99.9 best 99 optimal 8
574999 eval return -3.838 +/- 0.023
time:  53.941 SPS: 179
579999 success 0.0 +/- 0.0
579999 eval steps mean 99.9 best 99 optimal 8
579999 eval return -4.926 +/- 1.231
time:  54.317 SPS: 179
584999 success 0.0 +/- 0.0
584999 eval steps mean 99.9 best 99 optimal 8
584999 eval return -3.612 +/- 0.014
time:  55.195 SPS: 178
589999 success 0.0 +/- 0.0
589999 eval steps mean 99.9 best 99 optimal 8
589999 eval return -3.96 +/- 0.054
time:  55.811 SPS: 177
594999 success 0.0 +/- 0.0
594999 eval steps mean 99.9 best 99 optimal 8
594999 eval return -3.935 +/- 0.022
600000
GOAL [ 9 14]
time:  56.298 SPS: 177
599999 success 0.0 +/- 0.0
599999 eval steps mean 99.9 best 99 optimal 9
599999 eval return -18.588 +/- 0.019
time:  56.663 SPS: 177
604999 success 0.0 +/- 0.0
604999 eval steps mean 99.9 best 99 optimal 9
604999 eval return -10.865 +/- 0.243
time:  57.028 SPS: 178
609999 success 0.0 +/- 0.0
609999 eval steps mean 99.9 best 99 optimal 9
609999 eval return -9.929 +/- 0.013
time:  57.392 SPS: 178
614999 success 0.0 +/- 0.0
614999 eval steps mean 99.9 best 99 optimal 9
614999 eval return -9.899 +/- 0.005
time:  57.747 SPS: 178
619999 success 0.0 +/- 0.0
619999 eval steps mean 99.9 best 99 optimal 9
619999 eval return -8.505 +/- 0.024
time:  58.108 SPS: 179
624999 success 0.0 +/- 0.0
624999 eval steps mean 99.9 best 99 optimal 9
624999 eval return -6.248 +/- 0.18
time:  58.468 SPS: 179
629999 success 0.0 +/- 0.0
629999 eval steps mean 99.9 best 99 optimal 9
629999 eval return -6.226 +/- 0.14
time:  58.827 SPS: 179
634999 success 0.0 +/- 0.0
634999 eval steps mean 99.9 best 99 optimal 9
634999 eval return -4.88 +/- 0.143
640000
GOAL [13  3]
time:  59.2 SPS: 180
639999 success 0.0 +/- 0.0
639999 eval steps mean 99.9 best 99 optimal 10
639999 eval return -12.41 +/- 0.023
time:  59.56 SPS: 180
644999 success 0.0 +/- 0.0
644999 eval steps mean 99.9 best 99 optimal 10
644999 eval return -7.532 +/- 0.006
time:  60.715 SPS: 178
649999 success 0.0 +/- 0.0
649999 eval steps mean 99.9 best 99 optimal 10
649999 eval return -7.682 +/- 0.705
time:  61.122 SPS: 178
654999 success 0.0 +/- 0.0
654999 eval steps mean 99.9 best 99 optimal 10
654999 eval return -6.103 +/- 0.003
time:  61.738 SPS: 178
659999 success 0.0 +/- 0.0
659999 eval steps mean 99.9 best 99 optimal 10
659999 eval return -6.114 +/- 0.009
time:  62.188 SPS: 178
664999 success 0.0 +/- 0.0
664999 eval steps mean 99.9 best 99 optimal 10
664999 eval return -6.106 +/- 0.006
time:  62.554 SPS: 178
669999 success 0.0 +/- 0.0
669999 eval steps mean 99.9 best 99 optimal 10
669999 eval return -6.119 +/- 0.017
time:  63.223 SPS: 177
674999 success 0.0 +/- 0.0
674999 eval steps mean 99.9 best 99 optimal 10
674999 eval return -6.101 +/- 0.001
680000
GOAL [14  6]
time:  63.597 SPS: 178
679999 success 0.0 +/- 0.0
679999 eval steps mean 99.9 best 99 optimal 8
679999 eval return -4.1 +/- 0.0
time:  63.953 SPS: 178
684999 success 0.0 +/- 0.0
684999 eval steps mean 99.9 best 99 optimal 8
684999 eval return -4.1 +/- 0.0
time:  64.402 SPS: 178
689999 success 0.0 +/- 0.0
689999 eval steps mean 99.9 best 99 optimal 8
689999 eval return -4.102 +/- 0.001
time:  64.893 SPS: 178
694999 success 0.0 +/- 0.0
694999 eval steps mean 99.9 best 99 optimal 8
694999 eval return -4.107 +/- 0.003
time:  65.37 SPS: 178
699999 success 0.0 +/- 0.0
699999 eval steps mean 99.9 best 99 optimal 8
699999 eval return -4.104 +/- 0.002
time:  66.067 SPS: 177
704999 success 0.0 +/- 0.0
704999 eval steps mean 99.9 best 99 optimal 8
704999 eval return -4.121 +/- 0.014
time:  66.425 SPS: 178
709999 success 0.0 +/- 0.0
709999 eval steps mean 99.9 best 99 optimal 8
709999 eval return -4.109 +/- 0.005
time:  66.781 SPS: 178
714999 success 0.0 +/- 0.0
714999 eval steps mean 99.9 best 99 optimal 8
714999 eval return -4.101 +/- 0.001
720000
GOAL [6 4]
time:  67.151 SPS: 178
719999 success 0.0 +/- 0.0
719999 eval steps mean 99.9 best 99 optimal 4
719999 eval return -14.08 +/- 0.0
time:  67.504 SPS: 179
724999 success 0.0 +/- 0.0
724999 eval steps mean 99.9 best 99 optimal 4
724999 eval return -14.348 +/- 0.086
time:  67.878 SPS: 179
729999 success 0.0 +/- 0.0
729999 eval steps mean 99.9 best 99 optimal 4
729999 eval return -14.084 +/- 0.004
time:  68.394 SPS: 179
734999 success 0.0 +/- 0.0
734999 eval steps mean 99.9 best 99 optimal 4
734999 eval return -14.08 +/- 0.0
time:  68.751 SPS: 179
739999 success 0.0 +/- 0.0
739999 eval steps mean 99.9 best 99 optimal 4
739999 eval return -14.08 +/- 0.0
time:  69.106 SPS: 179
744999 success 0.0 +/- 0.0
744999 eval steps mean 99.9 best 99 optimal 4
744999 eval return -14.08 +/- 0.0
time:  69.459 SPS: 179
749999 success 0.0 +/- 0.0
749999 eval steps mean 99.9 best 99 optimal 4
749999 eval return -13.84 +/- 0.226
time:  69.995 SPS: 179
754999 success 0.0 +/- 0.0
754999 eval steps mean 99.9 best 99 optimal 4
754999 eval return -4.61 +/- 0.007
760000
GOAL [10  4]
time:  70.356 SPS: 180
759999 success 0.9 +/- 0.1
759999 eval steps mean 20.0 best 10 optimal 6
759999 eval return 1.73 +/- 0.699
time:  70.702 SPS: 180
764999 success 1.0 +/- 0.0
764999 eval steps mean 11.3 best 10 optimal 6
764999 eval return 2.436 +/- 0.009
time:  71.049 SPS: 180
769999 success 1.0 +/- 0.0
769999 eval steps mean 10.9 best 10 optimal 6
769999 eval return 2.45 +/- 0.0
time:  71.394 SPS: 180
774999 success 1.0 +/- 0.0
774999 eval steps mean 10.9 best 10 optimal 6
774999 eval return 2.45 +/- 0.0
time:  71.735 SPS: 181
779999 success 1.0 +/- 0.0
779999 eval steps mean 10.9 best 10 optimal 6
779999 eval return 2.45 +/- 0.0
time:  72.079 SPS: 181
784999 success 1.0 +/- 0.0
784999 eval steps mean 10.9 best 10 optimal 6
784999 eval return 2.45 +/- 0.0
time:  72.539 SPS: 181
789999 success 1.0 +/- 0.0
789999 eval steps mean 10.9 best 10 optimal 6
789999 eval return 2.45 +/- 0.0
time:  72.882 SPS: 181
794999 success 1.0 +/- 0.0
794999 eval steps mean 10.9 best 10 optimal 6
794999 eval return 2.45 +/- 0.0
800000
GOAL [14  5]
time:  73.307 SPS: 181
799999 success 0.0 +/- 0.0
799999 eval steps mean 99.9 best 99 optimal 9
799999 eval return -8.672 +/- 0.06
done RL run. Time 73.48148361333297 min
