agent_dict keys dict_keys(['base_algorithm', 'learning_rate', 'num_envs', 'rollout_num_steps', 'gamma', 'gae_lambda', 'num_minibatches', 'update_epochs', 'minibatch_size', 'norm_adv', 'clip_coef', 'clip_vloss', 'ent_coef', 'vf_coef', 'max_grad_norm', 'rpo_alpha', 'parseval_reg', 'input_scale', 'learnable_input_scale', 'add_diag_layer', 'layer_norm', 'layer_norm_no_params', 'weight_decay', 'tuned_adam', 'perturb', 'perturb_dist', 'regen', 'regen_wasserstein', 'weight_init', 'net_width', 'net_activation', 'init_gain', 'parseval_norm', 'parseval_num_groups'])
env_dict keys dict_keys(['env', 'change_freq', 'seed', 'env_type'])
Start RL run!
{'base_algorithm': 'ppo_agent', 'learning_rate': 0.00025, 'num_envs': 1, 'rollout_num_steps': 128, 'gamma': 0.99, 'gae_lambda': 0.95, 'num_minibatches': 4, 'update_epochs': 4, 'minibatch_size': 32, 'norm_adv': True, 'clip_coef': 0.2, 'clip_vloss': True, 'ent_coef': 0.01, 'vf_coef': 0.5, 'max_grad_norm': 0.5, 'rpo_alpha': 0, 'parseval_reg': 0, 'input_scale': 1, 'learnable_input_scale': False, 'add_diag_layer': False, 'layer_norm': True, 'layer_norm_no_params': False, 'weight_decay': 0, 'tuned_adam': False, 'perturb': 0.0, 'perturb_dist': 'xavier', 'regen': 0.0, 'regen_wasserstein': False, 'weight_init': 'orthogonal', 'net_width': 64, 'net_activation': 'tanh', 'init_gain': None, 'parseval_norm': False, 'parseval_num_groups': 1, 'device': 'cpu'}
{'env': 'gridworld_ninerooms', 'change_freq': 40000, 'seed': 127, 'env_type': 'rl', 'local_run': False}
Running on gpu: False
Gridworld args () {'env': 'gridworld_ninerooms', 'change_freq': 40000, 'seed': 127, 'env_type': 'rl', 'local_run': False}
time:  0.059 SPS: 0
0 success 0.0 +/- 0.0
0 eval steps mean 99.9 best 99 optimal 7
0 eval return -16.058 +/- 0.383
time:  0.346 SPS: 240
4999 success 0.1 +/- 0.1
4999 eval steps mean 98.9 best 90 optimal 7
4999 eval return -13.575 +/- 1.03
time:  0.656 SPS: 254
9999 success 0.3 +/- 0.153
9999 eval steps mean 85.2 best 22 optimal 7
9999 eval return -6.457 +/- 1.364
time:  1.062 SPS: 235
14999 success 1.0 +/- 0.0
14999 eval steps mean 22.5 best 18 optimal 7
14999 eval return 1.153 +/- 0.105
time:  1.474 SPS: 226
19999 success 1.0 +/- 0.0
19999 eval steps mean 18.5 best 18 optimal 7
19999 eval return 1.427 +/- 0.029
time:  1.865 SPS: 223
24999 success 1.0 +/- 0.0
24999 eval steps mean 18.2 best 17 optimal 7
24999 eval return 1.46 +/- 0.009
time:  2.256 SPS: 221
29999 success 1.0 +/- 0.0
29999 eval steps mean 17.9 best 17 optimal 7
29999 eval return 1.47 +/- 0.0
time:  2.655 SPS: 219
34999 success 1.0 +/- 0.0
34999 eval steps mean 17.9 best 17 optimal 7
34999 eval return 1.47 +/- 0.0
40000
GOAL [9 3]
time:  3.067 SPS: 217
39999 success 0.0 +/- 0.0
39999 eval steps mean 99.9 best 99 optimal 6
39999 eval return -5.078 +/- 0.018
time:  3.472 SPS: 216
44999 success 0.0 +/- 0.0
44999 eval steps mean 99.9 best 99 optimal 6
44999 eval return -4.257 +/- 0.03
time:  3.876 SPS: 214
49999 success 0.0 +/- 0.0
49999 eval steps mean 99.9 best 99 optimal 6
49999 eval return -3.676 +/- 0.02
time:  4.29 SPS: 213
54999 success 0.0 +/- 0.0
54999 eval steps mean 99.9 best 99 optimal 6
54999 eval return -3.6 +/- 0.006
time:  4.713 SPS: 212
59999 success 0.0 +/- 0.0
59999 eval steps mean 99.9 best 99 optimal 6
59999 eval return -3.419 +/- 0.017
time:  5.14 SPS: 210
64999 success 0.0 +/- 0.0
64999 eval steps mean 99.9 best 99 optimal 6
64999 eval return -3.371 +/- 0.026
time:  5.565 SPS: 209
69999 success 0.0 +/- 0.0
69999 eval steps mean 99.9 best 99 optimal 6
69999 eval return -3.502 +/- 0.013
time:  5.983 SPS: 208
74999 success 0.0 +/- 0.0
74999 eval steps mean 99.9 best 99 optimal 6
74999 eval return -3.514 +/- 0.011
80000
GOAL [6 4]
time:  6.42 SPS: 207
79999 success 0.0 +/- 0.0
79999 eval steps mean 99.9 best 99 optimal 4
79999 eval return -7.383 +/- 0.015
time:  6.85 SPS: 206
84999 success 0.0 +/- 0.0
84999 eval steps mean 99.9 best 99 optimal 4
84999 eval return -7.242 +/- 0.053
time:  7.284 SPS: 205
89999 success 0.0 +/- 0.0
89999 eval steps mean 99.9 best 99 optimal 4
89999 eval return -7.268 +/- 0.007
time:  7.719 SPS: 205
94999 success 0.0 +/- 0.0
94999 eval steps mean 99.9 best 99 optimal 4
94999 eval return -8.32 +/- 1.082
time:  8.161 SPS: 204
99999 success 0.0 +/- 0.0
99999 eval steps mean 99.9 best 99 optimal 4
99999 eval return -7.627 +/- 0.028
time:  8.59 SPS: 203
104999 success 0.0 +/- 0.0
104999 eval steps mean 99.9 best 99 optimal 4
104999 eval return -7.517 +/- 0.029
time:  9.119 SPS: 201
109999 success 0.0 +/- 0.0
109999 eval steps mean 99.9 best 99 optimal 4
109999 eval return -7.359 +/- 0.025
time:  9.691 SPS: 197
114999 success 0.0 +/- 0.0
114999 eval steps mean 99.9 best 99 optimal 4
114999 eval return -7.268 +/- 0.04
120000
GOAL [13 13]
time:  10.394 SPS: 192
119999 success 0.0 +/- 0.0
119999 eval steps mean 99.9 best 99 optimal 12
119999 eval return -13.969 +/- 0.045
time:  10.775 SPS: 193
124999 success 0.0 +/- 0.0
124999 eval steps mean 99.9 best 99 optimal 12
124999 eval return -11.532 +/- 0.138
time:  11.252 SPS: 192
129999 success 0.0 +/- 0.0
129999 eval steps mean 99.9 best 99 optimal 12
129999 eval return -9.696 +/- 0.019
time:  11.612 SPS: 193
134999 success 0.0 +/- 0.0
134999 eval steps mean 99.9 best 99 optimal 12
134999 eval return -6.742 +/- 0.441
time:  11.939 SPS: 195
139999 success 0.0 +/- 0.0
139999 eval steps mean 99.9 best 99 optimal 12
139999 eval return -3.48 +/- 0.063
time:  12.273 SPS: 196
144999 success 1.0 +/- 0.0
144999 eval steps mean 14.4 best 12 optimal 12
144999 eval return 2.138 +/- 0.041
time:  12.605 SPS: 198
149999 success 1.0 +/- 0.0
149999 eval steps mean 12.9 best 12 optimal 12
149999 eval return 2.22 +/- 0.0
time:  12.937 SPS: 199
154999 success 1.0 +/- 0.0
154999 eval steps mean 12.9 best 12 optimal 12
154999 eval return 2.22 +/- 0.0
160000
GOAL [10  4]
time:  13.29 SPS: 200
159999 success 0.0 +/- 0.0
159999 eval steps mean 99.9 best 99 optimal 6
159999 eval return -12.21 +/- 0.144
time:  13.599 SPS: 202
164999 success 0.0 +/- 0.0
164999 eval steps mean 99.9 best 99 optimal 6
164999 eval return -9.753 +/- 0.292
time:  14.323 SPS: 197
169999 success 0.0 +/- 0.0
169999 eval steps mean 99.9 best 99 optimal 6
169999 eval return -7.482 +/- 0.005
time:  15.523 SPS: 187
174999 success 0.0 +/- 0.0
174999 eval steps mean 99.9 best 99 optimal 6
174999 eval return -7.072 +/- 0.01
time:  15.886 SPS: 188
179999 success 0.0 +/- 0.0
179999 eval steps mean 99.9 best 99 optimal 6
179999 eval return -5.691 +/- 0.319
time:  16.232 SPS: 189
184999 success 0.0 +/- 0.0
184999 eval steps mean 99.9 best 99 optimal 6
184999 eval return -3.122 +/- 0.1
time:  16.588 SPS: 190
189999 success 1.0 +/- 0.0
189999 eval steps mean 16.1 best 12 optimal 6
189999 eval return 2.242 +/- 0.051
time:  16.922 SPS: 192
194999 success 1.0 +/- 0.0
194999 eval steps mean 12.9 best 12 optimal 6
194999 eval return 2.4 +/- 0.0
200000
GOAL [12 14]
time:  17.262 SPS: 193
199999 success 0.0 +/- 0.0
199999 eval steps mean 99.9 best 99 optimal 12
199999 eval return -12.033 +/- 0.005
time:  17.619 SPS: 193
204999 success 0.0 +/- 0.0
204999 eval steps mean 99.9 best 99 optimal 12
204999 eval return -12.021 +/- 0.007
time:  18.408 SPS: 190
209999 success 0.0 +/- 0.0
209999 eval steps mean 99.9 best 99 optimal 12
209999 eval return -10.676 +/- 0.025
time:  19.122 SPS: 187
214999 success 0.0 +/- 0.0
214999 eval steps mean 99.9 best 99 optimal 12
214999 eval return -10.442 +/- 0.002
time:  19.951 SPS: 183
219999 success 0.0 +/- 0.0
219999 eval steps mean 99.9 best 99 optimal 12
219999 eval return -8.081 +/- 0.017
time:  20.331 SPS: 184
224999 success 0.0 +/- 0.0
224999 eval steps mean 99.9 best 99 optimal 12
224999 eval return -7.558 +/- 0.064
time:  20.685 SPS: 185
229999 success 0.0 +/- 0.0
229999 eval steps mean 99.9 best 99 optimal 12
229999 eval return -7.647 +/- 0.004
time:  21.067 SPS: 185
234999 success 0.0 +/- 0.0
234999 eval steps mean 99.9 best 99 optimal 12
234999 eval return -7.589 +/- 0.062
240000
GOAL [9 4]
time:  21.459 SPS: 186
239999 success 0.0 +/- 0.0
239999 eval steps mean 99.9 best 99 optimal 5
239999 eval return -12.946 +/- 0.003
time:  21.796 SPS: 187
244999 success 0.0 +/- 0.0
244999 eval steps mean 99.9 best 99 optimal 5
244999 eval return -12.942 +/- 0.003
time:  22.136 SPS: 188
249999 success 0.0 +/- 0.0
249999 eval steps mean 99.9 best 99 optimal 5
249999 eval return -12.933 +/- 0.008
time:  23.025 SPS: 184
254999 success 0.0 +/- 0.0
254999 eval steps mean 99.9 best 99 optimal 5
254999 eval return -12.525 +/- 0.041
time:  23.619 SPS: 183
259999 success 0.0 +/- 0.0
259999 eval steps mean 99.9 best 99 optimal 5
259999 eval return -6.334 +/- 0.026
time:  24.218 SPS: 182
264999 success 0.0 +/- 0.0
264999 eval steps mean 99.9 best 99 optimal 5
264999 eval return -5.718 +/- 0.037
time:  24.822 SPS: 181
269999 success 0.0 +/- 0.0
269999 eval steps mean 99.9 best 99 optimal 5
269999 eval return -5.466 +/- 0.012
time:  25.416 SPS: 180
274999 success 0.0 +/- 0.0
274999 eval steps mean 99.9 best 99 optimal 5
274999 eval return -4.624 +/- 0.035
280000
GOAL [6 2]
time:  26.031 SPS: 179
279999 success 0.0 +/- 0.0
279999 eval steps mean 99.9 best 99 optimal 6
279999 eval return -5.542 +/- 0.016
time:  26.69 SPS: 177
284999 success 0.0 +/- 0.0
284999 eval steps mean 99.9 best 99 optimal 6
284999 eval return -5.394 +/- 0.016
time:  27.414 SPS: 176
289999 success 0.0 +/- 0.0
289999 eval steps mean 99.9 best 99 optimal 6
289999 eval return -5.296 +/- 0.025
time:  28.024 SPS: 175
294999 success 0.0 +/- 0.0
294999 eval steps mean 99.9 best 99 optimal 6
294999 eval return -4.67 +/- 0.191
time:  28.96 SPS: 172
299999 success 0.1 +/- 0.1
299999 eval steps mean 91.4 best 15 optimal 6
299999 eval return -3.473 +/- 0.603
time:  29.301 SPS: 173
304999 success 0.6 +/- 0.163
304999 eval steps mean 53.4 best 15 optimal 6
304999 eval return -1.077 +/- 0.902
time:  29.672 SPS: 174
309999 success 1.0 +/- 0.0
309999 eval steps mean 16.3 best 14 optimal 6
309999 eval return 1.929 +/- 0.009
time:  30.236 SPS: 173
314999 success 1.0 +/- 0.0
314999 eval steps mean 15.1 best 14 optimal 6
314999 eval return 1.935 +/- 0.015
320000
GOAL [ 6 14]
time:  31.358 SPS: 170
319999 success 0.0 +/- 0.0
319999 eval steps mean 99.9 best 99 optimal 8
319999 eval return -21.123 +/- 0.25
time:  31.81 SPS: 170
324999 success 0.0 +/- 0.0
324999 eval steps mean 99.9 best 99 optimal 8
324999 eval return -16.371 +/- 0.158
time:  32.157 SPS: 171
329999 success 0.0 +/- 0.0
329999 eval steps mean 99.9 best 99 optimal 8
329999 eval return -13.202 +/- 0.016
time:  32.512 SPS: 171
334999 success 0.0 +/- 0.0
334999 eval steps mean 99.9 best 99 optimal 8
334999 eval return -12.666 +/- 0.016
time:  32.881 SPS: 172
339999 success 0.0 +/- 0.0
339999 eval steps mean 99.9 best 99 optimal 8
339999 eval return -12.646 +/- 0.003
time:  33.244 SPS: 172
344999 success 0.0 +/- 0.0
344999 eval steps mean 99.9 best 99 optimal 8
344999 eval return -12.667 +/- 0.027
time:  33.606 SPS: 173
349999 success 0.0 +/- 0.0
349999 eval steps mean 99.9 best 99 optimal 8
349999 eval return -12.638 +/- 0.02
time:  33.996 SPS: 174
354999 success 0.0 +/- 0.0
354999 eval steps mean 99.9 best 99 optimal 8
354999 eval return -12.582 +/- 0.006
360000
GOAL [10  6]
time:  34.357 SPS: 174
359999 success 0.0 +/- 0.0
359999 eval steps mean 99.9 best 99 optimal 4
359999 eval return -12.09 +/- 0.874
time:  34.67 SPS: 175
364999 success 0.0 +/- 0.0
364999 eval steps mean 99.9 best 99 optimal 4
364999 eval return -7.9 +/- 0.0
time:  35.474 SPS: 173
369999 success 0.0 +/- 0.0
369999 eval steps mean 99.9 best 99 optimal 4
369999 eval return -7.9 +/- 0.0
time:  36.014 SPS: 173
374999 success 1.0 +/- 0.0
374999 eval steps mean 4.9 best 4 optimal 4
374999 eval return 2.9 +/- 0.0
time:  36.346 SPS: 174
379999 success 1.0 +/- 0.0
379999 eval steps mean 4.9 best 4 optimal 4
379999 eval return 2.9 +/- 0.0
time:  36.749 SPS: 174
384999 success 1.0 +/- 0.0
384999 eval steps mean 4.9 best 4 optimal 4
384999 eval return 2.9 +/- 0.0
time:  37.081 SPS: 175
389999 success 1.0 +/- 0.0
389999 eval steps mean 4.9 best 4 optimal 4
389999 eval return 2.9 +/- 0.0
time:  37.412 SPS: 175
394999 success 1.0 +/- 0.0
394999 eval steps mean 4.9 best 4 optimal 4
394999 eval return 2.9 +/- 0.0
400000
GOAL [12  6]
time:  37.76 SPS: 176
399999 success 1.0 +/- 0.0
399999 eval steps mean 6.9 best 6 optimal 6
399999 eval return 2.79 +/- 0.0
time:  38.089 SPS: 177
404999 success 1.0 +/- 0.0
404999 eval steps mean 6.9 best 6 optimal 6
404999 eval return 2.79 +/- 0.0
time:  38.423 SPS: 177
409999 success 1.0 +/- 0.0
409999 eval steps mean 6.9 best 6 optimal 6
409999 eval return 2.79 +/- 0.0
time:  38.801 SPS: 178
414999 success 1.0 +/- 0.0
414999 eval steps mean 6.9 best 6 optimal 6
414999 eval return 2.79 +/- 0.0
time:  39.148 SPS: 178
419999 success 1.0 +/- 0.0
419999 eval steps mean 6.9 best 6 optimal 6
419999 eval return 2.79 +/- 0.0
time:  39.496 SPS: 179
424999 success 1.0 +/- 0.0
424999 eval steps mean 6.9 best 6 optimal 6
424999 eval return 2.79 +/- 0.0
time:  40.007 SPS: 179
429999 success 1.0 +/- 0.0
429999 eval steps mean 6.9 best 6 optimal 6
429999 eval return 2.79 +/- 0.0
time:  40.665 SPS: 178
434999 success 1.0 +/- 0.0
434999 eval steps mean 6.9 best 6 optimal 6
434999 eval return 2.79 +/- 0.0
440000
GOAL [13  5]
time:  41.386 SPS: 177
439999 success 0.0 +/- 0.0
439999 eval steps mean 99.9 best 99 optimal 8
439999 eval return -2.071 +/- 0.169
time:  41.751 SPS: 177
444999 success 0.0 +/- 0.0
444999 eval steps mean 99.9 best 99 optimal 8
444999 eval return -1.784 +/- 0.01
time:  42.756 SPS: 175
449999 success 0.2 +/- 0.133
449999 eval steps mean 91.5 best 49 optimal 8
449999 eval return -1.15 +/- 0.511
time:  43.756 SPS: 173
454999 success 1.0 +/- 0.0
454999 eval steps mean 8.9 best 8 optimal 8
454999 eval return 2.64 +/- 0.0
time:  44.493 SPS: 172
459999 success 1.0 +/- 0.0
459999 eval steps mean 8.9 best 8 optimal 8
459999 eval return 2.64 +/- 0.0
time:  45.254 SPS: 171
464999 success 1.0 +/- 0.0
464999 eval steps mean 8.9 best 8 optimal 8
464999 eval return 2.64 +/- 0.0
time:  45.823 SPS: 170
469999 success 1.0 +/- 0.0
469999 eval steps mean 8.9 best 8 optimal 8
469999 eval return 2.64 +/- 0.0
time:  46.504 SPS: 170
474999 success 1.0 +/- 0.0
474999 eval steps mean 8.9 best 8 optimal 8
474999 eval return 2.64 +/- 0.0
480000
GOAL [14 13]
time:  46.998 SPS: 170
479999 success 0.0 +/- 0.0
479999 eval steps mean 99.9 best 99 optimal 13
479999 eval return -10.224 +/- 0.253
time:  47.339 SPS: 170
484999 success 0.0 +/- 0.0
484999 eval steps mean 99.9 best 99 optimal 13
484999 eval return -9.778 +/- 0.013
time:  47.949 SPS: 170
489999 success 0.4 +/- 0.163
489999 eval steps mean 73.7 best 18 optimal 13
489999 eval return -1.134 +/- 0.541
time:  48.586 SPS: 169
494999 success 1.0 +/- 0.0
494999 eval steps mean 13.9 best 13 optimal 13
494999 eval return 2.09 +/- 0.0
time:  48.92 SPS: 170
499999 success 1.0 +/- 0.0
499999 eval steps mean 14.0 best 13 optimal 13
499999 eval return 2.089 +/- 0.001
time:  49.523 SPS: 169
504999 success 1.0 +/- 0.0
504999 eval steps mean 13.9 best 13 optimal 13
504999 eval return 2.09 +/- 0.0
time:  50.072 SPS: 169
509999 success 1.0 +/- 0.0
509999 eval steps mean 13.9 best 13 optimal 13
509999 eval return 2.09 +/- 0.0
time:  50.402 SPS: 170
514999 success 1.0 +/- 0.0
514999 eval steps mean 13.9 best 13 optimal 13
514999 eval return 2.09 +/- 0.0
520000
GOAL [8 2]
time:  50.746 SPS: 170
519999 success 0.0 +/- 0.0
519999 eval steps mean 99.9 best 99 optimal 6
519999 eval return -17.329 +/- 0.001
time:  51.043 SPS: 171
524999 success 0.0 +/- 0.0
524999 eval steps mean 99.9 best 99 optimal 6
524999 eval return -16.022 +/- 0.222
time:  51.344 SPS: 172
529999 success 0.0 +/- 0.0
529999 eval steps mean 99.9 best 99 optimal 6
529999 eval return -15.694 +/- 0.105
time:  52.086 SPS: 171
534999 success 0.0 +/- 0.0
534999 eval steps mean 99.9 best 99 optimal 6
534999 eval return -15.589 +/- 0.001
time:  52.611 SPS: 171
539999 success 0.0 +/- 0.0
539999 eval steps mean 99.9 best 99 optimal 6
539999 eval return -15.601 +/- 0.012
time:  53.457 SPS: 169
544999 success 0.0 +/- 0.0
544999 eval steps mean 99.9 best 99 optimal 6
544999 eval return -15.591 +/- 0.001
time:  53.841 SPS: 170
549999 success 0.0 +/- 0.0
549999 eval steps mean 99.9 best 99 optimal 6
549999 eval return -10.466 +/- 0.43
time:  54.625 SPS: 169
554999 success 0.0 +/- 0.0
554999 eval steps mean 99.9 best 99 optimal 6
554999 eval return -7.766 +/- 0.007
560000
GOAL [ 9 14]
time:  55.061 SPS: 169
559999 success 0.0 +/- 0.0
559999 eval steps mean 99.9 best 99 optimal 9
559999 eval return -11.586 +/- 0.249
time:  55.439 SPS: 169
564999 success 0.0 +/- 0.0
564999 eval steps mean 99.9 best 99 optimal 9
564999 eval return -11.6 +/- 0.0
time:  55.893 SPS: 169
569999 success 0.0 +/- 0.0
569999 eval steps mean 99.9 best 99 optimal 9
569999 eval return -11.602 +/- 0.002
time:  56.776 SPS: 168
574999 success 0.0 +/- 0.0
574999 eval steps mean 99.9 best 99 optimal 9
574999 eval return -11.6 +/- 0.0
time:  57.143 SPS: 169
579999 success 0.0 +/- 0.0
579999 eval steps mean 99.9 best 99 optimal 9
579999 eval return -11.6 +/- 0.0
time:  57.51 SPS: 169
584999 success 0.0 +/- 0.0
584999 eval steps mean 99.9 best 99 optimal 9
584999 eval return -7.354 +/- 0.036
time:  57.863 SPS: 169
589999 success 0.0 +/- 0.0
589999 eval steps mean 99.9 best 99 optimal 9
589999 eval return -7.278 +/- 0.118
time:  58.222 SPS: 170
594999 success 0.0 +/- 0.0
594999 eval steps mean 99.9 best 99 optimal 9
594999 eval return -7.04 +/- 0.014
600000
GOAL [13 12]
time:  58.586 SPS: 170
599999 success 0.0 +/- 0.0
599999 eval steps mean 99.9 best 99 optimal 11
599999 eval return -3.026 +/- 0.004
time:  58.946 SPS: 171
604999 success 1.0 +/- 0.0
604999 eval steps mean 11.9 best 11 optimal 11
604999 eval return 2.34 +/- 0.0
time:  59.291 SPS: 171
609999 success 1.0 +/- 0.0
609999 eval steps mean 11.9 best 11 optimal 11
609999 eval return 2.34 +/- 0.0
time:  59.633 SPS: 171
614999 success 1.0 +/- 0.0
614999 eval steps mean 11.9 best 11 optimal 11
614999 eval return 2.34 +/- 0.0
time:  59.969 SPS: 172
619999 success 1.0 +/- 0.0
619999 eval steps mean 11.9 best 11 optimal 11
619999 eval return 2.34 +/- 0.0
time:  60.31 SPS: 172
624999 success 1.0 +/- 0.0
624999 eval steps mean 11.9 best 11 optimal 11
624999 eval return 2.34 +/- 0.0
time:  60.648 SPS: 173
629999 success 1.0 +/- 0.0
629999 eval steps mean 11.9 best 11 optimal 11
629999 eval return 2.34 +/- 0.0
time:  61.115 SPS: 173
634999 success 1.0 +/- 0.0
634999 eval steps mean 12.1 best 11 optimal 11
634999 eval return 2.319 +/- 0.021
640000
GOAL [12  7]
time:  61.52 SPS: 173
639999 success 0.0 +/- 0.0
639999 eval steps mean 99.9 best 99 optimal 5
639999 eval return -6.284 +/- 0.124
time:  61.923 SPS: 173
644999 success 0.0 +/- 0.0
644999 eval steps mean 99.9 best 99 optimal 5
644999 eval return -1.856 +/- 0.017
time:  62.531 SPS: 173
649999 success 0.0 +/- 0.0
649999 eval steps mean 99.9 best 99 optimal 5
649999 eval return -1.651 +/- 0.005
time:  63.139 SPS: 172
654999 success 1.0 +/- 0.0
654999 eval steps mean 10.1 best 9 optimal 5
654999 eval return 2.727 +/- 0.003
time:  63.794 SPS: 172
659999 success 1.0 +/- 0.0
659999 eval steps mean 9.9 best 9 optimal 5
659999 eval return 2.73 +/- 0.0
time:  64.213 SPS: 172
664999 success 1.0 +/- 0.0
664999 eval steps mean 5.9 best 5 optimal 5
664999 eval return 2.85 +/- 0.0
time:  64.841 SPS: 172
669999 success 1.0 +/- 0.0
669999 eval steps mean 5.9 best 5 optimal 5
669999 eval return 2.85 +/- 0.0
time:  65.293 SPS: 172
674999 success 1.0 +/- 0.0
674999 eval steps mean 5.9 best 5 optimal 5
674999 eval return 2.85 +/- 0.0
680000
GOAL [13 11]
time:  65.654 SPS: 172
679999 success 0.0 +/- 0.0
679999 eval steps mean 99.9 best 99 optimal 10
679999 eval return -5.686 +/- 0.009
time:  66.026 SPS: 172
684999 success 0.0 +/- 0.0
684999 eval steps mean 99.9 best 99 optimal 10
684999 eval return -5.64 +/- 0.0
time:  66.39 SPS: 173
689999 success 0.0 +/- 0.0
689999 eval steps mean 99.9 best 99 optimal 10
689999 eval return -5.482 +/- 0.029
time:  66.743 SPS: 173
694999 success 0.0 +/- 0.0
694999 eval steps mean 99.9 best 99 optimal 10
694999 eval return -4.243 +/- 0.002
time:  67.094 SPS: 173
699999 success 0.0 +/- 0.0
699999 eval steps mean 99.9 best 99 optimal 10
699999 eval return -3.79 +/- 0.023
time:  67.457 SPS: 174
704999 success 0.1 +/- 0.1
704999 eval steps mean 99.0 best 91 optimal 10
704999 eval return -3.401 +/- 0.339
time:  67.82 SPS: 174
709999 success 1.0 +/- 0.0
709999 eval steps mean 12.2 best 10 optimal 10
709999 eval return 2.411 +/- 0.011
time:  68.261 SPS: 174
714999 success 1.0 +/- 0.0
714999 eval steps mean 10.9 best 10 optimal 10
714999 eval return 2.45 +/- 0.0
720000
GOAL [ 5 12]
time:  68.634 SPS: 174
719999 success 0.0 +/- 0.0
719999 eval steps mean 99.9 best 99 optimal 7
719999 eval return -8.882 +/- 0.022
time:  69.316 SPS: 174
724999 success 0.0 +/- 0.0
724999 eval steps mean 99.9 best 99 optimal 7
724999 eval return -8.846 +/- 0.004
time:  69.769 SPS: 174
729999 success 0.0 +/- 0.0
729999 eval steps mean 99.9 best 99 optimal 7
729999 eval return -9.972 +/- 0.788
time:  70.398 SPS: 174
734999 success 0.0 +/- 0.0
734999 eval steps mean 99.9 best 99 optimal 7
734999 eval return -8.89 +/- 0.05
time:  71.014 SPS: 173
739999 success 0.0 +/- 0.0
739999 eval steps mean 99.9 best 99 optimal 7
739999 eval return -8.84 +/- 0.0
time:  71.538 SPS: 173
744999 success 0.0 +/- 0.0
744999 eval steps mean 99.9 best 99 optimal 7
744999 eval return -8.832 +/- 0.003
time:  71.914 SPS: 173
749999 success 0.0 +/- 0.0
749999 eval steps mean 99.9 best 99 optimal 7
749999 eval return -8.82 +/- 0.0
time:  72.479 SPS: 173
754999 success 0.0 +/- 0.0
754999 eval steps mean 99.9 best 99 optimal 7
754999 eval return -8.82 +/- 0.0
760000
GOAL [8 3]
time:  73.036 SPS: 173
759999 success 0.0 +/- 0.0
759999 eval steps mean 99.9 best 99 optimal 5
759999 eval return -16.224 +/- 0.093
time:  73.503 SPS: 173
764999 success 0.0 +/- 0.0
764999 eval steps mean 99.9 best 99 optimal 5
764999 eval return -12.94 +/- 0.0
time:  73.871 SPS: 173
769999 success 0.0 +/- 0.0
769999 eval steps mean 99.9 best 99 optimal 5
769999 eval return -12.016 +/- 0.002
time:  74.213 SPS: 174
774999 success 0.0 +/- 0.0
774999 eval steps mean 99.9 best 99 optimal 5
774999 eval return -11.807 +/- 0.075
time:  74.586 SPS: 174
779999 success 0.0 +/- 0.0
779999 eval steps mean 99.9 best 99 optimal 5
779999 eval return -10.626 +/- 0.003
time:  74.964 SPS: 174
784999 success 0.0 +/- 0.0
784999 eval steps mean 99.9 best 99 optimal 5
784999 eval return -10.624 +/- 0.003
time:  75.342 SPS: 174
789999 success 0.0 +/- 0.0
789999 eval steps mean 99.9 best 99 optimal 5
789999 eval return -10.656 +/- 0.016
time:  75.708 SPS: 175
794999 success 0.0 +/- 0.0
794999 eval steps mean 99.9 best 99 optimal 5
794999 eval return -10.656 +/- 0.016
800000
GOAL [11 14]
time:  76.081 SPS: 175
799999 success 0.0 +/- 0.0
799999 eval steps mean 99.9 best 99 optimal 11
799999 eval return -8.62 +/- 0.0
done RL run. Time 76.20693693666739 min
