agent_dict keys dict_keys(['base_algorithm', 'learning_rate', 'num_envs', 'rollout_num_steps', 'gamma', 'gae_lambda', 'num_minibatches', 'update_epochs', 'minibatch_size', 'norm_adv', 'clip_coef', 'clip_vloss', 'ent_coef', 'vf_coef', 'max_grad_norm', 'rpo_alpha', 'parseval_reg', 'input_scale', 'learnable_input_scale', 'add_diag_layer', 'layer_norm', 'layer_norm_no_params', 'weight_decay', 'tuned_adam', 'perturb', 'perturb_dist', 'regen', 'regen_wasserstein', 'weight_init', 'net_width', 'net_activation', 'init_gain', 'parseval_norm', 'parseval_num_groups'])
env_dict keys dict_keys(['env', 'change_freq', 'seed', 'env_type'])
Start RL run!
{'base_algorithm': 'ppo_agent', 'learning_rate': 0.00025, 'num_envs': 1, 'rollout_num_steps': 128, 'gamma': 0.99, 'gae_lambda': 0.95, 'num_minibatches': 4, 'update_epochs': 4, 'minibatch_size': 32, 'norm_adv': True, 'clip_coef': 0.2, 'clip_vloss': True, 'ent_coef': 0.01, 'vf_coef': 0.5, 'max_grad_norm': 0.5, 'rpo_alpha': 0, 'parseval_reg': 0.001, 'input_scale': 1, 'learnable_input_scale': False, 'add_diag_layer': False, 'layer_norm': False, 'layer_norm_no_params': False, 'weight_decay': 0, 'tuned_adam': False, 'perturb': 0.0, 'perturb_dist': 'xavier', 'regen': 0.0, 'regen_wasserstein': False, 'weight_init': 'orthogonal', 'net_width': 64, 'net_activation': 'tanh', 'init_gain': None, 'parseval_norm': False, 'parseval_num_groups': 64, 'device': 'cpu'}
{'env': 'gridworld_ninerooms', 'change_freq': 40000, 'seed': 128, 'env_type': 'rl', 'local_run': False}
Running on gpu: False
Gridworld args () {'env': 'gridworld_ninerooms', 'change_freq': 40000, 'seed': 128, 'env_type': 'rl', 'local_run': False}
time:  0.057 SPS: 0
0 success 0.1 +/- 0.1
0 eval steps mean 92.9 best 30 optimal 5
0 eval return -5.544 +/- 0.895
time:  0.441 SPS: 188
4999 success 0.9 +/- 0.1
4999 eval steps mean 50.3 best 8 optimal 5
4999 eval return -0.158 +/- 1.11
time:  0.78 SPS: 213
9999 success 1.0 +/- 0.0
9999 eval steps mean 6.1 best 5 optimal 5
9999 eval return 2.839 +/- 0.011
time:  1.177 SPS: 212
14999 success 1.0 +/- 0.0
14999 eval steps mean 5.9 best 5 optimal 5
14999 eval return 2.85 +/- 0.0
time:  1.578 SPS: 211
19999 success 1.0 +/- 0.0
19999 eval steps mean 6.1 best 5 optimal 5
19999 eval return 2.839 +/- 0.011
time:  1.964 SPS: 212
24999 success 1.0 +/- 0.0
24999 eval steps mean 5.9 best 5 optimal 5
24999 eval return 2.85 +/- 0.0
time:  2.351 SPS: 212
29999 success 1.0 +/- 0.0
29999 eval steps mean 5.9 best 5 optimal 5
29999 eval return 2.85 +/- 0.0
time:  2.746 SPS: 212
34999 success 1.0 +/- 0.0
34999 eval steps mean 6.1 best 5 optimal 5
34999 eval return 2.847 +/- 0.003
40000
GOAL [11  7]
time:  3.15 SPS: 211
39999 success 0.0 +/- 0.0
39999 eval steps mean 99.9 best 99 optimal 4
39999 eval return -2.548 +/- 0.022
time:  3.563 SPS: 210
44999 success 1.0 +/- 0.0
44999 eval steps mean 9.8 best 9 optimal 4
44999 eval return 2.801 +/- 0.008
time:  3.954 SPS: 210
49999 success 1.0 +/- 0.0
49999 eval steps mean 8.9 best 8 optimal 4
49999 eval return 2.82 +/- 0.0
time:  4.354 SPS: 210
54999 success 1.0 +/- 0.0
54999 eval steps mean 9.1 best 8 optimal 4
54999 eval return 2.817 +/- 0.003
time:  4.746 SPS: 210
59999 success 1.0 +/- 0.0
59999 eval steps mean 8.9 best 8 optimal 4
59999 eval return 2.82 +/- 0.0
time:  5.144 SPS: 210
64999 success 1.0 +/- 0.0
64999 eval steps mean 8.9 best 8 optimal 4
64999 eval return 2.82 +/- 0.0
time:  5.541 SPS: 210
69999 success 1.0 +/- 0.0
69999 eval steps mean 8.9 best 8 optimal 4
69999 eval return 2.82 +/- 0.0
time:  5.937 SPS: 210
74999 success 1.0 +/- 0.0
74999 eval steps mean 8.9 best 8 optimal 4
74999 eval return 2.82 +/- 0.0
80000
GOAL [13  6]
time:  6.345 SPS: 210
79999 success 0.6 +/- 0.163
79999 eval steps mean 77.4 best 40 optimal 7
79999 eval return -1.066 +/- 0.903
time:  6.753 SPS: 209
84999 success 1.0 +/- 0.0
84999 eval steps mean 14.3 best 13 optimal 7
84999 eval return 2.461 +/- 0.008
time:  7.151 SPS: 209
89999 success 1.0 +/- 0.0
89999 eval steps mean 14.1 best 14 optimal 7
89999 eval return 2.467 +/- 0.003
time:  7.555 SPS: 209
94999 success 1.0 +/- 0.0
94999 eval steps mean 13.9 best 13 optimal 7
94999 eval return 2.47 +/- 0.0
time:  7.962 SPS: 209
99999 success 1.0 +/- 0.0
99999 eval steps mean 13.9 best 13 optimal 7
99999 eval return 2.47 +/- 0.0
time:  8.356 SPS: 209
104999 success 1.0 +/- 0.0
104999 eval steps mean 13.9 best 13 optimal 7
104999 eval return 2.47 +/- 0.0
time:  8.755 SPS: 209
109999 success 1.0 +/- 0.0
109999 eval steps mean 13.9 best 13 optimal 7
109999 eval return 2.47 +/- 0.0
time:  9.153 SPS: 209
114999 success 1.0 +/- 0.0
114999 eval steps mean 13.9 best 13 optimal 7
114999 eval return 2.47 +/- 0.0
120000
GOAL [7 1]
time:  9.698 SPS: 206
119999 success 0.0 +/- 0.0
119999 eval steps mean 99.9 best 99 optimal 6
119999 eval return -11.654 +/- 0.013
time:  10.058 SPS: 207
124999 success 0.0 +/- 0.0
124999 eval steps mean 99.9 best 99 optimal 6
124999 eval return -10.925 +/- 0.052
time:  10.85 SPS: 199
129999 success 0.0 +/- 0.0
129999 eval steps mean 99.9 best 99 optimal 6
129999 eval return -9.978 +/- 0.013
time:  11.217 SPS: 200
134999 success 0.0 +/- 0.0
134999 eval steps mean 99.9 best 99 optimal 6
134999 eval return -10.006 +/- 0.019
time:  11.613 SPS: 200
139999 success 0.0 +/- 0.0
139999 eval steps mean 99.9 best 99 optimal 6
139999 eval return -10.313 +/- 0.035
time:  11.973 SPS: 201
144999 success 0.0 +/- 0.0
144999 eval steps mean 99.9 best 99 optimal 6
144999 eval return -9.932 +/- 0.045
time:  12.338 SPS: 202
149999 success 0.0 +/- 0.0
149999 eval steps mean 99.9 best 99 optimal 6
149999 eval return -9.94 +/- 0.005
time:  12.795 SPS: 201
154999 success 0.0 +/- 0.0
154999 eval steps mean 99.9 best 99 optimal 6
154999 eval return -10.064 +/- 0.057
160000
GOAL [13  7]
time:  13.39 SPS: 199
159999 success 0.0 +/- 0.0
159999 eval steps mean 99.9 best 99 optimal 6
159999 eval return -3.917 +/- 0.525
time:  14.017 SPS: 196
164999 success 0.0 +/- 0.0
164999 eval steps mean 99.9 best 99 optimal 6
164999 eval return -2.782 +/- 0.083
time:  14.378 SPS: 197
169999 success 0.0 +/- 0.0
169999 eval steps mean 99.9 best 99 optimal 6
169999 eval return -2.663 +/- 0.002
time:  14.736 SPS: 197
174999 success 0.0 +/- 0.0
174999 eval steps mean 99.9 best 99 optimal 6
174999 eval return -2.668 +/- 0.004
time:  15.126 SPS: 198
179999 success 0.0 +/- 0.0
179999 eval steps mean 99.9 best 99 optimal 6
179999 eval return -2.67 +/- 0.003
time:  15.605 SPS: 197
184999 success 0.0 +/- 0.0
184999 eval steps mean 99.9 best 99 optimal 6
184999 eval return -2.758 +/- 0.009
time:  16.236 SPS: 195
189999 success 0.0 +/- 0.0
189999 eval steps mean 99.9 best 99 optimal 6
189999 eval return -2.662 +/- 0.002
time:  16.881 SPS: 192
194999 success 0.0 +/- 0.0
194999 eval steps mean 99.9 best 99 optimal 6
194999 eval return -2.65 +/- 0.002
200000
GOAL [14  6]
time:  17.465 SPS: 190
199999 success 0.1 +/- 0.1
199999 eval steps mean 95.9 best 60 optimal 8
199999 eval return -2.083 +/- 0.383
time:  18.362 SPS: 186
204999 success 1.0 +/- 0.0
204999 eval steps mean 14.9 best 14 optimal 8
204999 eval return 2.33 +/- 0.0
time:  18.896 SPS: 185
209999 success 1.0 +/- 0.0
209999 eval steps mean 14.9 best 14 optimal 8
209999 eval return 2.33 +/- 0.0
time:  19.434 SPS: 184
214999 success 1.0 +/- 0.0
214999 eval steps mean 15.0 best 14 optimal 8
214999 eval return 2.324 +/- 0.006
time:  19.891 SPS: 184
219999 success 1.0 +/- 0.0
219999 eval steps mean 14.9 best 14 optimal 8
219999 eval return 2.33 +/- 0.0
time:  20.23 SPS: 185
224999 success 1.0 +/- 0.0
224999 eval steps mean 14.9 best 14 optimal 8
224999 eval return 2.33 +/- 0.0
time:  20.572 SPS: 186
229999 success 1.0 +/- 0.0
229999 eval steps mean 14.9 best 14 optimal 8
229999 eval return 2.33 +/- 0.0
time:  20.913 SPS: 187
234999 success 1.0 +/- 0.0
234999 eval steps mean 14.9 best 14 optimal 8
234999 eval return 2.33 +/- 0.0
240000
GOAL [11  5]
time:  21.287 SPS: 187
239999 success 1.0 +/- 0.0
239999 eval steps mean 10.9 best 10 optimal 6
239999 eval return 2.63 +/- 0.0
time:  21.623 SPS: 188
244999 success 1.0 +/- 0.0
244999 eval steps mean 10.9 best 10 optimal 6
244999 eval return 2.63 +/- 0.0
time:  22.041 SPS: 189
249999 success 1.0 +/- 0.0
249999 eval steps mean 10.9 best 10 optimal 6
249999 eval return 2.63 +/- 0.0
time:  22.582 SPS: 188
254999 success 1.0 +/- 0.0
254999 eval steps mean 10.9 best 10 optimal 6
254999 eval return 2.63 +/- 0.0
time:  23.113 SPS: 187
259999 success 1.0 +/- 0.0
259999 eval steps mean 10.9 best 10 optimal 6
259999 eval return 2.63 +/- 0.0
time:  23.545 SPS: 187
264999 success 1.0 +/- 0.0
264999 eval steps mean 10.9 best 10 optimal 6
264999 eval return 2.63 +/- 0.0
time:  23.886 SPS: 188
269999 success 1.0 +/- 0.0
269999 eval steps mean 10.9 best 10 optimal 6
269999 eval return 2.63 +/- 0.0
time:  24.231 SPS: 189
274999 success 1.0 +/- 0.0
274999 eval steps mean 10.9 best 10 optimal 6
274999 eval return 2.63 +/- 0.0
280000
GOAL [ 5 12]
time:  24.582 SPS: 189
279999 success 0.0 +/- 0.0
279999 eval steps mean 99.9 best 99 optimal 7
279999 eval return -15.225 +/- 0.005
time:  25.338 SPS: 187
284999 success 0.0 +/- 0.0
284999 eval steps mean 99.9 best 99 optimal 7
284999 eval return -15.288 +/- 0.362
time:  26.047 SPS: 185
289999 success 0.0 +/- 0.0
289999 eval steps mean 99.9 best 99 optimal 7
289999 eval return -11.245 +/- 0.007
time:  26.916 SPS: 182
294999 success 0.0 +/- 0.0
294999 eval steps mean 99.9 best 99 optimal 7
294999 eval return -11.174 +/- 0.004
time:  27.546 SPS: 181
299999 success 0.0 +/- 0.0
299999 eval steps mean 99.9 best 99 optimal 7
299999 eval return -11.165 +/- 0.005
time:  27.888 SPS: 182
304999 success 0.0 +/- 0.0
304999 eval steps mean 99.9 best 99 optimal 7
304999 eval return -11.172 +/- 0.004
time:  28.232 SPS: 183
309999 success 0.0 +/- 0.0
309999 eval steps mean 99.9 best 99 optimal 7
309999 eval return -11.178 +/- 0.003
time:  28.576 SPS: 183
314999 success 0.0 +/- 0.0
314999 eval steps mean 99.9 best 99 optimal 7
314999 eval return -11.199 +/- 0.005
320000
GOAL [ 7 10]
time:  28.932 SPS: 184
319999 success 0.0 +/- 0.0
319999 eval steps mean 99.9 best 99 optimal 3
319999 eval return -11.258 +/- 0.006
time:  29.272 SPS: 185
324999 success 0.0 +/- 0.0
324999 eval steps mean 99.9 best 99 optimal 3
324999 eval return -11.216 +/- 0.002
time:  29.615 SPS: 185
329999 success 0.0 +/- 0.0
329999 eval steps mean 99.9 best 99 optimal 3
329999 eval return -11.224 +/- 0.003
time:  29.963 SPS: 186
334999 success 0.0 +/- 0.0
334999 eval steps mean 99.9 best 99 optimal 3
334999 eval return -11.271 +/- 0.006
time:  30.306 SPS: 186
339999 success 0.0 +/- 0.0
339999 eval steps mean 99.9 best 99 optimal 3
339999 eval return -11.222 +/- 0.003
time:  30.645 SPS: 187
344999 success 0.0 +/- 0.0
344999 eval steps mean 99.9 best 99 optimal 3
344999 eval return -11.213 +/- 0.003
time:  30.983 SPS: 188
349999 success 0.0 +/- 0.0
349999 eval steps mean 99.9 best 99 optimal 3
349999 eval return -11.211 +/- 0.001
time:  31.323 SPS: 188
354999 success 0.0 +/- 0.0
354999 eval steps mean 99.9 best 99 optimal 3
354999 eval return -11.21 +/- 0.0
360000
GOAL [6 1]
time:  31.768 SPS: 188
359999 success 0.0 +/- 0.0
359999 eval steps mean 99.9 best 99 optimal 7
359999 eval return -15.01 +/- 0.0
time:  32.326 SPS: 188
364999 success 0.0 +/- 0.0
364999 eval steps mean 99.9 best 99 optimal 7
364999 eval return -14.52 +/- 0.0
time:  32.787 SPS: 188
369999 success 0.0 +/- 0.0
369999 eval steps mean 99.9 best 99 optimal 7
369999 eval return -14.52 +/- 0.0
time:  33.157 SPS: 188
374999 success 0.0 +/- 0.0
374999 eval steps mean 99.9 best 99 optimal 7
374999 eval return -14.52 +/- 0.0
time:  33.518 SPS: 188
379999 success 0.0 +/- 0.0
379999 eval steps mean 99.9 best 99 optimal 7
379999 eval return -14.532 +/- 0.012
time:  33.882 SPS: 189
384999 success 0.0 +/- 0.0
384999 eval steps mean 99.9 best 99 optimal 7
384999 eval return -14.52 +/- 0.0
time:  34.244 SPS: 189
389999 success 0.0 +/- 0.0
389999 eval steps mean 99.9 best 99 optimal 7
389999 eval return -14.52 +/- 0.0
time:  34.605 SPS: 190
394999 success 0.0 +/- 0.0
394999 eval steps mean 99.9 best 99 optimal 7
394999 eval return -14.52 +/- 0.0
400000
GOAL [10  3]
time:  34.974 SPS: 190
399999 success 0.0 +/- 0.0
399999 eval steps mean 99.9 best 99 optimal 7
399999 eval return -8.54 +/- 0.0
time:  35.336 SPS: 191
404999 success 0.0 +/- 0.0
404999 eval steps mean 99.9 best 99 optimal 7
404999 eval return -8.54 +/- 0.0
time:  35.696 SPS: 191
409999 success 0.0 +/- 0.0
409999 eval steps mean 99.9 best 99 optimal 7
409999 eval return -8.54 +/- 0.0
time:  36.054 SPS: 191
414999 success 0.0 +/- 0.0
414999 eval steps mean 99.9 best 99 optimal 7
414999 eval return -8.54 +/- 0.0
time:  36.549 SPS: 191
419999 success 0.0 +/- 0.0
419999 eval steps mean 99.9 best 99 optimal 7
419999 eval return -8.54 +/- 0.0
time:  36.904 SPS: 191
424999 success 0.0 +/- 0.0
424999 eval steps mean 99.9 best 99 optimal 7
424999 eval return -8.54 +/- 0.0
time:  37.267 SPS: 192
429999 success 0.0 +/- 0.0
429999 eval steps mean 99.9 best 99 optimal 7
429999 eval return -8.54 +/- 0.0
time:  37.627 SPS: 192
434999 success 0.0 +/- 0.0
434999 eval steps mean 99.9 best 99 optimal 7
434999 eval return -8.54 +/- 0.0
440000
GOAL [ 9 14]
time:  38.005 SPS: 192
439999 success 0.0 +/- 0.0
439999 eval steps mean 99.9 best 99 optimal 9
439999 eval return -12.54 +/- 0.0
time:  38.7 SPS: 191
444999 success 0.0 +/- 0.0
444999 eval steps mean 99.9 best 99 optimal 9
444999 eval return -12.54 +/- 0.0
time:  39.093 SPS: 191
449999 success 0.0 +/- 0.0
449999 eval steps mean 99.9 best 99 optimal 9
449999 eval return -12.54 +/- 0.0
time:  39.463 SPS: 192
454999 success 0.0 +/- 0.0
454999 eval steps mean 99.9 best 99 optimal 9
454999 eval return -12.54 +/- 0.0
time:  39.833 SPS: 192
459999 success 0.0 +/- 0.0
459999 eval steps mean 99.9 best 99 optimal 9
459999 eval return -12.54 +/- 0.0
time:  40.284 SPS: 192
464999 success 0.0 +/- 0.0
464999 eval steps mean 99.9 best 99 optimal 9
464999 eval return -8.263 +/- 0.073
time:  40.828 SPS: 191
469999 success 0.0 +/- 0.0
469999 eval steps mean 99.9 best 99 optimal 9
469999 eval return -6.012 +/- 0.031
time:  41.283 SPS: 191
474999 success 0.0 +/- 0.0
474999 eval steps mean 99.9 best 99 optimal 9
474999 eval return -5.83 +/- 0.013
480000
GOAL [6 0]
time:  41.858 SPS: 191
479999 success 0.0 +/- 0.0
479999 eval steps mean 99.9 best 99 optimal 8
479999 eval return -17.49 +/- 0.015
time:  42.208 SPS: 191
484999 success 0.0 +/- 0.0
484999 eval steps mean 99.9 best 99 optimal 8
484999 eval return -15.92 +/- 0.0
time:  42.998 SPS: 189
489999 success 0.0 +/- 0.0
489999 eval steps mean 99.9 best 99 optimal 8
489999 eval return -15.908 +/- 0.012
time:  43.668 SPS: 188
494999 success 0.0 +/- 0.0
494999 eval steps mean 99.9 best 99 optimal 8
494999 eval return -15.92 +/- 0.0
time:  44.031 SPS: 189
499999 success 0.0 +/- 0.0
499999 eval steps mean 99.9 best 99 optimal 8
499999 eval return -15.896 +/- 0.024
time:  44.565 SPS: 188
504999 success 0.0 +/- 0.0
504999 eval steps mean 99.9 best 99 optimal 8
504999 eval return -15.92 +/- 0.0
time:  45.016 SPS: 188
509999 success 0.0 +/- 0.0
509999 eval steps mean 99.9 best 99 optimal 8
509999 eval return -13.148 +/- 0.007
time:  45.737 SPS: 187
514999 success 0.0 +/- 0.0
514999 eval steps mean 99.9 best 99 optimal 8
514999 eval return -13.113 +/- 0.099
520000
GOAL [7 4]
time:  46.314 SPS: 187
519999 success 0.0 +/- 0.0
519999 eval steps mean 99.9 best 99 optimal 3
519999 eval return -11.706 +/- 0.058
time:  47.077 SPS: 185
524999 success 0.0 +/- 0.0
524999 eval steps mean 99.9 best 99 optimal 3
524999 eval return -12.283 +/- 0.445
time:  48.173 SPS: 183
529999 success 0.0 +/- 0.0
529999 eval steps mean 99.9 best 99 optimal 3
529999 eval return -11.729 +/- 0.176
time:  48.666 SPS: 183
534999 success 0.0 +/- 0.0
534999 eval steps mean 99.9 best 99 optimal 3
534999 eval return -10.627 +/- 0.608
time:  49.237 SPS: 182
539999 success 0.0 +/- 0.0
539999 eval steps mean 99.9 best 99 optimal 3
539999 eval return -9.884 +/- 0.008
time:  49.936 SPS: 181
544999 success 0.0 +/- 0.0
544999 eval steps mean 99.9 best 99 optimal 3
544999 eval return -9.92 +/- 0.787
time:  50.668 SPS: 180
549999 success 0.0 +/- 0.0
549999 eval steps mean 99.9 best 99 optimal 3
549999 eval return -9.754 +/- 0.825
time:  51.233 SPS: 180
554999 success 0.0 +/- 0.0
554999 eval steps mean 99.9 best 99 optimal 3
554999 eval return -9.066 +/- 0.033
560000
GOAL [ 9 14]
time:  51.659 SPS: 180
559999 success 0.0 +/- 0.0
559999 eval steps mean 99.9 best 99 optimal 9
559999 eval return -14.265 +/- 0.013
time:  52.023 SPS: 181
564999 success 0.0 +/- 0.0
564999 eval steps mean 99.9 best 99 optimal 9
564999 eval return -9.295 +/- 0.005
time:  52.388 SPS: 181
569999 success 0.0 +/- 0.0
569999 eval steps mean 99.9 best 99 optimal 9
569999 eval return -9.29 +/- 0.0
time:  52.738 SPS: 181
574999 success 0.0 +/- 0.0
574999 eval steps mean 99.9 best 99 optimal 9
574999 eval return -9.29 +/- 0.0
time:  53.111 SPS: 182
579999 success 0.0 +/- 0.0
579999 eval steps mean 99.9 best 99 optimal 9
579999 eval return -9.29 +/- 0.0
time:  53.458 SPS: 182
584999 success 0.0 +/- 0.0
584999 eval steps mean 99.9 best 99 optimal 9
584999 eval return -9.713 +/- 0.033
time:  53.808 SPS: 182
589999 success 0.0 +/- 0.0
589999 eval steps mean 99.9 best 99 optimal 9
589999 eval return -9.379 +/- 0.013
time:  54.158 SPS: 183
594999 success 0.0 +/- 0.0
594999 eval steps mean 99.9 best 99 optimal 9
594999 eval return -9.483 +/- 0.012
600000
GOAL [6 4]
time:  54.516 SPS: 183
599999 success 0.0 +/- 0.0
599999 eval steps mean 99.9 best 99 optimal 4
599999 eval return -15.707 +/- 0.007
time:  54.871 SPS: 183
604999 success 0.0 +/- 0.0
604999 eval steps mean 99.9 best 99 optimal 4
604999 eval return -12.542 +/- 0.136
time:  55.231 SPS: 184
609999 success 0.0 +/- 0.0
609999 eval steps mean 99.9 best 99 optimal 4
609999 eval return -12.608 +/- 0.035
time:  55.587 SPS: 184
614999 success 0.0 +/- 0.0
614999 eval steps mean 99.9 best 99 optimal 4
614999 eval return -9.983 +/- 0.018
time:  55.947 SPS: 184
619999 success 0.0 +/- 0.0
619999 eval steps mean 99.9 best 99 optimal 4
619999 eval return -10.689 +/- 0.708
time:  56.797 SPS: 183
624999 success 0.0 +/- 0.0
624999 eval steps mean 99.9 best 99 optimal 4
624999 eval return -11.566 +/- 1.048
time:  57.27 SPS: 183
629999 success 0.0 +/- 0.0
629999 eval steps mean 99.9 best 99 optimal 4
629999 eval return -10.657 +/- 0.709
time:  57.954 SPS: 182
634999 success 0.0 +/- 0.0
634999 eval steps mean 99.9 best 99 optimal 4
634999 eval return -10.085 +/- 0.026
640000
GOAL [11  0]
time:  58.322 SPS: 182
639999 success 0.0 +/- 0.0
639999 eval steps mean 99.9 best 99 optimal 11
639999 eval return -4.944 +/- 0.014
time:  58.683 SPS: 183
644999 success 0.0 +/- 0.0
644999 eval steps mean 99.9 best 99 optimal 11
644999 eval return -5.741 +/- 0.788
time:  59.044 SPS: 183
649999 success 0.0 +/- 0.0
649999 eval steps mean 99.9 best 99 optimal 11
649999 eval return -4.956 +/- 0.016
time:  59.403 SPS: 183
654999 success 0.0 +/- 0.0
654999 eval steps mean 99.9 best 99 optimal 11
654999 eval return -4.95 +/- 0.016
time:  59.764 SPS: 184
659999 success 0.1 +/- 0.1
659999 eval steps mean 97.5 best 76 optimal 11
659999 eval return -4.447 +/- 0.535
time:  60.115 SPS: 184
664999 success 1.0 +/- 0.0
664999 eval steps mean 13.9 best 13 optimal 11
664999 eval return 2.09 +/- 0.0
time:  60.448 SPS: 184
669999 success 1.0 +/- 0.0
669999 eval steps mean 14.7 best 13 optimal 11
669999 eval return 2.062 +/- 0.017
time:  60.779 SPS: 185
674999 success 1.0 +/- 0.0
674999 eval steps mean 13.9 best 13 optimal 11
674999 eval return 2.09 +/- 0.0
680000
GOAL [10  8]
time:  61.333 SPS: 184
679999 success 0.0 +/- 0.0
679999 eval steps mean 99.9 best 99 optimal 4
679999 eval return -10.459 +/- 0.112
time:  61.991 SPS: 184
684999 success 0.0 +/- 0.0
684999 eval steps mean 99.9 best 99 optimal 4
684999 eval return -10.207 +/- 0.002
time:  62.308 SPS: 184
689999 success 0.0 +/- 0.0
689999 eval steps mean 99.9 best 99 optimal 4
689999 eval return -10.209 +/- 0.001
time:  62.767 SPS: 184
694999 success 0.0 +/- 0.0
694999 eval steps mean 99.9 best 99 optimal 4
694999 eval return -9.763 +/- 0.445
time:  63.357 SPS: 184
699999 success 0.0 +/- 0.0
699999 eval steps mean 99.9 best 99 optimal 4
699999 eval return -5.271 +/- 0.005
time:  64.23 SPS: 182
704999 success 0.0 +/- 0.0
704999 eval steps mean 99.9 best 99 optimal 4
704999 eval return -4.877 +/- 0.004
time:  64.768 SPS: 182
709999 success 0.0 +/- 0.0
709999 eval steps mean 99.9 best 99 optimal 4
709999 eval return -4.851 +/- 0.001
time:  65.24 SPS: 182
714999 success 0.0 +/- 0.0
714999 eval steps mean 99.9 best 99 optimal 4
714999 eval return -4.85 +/- 0.0
720000
GOAL [7 3]
time:  65.6 SPS: 182
719999 success 0.0 +/- 0.0
719999 eval steps mean 99.9 best 99 optimal 4
719999 eval return -12.993 +/- 0.003
time:  65.973 SPS: 183
724999 success 0.0 +/- 0.0
724999 eval steps mean 99.9 best 99 optimal 4
724999 eval return -10.804 +/- 0.006
time:  66.467 SPS: 183
729999 success 0.0 +/- 0.0
729999 eval steps mean 99.9 best 99 optimal 4
729999 eval return -10.762 +/- 0.005
time:  66.819 SPS: 183
734999 success 0.0 +/- 0.0
734999 eval steps mean 99.9 best 99 optimal 4
734999 eval return -10.771 +/- 0.003
time:  67.158 SPS: 183
739999 success 0.0 +/- 0.0
739999 eval steps mean 99.9 best 99 optimal 4
739999 eval return -11.022 +/- 0.219
time:  67.509 SPS: 183
744999 success 0.0 +/- 0.0
744999 eval steps mean 99.9 best 99 optimal 4
744999 eval return -10.828 +/- 0.004
time:  67.861 SPS: 184
749999 success 0.0 +/- 0.0
749999 eval steps mean 99.9 best 99 optimal 4
749999 eval return -10.995 +/- 0.222
time:  68.213 SPS: 184
754999 success 0.0 +/- 0.0
754999 eval steps mean 99.9 best 99 optimal 4
754999 eval return -10.888 +/- 0.008
760000
GOAL [10 13]
time:  68.575 SPS: 184
759999 success 0.0 +/- 0.0
759999 eval steps mean 99.9 best 99 optimal 9
759999 eval return -11.482 +/- 0.004
time:  68.969 SPS: 184
764999 success 0.0 +/- 0.0
764999 eval steps mean 99.9 best 99 optimal 9
764999 eval return -10.452 +/- 0.202
time:  69.419 SPS: 184
769999 success 0.0 +/- 0.0
769999 eval steps mean 99.9 best 99 optimal 9
769999 eval return -9.56 +/- 0.0
time:  69.784 SPS: 185
774999 success 0.0 +/- 0.0
774999 eval steps mean 99.9 best 99 optimal 9
774999 eval return -9.62 +/- 0.06
time:  70.175 SPS: 185
779999 success 0.0 +/- 0.0
779999 eval steps mean 99.9 best 99 optimal 9
779999 eval return -9.56 +/- 0.0
time:  70.533 SPS: 185
784999 success 0.0 +/- 0.0
784999 eval steps mean 99.9 best 99 optimal 9
784999 eval return -9.56 +/- 0.0
time:  70.924 SPS: 185
789999 success 0.0 +/- 0.0
789999 eval steps mean 99.9 best 99 optimal 9
789999 eval return -9.624 +/- 0.046
time:  71.422 SPS: 185
794999 success 0.0 +/- 0.0
794999 eval steps mean 99.9 best 99 optimal 9
794999 eval return -9.56 +/- 0.0
800000
GOAL [11  0]
time:  72.094 SPS: 184
799999 success 0.0 +/- 0.0
799999 eval steps mean 99.9 best 99 optimal 11
799999 eval return -7.7 +/- 0.0
done RL run. Time 72.31437654166658 min
