agent_dict keys dict_keys(['base_algorithm', 'learning_rate', 'num_envs', 'rollout_num_steps', 'gamma', 'gae_lambda', 'num_minibatches', 'update_epochs', 'minibatch_size', 'norm_adv', 'clip_coef', 'clip_vloss', 'ent_coef', 'vf_coef', 'max_grad_norm', 'rpo_alpha', 'parseval_reg', 'input_scale', 'learnable_input_scale', 'add_diag_layer', 'layer_norm', 'layer_norm_no_params', 'weight_decay', 'tuned_adam', 'perturb', 'perturb_dist', 'regen', 'regen_wasserstein', 'weight_init', 'net_width', 'net_activation', 'init_gain', 'parseval_norm', 'parseval_num_groups'])
env_dict keys dict_keys(['env', 'change_freq', 'seed', 'env_type'])
Start RL run!
{'base_algorithm': 'ppo_agent', 'learning_rate': 0.00025, 'num_envs': 1, 'rollout_num_steps': 128, 'gamma': 0.99, 'gae_lambda': 0.95, 'num_minibatches': 4, 'update_epochs': 4, 'minibatch_size': 32, 'norm_adv': True, 'clip_coef': 0.2, 'clip_vloss': True, 'ent_coef': 0.01, 'vf_coef': 0.5, 'max_grad_norm': 0.5, 'rpo_alpha': 0, 'parseval_reg': 0.001, 'input_scale': 1, 'learnable_input_scale': False, 'add_diag_layer': False, 'layer_norm': False, 'layer_norm_no_params': False, 'weight_decay': 0, 'tuned_adam': False, 'perturb': 0.0, 'perturb_dist': 'xavier', 'regen': 0.0, 'regen_wasserstein': False, 'weight_init': 'orthogonal', 'net_width': 64, 'net_activation': 'tanh', 'init_gain': None, 'parseval_norm': False, 'parseval_num_groups': 64, 'device': 'cpu'}
{'env': 'gridworld_ninerooms', 'change_freq': 40000, 'seed': 124, 'env_type': 'rl', 'local_run': False}
Running on gpu: False
Gridworld args () {'env': 'gridworld_ninerooms', 'change_freq': 40000, 'seed': 124, 'env_type': 'rl', 'local_run': False}
time:  0.055 SPS: 0
0 success 0.0 +/- 0.0
0 eval steps mean 99.9 best 99 optimal 10
0 eval return -11.713 +/- 0.584
time:  0.348 SPS: 239
4999 success 0.2 +/- 0.133
4999 eval steps mean 95.1 best 68 optimal 10
4999 eval return -6.085 +/- 0.81
time:  0.657 SPS: 253
9999 success 0.9 +/- 0.1
9999 eval steps mean 40.0 best 14 optimal 10
9999 eval return 0.441 +/- 0.87
time:  1.064 SPS: 234
14999 success 1.0 +/- 0.0
14999 eval steps mean 11.1 best 10 optimal 10
14999 eval return 2.447 +/- 0.003
time:  1.468 SPS: 226
19999 success 1.0 +/- 0.0
19999 eval steps mean 10.9 best 10 optimal 10
19999 eval return 2.45 +/- 0.0
time:  1.857 SPS: 224
24999 success 1.0 +/- 0.0
24999 eval steps mean 10.9 best 10 optimal 10
24999 eval return 2.45 +/- 0.0
time:  2.241 SPS: 223
29999 success 1.0 +/- 0.0
29999 eval steps mean 10.9 best 10 optimal 10
29999 eval return 2.45 +/- 0.0
time:  2.636 SPS: 221
34999 success 1.0 +/- 0.0
34999 eval steps mean 11.0 best 10 optimal 10
34999 eval return 2.446 +/- 0.004
40000
GOAL [12 11]
time:  3.034 SPS: 219
39999 success 0.9 +/- 0.1
39999 eval steps mean 18.9 best 9 optimal 9
39999 eval return 2.017 +/- 0.533
time:  3.416 SPS: 219
44999 success 1.0 +/- 0.0
44999 eval steps mean 9.9 best 9 optimal 9
44999 eval return 2.55 +/- 0.0
time:  3.802 SPS: 219
49999 success 0.9 +/- 0.1
49999 eval steps mean 18.9 best 9 optimal 9
49999 eval return 2.089 +/- 0.461
time:  4.203 SPS: 218
54999 success 1.0 +/- 0.0
54999 eval steps mean 9.9 best 9 optimal 9
54999 eval return 2.55 +/- 0.0
time:  4.599 SPS: 217
59999 success 1.0 +/- 0.0
59999 eval steps mean 9.9 best 9 optimal 9
59999 eval return 2.55 +/- 0.0
time:  4.992 SPS: 217
64999 success 1.0 +/- 0.0
64999 eval steps mean 9.9 best 9 optimal 9
64999 eval return 2.55 +/- 0.0
time:  5.385 SPS: 216
69999 success 1.0 +/- 0.0
69999 eval steps mean 9.9 best 9 optimal 9
69999 eval return 2.55 +/- 0.0
time:  5.783 SPS: 216
74999 success 1.0 +/- 0.0
74999 eval steps mean 9.9 best 9 optimal 9
74999 eval return 2.55 +/- 0.0
80000
GOAL [ 9 14]
time:  6.188 SPS: 215
79999 success 0.0 +/- 0.0
79999 eval steps mean 99.9 best 99 optimal 9
79999 eval return -8.198 +/- 0.038
time:  6.583 SPS: 215
84999 success 0.0 +/- 0.0
84999 eval steps mean 99.9 best 99 optimal 9
84999 eval return -9.24 +/- 0.321
time:  7.001 SPS: 214
89999 success 0.0 +/- 0.0
89999 eval steps mean 99.9 best 99 optimal 9
89999 eval return -7.296 +/- 0.177
time:  7.426 SPS: 213
94999 success 0.0 +/- 0.0
94999 eval steps mean 99.9 best 99 optimal 9
94999 eval return -7.152 +/- 0.098
time:  7.849 SPS: 212
99999 success 0.0 +/- 0.0
99999 eval steps mean 99.9 best 99 optimal 9
99999 eval return -6.892 +/- 0.031
time:  8.28 SPS: 211
104999 success 0.0 +/- 0.0
104999 eval steps mean 99.9 best 99 optimal 9
104999 eval return -6.936 +/- 0.009
time:  8.7 SPS: 210
109999 success 1.0 +/- 0.0
109999 eval steps mean 21.7 best 18 optimal 9
109999 eval return 1.421 +/- 0.103
time:  9.085 SPS: 210
114999 success 1.0 +/- 0.0
114999 eval steps mean 17.9 best 17 optimal 9
114999 eval return 1.67 +/- 0.0
120000
GOAL [11  9]
time:  9.445 SPS: 211
119999 success 1.0 +/- 0.0
119999 eval steps mean 6.9 best 6 optimal 6
119999 eval return 2.79 +/- 0.0
time:  9.806 SPS: 212
124999 success 1.0 +/- 0.0
124999 eval steps mean 6.9 best 6 optimal 6
124999 eval return 2.79 +/- 0.0
time:  10.15 SPS: 213
129999 success 1.0 +/- 0.0
129999 eval steps mean 6.9 best 6 optimal 6
129999 eval return 2.79 +/- 0.0
time:  10.507 SPS: 214
134999 success 1.0 +/- 0.0
134999 eval steps mean 6.9 best 6 optimal 6
134999 eval return 2.79 +/- 0.0
time:  10.909 SPS: 213
139999 success 1.0 +/- 0.0
139999 eval steps mean 6.9 best 6 optimal 6
139999 eval return 2.79 +/- 0.0
time:  11.245 SPS: 214
144999 success 1.0 +/- 0.0
144999 eval steps mean 6.9 best 6 optimal 6
144999 eval return 2.79 +/- 0.0
time:  11.581 SPS: 215
149999 success 1.0 +/- 0.0
149999 eval steps mean 6.9 best 6 optimal 6
149999 eval return 2.79 +/- 0.0
time:  11.906 SPS: 216
154999 success 1.0 +/- 0.0
154999 eval steps mean 6.9 best 6 optimal 6
154999 eval return 2.79 +/- 0.0
160000
GOAL [13 14]
time:  12.276 SPS: 217
159999 success 0.0 +/- 0.0
159999 eval steps mean 99.9 best 99 optimal 13
159999 eval return -8.063 +/- 0.008
time:  12.928 SPS: 212
164999 success 0.0 +/- 0.0
164999 eval steps mean 99.9 best 99 optimal 13
164999 eval return -6.79 +/- 0.135
time:  13.566 SPS: 208
169999 success 0.0 +/- 0.0
169999 eval steps mean 99.9 best 99 optimal 13
169999 eval return -3.962 +/- 0.012
time:  13.972 SPS: 208
174999 success 0.0 +/- 0.0
174999 eval steps mean 99.9 best 99 optimal 13
174999 eval return -3.884 +/- 0.023
time:  14.335 SPS: 209
179999 success 0.0 +/- 0.0
179999 eval steps mean 99.9 best 99 optimal 13
179999 eval return -3.514 +/- 0.032
time:  14.696 SPS: 209
184999 success 0.0 +/- 0.0
184999 eval steps mean 99.9 best 99 optimal 13
184999 eval return -3.4 +/- 0.017
time:  15.085 SPS: 209
189999 success 0.0 +/- 0.0
189999 eval steps mean 99.9 best 99 optimal 13
189999 eval return -3.224 +/- 0.017
time:  15.452 SPS: 210
194999 success 0.0 +/- 0.0
194999 eval steps mean 99.9 best 99 optimal 13
194999 eval return -3.327 +/- 0.026
200000
GOAL [14  8]
time:  16.002 SPS: 208
199999 success 0.0 +/- 0.0
199999 eval steps mean 99.9 best 99 optimal 8
199999 eval return -6.62 +/- 0.024
time:  17.068 SPS: 200
204999 success 0.0 +/- 0.0
204999 eval steps mean 99.9 best 99 optimal 8
204999 eval return -2.71 +/- 0.373
time:  17.53 SPS: 199
209999 success 0.0 +/- 0.0
209999 eval steps mean 99.9 best 99 optimal 8
209999 eval return -1.788 +/- 0.011
time:  17.892 SPS: 200
214999 success 0.0 +/- 0.0
214999 eval steps mean 99.9 best 99 optimal 8
214999 eval return -1.748 +/- 0.004
time:  18.248 SPS: 200
219999 success 0.0 +/- 0.0
219999 eval steps mean 99.9 best 99 optimal 8
219999 eval return -2.092 +/- 0.345
time:  18.623 SPS: 201
224999 success 0.0 +/- 0.0
224999 eval steps mean 99.9 best 99 optimal 8
224999 eval return -1.75 +/- 0.003
time:  18.996 SPS: 201
229999 success 0.0 +/- 0.0
229999 eval steps mean 99.9 best 99 optimal 8
229999 eval return -1.76 +/- 0.006
time:  19.361 SPS: 202
234999 success 0.0 +/- 0.0
234999 eval steps mean 99.9 best 99 optimal 8
234999 eval return -2.126 +/- 0.351
240000
GOAL [12  5]
time:  19.865 SPS: 201
239999 success 0.0 +/- 0.0
239999 eval steps mean 99.9 best 99 optimal 7
239999 eval return -3.825 +/- 0.269
time:  20.637 SPS: 197
244999 success 0.1 +/- 0.1
244999 eval steps mean 96.0 best 61 optimal 7
244999 eval return -1.726 +/- 0.38
time:  21.188 SPS: 196
249999 success 1.0 +/- 0.0
249999 eval steps mean 10.1 best 9 optimal 7
249999 eval return 2.667 +/- 0.003
time:  21.726 SPS: 195
254999 success 1.0 +/- 0.0
254999 eval steps mean 9.9 best 9 optimal 7
254999 eval return 2.67 +/- 0.0
time:  22.259 SPS: 194
259999 success 1.0 +/- 0.0
259999 eval steps mean 9.9 best 9 optimal 7
259999 eval return 2.67 +/- 0.0
time:  22.872 SPS: 193
264999 success 1.0 +/- 0.0
264999 eval steps mean 9.9 best 9 optimal 7
264999 eval return 2.67 +/- 0.0
time:  23.41 SPS: 192
269999 success 1.0 +/- 0.0
269999 eval steps mean 9.9 best 9 optimal 7
269999 eval return 2.67 +/- 0.0
time:  23.748 SPS: 192
274999 success 1.0 +/- 0.0
274999 eval steps mean 9.9 best 9 optimal 7
274999 eval return 2.67 +/- 0.0
280000
GOAL [8 4]
time:  24.104 SPS: 193
279999 success 0.0 +/- 0.0
279999 eval steps mean 99.9 best 99 optimal 4
279999 eval return -9.486 +/- 0.232
time:  24.415 SPS: 194
284999 success 0.0 +/- 0.0
284999 eval steps mean 99.9 best 99 optimal 4
284999 eval return -6.987 +/- 0.182
time:  24.73 SPS: 195
289999 success 0.0 +/- 0.0
289999 eval steps mean 99.9 best 99 optimal 4
289999 eval return -6.711 +/- 0.012
time:  25.055 SPS: 196
294999 success 0.0 +/- 0.0
294999 eval steps mean 99.9 best 99 optimal 4
294999 eval return -6.247 +/- 0.132
time:  25.402 SPS: 196
299999 success 0.0 +/- 0.0
299999 eval steps mean 99.9 best 99 optimal 4
299999 eval return -5.819 +/- 0.018
time:  25.75 SPS: 197
304999 success 0.0 +/- 0.0
304999 eval steps mean 99.9 best 99 optimal 4
304999 eval return -5.828 +/- 0.023
time:  26.104 SPS: 197
309999 success 0.0 +/- 0.0
309999 eval steps mean 99.9 best 99 optimal 4
309999 eval return -6.257 +/- 0.073
time:  26.934 SPS: 194
314999 success 0.0 +/- 0.0
314999 eval steps mean 99.9 best 99 optimal 4
314999 eval return -6.279 +/- 0.038
320000
GOAL [13  2]
time:  27.642 SPS: 192
319999 success 0.0 +/- 0.0
319999 eval steps mean 99.9 best 99 optimal 11
319999 eval return -4.545 +/- 0.025
time:  28.335 SPS: 191
324999 success 0.0 +/- 0.0
324999 eval steps mean 99.9 best 99 optimal 11
324999 eval return -3.307 +/- 0.275
time:  29.267 SPS: 187
329999 success 0.0 +/- 0.0
329999 eval steps mean 99.9 best 99 optimal 11
329999 eval return -2.409 +/- 0.043
time:  29.755 SPS: 187
334999 success 0.0 +/- 0.0
334999 eval steps mean 99.9 best 99 optimal 11
334999 eval return -2.519 +/- 0.019
time:  30.116 SPS: 188
339999 success 0.0 +/- 0.0
339999 eval steps mean 99.9 best 99 optimal 11
339999 eval return -2.151 +/- 0.024
time:  30.477 SPS: 188
344999 success 0.0 +/- 0.0
344999 eval steps mean 99.9 best 99 optimal 11
344999 eval return -2.188 +/- 0.01
time:  30.84 SPS: 189
349999 success 0.0 +/- 0.0
349999 eval steps mean 99.9 best 99 optimal 11
349999 eval return -2.174 +/- 0.022
time:  31.201 SPS: 189
354999 success 0.1 +/- 0.1
354999 eval steps mean 92.3 best 24 optimal 11
354999 eval return -1.774 +/- 0.426
360000
GOAL [10 14]
time:  31.573 SPS: 190
359999 success 0.0 +/- 0.0
359999 eval steps mean 99.9 best 99 optimal 10
359999 eval return -13.646 +/- 0.059
time:  31.933 SPS: 190
364999 success 0.0 +/- 0.0
364999 eval steps mean 99.9 best 99 optimal 10
364999 eval return -13.111 +/- 0.065
time:  32.3 SPS: 190
369999 success 0.9 +/- 0.1
369999 eval steps mean 38.0 best 20 optimal 10
369999 eval return 0.196 +/- 0.732
time:  32.685 SPS: 191
374999 success 1.0 +/- 0.0
374999 eval steps mean 17.1 best 17 optimal 10
374999 eval return 1.817 +/- 0.023
time:  33.225 SPS: 190
379999 success 1.0 +/- 0.0
379999 eval steps mean 16.9 best 16 optimal 10
379999 eval return 1.84 +/- 0.0
time:  33.801 SPS: 189
384999 success 1.0 +/- 0.0
384999 eval steps mean 16.9 best 16 optimal 10
384999 eval return 1.84 +/- 0.0
time:  34.606 SPS: 187
389999 success 1.0 +/- 0.0
389999 eval steps mean 16.9 best 16 optimal 10
389999 eval return 1.84 +/- 0.0
time:  35.179 SPS: 187
394999 success 1.0 +/- 0.0
394999 eval steps mean 17.1 best 16 optimal 10
394999 eval return 1.829 +/- 0.011
400000
GOAL [8 3]
time:  35.64 SPS: 187
399999 success 0.0 +/- 0.0
399999 eval steps mean 99.9 best 99 optimal 5
399999 eval return -18.216 +/- 0.012
time:  36.411 SPS: 185
404999 success 0.0 +/- 0.0
404999 eval steps mean 99.9 best 99 optimal 5
404999 eval return -17.837 +/- 0.334
time:  36.767 SPS: 185
409999 success 0.0 +/- 0.0
409999 eval steps mean 99.9 best 99 optimal 5
409999 eval return -13.678 +/- 0.087
time:  37.127 SPS: 186
414999 success 0.0 +/- 0.0
414999 eval steps mean 99.9 best 99 optimal 5
414999 eval return -13.52 +/- 0.0
time:  37.49 SPS: 186
419999 success 0.0 +/- 0.0
419999 eval steps mean 99.9 best 99 optimal 5
419999 eval return -13.52 +/- 0.0
time:  37.85 SPS: 187
424999 success 0.0 +/- 0.0
424999 eval steps mean 99.9 best 99 optimal 5
424999 eval return -13.52 +/- 0.0
time:  38.612 SPS: 185
429999 success 0.0 +/- 0.0
429999 eval steps mean 99.9 best 99 optimal 5
429999 eval return -13.52 +/- 0.0
time:  39.057 SPS: 185
434999 success 0.0 +/- 0.0
434999 eval steps mean 99.9 best 99 optimal 5
434999 eval return -13.52 +/- 0.0
440000
GOAL [11  9]
time:  39.495 SPS: 185
439999 success 0.0 +/- 0.0
439999 eval steps mean 99.9 best 99 optimal 6
439999 eval return -4.52 +/- 0.0
time:  40.078 SPS: 185
444999 success 1.0 +/- 0.0
444999 eval steps mean 6.9 best 6 optimal 6
444999 eval return 2.79 +/- 0.0
time:  40.418 SPS: 185
449999 success 1.0 +/- 0.0
449999 eval steps mean 6.9 best 6 optimal 6
449999 eval return 2.79 +/- 0.0
time:  40.755 SPS: 186
454999 success 1.0 +/- 0.0
454999 eval steps mean 6.9 best 6 optimal 6
454999 eval return 2.79 +/- 0.0
time:  41.092 SPS: 186
459999 success 1.0 +/- 0.0
459999 eval steps mean 6.9 best 6 optimal 6
459999 eval return 2.79 +/- 0.0
time:  41.435 SPS: 187
464999 success 1.0 +/- 0.0
464999 eval steps mean 6.9 best 6 optimal 6
464999 eval return 2.79 +/- 0.0
time:  41.794 SPS: 187
469999 success 1.0 +/- 0.0
469999 eval steps mean 6.9 best 6 optimal 6
469999 eval return 2.79 +/- 0.0
time:  42.432 SPS: 186
474999 success 1.0 +/- 0.0
474999 eval steps mean 6.9 best 6 optimal 6
474999 eval return 2.79 +/- 0.0
480000
GOAL [12 10]
time:  42.779 SPS: 187
479999 success 1.0 +/- 0.0
479999 eval steps mean 15.6 best 9 optimal 8
479999 eval return 2.506 +/- 0.041
time:  43.119 SPS: 187
484999 success 1.0 +/- 0.0
484999 eval steps mean 8.9 best 8 optimal 8
484999 eval return 2.64 +/- 0.0
time:  43.463 SPS: 187
489999 success 1.0 +/- 0.0
489999 eval steps mean 8.9 best 8 optimal 8
489999 eval return 2.64 +/- 0.0
time:  43.804 SPS: 188
494999 success 1.0 +/- 0.0
494999 eval steps mean 8.9 best 8 optimal 8
494999 eval return 2.64 +/- 0.0
time:  44.145 SPS: 188
499999 success 1.0 +/- 0.0
499999 eval steps mean 8.9 best 8 optimal 8
499999 eval return 2.64 +/- 0.0
time:  44.904 SPS: 187
504999 success 1.0 +/- 0.0
504999 eval steps mean 8.9 best 8 optimal 8
504999 eval return 2.64 +/- 0.0
time:  45.883 SPS: 185
509999 success 1.0 +/- 0.0
509999 eval steps mean 8.9 best 8 optimal 8
509999 eval return 2.64 +/- 0.0
time:  46.749 SPS: 183
514999 success 1.0 +/- 0.0
514999 eval steps mean 8.9 best 8 optimal 8
514999 eval return 2.64 +/- 0.0
520000
GOAL [9 0]
time:  47.296 SPS: 183
519999 success 0.0 +/- 0.0
519999 eval steps mean 99.9 best 99 optimal 9
519999 eval return -17.891 +/- 0.005
time:  47.642 SPS: 183
524999 success 0.0 +/- 0.0
524999 eval steps mean 99.9 best 99 optimal 9
524999 eval return -17.338 +/- 0.08
time:  47.968 SPS: 184
529999 success 0.0 +/- 0.0
529999 eval steps mean 99.9 best 99 optimal 9
529999 eval return -13.03 +/- 0.0
time:  48.313 SPS: 184
534999 success 0.0 +/- 0.0
534999 eval steps mean 99.9 best 99 optimal 9
534999 eval return -15.237 +/- 0.486
time:  48.658 SPS: 184
539999 success 0.0 +/- 0.0
539999 eval steps mean 99.9 best 99 optimal 9
539999 eval return -13.03 +/- 0.0
time:  49.005 SPS: 185
544999 success 0.0 +/- 0.0
544999 eval steps mean 99.9 best 99 optimal 9
544999 eval return -13.03 +/- 0.0
time:  49.484 SPS: 185
549999 success 0.0 +/- 0.0
549999 eval steps mean 99.9 best 99 optimal 9
549999 eval return -13.03 +/- 0.0
time:  49.922 SPS: 185
554999 success 0.0 +/- 0.0
554999 eval steps mean 99.9 best 99 optimal 9
554999 eval return -13.009 +/- 0.001
560000
GOAL [8 0]
time:  50.277 SPS: 185
559999 success 0.0 +/- 0.0
559999 eval steps mean 99.9 best 99 optimal 8
559999 eval return -14.01 +/- 0.0
time:  50.622 SPS: 186
564999 success 0.0 +/- 0.0
564999 eval steps mean 99.9 best 99 optimal 8
564999 eval return -14.012 +/- 0.002
time:  50.974 SPS: 186
569999 success 0.0 +/- 0.0
569999 eval steps mean 99.9 best 99 optimal 8
569999 eval return -14.012 +/- 0.002
time:  51.336 SPS: 186
574999 success 0.0 +/- 0.0
574999 eval steps mean 99.9 best 99 optimal 8
574999 eval return -14.01 +/- 0.0
time:  51.689 SPS: 187
579999 success 0.0 +/- 0.0
579999 eval steps mean 99.9 best 99 optimal 8
579999 eval return -14.01 +/- 0.0
time:  52.039 SPS: 187
584999 success 0.0 +/- 0.0
584999 eval steps mean 99.9 best 99 optimal 8
584999 eval return -14.01 +/- 0.0
time:  52.433 SPS: 187
589999 success 0.0 +/- 0.0
589999 eval steps mean 99.9 best 99 optimal 8
589999 eval return -14.01 +/- 0.0
time:  52.85 SPS: 187
594999 success 0.0 +/- 0.0
594999 eval steps mean 99.9 best 99 optimal 8
594999 eval return -14.012 +/- 0.002
600000
GOAL [ 9 14]
time:  53.242 SPS: 187
599999 success 0.0 +/- 0.0
599999 eval steps mean 99.9 best 99 optimal 9
599999 eval return -9.142 +/- 0.068
time:  53.583 SPS: 188
604999 success 0.0 +/- 0.0
604999 eval steps mean 99.9 best 99 optimal 9
604999 eval return -9.21 +/- 0.0
time:  53.919 SPS: 188
609999 success 0.0 +/- 0.0
609999 eval steps mean 99.9 best 99 optimal 9
609999 eval return -7.923 +/- 0.114
time:  54.494 SPS: 188
614999 success 0.0 +/- 0.0
614999 eval steps mean 99.9 best 99 optimal 9
614999 eval return -6.081 +/- 0.01
time:  55.306 SPS: 186
619999 success 0.0 +/- 0.0
619999 eval steps mean 99.9 best 99 optimal 9
619999 eval return -5.723 +/- 0.011
time:  55.892 SPS: 186
624999 success 0.0 +/- 0.0
624999 eval steps mean 99.9 best 99 optimal 9
624999 eval return -5.848 +/- 0.042
time:  56.348 SPS: 186
629999 success 0.0 +/- 0.0
629999 eval steps mean 99.9 best 99 optimal 9
629999 eval return -5.677 +/- 0.012
time:  56.706 SPS: 186
634999 success 0.0 +/- 0.0
634999 eval steps mean 99.9 best 99 optimal 9
634999 eval return -5.729 +/- 0.023
640000
GOAL [13  3]
time:  57.08 SPS: 186
639999 success 0.0 +/- 0.0
639999 eval steps mean 99.9 best 99 optimal 10
639999 eval return -12.387 +/- 0.056
time:  57.453 SPS: 187
644999 success 0.0 +/- 0.0
644999 eval steps mean 99.9 best 99 optimal 10
644999 eval return -7.402 +/- 0.065
time:  57.819 SPS: 187
649999 success 1.0 +/- 0.0
649999 eval steps mean 22.9 best 15 optimal 10
649999 eval return 1.982 +/- 0.075
time:  58.159 SPS: 187
654999 success 1.0 +/- 0.0
654999 eval steps mean 14.9 best 14 optimal 10
654999 eval return 2.31 +/- 0.0
time:  59.164 SPS: 185
659999 success 1.0 +/- 0.0
659999 eval steps mean 14.9 best 14 optimal 10
659999 eval return 2.31 +/- 0.0
time:  59.512 SPS: 186
664999 success 1.0 +/- 0.0
664999 eval steps mean 12.9 best 12 optimal 10
664999 eval return 2.34 +/- 0.0
time:  59.852 SPS: 186
669999 success 1.0 +/- 0.0
669999 eval steps mean 10.9 best 10 optimal 10
669999 eval return 2.45 +/- 0.0
time:  60.188 SPS: 186
674999 success 1.0 +/- 0.0
674999 eval steps mean 10.9 best 10 optimal 10
674999 eval return 2.45 +/- 0.0
680000
GOAL [14  6]
time:  61.176 SPS: 185
679999 success 0.0 +/- 0.0
679999 eval steps mean 99.9 best 99 optimal 8
679999 eval return -8.207 +/- 0.071
time:  61.489 SPS: 185
684999 success 0.0 +/- 0.0
684999 eval steps mean 99.9 best 99 optimal 8
684999 eval return -8.36 +/- 0.152
time:  61.829 SPS: 185
689999 success 0.0 +/- 0.0
689999 eval steps mean 99.9 best 99 optimal 8
689999 eval return -4.932 +/- 0.471
time:  62.188 SPS: 186
694999 success 0.0 +/- 0.0
694999 eval steps mean 99.9 best 99 optimal 8
694999 eval return -4.469 +/- 0.507
time:  62.754 SPS: 185
699999 success 0.0 +/- 0.0
699999 eval steps mean 99.9 best 99 optimal 8
699999 eval return -3.651 +/- 0.003
time:  63.888 SPS: 183
704999 success 0.0 +/- 0.0
704999 eval steps mean 99.9 best 99 optimal 8
704999 eval return -4.242 +/- 0.566
time:  64.819 SPS: 182
709999 success 0.0 +/- 0.0
709999 eval steps mean 99.9 best 99 optimal 8
709999 eval return -4.194 +/- 0.572
time:  65.179 SPS: 182
714999 success 0.0 +/- 0.0
714999 eval steps mean 99.9 best 99 optimal 8
714999 eval return -3.628 +/- 0.003
720000
GOAL [6 4]
time:  65.556 SPS: 183
719999 success 0.0 +/- 0.0
719999 eval steps mean 99.9 best 99 optimal 4
719999 eval return -12.654 +/- 0.002
time:  65.984 SPS: 183
724999 success 0.0 +/- 0.0
724999 eval steps mean 99.9 best 99 optimal 4
724999 eval return -8.538 +/- 0.015
time:  66.332 SPS: 183
729999 success 0.0 +/- 0.0
729999 eval steps mean 99.9 best 99 optimal 4
729999 eval return -8.115 +/- 0.033
time:  66.921 SPS: 183
734999 success 0.0 +/- 0.0
734999 eval steps mean 99.9 best 99 optimal 4
734999 eval return -8.507 +/- 0.306
time:  67.457 SPS: 182
739999 success 0.0 +/- 0.0
739999 eval steps mean 99.9 best 99 optimal 4
739999 eval return -8.174 +/- 0.019
time:  67.954 SPS: 182
744999 success 0.0 +/- 0.0
744999 eval steps mean 99.9 best 99 optimal 4
744999 eval return -9.49 +/- 0.692
time:  68.313 SPS: 182
749999 success 0.0 +/- 0.0
749999 eval steps mean 99.9 best 99 optimal 4
749999 eval return -8.523 +/- 0.244
time:  69.018 SPS: 182
754999 success 0.0 +/- 0.0
754999 eval steps mean 99.9 best 99 optimal 4
754999 eval return -8.084 +/- 0.003
760000
GOAL [10  4]
time:  69.42 SPS: 182
759999 success 0.0 +/- 0.0
759999 eval steps mean 99.9 best 99 optimal 6
759999 eval return -3.77 +/- 0.05
time:  69.782 SPS: 182
764999 success 0.0 +/- 0.0
764999 eval steps mean 99.9 best 99 optimal 6
764999 eval return -3.935 +/- 0.098
time:  70.14 SPS: 182
769999 success 0.8 +/- 0.133
769999 eval steps mean 38.3 best 14 optimal 6
769999 eval return 0.648 +/- 0.926
time:  70.56 SPS: 183
774999 success 1.0 +/- 0.0
774999 eval steps mean 15.0 best 14 optimal 6
774999 eval return 2.329 +/- 0.001
time:  70.951 SPS: 183
779999 success 1.0 +/- 0.0
779999 eval steps mean 14.9 best 14 optimal 6
779999 eval return 2.33 +/- 0.0
time:  71.306 SPS: 183
784999 success 1.0 +/- 0.0
784999 eval steps mean 15.1 best 14 optimal 6
784999 eval return 2.315 +/- 0.015
time:  71.848 SPS: 183
789999 success 1.0 +/- 0.0
789999 eval steps mean 15.3 best 14 optimal 6
789999 eval return 2.31 +/- 0.014
time:  72.337 SPS: 183
794999 success 1.0 +/- 0.0
794999 eval steps mean 12.9 best 12 optimal 6
794999 eval return 2.4 +/- 0.0
800000
GOAL [14  5]
time:  72.687 SPS: 183
799999 success 0.0 +/- 0.0
799999 eval steps mean 99.9 best 99 optimal 9
799999 eval return -4.893 +/- 0.022
done RL run. Time 72.8164115800008 min
