agent_dict keys dict_keys(['base_algorithm', 'learning_rate', 'num_envs', 'rollout_num_steps', 'gamma', 'gae_lambda', 'num_minibatches', 'update_epochs', 'minibatch_size', 'norm_adv', 'clip_coef', 'clip_vloss', 'ent_coef', 'vf_coef', 'max_grad_norm', 'rpo_alpha', 'parseval_reg', 'input_scale', 'learnable_input_scale', 'add_diag_layer', 'lie_group', 'pion', 'pion_block_size', 'oft', 'poet', 'layer_norm', 'layer_norm_no_params', 'weight_decay', 'tuned_adam', 'perturb', 'perturb_dist', 'regen', 'regen_wasserstein', 'weight_init', 'net_width', 'net_activation', 'init_gain', 'parseval_norm', 'parseval_num_groups'])
env_dict keys dict_keys(['env', 'change_freq', 'seed', 'env_type'])
Start RL run!
{'base_algorithm': 'ppo_agent', 'learning_rate': 0.001, 'num_envs': 1, 'rollout_num_steps': 128, 'gamma': 0.99, 'gae_lambda': 0.95, 'num_minibatches': 4, 'update_epochs': 4, 'minibatch_size': 32, 'norm_adv': True, 'clip_coef': 0.2, 'clip_vloss': True, 'ent_coef': 0.01, 'vf_coef': 0.5, 'max_grad_norm': 0.5, 'rpo_alpha': 0, 'parseval_reg': 0, 'input_scale': 1, 'learnable_input_scale': False, 'add_diag_layer': False, 'lie_group': False, 'pion': False, 'pion_block_size': None, 'oft': True, 'poet': False, 'layer_norm': False, 'layer_norm_no_params': False, 'weight_decay': 0, 'tuned_adam': False, 'perturb': 0.0, 'perturb_dist': 'xavier', 'regen': 0.0, 'regen_wasserstein': False, 'weight_init': 'orthogonal', 'net_width': 64, 'net_activation': 'tanh', 'init_gain': None, 'parseval_norm': False, 'parseval_num_groups': 1, 'device': 'cpu'}
{'env': 'gridworld_ninerooms', 'change_freq': 40000, 'seed': 125, 'env_type': 'rl', 'local_run': False}
Running on gpu: False
Gridworld args () {'env': 'gridworld_ninerooms', 'change_freq': 40000, 'seed': 125, 'env_type': 'rl', 'local_run': False}
time:  0.053 SPS: 0
0 success 0.0 +/- 0.0
0 eval steps mean 99.9 best 99 optimal 6
0 eval return -14.624 +/- 0.43
time:  0.508 SPS: 164
4999 success 0.0 +/- 0.0
4999 eval steps mean 99.9 best 99 optimal 6
4999 eval return -11.555 +/- 0.923
time:  0.951 SPS: 175
9999 success 0.0 +/- 0.0
9999 eval steps mean 99.9 best 99 optimal 6
9999 eval return -10.241 +/- 0.598
time:  1.394 SPS: 179
14999 success 0.0 +/- 0.0
14999 eval steps mean 99.9 best 99 optimal 6
14999 eval return -8.829 +/- 0.421
time:  1.867 SPS: 178
19999 success 0.0 +/- 0.0
19999 eval steps mean 99.9 best 99 optimal 6
19999 eval return -8.013 +/- 0.499
time:  2.328 SPS: 178
24999 success 0.3 +/- 0.153
24999 eval steps mean 95.4 best 70 optimal 6
24999 eval return -8.953 +/- 1.377
time:  2.792 SPS: 179
29999 success 0.5 +/- 0.167
29999 eval steps mean 73.7 best 23 optimal 6
29999 eval return -3.956 +/- 1.449
time:  3.25 SPS: 179
34999 success 0.8 +/- 0.133
34999 eval steps mean 53.7 best 23 optimal 6
34999 eval return -1.235 +/- 0.846
40000
GOAL [10  2]
time:  3.712 SPS: 179
39999 success 0.0 +/- 0.0
39999 eval steps mean 99.9 best 99 optimal 8
39999 eval return -16.923 +/- 0.473
time:  4.175 SPS: 179
44999 success 0.0 +/- 0.0
44999 eval steps mean 99.9 best 99 optimal 8
44999 eval return -16.066 +/- 0.327
time:  4.642 SPS: 179
49999 success 0.0 +/- 0.0
49999 eval steps mean 99.9 best 99 optimal 8
49999 eval return -14.77 +/- 0.657
time:  5.103 SPS: 179
54999 success 0.0 +/- 0.0
54999 eval steps mean 99.9 best 99 optimal 8
54999 eval return -13.514 +/- 0.968
time:  5.555 SPS: 180
59999 success 0.0 +/- 0.0
59999 eval steps mean 99.9 best 99 optimal 8
59999 eval return -8.882 +/- 0.391
time:  6.001 SPS: 180
64999 success 0.0 +/- 0.0
64999 eval steps mean 99.9 best 99 optimal 8
64999 eval return -6.452 +/- 0.329
time:  6.448 SPS: 180
69999 success 0.1 +/- 0.1
69999 eval steps mean 95.4 best 55 optimal 8
69999 eval return -8.656 +/- 1.087
time:  6.905 SPS: 181
74999 success 0.2 +/- 0.133
74999 eval steps mean 93.4 best 48 optimal 8
74999 eval return -8.424 +/- 1.896
80000
GOAL [7 1]
time:  7.382 SPS: 180
79999 success 0.1 +/- 0.1
79999 eval steps mean 97.1 best 72 optimal 6
79999 eval return -8.643 +/- 1.04
time:  7.845 SPS: 180
84999 success 0.4 +/- 0.163
84999 eval steps mean 84.2 best 38 optimal 6
84999 eval return -6.279 +/- 1.41
time:  8.307 SPS: 180
89999 success 0.7 +/- 0.153
89999 eval steps mean 81.4 best 51 optimal 6
89999 eval return -4.427 +/- 1.229
time:  8.767 SPS: 180
94999 success 0.5 +/- 0.167
94999 eval steps mean 72.5 best 32 optimal 6
94999 eval return -4.915 +/- 1.388
time:  9.224 SPS: 180
99999 success 0.9 +/- 0.1
99999 eval steps mean 40.6 best 22 optimal 6
99999 eval return -1.08 +/- 1.221
time:  9.673 SPS: 180
104999 success 1.0 +/- 0.0
104999 eval steps mean 36.8 best 18 optimal 6
104999 eval return 0.183 +/- 0.595
time:  10.126 SPS: 181
109999 success 1.0 +/- 0.0
109999 eval steps mean 24.2 best 17 optimal 6
109999 eval return 1.113 +/- 0.295
time:  10.579 SPS: 181
114999 success 1.0 +/- 0.0
114999 eval steps mean 17.4 best 16 optimal 6
114999 eval return 1.614 +/- 0.015
120000
GOAL [ 6 11]
time:  11.043 SPS: 181
119999 success 0.0 +/- 0.0
119999 eval steps mean 99.9 best 99 optimal 5
119999 eval return -20.009 +/- 0.211
time:  11.503 SPS: 181
124999 success 0.0 +/- 0.0
124999 eval steps mean 99.9 best 99 optimal 5
124999 eval return -17.115 +/- 0.343
time:  11.97 SPS: 181
129999 success 0.0 +/- 0.0
129999 eval steps mean 99.9 best 99 optimal 5
129999 eval return -9.899 +/- 0.599
time:  12.432 SPS: 180
134999 success 0.0 +/- 0.0
134999 eval steps mean 99.9 best 99 optimal 5
134999 eval return -8.05 +/- 0.932
time:  12.891 SPS: 181
139999 success 0.0 +/- 0.0
139999 eval steps mean 99.9 best 99 optimal 5
139999 eval return -5.388 +/- 0.251
time:  13.345 SPS: 181
144999 success 0.0 +/- 0.0
144999 eval steps mean 99.9 best 99 optimal 5
144999 eval return -9.307 +/- 1.701
time:  13.803 SPS: 181
149999 success 0.0 +/- 0.0
149999 eval steps mean 99.9 best 99 optimal 5
149999 eval return -5.101 +/- 1.238
time:  14.276 SPS: 180
154999 success 0.1 +/- 0.1
154999 eval steps mean 92.5 best 26 optimal 5
154999 eval return -2.938 +/- 0.491
160000
GOAL [ 8 13]
time:  14.758 SPS: 180
159999 success 0.2 +/- 0.133
159999 eval steps mean 90.7 best 46 optimal 7
159999 eval return -3.536 +/- 0.618
time:  15.227 SPS: 180
164999 success 1.0 +/- 0.0
164999 eval steps mean 17.6 best 15 optimal 7
164999 eval return 1.72 +/- 0.023
time:  15.674 SPS: 180
169999 success 1.0 +/- 0.0
169999 eval steps mean 18.6 best 16 optimal 7
169999 eval return 1.555 +/- 0.071
time:  16.125 SPS: 180
174999 success 1.0 +/- 0.0
174999 eval steps mean 17.4 best 16 optimal 7
174999 eval return 1.661 +/- 0.079
time:  16.578 SPS: 180
179999 success 1.0 +/- 0.0
179999 eval steps mean 15.9 best 15 optimal 7
179999 eval return 1.8 +/- 0.0
time:  17.033 SPS: 181
184999 success 1.0 +/- 0.0
184999 eval steps mean 16.1 best 15 optimal 7
184999 eval return 1.797 +/- 0.003
time:  17.482 SPS: 181
189999 success 1.0 +/- 0.0
189999 eval steps mean 16.1 best 15 optimal 7
189999 eval return 1.789 +/- 0.011
time:  17.937 SPS: 181
194999 success 1.0 +/- 0.0
194999 eval steps mean 16.1 best 16 optimal 7
194999 eval return 1.795 +/- 0.005
200000
GOAL [13  1]
time:  18.395 SPS: 181
199999 success 0.0 +/- 0.0
199999 eval steps mean 99.9 best 99 optimal 12
199999 eval return -18.851 +/- 0.085
time:  18.847 SPS: 181
204999 success 0.0 +/- 0.0
204999 eval steps mean 99.9 best 99 optimal 12
204999 eval return -12.21 +/- 0.943
time:  19.284 SPS: 181
209999 success 0.1 +/- 0.1
209999 eval steps mean 91.4 best 15 optimal 12
209999 eval return -2.723 +/- 0.885
time:  19.714 SPS: 181
214999 success 0.3 +/- 0.153
214999 eval steps mean 73.8 best 12 optimal 12
214999 eval return -0.932 +/- 0.697
time:  20.169 SPS: 181
219999 success 1.0 +/- 0.0
219999 eval steps mean 13.2 best 12 optimal 12
219999 eval return 2.194 +/- 0.026
time:  20.609 SPS: 181
224999 success 0.7 +/- 0.153
224999 eval steps mean 39.0 best 12 optimal 12
224999 eval return 0.416 +/- 1.014
time:  21.052 SPS: 182
229999 success 1.0 +/- 0.0
229999 eval steps mean 12.9 best 12 optimal 12
229999 eval return 2.22 +/- 0.0
time:  21.492 SPS: 182
234999 success 1.0 +/- 0.0
234999 eval steps mean 12.9 best 12 optimal 12
234999 eval return 2.22 +/- 0.0
240000
GOAL [10 11]
time:  21.951 SPS: 182
239999 success 0.0 +/- 0.0
239999 eval steps mean 99.9 best 99 optimal 7
239999 eval return -13.648 +/- 0.117
time:  22.38 SPS: 182
244999 success 0.0 +/- 0.0
244999 eval steps mean 99.9 best 99 optimal 7
244999 eval return -12.685 +/- 0.257
time:  22.835 SPS: 182
249999 success 0.9 +/- 0.1
249999 eval steps mean 21.7 best 12 optimal 7
249999 eval return 0.758 +/- 1.491
time:  23.281 SPS: 182
254999 success 0.9 +/- 0.1
254999 eval steps mean 21.3 best 11 optimal 7
254999 eval return 0.75 +/- 1.565
time:  23.726 SPS: 182
259999 success 1.0 +/- 0.0
259999 eval steps mean 12.1 best 11 optimal 7
259999 eval return 2.327 +/- 0.013
time:  24.175 SPS: 182
264999 success 0.9 +/- 0.1
264999 eval steps mean 20.9 best 11 optimal 7
264999 eval return 1.423 +/- 0.905
time:  24.628 SPS: 182
269999 success 1.0 +/- 0.0
269999 eval steps mean 11.9 best 11 optimal 7
269999 eval return 2.34 +/- 0.0
time:  25.083 SPS: 182
274999 success 1.0 +/- 0.0
274999 eval steps mean 11.9 best 11 optimal 7
274999 eval return 2.34 +/- 0.0
280000
GOAL [ 6 11]
time:  25.54 SPS: 182
279999 success 0.0 +/- 0.0
279999 eval steps mean 99.9 best 99 optimal 5
279999 eval return -5.087 +/- 0.129
time:  26.004 SPS: 182
284999 success 1.0 +/- 0.0
284999 eval steps mean 21.9 best 19 optimal 5
284999 eval return 1.366 +/- 0.02
time:  26.458 SPS: 182
289999 success 1.0 +/- 0.0
289999 eval steps mean 21.2 best 19 optimal 5
289999 eval return 1.36 +/- 0.031
time:  26.911 SPS: 182
294999 success 0.9 +/- 0.1
294999 eval steps mean 28.7 best 19 optimal 5
294999 eval return 0.155 +/- 1.169
time:  27.372 SPS: 182
299999 success 1.0 +/- 0.0
299999 eval steps mean 20.1 best 19 optimal 5
299999 eval return 1.417 +/- 0.003
time:  27.833 SPS: 182
304999 success 1.0 +/- 0.0
304999 eval steps mean 20.0 best 19 optimal 5
304999 eval return 1.414 +/- 0.006
time:  28.285 SPS: 182
309999 success 1.0 +/- 0.0
309999 eval steps mean 19.9 best 19 optimal 5
309999 eval return 1.42 +/- 0.0
time:  28.742 SPS: 182
314999 success 1.0 +/- 0.0
314999 eval steps mean 20.2 best 19 optimal 5
314999 eval return 1.409 +/- 0.007
320000
GOAL [5 4]
time:  29.21 SPS: 182
319999 success 0.0 +/- 0.0
319999 eval steps mean 99.9 best 99 optimal 5
319999 eval return -19.616 +/- 0.05
time:  29.675 SPS: 182
324999 success 0.0 +/- 0.0
324999 eval steps mean 99.9 best 99 optimal 5
324999 eval return -19.074 +/- 0.016
time:  30.145 SPS: 182
329999 success 0.0 +/- 0.0
329999 eval steps mean 99.9 best 99 optimal 5
329999 eval return -12.177 +/- 0.099
time:  30.574 SPS: 182
334999 success 0.0 +/- 0.0
334999 eval steps mean 99.9 best 99 optimal 5
334999 eval return -12.02 +/- 0.0
time:  30.996 SPS: 182
339999 success 0.0 +/- 0.0
339999 eval steps mean 99.9 best 99 optimal 5
339999 eval return -12.02 +/- 0.0
time:  31.419 SPS: 183
344999 success 0.0 +/- 0.0
344999 eval steps mean 99.9 best 99 optimal 5
344999 eval return -12.02 +/- 0.0
time:  31.843 SPS: 183
349999 success 0.0 +/- 0.0
349999 eval steps mean 99.9 best 99 optimal 5
349999 eval return -12.21 +/- 0.127
time:  32.267 SPS: 183
354999 success 0.0 +/- 0.0
354999 eval steps mean 99.9 best 99 optimal 5
354999 eval return -12.02 +/- 0.0
360000
GOAL [9 0]
time:  32.694 SPS: 183
359999 success 0.0 +/- 0.0
359999 eval steps mean 99.9 best 99 optimal 9
359999 eval return -15.96 +/- 0.0
time:  33.131 SPS: 183
364999 success 0.0 +/- 0.0
364999 eval steps mean 99.9 best 99 optimal 9
364999 eval return -16.954 +/- 0.681
time:  33.596 SPS: 183
369999 success 0.0 +/- 0.0
369999 eval steps mean 99.9 best 99 optimal 9
369999 eval return -5.77 +/- 0.192
time:  34.068 SPS: 183
374999 success 0.9 +/- 0.1
374999 eval steps mean 52.7 best 18 optimal 9
374999 eval return 0.02 +/- 0.694
time:  34.522 SPS: 183
379999 success 0.9 +/- 0.1
379999 eval steps mean 31.6 best 20 optimal 9
379999 eval return -0.694 +/- 2.175
time:  34.971 SPS: 183
384999 success 1.0 +/- 0.0
384999 eval steps mean 18.2 best 16 optimal 9
384999 eval return 1.706 +/- 0.052
time:  35.421 SPS: 183
389999 success 1.0 +/- 0.0
389999 eval steps mean 15.9 best 15 optimal 9
389999 eval return 1.8 +/- 0.0
time:  35.872 SPS: 183
394999 success 1.0 +/- 0.0
394999 eval steps mean 16.3 best 15 optimal 9
394999 eval return 1.79 +/- 0.01
400000
GOAL [12  4]
time:  36.34 SPS: 183
399999 success 1.0 +/- 0.0
399999 eval steps mean 8.9 best 8 optimal 8
399999 eval return 2.64 +/- 0.0
time:  36.789 SPS: 183
404999 success 1.0 +/- 0.0
404999 eval steps mean 9.0 best 8 optimal 8
404999 eval return 2.637 +/- 0.003
time:  37.235 SPS: 183
409999 success 1.0 +/- 0.0
409999 eval steps mean 8.9 best 8 optimal 8
409999 eval return 2.64 +/- 0.0
time:  37.687 SPS: 183
414999 success 1.0 +/- 0.0
414999 eval steps mean 8.9 best 8 optimal 8
414999 eval return 2.64 +/- 0.0
time:  38.139 SPS: 183
419999 success 1.0 +/- 0.0
419999 eval steps mean 8.9 best 8 optimal 8
419999 eval return 2.64 +/- 0.0
time:  38.587 SPS: 183
424999 success 1.0 +/- 0.0
424999 eval steps mean 8.9 best 8 optimal 8
424999 eval return 2.64 +/- 0.0
time:  39.036 SPS: 183
429999 success 1.0 +/- 0.0
429999 eval steps mean 8.9 best 8 optimal 8
429999 eval return 2.64 +/- 0.0
time:  39.483 SPS: 183
434999 success 1.0 +/- 0.0
434999 eval steps mean 8.9 best 8 optimal 8
434999 eval return 2.64 +/- 0.0
440000
GOAL [10  0]
time:  39.933 SPS: 183
439999 success 0.0 +/- 0.0
439999 eval steps mean 99.9 best 99 optimal 10
439999 eval return -5.559 +/- 0.067
time:  40.378 SPS: 183
444999 success 0.0 +/- 0.0
444999 eval steps mean 99.9 best 99 optimal 10
444999 eval return -4.035 +/- 0.465
time:  40.847 SPS: 183
449999 success 0.0 +/- 0.0
449999 eval steps mean 99.9 best 99 optimal 10
449999 eval return -3.242 +/- 0.051
time:  41.319 SPS: 183
454999 success 0.0 +/- 0.0
454999 eval steps mean 99.9 best 99 optimal 10
454999 eval return -3.514 +/- 0.265
time:  41.779 SPS: 183
459999 success 1.0 +/- 0.0
459999 eval steps mean 15.7 best 14 optimal 10
459999 eval return 1.938 +/- 0.009
time:  42.222 SPS: 183
464999 success 1.0 +/- 0.0
464999 eval steps mean 14.9 best 14 optimal 10
464999 eval return 1.95 +/- 0.0
time:  42.674 SPS: 183
469999 success 1.0 +/- 0.0
469999 eval steps mean 14.9 best 14 optimal 10
469999 eval return 1.95 +/- 0.0
time:  43.126 SPS: 183
474999 success 1.0 +/- 0.0
474999 eval steps mean 14.9 best 14 optimal 10
474999 eval return 1.95 +/- 0.0
480000
GOAL [14 11]
time:  43.597 SPS: 183
479999 success 0.0 +/- 0.0
479999 eval steps mean 99.9 best 99 optimal 11
479999 eval return -13.222 +/- 0.05
time:  44.04 SPS: 183
484999 success 0.0 +/- 0.0
484999 eval steps mean 99.9 best 99 optimal 11
484999 eval return -13.039 +/- 0.114
time:  44.465 SPS: 183
489999 success 0.0 +/- 0.0
489999 eval steps mean 99.9 best 99 optimal 11
489999 eval return -12.849 +/- 0.207
time:  44.887 SPS: 183
494999 success 0.0 +/- 0.0
494999 eval steps mean 99.9 best 99 optimal 11
494999 eval return -12.914 +/- 0.228
time:  45.312 SPS: 183
499999 success 0.0 +/- 0.0
499999 eval steps mean 99.9 best 99 optimal 11
499999 eval return -12.942 +/- 0.213
time:  45.738 SPS: 184
504999 success 0.0 +/- 0.0
504999 eval steps mean 99.9 best 99 optimal 11
504999 eval return -8.204 +/- 0.123
time:  46.166 SPS: 184
509999 success 0.0 +/- 0.0
509999 eval steps mean 99.9 best 99 optimal 11
509999 eval return -8.02 +/- 0.0
time:  46.593 SPS: 184
514999 success 0.0 +/- 0.0
514999 eval steps mean 99.9 best 99 optimal 11
514999 eval return -8.02 +/- 0.0
520000
GOAL [10  0]
time:  47.029 SPS: 184
519999 success 0.0 +/- 0.0
519999 eval steps mean 99.9 best 99 optimal 10
519999 eval return -11.02 +/- 0.0
time:  47.451 SPS: 184
524999 success 0.0 +/- 0.0
524999 eval steps mean 99.9 best 99 optimal 10
524999 eval return -11.02 +/- 0.0
time:  47.873 SPS: 184
529999 success 0.0 +/- 0.0
529999 eval steps mean 99.9 best 99 optimal 10
529999 eval return -11.02 +/- 0.0
time:  48.297 SPS: 184
534999 success 0.0 +/- 0.0
534999 eval steps mean 99.9 best 99 optimal 10
534999 eval return -11.02 +/- 0.0
time:  48.719 SPS: 184
539999 success 0.0 +/- 0.0
539999 eval steps mean 99.9 best 99 optimal 10
539999 eval return -11.02 +/- 0.0
time:  49.142 SPS: 184
544999 success 0.0 +/- 0.0
544999 eval steps mean 99.9 best 99 optimal 10
544999 eval return -11.02 +/- 0.0
time:  49.567 SPS: 184
549999 success 0.0 +/- 0.0
549999 eval steps mean 99.9 best 99 optimal 10
549999 eval return -11.02 +/- 0.0
time:  49.988 SPS: 185
554999 success 0.0 +/- 0.0
554999 eval steps mean 99.9 best 99 optimal 10
554999 eval return -11.02 +/- 0.0
560000
GOAL [13  0]
time:  50.422 SPS: 185
559999 success 0.0 +/- 0.0
559999 eval steps mean 99.9 best 99 optimal 13
559999 eval return -10.02 +/- 0.0
time:  50.849 SPS: 185
564999 success 0.0 +/- 0.0
564999 eval steps mean 99.9 best 99 optimal 13
564999 eval return -10.02 +/- 0.0
time:  51.278 SPS: 185
569999 success 1.0 +/- 0.0
569999 eval steps mean 32.0 best 18 optimal 13
569999 eval return 1.202 +/- 0.583
time:  51.728 SPS: 185
574999 success 1.0 +/- 0.0
574999 eval steps mean 17.9 best 17 optimal 13
574999 eval return 1.87 +/- 0.0
time:  52.18 SPS: 185
579999 success 1.0 +/- 0.0
579999 eval steps mean 17.9 best 17 optimal 13
579999 eval return 1.87 +/- 0.0
time:  52.628 SPS: 185
584999 success 1.0 +/- 0.0
584999 eval steps mean 17.9 best 17 optimal 13
584999 eval return 1.874 +/- 0.004
time:  53.076 SPS: 185
589999 success 1.0 +/- 0.0
589999 eval steps mean 14.1 best 13 optimal 13
589999 eval return 2.079 +/- 0.011
time:  53.528 SPS: 185
594999 success 1.0 +/- 0.0
594999 eval steps mean 13.9 best 13 optimal 13
594999 eval return 2.09 +/- 0.0
600000
GOAL [12 11]
time:  53.988 SPS: 185
599999 success 0.0 +/- 0.0
599999 eval steps mean 99.9 best 99 optimal 9
599999 eval return -11.914 +/- 0.332
time:  54.411 SPS: 185
604999 success 0.0 +/- 0.0
604999 eval steps mean 99.9 best 99 optimal 9
604999 eval return -12.257 +/- 0.005
time:  54.836 SPS: 185
609999 success 0.0 +/- 0.0
609999 eval steps mean 99.9 best 99 optimal 9
609999 eval return -9.501 +/- 0.344
time:  55.273 SPS: 185
614999 success 0.0 +/- 0.0
614999 eval steps mean 99.9 best 99 optimal 9
614999 eval return -8.748 +/- 0.403
time:  55.712 SPS: 185
619999 success 0.0 +/- 0.0
619999 eval steps mean 99.9 best 99 optimal 9
619999 eval return -8.174 +/- 0.204
time:  56.157 SPS: 185
624999 success 0.0 +/- 0.0
624999 eval steps mean 99.9 best 99 optimal 9
624999 eval return -7.97 +/- 0.0
time:  56.598 SPS: 185
629999 success 0.0 +/- 0.0
629999 eval steps mean 99.9 best 99 optimal 9
629999 eval return -7.97 +/- 0.0
time:  57.038 SPS: 185
634999 success 0.0 +/- 0.0
634999 eval steps mean 99.9 best 99 optimal 9
634999 eval return -7.97 +/- 0.0
640000
GOAL [10  7]
time:  57.491 SPS: 185
639999 success 1.0 +/- 0.0
639999 eval steps mean 3.9 best 3 optimal 3
639999 eval return 2.94 +/- 0.0
time:  57.931 SPS: 185
644999 success 1.0 +/- 0.0
644999 eval steps mean 3.9 best 3 optimal 3
644999 eval return 2.94 +/- 0.0
time:  58.38 SPS: 185
649999 success 1.0 +/- 0.0
649999 eval steps mean 3.9 best 3 optimal 3
649999 eval return 2.94 +/- 0.0
time:  58.827 SPS: 185
654999 success 1.0 +/- 0.0
654999 eval steps mean 3.9 best 3 optimal 3
654999 eval return 2.94 +/- 0.0
time:  59.279 SPS: 185
659999 success 1.0 +/- 0.0
659999 eval steps mean 3.9 best 3 optimal 3
659999 eval return 2.94 +/- 0.0
time:  59.788 SPS: 185
664999 success 1.0 +/- 0.0
664999 eval steps mean 3.9 best 3 optimal 3
664999 eval return 2.94 +/- 0.0
time:  69.948 SPS: 159
669999 success 1.0 +/- 0.0
669999 eval steps mean 3.9 best 3 optimal 3
669999 eval return 2.94 +/- 0.0
time:  75.959 SPS: 148
674999 success 1.0 +/- 0.0
674999 eval steps mean 3.9 best 3 optimal 3
674999 eval return 2.94 +/- 0.0
680000
GOAL [12  8]
time:  80.397 SPS: 140
679999 success 0.0 +/- 0.0
679999 eval steps mean 99.9 best 99 optimal 6
679999 eval return -3.114 +/- 0.094
time:  80.766 SPS: 141
684999 success 0.0 +/- 0.0
684999 eval steps mean 99.9 best 99 optimal 6
684999 eval return -4.97 +/- 0.0
time:  81.154 SPS: 141
689999 success 0.0 +/- 0.0
689999 eval steps mean 99.9 best 99 optimal 6
689999 eval return -4.97 +/- 0.0
time:  81.53 SPS: 142
694999 success 0.0 +/- 0.0
694999 eval steps mean 99.9 best 99 optimal 6
694999 eval return -4.97 +/- 0.0
time:  81.907 SPS: 142
699999 success 0.0 +/- 0.0
699999 eval steps mean 99.9 best 99 optimal 6
699999 eval return -4.97 +/- 0.0
time:  82.299 SPS: 142
704999 success 0.0 +/- 0.0
704999 eval steps mean 99.9 best 99 optimal 6
704999 eval return -4.97 +/- 0.0
time:  82.678 SPS: 143
709999 success 0.0 +/- 0.0
709999 eval steps mean 99.9 best 99 optimal 6
709999 eval return -4.97 +/- 0.0
time:  83.073 SPS: 143
714999 success 0.1 +/- 0.1
714999 eval steps mean 91.6 best 16 optimal 6
714999 eval return -5.633 +/- 1.003
720000
GOAL [ 6 13]
time:  83.491 SPS: 143
719999 success 0.0 +/- 0.0
719999 eval steps mean 99.9 best 99 optimal 7
719999 eval return -14.629 +/- 0.185
time:  83.905 SPS: 144
724999 success 1.0 +/- 0.0
724999 eval steps mean 19.4 best 18 optimal 7
724999 eval return 1.279 +/- 0.081
time:  84.304 SPS: 144
729999 success 1.0 +/- 0.0
729999 eval steps mean 17.9 best 17 optimal 7
729999 eval return 1.49 +/- 0.0
time:  84.704 SPS: 144
734999 success 1.0 +/- 0.0
734999 eval steps mean 18.0 best 18 optimal 7
734999 eval return 1.484 +/- 0.006
time:  85.095 SPS: 144
739999 success 1.0 +/- 0.0
739999 eval steps mean 17.9 best 17 optimal 7
739999 eval return 1.49 +/- 0.0
time:  85.474 SPS: 145
744999 success 0.9 +/- 0.1
744999 eval steps mean 26.1 best 17 optimal 7
744999 eval return 0.913 +/- 0.577
time:  85.873 SPS: 145
749999 success 0.8 +/- 0.133
749999 eval steps mean 59.9 best 18 optimal 7
749999 eval return -2.243 +/- 0.999
time:  86.278 SPS: 145
754999 success 1.0 +/- 0.0
754999 eval steps mean 17.9 best 17 optimal 7
754999 eval return 1.49 +/- 0.0
760000
GOAL [ 7 10]
time:  86.674 SPS: 146
759999 success 0.0 +/- 0.0
759999 eval steps mean 99.9 best 99 optimal 3
759999 eval return -5.165 +/- 0.086
time:  87.093 SPS: 146
764999 success 0.0 +/- 0.0
764999 eval steps mean 99.9 best 99 optimal 3
764999 eval return -11.667 +/- 1.063
time:  87.504 SPS: 146
769999 success 0.0 +/- 0.0
769999 eval steps mean 99.9 best 99 optimal 3
769999 eval return -4.581 +/- 0.023
time:  87.915 SPS: 146
774999 success 0.0 +/- 0.0
774999 eval steps mean 99.9 best 99 optimal 3
774999 eval return -5.284 +/- 0.043
time:  88.327 SPS: 147
779999 success 0.0 +/- 0.0
779999 eval steps mean 99.9 best 99 optimal 3
779999 eval return -4.667 +/- 0.02
time:  88.728 SPS: 147
784999 success 0.0 +/- 0.0
784999 eval steps mean 99.9 best 99 optimal 3
784999 eval return -4.745 +/- 0.045
time:  89.128 SPS: 147
789999 success 0.0 +/- 0.0
789999 eval steps mean 99.9 best 99 optimal 3
789999 eval return -4.71 +/- 0.016
time:  89.533 SPS: 147
794999 success 0.0 +/- 0.0
794999 eval steps mean 99.9 best 99 optimal 3
794999 eval return -4.609 +/- 0.016
800000
GOAL [12 11]
time:  89.961 SPS: 148
799999 success 0.0 +/- 0.0
799999 eval steps mean 99.9 best 99 optimal 9
799999 eval return -6.614 +/- 0.026
done RL run. Time 90.06521141999983 min
