agent_dict keys dict_keys(['base_algorithm', 'learning_rate', 'num_envs', 'rollout_num_steps', 'gamma', 'gae_lambda', 'num_minibatches', 'update_epochs', 'minibatch_size', 'norm_adv', 'clip_coef', 'clip_vloss', 'ent_coef', 'vf_coef', 'max_grad_norm', 'rpo_alpha', 'parseval_reg', 'input_scale', 'learnable_input_scale', 'add_diag_layer', 'lie_group', 'pion', 'pion_block_size', 'oft', 'poet', 'layer_norm', 'layer_norm_no_params', 'weight_decay', 'tuned_adam', 'perturb', 'perturb_dist', 'regen', 'regen_wasserstein', 'weight_init', 'net_width', 'net_activation', 'init_gain', 'parseval_norm', 'parseval_num_groups'])
env_dict keys dict_keys(['env', 'change_freq', 'seed', 'env_type'])
Start RL run!
{'base_algorithm': 'ppo_agent', 'learning_rate': 0.01, 'num_envs': 1, 'rollout_num_steps': 128, 'gamma': 0.99, 'gae_lambda': 0.95, 'num_minibatches': 4, 'update_epochs': 4, 'minibatch_size': 32, 'norm_adv': True, 'clip_coef': 0.2, 'clip_vloss': True, 'ent_coef': 0.01, 'vf_coef': 0.5, 'max_grad_norm': 0.5, 'rpo_alpha': 0, 'parseval_reg': 0, 'input_scale': 1, 'learnable_input_scale': False, 'add_diag_layer': False, 'lie_group': False, 'pion': False, 'pion_block_size': None, 'oft': True, 'poet': False, 'layer_norm': False, 'layer_norm_no_params': False, 'weight_decay': 0, 'tuned_adam': False, 'perturb': 0.0, 'perturb_dist': 'xavier', 'regen': 0.0, 'regen_wasserstein': False, 'weight_init': 'orthogonal', 'net_width': 64, 'net_activation': 'tanh', 'init_gain': None, 'parseval_norm': False, 'parseval_num_groups': 1, 'device': 'cpu'}
{'env': 'gridworld_ninerooms', 'change_freq': 40000, 'seed': 127, 'env_type': 'rl', 'local_run': False}
Running on gpu: False
Gridworld args () {'env': 'gridworld_ninerooms', 'change_freq': 40000, 'seed': 127, 'env_type': 'rl', 'local_run': False}
time:  0.039 SPS: 0
0 success 0.0 +/- 0.0
0 eval steps mean 99.9 best 99 optimal 7
0 eval return -15.974 +/- 0.398
time:  0.545 SPS: 152
4999 success 0.2 +/- 0.133
4999 eval steps mean 92.3 best 33 optimal 7
4999 eval return -8.982 +/- 1.454
time:  1.079 SPS: 154
9999 success 0.5 +/- 0.167
9999 eval steps mean 82.5 best 41 optimal 7
9999 eval return -6.624 +/- 1.394
time:  1.615 SPS: 154
14999 success 1.0 +/- 0.0
14999 eval steps mean 32.4 best 18 optimal 7
14999 eval return 0.407 +/- 0.648
time:  2.127 SPS: 156
19999 success 0.1 +/- 0.1
19999 eval steps mean 91.9 best 20 optimal 7
19999 eval return -8.727 +/- 1.342
time:  2.633 SPS: 158
24999 success 0.0 +/- 0.0
24999 eval steps mean 99.9 best 99 optimal 7
24999 eval return -12.879 +/- 0.654
time:  3.122 SPS: 160
29999 success 0.7 +/- 0.153
29999 eval steps mean 48.3 best 18 optimal 7
29999 eval return -3.041 +/- 2.072
time:  3.58 SPS: 162
34999 success 1.0 +/- 0.0
34999 eval steps mean 22.3 best 19 optimal 7
34999 eval return 1.224 +/- 0.065
40000
GOAL [9 3]
time:  4.06 SPS: 164
39999 success 0.0 +/- 0.0
39999 eval steps mean 99.9 best 99 optimal 6
39999 eval return -5.179 +/- 0.213
time:  4.637 SPS: 161
44999 success 0.0 +/- 0.0
44999 eval steps mean 99.9 best 99 optimal 6
44999 eval return -6.198 +/- 1.653
time:  5.206 SPS: 160
49999 success 1.0 +/- 0.0
49999 eval steps mean 28.2 best 15 optimal 6
49999 eval return 1.341 +/- 0.221
time:  5.774 SPS: 158
54999 success 0.7 +/- 0.153
54999 eval steps mean 54.0 best 14 optimal 6
54999 eval return 0.072 +/- 0.738
time:  6.353 SPS: 157
59999 success 1.0 +/- 0.0
59999 eval steps mean 19.9 best 15 optimal 6
59999 eval return 1.788 +/- 0.053
time:  6.826 SPS: 158
64999 success 0.4 +/- 0.163
64999 eval steps mean 72.2 best 17 optimal 6
64999 eval return -8.194 +/- 2.43
time:  7.288 SPS: 160
69999 success 0.0 +/- 0.0
69999 eval steps mean 99.9 best 99 optimal 6
69999 eval return -10.348 +/- 0.285
time:  7.735 SPS: 161
74999 success 1.0 +/- 0.0
74999 eval steps mean 14.9 best 14 optimal 6
74999 eval return 1.95 +/- 0.0
80000
GOAL [6 4]
time:  8.187 SPS: 162
79999 success 0.3 +/- 0.153
79999 eval steps mean 76.0 best 19 optimal 4
79999 eval return -5.212 +/- 1.397
time:  8.64 SPS: 163
84999 success 0.2 +/- 0.133
84999 eval steps mean 91.3 best 38 optimal 4
84999 eval return -10.2 +/- 1.495
time:  9.091 SPS: 164
89999 success 1.0 +/- 0.0
89999 eval steps mean 22.5 best 19 optimal 4
89999 eval return 1.087 +/- 0.069
time:  9.524 SPS: 166
94999 success 0.6 +/- 0.163
94999 eval steps mean 53.3 best 19 optimal 4
94999 eval return -6.612 +/- 3.138
time:  9.968 SPS: 167
99999 success 1.0 +/- 0.0
99999 eval steps mean 35.0 best 19 optimal 4
99999 eval return 0.456 +/- 0.429
time:  10.418 SPS: 167
104999 success 0.9 +/- 0.1
104999 eval steps mean 29.5 best 19 optimal 4
104999 eval return -0.57 +/- 1.625
time:  10.859 SPS: 168
109999 success 0.0 +/- 0.0
109999 eval steps mean 99.9 best 99 optimal 4
109999 eval return -15.0 +/- 0.0
time:  11.279 SPS: 169
114999 success 0.0 +/- 0.0
114999 eval steps mean 99.9 best 99 optimal 4
114999 eval return -15.0 +/- 0.0
120000
GOAL [13 13]
time:  11.707 SPS: 170
119999 success 0.0 +/- 0.0
119999 eval steps mean 99.9 best 99 optimal 12
119999 eval return -9.02 +/- 0.0
time:  12.123 SPS: 171
124999 success 0.0 +/- 0.0
124999 eval steps mean 99.9 best 99 optimal 12
124999 eval return -9.02 +/- 0.0
time:  12.536 SPS: 172
129999 success 0.0 +/- 0.0
129999 eval steps mean 99.9 best 99 optimal 12
129999 eval return -9.02 +/- 0.0
time:  12.957 SPS: 173
134999 success 0.0 +/- 0.0
134999 eval steps mean 99.9 best 99 optimal 12
134999 eval return -14.569 +/- 0.523
time:  13.385 SPS: 174
139999 success 0.0 +/- 0.0
139999 eval steps mean 99.9 best 99 optimal 12
139999 eval return -9.02 +/- 0.0
time:  13.825 SPS: 174
144999 success 0.0 +/- 0.0
144999 eval steps mean 99.9 best 99 optimal 12
144999 eval return -9.02 +/- 0.0
time:  14.249 SPS: 175
149999 success 0.0 +/- 0.0
149999 eval steps mean 99.9 best 99 optimal 12
149999 eval return -9.02 +/- 0.0
time:  14.692 SPS: 175
154999 success 0.0 +/- 0.0
154999 eval steps mean 99.9 best 99 optimal 12
154999 eval return -9.02 +/- 0.0
160000
GOAL [10  4]
time:  15.145 SPS: 176
159999 success 0.0 +/- 0.0
159999 eval steps mean 99.9 best 99 optimal 6
159999 eval return -7.02 +/- 0.0
time:  15.583 SPS: 176
164999 success 0.0 +/- 0.0
164999 eval steps mean 99.9 best 99 optimal 6
164999 eval return -7.02 +/- 0.0
time:  16.026 SPS: 176
169999 success 0.0 +/- 0.0
169999 eval steps mean 99.9 best 99 optimal 6
169999 eval return -7.02 +/- 0.0
time:  16.453 SPS: 177
174999 success 0.0 +/- 0.0
174999 eval steps mean 99.9 best 99 optimal 6
174999 eval return -7.02 +/- 0.0
time:  16.88 SPS: 177
179999 success 0.0 +/- 0.0
179999 eval steps mean 99.9 best 99 optimal 6
179999 eval return -7.02 +/- 0.0
time:  17.305 SPS: 178
184999 success 0.0 +/- 0.0
184999 eval steps mean 99.9 best 99 optimal 6
184999 eval return -7.02 +/- 0.0
time:  17.729 SPS: 178
189999 success 0.0 +/- 0.0
189999 eval steps mean 99.9 best 99 optimal 6
189999 eval return -7.02 +/- 0.0
time:  18.151 SPS: 179
194999 success 0.0 +/- 0.0
194999 eval steps mean 99.9 best 99 optimal 6
194999 eval return -7.02 +/- 0.0
200000
GOAL [12 14]
time:  18.578 SPS: 179
199999 success 0.0 +/- 0.0
199999 eval steps mean 99.9 best 99 optimal 12
199999 eval return -9.02 +/- 0.0
time:  19.012 SPS: 179
204999 success 0.0 +/- 0.0
204999 eval steps mean 99.9 best 99 optimal 12
204999 eval return -9.02 +/- 0.0
time:  19.447 SPS: 179
209999 success 0.0 +/- 0.0
209999 eval steps mean 99.9 best 99 optimal 12
209999 eval return -9.02 +/- 0.0
time:  19.888 SPS: 180
214999 success 0.0 +/- 0.0
214999 eval steps mean 99.9 best 99 optimal 12
214999 eval return -9.02 +/- 0.0
time:  20.332 SPS: 180
219999 success 0.0 +/- 0.0
219999 eval steps mean 99.9 best 99 optimal 12
219999 eval return -9.02 +/- 0.0
time:  20.778 SPS: 180
224999 success 0.0 +/- 0.0
224999 eval steps mean 99.9 best 99 optimal 12
224999 eval return -9.02 +/- 0.0
time:  21.265 SPS: 180
229999 success 0.0 +/- 0.0
229999 eval steps mean 99.9 best 99 optimal 12
229999 eval return -9.02 +/- 0.0
time:  21.775 SPS: 179
234999 success 0.0 +/- 0.0
234999 eval steps mean 99.9 best 99 optimal 12
234999 eval return -9.02 +/- 0.0
240000
GOAL [9 4]
time:  22.232 SPS: 179
239999 success 0.0 +/- 0.0
239999 eval steps mean 99.9 best 99 optimal 5
239999 eval return -12.02 +/- 0.0
time:  22.682 SPS: 180
244999 success 0.0 +/- 0.0
244999 eval steps mean 99.9 best 99 optimal 5
244999 eval return -12.02 +/- 0.0
time:  23.127 SPS: 180
249999 success 0.0 +/- 0.0
249999 eval steps mean 99.9 best 99 optimal 5
249999 eval return -12.02 +/- 0.0
