agent_dict keys dict_keys(['base_algorithm', 'learning_rate', 'num_envs', 'rollout_num_steps', 'gamma', 'gae_lambda', 'num_minibatches', 'update_epochs', 'minibatch_size', 'norm_adv', 'clip_coef', 'clip_vloss', 'ent_coef', 'vf_coef', 'max_grad_norm', 'rpo_alpha', 'parseval_reg', 'input_scale', 'learnable_input_scale', 'add_diag_layer', 'lie_group', 'pion', 'pion_block_size', 'oft', 'poet', 'layer_norm', 'layer_norm_no_params', 'weight_decay', 'tuned_adam', 'perturb', 'perturb_dist', 'regen', 'regen_wasserstein', 'weight_init', 'net_width', 'net_activation', 'init_gain', 'parseval_norm', 'parseval_num_groups'])
env_dict keys dict_keys(['env', 'change_freq', 'seed', 'env_type'])
Start RL run!
{'base_algorithm': 'ppo_agent', 'learning_rate': 0.001, 'num_envs': 1, 'rollout_num_steps': 128, 'gamma': 0.99, 'gae_lambda': 0.95, 'num_minibatches': 4, 'update_epochs': 4, 'minibatch_size': 32, 'norm_adv': True, 'clip_coef': 0.2, 'clip_vloss': True, 'ent_coef': 0.01, 'vf_coef': 0.5, 'max_grad_norm': 0.5, 'rpo_alpha': 0, 'parseval_reg': 0, 'input_scale': 1, 'learnable_input_scale': False, 'add_diag_layer': False, 'lie_group': False, 'pion': False, 'pion_block_size': None, 'oft': True, 'poet': False, 'layer_norm': False, 'layer_norm_no_params': False, 'weight_decay': 0, 'tuned_adam': False, 'perturb': 0.0, 'perturb_dist': 'xavier', 'regen': 0.0, 'regen_wasserstein': False, 'weight_init': 'orthogonal', 'net_width': 64, 'net_activation': 'tanh', 'init_gain': None, 'parseval_norm': False, 'parseval_num_groups': 1, 'device': 'cpu'}
{'env': 'gridworld_ninerooms', 'change_freq': 40000, 'seed': 124, 'env_type': 'rl', 'local_run': False}
Running on gpu: False
Gridworld args () {'env': 'gridworld_ninerooms', 'change_freq': 40000, 'seed': 124, 'env_type': 'rl', 'local_run': False}
time:  0.053 SPS: 0
0 success 0.0 +/- 0.0
0 eval steps mean 99.9 best 99 optimal 10
0 eval return -10.632 +/- 0.183
time:  0.504 SPS: 165
4999 success 0.1 +/- 0.1
4999 eval steps mean 91.2 best 12 optimal 10
4999 eval return -5.918 +/- 1.166
time:  0.932 SPS: 178
9999 success 0.0 +/- 0.0
9999 eval steps mean 99.9 best 99 optimal 10
9999 eval return -6.207 +/- 0.629
time:  1.359 SPS: 183
14999 success 0.0 +/- 0.0
14999 eval steps mean 99.9 best 99 optimal 10
14999 eval return -6.615 +/- 0.747
time:  1.812 SPS: 183
19999 success 0.0 +/- 0.0
19999 eval steps mean 99.9 best 99 optimal 10
19999 eval return -6.128 +/- 0.638
time:  2.255 SPS: 184
24999 success 0.5 +/- 0.167
24999 eval steps mean 76.4 best 13 optimal 10
24999 eval return -3.801 +/- 1.648
time:  2.716 SPS: 184
29999 success 0.7 +/- 0.153
29999 eval steps mean 61.4 best 28 optimal 10
29999 eval return -1.891 +/- 1.617
time:  3.17 SPS: 184
34999 success 0.4 +/- 0.163
34999 eval steps mean 75.0 best 24 optimal 10
34999 eval return -4.86 +/- 1.844
40000
GOAL [12 11]
time:  3.637 SPS: 183
39999 success 0.9 +/- 0.1
39999 eval steps mean 28.0 best 10 optimal 9
39999 eval return 0.986 +/- 1.194
time:  4.083 SPS: 183
44999 success 0.9 +/- 0.1
44999 eval steps mean 26.1 best 11 optimal 9
44999 eval return 1.547 +/- 0.654
time:  4.529 SPS: 184
49999 success 0.9 +/- 0.1
49999 eval steps mean 19.8 best 9 optimal 9
49999 eval return 1.331 +/- 1.175
time:  4.976 SPS: 184
54999 success 1.0 +/- 0.0
54999 eval steps mean 13.8 best 10 optimal 9
54999 eval return 2.396 +/- 0.123
time:  5.42 SPS: 184
59999 success 0.9 +/- 0.1
59999 eval steps mean 18.9 best 9 optimal 9
59999 eval return 1.396 +/- 1.154
time:  5.866 SPS: 184
64999 success 1.0 +/- 0.0
64999 eval steps mean 9.9 best 9 optimal 9
64999 eval return 2.55 +/- 0.0
time:  6.306 SPS: 184
69999 success 1.0 +/- 0.0
69999 eval steps mean 9.9 best 9 optimal 9
69999 eval return 2.55 +/- 0.0
time:  6.752 SPS: 185
74999 success 1.0 +/- 0.0
74999 eval steps mean 10.1 best 9 optimal 9
74999 eval return 2.535 +/- 0.015
80000
GOAL [ 9 14]
time:  7.213 SPS: 184
79999 success 0.0 +/- 0.0
79999 eval steps mean 99.9 best 99 optimal 9
79999 eval return -9.028 +/- 0.015
time:  7.637 SPS: 185
84999 success 0.0 +/- 0.0
84999 eval steps mean 99.9 best 99 optimal 9
84999 eval return -9.16 +/- 0.334
time:  8.063 SPS: 186
89999 success 0.0 +/- 0.0
89999 eval steps mean 99.9 best 99 optimal 9
89999 eval return -9.159 +/- 0.402
time:  8.491 SPS: 186
94999 success 0.0 +/- 0.0
94999 eval steps mean 99.9 best 99 optimal 9
94999 eval return -7.516 +/- 0.08
time:  8.915 SPS: 186
99999 success 0.0 +/- 0.0
99999 eval steps mean 99.9 best 99 optimal 9
99999 eval return -7.816 +/- 0.215
time:  9.337 SPS: 187
104999 success 0.0 +/- 0.0
104999 eval steps mean 99.9 best 99 optimal 9
104999 eval return -7.488 +/- 0.08
time:  9.782 SPS: 187
109999 success 0.0 +/- 0.0
109999 eval steps mean 99.9 best 99 optimal 9
109999 eval return -5.881 +/- 0.155
time:  10.25 SPS: 186
114999 success 0.0 +/- 0.0
114999 eval steps mean 99.9 best 99 optimal 9
114999 eval return -5.306 +/- 0.268
120000
GOAL [11  9]
time:  10.729 SPS: 186
119999 success 1.0 +/- 0.0
119999 eval steps mean 7.6 best 6 optimal 6
119999 eval return 2.759 +/- 0.023
time:  11.179 SPS: 186
124999 success 1.0 +/- 0.0
124999 eval steps mean 6.9 best 6 optimal 6
124999 eval return 2.79 +/- 0.0
time:  11.632 SPS: 186
129999 success 1.0 +/- 0.0
129999 eval steps mean 6.9 best 6 optimal 6
129999 eval return 2.79 +/- 0.0
time:  12.084 SPS: 186
134999 success 1.0 +/- 0.0
134999 eval steps mean 6.9 best 6 optimal 6
134999 eval return 2.79 +/- 0.0
time:  12.537 SPS: 186
139999 success 1.0 +/- 0.0
139999 eval steps mean 6.9 best 6 optimal 6
139999 eval return 2.79 +/- 0.0
time:  12.99 SPS: 186
144999 success 1.0 +/- 0.0
144999 eval steps mean 6.9 best 6 optimal 6
144999 eval return 2.79 +/- 0.0
time:  13.438 SPS: 186
149999 success 1.0 +/- 0.0
149999 eval steps mean 6.9 best 6 optimal 6
149999 eval return 2.79 +/- 0.0
time:  13.889 SPS: 185
154999 success 1.0 +/- 0.0
154999 eval steps mean 6.9 best 6 optimal 6
154999 eval return 2.79 +/- 0.0
160000
GOAL [13 14]
time:  14.354 SPS: 185
159999 success 0.0 +/- 0.0
159999 eval steps mean 99.9 best 99 optimal 13
159999 eval return -3.015 +/- 0.191
time:  14.79 SPS: 185
164999 success 1.0 +/- 0.0
164999 eval steps mean 14.2 best 13 optimal 13
164999 eval return 2.075 +/- 0.01
time:  15.237 SPS: 185
169999 success 1.0 +/- 0.0
169999 eval steps mean 13.9 best 13 optimal 13
169999 eval return 2.09 +/- 0.0
time:  15.682 SPS: 185
174999 success 1.0 +/- 0.0
174999 eval steps mean 13.9 best 13 optimal 13
174999 eval return 2.09 +/- 0.0
time:  16.128 SPS: 186
179999 success 1.0 +/- 0.0
179999 eval steps mean 13.9 best 13 optimal 13
179999 eval return 2.09 +/- 0.0
time:  16.576 SPS: 186
184999 success 0.9 +/- 0.1
184999 eval steps mean 22.5 best 13 optimal 13
184999 eval return 1.667 +/- 0.423
time:  17.028 SPS: 185
189999 success 1.0 +/- 0.0
189999 eval steps mean 13.9 best 13 optimal 13
189999 eval return 2.09 +/- 0.0
time:  17.476 SPS: 185
194999 success 1.0 +/- 0.0
194999 eval steps mean 13.9 best 13 optimal 13
194999 eval return 2.09 +/- 0.0
200000
GOAL [14  8]
time:  17.94 SPS: 185
199999 success 0.0 +/- 0.0
199999 eval steps mean 99.9 best 99 optimal 8
199999 eval return -9.034 +/- 0.026
time:  18.375 SPS: 185
204999 success 0.0 +/- 0.0
204999 eval steps mean 99.9 best 99 optimal 8
204999 eval return -8.697 +/- 0.12
time:  18.804 SPS: 186
209999 success 0.0 +/- 0.0
209999 eval steps mean 99.9 best 99 optimal 8
209999 eval return -7.954 +/- 0.573
time:  19.259 SPS: 186
214999 success 0.0 +/- 0.0
214999 eval steps mean 99.9 best 99 optimal 8
214999 eval return -7.425 +/- 0.636
time:  19.718 SPS: 185
219999 success 0.0 +/- 0.0
219999 eval steps mean 99.9 best 99 optimal 8
219999 eval return -4.434 +/- 0.437
time:  20.206 SPS: 185
224999 success 0.0 +/- 0.0
224999 eval steps mean 99.9 best 99 optimal 8
224999 eval return -3.881 +/- 0.074
time:  20.683 SPS: 185
229999 success 0.0 +/- 0.0
229999 eval steps mean 99.9 best 99 optimal 8
229999 eval return -3.786 +/- 0.096
time:  21.154 SPS: 185
234999 success 0.0 +/- 0.0
234999 eval steps mean 99.9 best 99 optimal 8
234999 eval return -3.924 +/- 0.274
240000
GOAL [12  5]
time:  21.642 SPS: 184
239999 success 0.0 +/- 0.0
239999 eval steps mean 99.9 best 99 optimal 7
239999 eval return -4.441 +/- 0.008
time:  22.111 SPS: 184
244999 success 1.0 +/- 0.0
244999 eval steps mean 8.5 best 7 optimal 7
244999 eval return 2.706 +/- 0.009
time:  22.561 SPS: 184
249999 success 1.0 +/- 0.0
249999 eval steps mean 8.9 best 8 optimal 7
249999 eval return 2.706 +/- 0.004
time:  23.013 SPS: 184
254999 success 1.0 +/- 0.0
254999 eval steps mean 7.9 best 7 optimal 7
254999 eval return 2.72 +/- 0.0
time:  23.466 SPS: 184
259999 success 1.0 +/- 0.0
259999 eval steps mean 8.1 best 7 optimal 7
259999 eval return 2.718 +/- 0.001
time:  23.914 SPS: 184
264999 success 1.0 +/- 0.0
264999 eval steps mean 7.9 best 7 optimal 7
264999 eval return 2.72 +/- 0.0
time:  24.364 SPS: 184
269999 success 1.0 +/- 0.0
269999 eval steps mean 7.9 best 7 optimal 7
269999 eval return 2.72 +/- 0.0
time:  24.819 SPS: 184
274999 success 1.0 +/- 0.0
274999 eval steps mean 7.9 best 7 optimal 7
274999 eval return 2.72 +/- 0.0
280000
GOAL [8 4]
time:  25.278 SPS: 184
279999 success 0.0 +/- 0.0
279999 eval steps mean 99.9 best 99 optimal 4
279999 eval return -10.471 +/- 0.155
time:  25.707 SPS: 184
284999 success 0.0 +/- 0.0
284999 eval steps mean 99.9 best 99 optimal 4
284999 eval return -10.245 +/- 1.207
time:  26.135 SPS: 184
289999 success 0.0 +/- 0.0
289999 eval steps mean 99.9 best 99 optimal 4
289999 eval return -9.968 +/- 0.135
time:  26.569 SPS: 185
294999 success 0.0 +/- 0.0
294999 eval steps mean 99.9 best 99 optimal 4
294999 eval return -8.646 +/- 0.187
time:  26.998 SPS: 185
299999 success 0.0 +/- 0.0
299999 eval steps mean 99.9 best 99 optimal 4
299999 eval return -8.536 +/- 0.098
time:  27.43 SPS: 185
304999 success 0.0 +/- 0.0
304999 eval steps mean 99.9 best 99 optimal 4
304999 eval return -8.386 +/- 0.066
time:  27.863 SPS: 185
309999 success 0.0 +/- 0.0
309999 eval steps mean 99.9 best 99 optimal 4
309999 eval return -9.171 +/- 0.759
time:  28.29 SPS: 185
314999 success 0.0 +/- 0.0
314999 eval steps mean 99.9 best 99 optimal 4
314999 eval return -9.208 +/- 0.878
320000
GOAL [13  2]
time:  28.735 SPS: 185
319999 success 0.0 +/- 0.0
319999 eval steps mean 99.9 best 99 optimal 11
319999 eval return -4.095 +/- 0.763
time:  29.164 SPS: 185
324999 success 0.0 +/- 0.0
324999 eval steps mean 99.9 best 99 optimal 11
324999 eval return -4.165 +/- 0.845
time:  29.597 SPS: 185
329999 success 1.0 +/- 0.0
329999 eval steps mean 11.9 best 11 optimal 11
329999 eval return 2.34 +/- 0.0
time:  30.03 SPS: 185
334999 success 1.0 +/- 0.0
334999 eval steps mean 11.9 best 11 optimal 11
334999 eval return 2.34 +/- 0.0
time:  30.476 SPS: 185
339999 success 1.0 +/- 0.0
339999 eval steps mean 11.9 best 11 optimal 11
339999 eval return 2.34 +/- 0.0
time:  30.92 SPS: 185
344999 success 1.0 +/- 0.0
344999 eval steps mean 11.9 best 11 optimal 11
344999 eval return 2.34 +/- 0.0
time:  31.365 SPS: 185
349999 success 1.0 +/- 0.0
349999 eval steps mean 12.0 best 11 optimal 11
349999 eval return 2.333 +/- 0.007
time:  31.817 SPS: 185
354999 success 1.0 +/- 0.0
354999 eval steps mean 11.9 best 11 optimal 11
354999 eval return 2.34 +/- 0.0
360000
GOAL [10 14]
time:  32.275 SPS: 185
359999 success 0.0 +/- 0.0
359999 eval steps mean 99.9 best 99 optimal 10
359999 eval return -17.01 +/- 0.177
time:  32.7 SPS: 186
364999 success 0.0 +/- 0.0
364999 eval steps mean 99.9 best 99 optimal 10
364999 eval return -16.657 +/- 0.191
time:  33.132 SPS: 186
369999 success 0.0 +/- 0.0
369999 eval steps mean 99.9 best 99 optimal 10
369999 eval return -12.95 +/- 0.512
time:  33.59 SPS: 186
374999 success 0.0 +/- 0.0
374999 eval steps mean 99.9 best 99 optimal 10
374999 eval return -9.525 +/- 0.03
time:  34.05 SPS: 186
379999 success 0.0 +/- 0.0
379999 eval steps mean 99.9 best 99 optimal 10
379999 eval return -2.887 +/- 0.046
time:  34.473 SPS: 186
384999 success 0.0 +/- 0.0
384999 eval steps mean 99.9 best 99 optimal 10
384999 eval return -2.8 +/- 0.027
time:  34.912 SPS: 186
389999 success 1.0 +/- 0.0
389999 eval steps mean 21.7 best 14 optimal 10
389999 eval return 1.677 +/- 0.053
time:  35.36 SPS: 186
394999 success 1.0 +/- 0.0
394999 eval steps mean 15.5 best 14 optimal 10
394999 eval return 1.929 +/- 0.015
400000
GOAL [8 3]
time:  35.826 SPS: 186
399999 success 0.0 +/- 0.0
399999 eval steps mean 99.9 best 99 optimal 5
399999 eval return -18.131 +/- 0.021
time:  36.29 SPS: 186
404999 success 0.0 +/- 0.0
404999 eval steps mean 99.9 best 99 optimal 5
404999 eval return -17.13 +/- 0.019
time:  36.75 SPS: 185
409999 success 0.0 +/- 0.0
409999 eval steps mean 99.9 best 99 optimal 5
409999 eval return -11.88 +/- 0.017
time:  37.223 SPS: 185
414999 success 0.0 +/- 0.0
414999 eval steps mean 99.9 best 99 optimal 5
414999 eval return -11.756 +/- 0.033
time:  37.698 SPS: 185
419999 success 0.0 +/- 0.0
419999 eval steps mean 99.9 best 99 optimal 5
419999 eval return -10.749 +/- 0.096
time:  38.175 SPS: 185
424999 success 0.0 +/- 0.0
424999 eval steps mean 99.9 best 99 optimal 5
424999 eval return -10.629 +/- 0.005
time:  38.653 SPS: 185
429999 success 0.0 +/- 0.0
429999 eval steps mean 99.9 best 99 optimal 5
429999 eval return -10.622 +/- 0.002
time:  39.129 SPS: 185
434999 success 0.0 +/- 0.0
434999 eval steps mean 99.9 best 99 optimal 5
434999 eval return -10.634 +/- 0.004
440000
GOAL [11  9]
time:  39.614 SPS: 185
439999 success 0.0 +/- 0.0
439999 eval steps mean 99.9 best 99 optimal 6
439999 eval return -3.28 +/- 0.015
time:  40.087 SPS: 185
444999 success 0.0 +/- 0.0
444999 eval steps mean 99.9 best 99 optimal 6
444999 eval return -2.614 +/- 0.008
time:  40.56 SPS: 184
449999 success 0.0 +/- 0.0
449999 eval steps mean 99.9 best 99 optimal 6
449999 eval return -2.59 +/- 0.004
time:  41.04 SPS: 184
454999 success 0.0 +/- 0.0
454999 eval steps mean 99.9 best 99 optimal 6
454999 eval return -2.582 +/- 0.002
time:  41.512 SPS: 184
459999 success 0.0 +/- 0.0
459999 eval steps mean 99.9 best 99 optimal 6
459999 eval return -2.58 +/- 0.0
time:  41.984 SPS: 184
464999 success 0.0 +/- 0.0
464999 eval steps mean 99.9 best 99 optimal 6
464999 eval return -2.582 +/- 0.002
time:  42.458 SPS: 184
469999 success 0.0 +/- 0.0
469999 eval steps mean 99.9 best 99 optimal 6
469999 eval return -2.58 +/- 0.0
time:  42.933 SPS: 184
474999 success 0.0 +/- 0.0
474999 eval steps mean 99.9 best 99 optimal 6
474999 eval return -2.582 +/- 0.002
480000
GOAL [12 10]
time:  43.425 SPS: 184
479999 success 0.0 +/- 0.0
479999 eval steps mean 99.9 best 99 optimal 8
479999 eval return -4.072 +/- 0.025
time:  43.904 SPS: 184
484999 success 0.0 +/- 0.0
484999 eval steps mean 99.9 best 99 optimal 8
484999 eval return -3.637 +/- 0.01
time:  44.375 SPS: 184
489999 success 0.0 +/- 0.0
489999 eval steps mean 99.9 best 99 optimal 8
489999 eval return -3.624 +/- 0.003
time:  44.848 SPS: 183
494999 success 0.0 +/- 0.0
494999 eval steps mean 99.9 best 99 optimal 8
494999 eval return -3.62 +/- 0.0
time:  45.32 SPS: 183
499999 success 0.0 +/- 0.0
499999 eval steps mean 99.9 best 99 optimal 8
499999 eval return -3.62 +/- 0.0
time:  45.797 SPS: 183
504999 success 0.0 +/- 0.0
504999 eval steps mean 99.9 best 99 optimal 8
504999 eval return -3.62 +/- 0.0
time:  46.279 SPS: 183
509999 success 0.0 +/- 0.0
509999 eval steps mean 99.9 best 99 optimal 8
509999 eval return -3.62 +/- 0.0
time:  46.762 SPS: 183
514999 success 0.0 +/- 0.0
514999 eval steps mean 99.9 best 99 optimal 8
514999 eval return -3.622 +/- 0.002
520000
GOAL [9 0]
time:  47.251 SPS: 183
519999 success 0.0 +/- 0.0
519999 eval steps mean 99.9 best 99 optimal 9
519999 eval return -10.622 +/- 0.002
time:  47.726 SPS: 183
524999 success 0.0 +/- 0.0
524999 eval steps mean 99.9 best 99 optimal 9
524999 eval return -10.642 +/- 0.01
time:  48.2 SPS: 183
529999 success 0.0 +/- 0.0
529999 eval steps mean 99.9 best 99 optimal 9
529999 eval return -10.693 +/- 0.038
time:  48.677 SPS: 183
534999 success 0.0 +/- 0.0
534999 eval steps mean 99.9 best 99 optimal 9
534999 eval return -10.63 +/- 0.006
time:  49.152 SPS: 183
539999 success 0.0 +/- 0.0
539999 eval steps mean 99.9 best 99 optimal 9
539999 eval return -10.622 +/- 0.002
time:  49.631 SPS: 183
544999 success 0.0 +/- 0.0
544999 eval steps mean 99.9 best 99 optimal 9
544999 eval return -10.631 +/- 0.011
time:  50.104 SPS: 182
549999 success 0.0 +/- 0.0
549999 eval steps mean 99.9 best 99 optimal 9
549999 eval return -10.624 +/- 0.004
time:  50.578 SPS: 182
554999 success 0.0 +/- 0.0
554999 eval steps mean 99.9 best 99 optimal 9
554999 eval return -10.624 +/- 0.003
560000
GOAL [8 0]
time:  51.07 SPS: 182
559999 success 0.0 +/- 0.0
559999 eval steps mean 99.9 best 99 optimal 8
559999 eval return -11.62 +/- 0.0
time:  51.548 SPS: 182
564999 success 0.0 +/- 0.0
564999 eval steps mean 99.9 best 99 optimal 8
564999 eval return -11.62 +/- 0.0
time:  52.025 SPS: 182
569999 success 0.0 +/- 0.0
569999 eval steps mean 99.9 best 99 optimal 8
569999 eval return -11.62 +/- 0.0
time:  52.498 SPS: 182
574999 success 0.0 +/- 0.0
574999 eval steps mean 99.9 best 99 optimal 8
574999 eval return -11.62 +/- 0.0
time:  52.972 SPS: 182
579999 success 0.0 +/- 0.0
579999 eval steps mean 99.9 best 99 optimal 8
579999 eval return -11.62 +/- 0.0
time:  53.45 SPS: 182
584999 success 0.0 +/- 0.0
584999 eval steps mean 99.9 best 99 optimal 8
584999 eval return -11.656 +/- 0.024
time:  53.926 SPS: 182
589999 success 0.0 +/- 0.0
589999 eval steps mean 99.9 best 99 optimal 8
589999 eval return -11.62 +/- 0.0
time:  54.398 SPS: 182
594999 success 0.0 +/- 0.0
594999 eval steps mean 99.9 best 99 optimal 8
594999 eval return -11.622 +/- 0.002
600000
GOAL [ 9 14]
time:  54.881 SPS: 182
599999 success 0.0 +/- 0.0
599999 eval steps mean 99.9 best 99 optimal 9
599999 eval return -10.62 +/- 0.0
time:  55.353 SPS: 182
604999 success 0.0 +/- 0.0
604999 eval steps mean 99.9 best 99 optimal 9
604999 eval return -10.62 +/- 0.0
time:  55.83 SPS: 182
609999 success 0.0 +/- 0.0
609999 eval steps mean 99.9 best 99 optimal 9
609999 eval return -10.622 +/- 0.002
time:  56.306 SPS: 182
614999 success 0.0 +/- 0.0
614999 eval steps mean 99.9 best 99 optimal 9
614999 eval return -10.622 +/- 0.002
time:  56.779 SPS: 181
619999 success 0.0 +/- 0.0
619999 eval steps mean 99.9 best 99 optimal 9
619999 eval return -10.622 +/- 0.002
time:  57.253 SPS: 181
624999 success 0.0 +/- 0.0
624999 eval steps mean 99.9 best 99 optimal 9
624999 eval return -10.815 +/- 0.195
time:  57.728 SPS: 181
629999 success 0.0 +/- 0.0
629999 eval steps mean 99.9 best 99 optimal 9
629999 eval return -10.62 +/- 0.0
time:  58.202 SPS: 181
634999 success 0.0 +/- 0.0
634999 eval steps mean 99.9 best 99 optimal 9
634999 eval return -10.622 +/- 0.002
640000
GOAL [13  3]
time:  58.691 SPS: 181
639999 success 0.0 +/- 0.0
639999 eval steps mean 99.9 best 99 optimal 10
639999 eval return -5.626 +/- 0.003
time:  59.168 SPS: 181
644999 success 0.0 +/- 0.0
644999 eval steps mean 99.9 best 99 optimal 10
644999 eval return -5.622 +/- 0.002
time:  59.645 SPS: 181
649999 success 0.0 +/- 0.0
649999 eval steps mean 99.9 best 99 optimal 10
649999 eval return -5.62 +/- 0.0
time:  60.116 SPS: 181
654999 success 0.0 +/- 0.0
654999 eval steps mean 99.9 best 99 optimal 10
654999 eval return -5.624 +/- 0.003
time:  60.59 SPS: 181
659999 success 0.0 +/- 0.0
659999 eval steps mean 99.9 best 99 optimal 10
659999 eval return -5.62 +/- 0.0
time:  61.062 SPS: 181
664999 success 0.0 +/- 0.0
664999 eval steps mean 99.9 best 99 optimal 10
664999 eval return -5.627 +/- 0.005
time:  61.532 SPS: 181
669999 success 0.0 +/- 0.0
669999 eval steps mean 99.9 best 99 optimal 10
669999 eval return -5.622 +/- 0.002
time:  62.001 SPS: 181
674999 success 0.0 +/- 0.0
674999 eval steps mean 99.9 best 99 optimal 10
674999 eval return -5.628 +/- 0.003
680000
GOAL [14  6]
time:  62.477 SPS: 181
679999 success 0.0 +/- 0.0
679999 eval steps mean 99.9 best 99 optimal 8
679999 eval return -2.9 +/- 0.018
time:  62.948 SPS: 181
684999 success 0.0 +/- 0.0
684999 eval steps mean 99.9 best 99 optimal 8
684999 eval return -2.686 +/- 0.008
time:  63.402 SPS: 181
689999 success 0.0 +/- 0.0
689999 eval steps mean 99.9 best 99 optimal 8
689999 eval return -1.409 +/- 0.008
time:  63.834 SPS: 181
694999 success 0.0 +/- 0.0
694999 eval steps mean 99.9 best 99 optimal 8
694999 eval return -1.52 +/- 0.008
time:  64.269 SPS: 181
699999 success 0.0 +/- 0.0
699999 eval steps mean 99.9 best 99 optimal 8
699999 eval return -1.408 +/- 0.012
time:  64.697 SPS: 181
704999 success 0.0 +/- 0.0
704999 eval steps mean 99.9 best 99 optimal 8
704999 eval return -1.392 +/- 0.007
time:  65.122 SPS: 181
709999 success 0.0 +/- 0.0
709999 eval steps mean 99.9 best 99 optimal 8
709999 eval return -1.547 +/- 0.009
time:  65.564 SPS: 181
714999 success 1.0 +/- 0.0
714999 eval steps mean 8.9 best 8 optimal 8
714999 eval return 2.64 +/- 0.0
720000
GOAL [6 4]
time:  66.008 SPS: 181
719999 success 0.0 +/- 0.0
719999 eval steps mean 99.9 best 99 optimal 4
719999 eval return -14.08 +/- 0.0
time:  66.419 SPS: 181
724999 success 0.0 +/- 0.0
724999 eval steps mean 99.9 best 99 optimal 4
724999 eval return -14.118 +/- 0.014
time:  66.83 SPS: 182
729999 success 0.0 +/- 0.0
729999 eval steps mean 99.9 best 99 optimal 4
729999 eval return -14.08 +/- 0.0
time:  67.242 SPS: 182
734999 success 0.0 +/- 0.0
734999 eval steps mean 99.9 best 99 optimal 4
734999 eval return -14.08 +/- 0.0
time:  67.656 SPS: 182
739999 success 0.0 +/- 0.0
739999 eval steps mean 99.9 best 99 optimal 4
739999 eval return -14.08 +/- 0.0
time:  68.07 SPS: 182
744999 success 0.0 +/- 0.0
744999 eval steps mean 99.9 best 99 optimal 4
744999 eval return -14.072 +/- 0.008
time:  68.478 SPS: 182
749999 success 0.0 +/- 0.0
749999 eval steps mean 99.9 best 99 optimal 4
749999 eval return -14.078 +/- 0.001
time:  68.89 SPS: 182
754999 success 0.0 +/- 0.0
754999 eval steps mean 99.9 best 99 optimal 4
754999 eval return -12.389 +/- 0.668
760000
GOAL [10  4]
time:  69.316 SPS: 182
759999 success 0.0 +/- 0.0
759999 eval steps mean 99.9 best 99 optimal 6
759999 eval return -6.451 +/- 0.443
time:  69.733 SPS: 182
764999 success 0.0 +/- 0.0
764999 eval steps mean 99.9 best 99 optimal 6
764999 eval return -6.125 +/- 0.274
time:  70.158 SPS: 182
769999 success 0.0 +/- 0.0
769999 eval steps mean 99.9 best 99 optimal 6
769999 eval return -7.238 +/- 1.182
time:  70.605 SPS: 182
774999 success 0.5 +/- 0.167
774999 eval steps mean 82.2 best 47 optimal 6
774999 eval return -3.535 +/- 1.775
time:  71.06 SPS: 182
779999 success 1.0 +/- 0.0
779999 eval steps mean 37.3 best 20 optimal 6
779999 eval return 1.395 +/- 0.326
time:  71.504 SPS: 182
784999 success 1.0 +/- 0.0
784999 eval steps mean 12.0 best 10 optimal 6
784999 eval return 2.43 +/- 0.009
time:  71.945 SPS: 183
789999 success 1.0 +/- 0.0
789999 eval steps mean 10.9 best 10 optimal 6
789999 eval return 2.45 +/- 0.0
time:  72.379 SPS: 183
794999 success 1.0 +/- 0.0
794999 eval steps mean 10.9 best 10 optimal 6
794999 eval return 2.45 +/- 0.0
800000
GOAL [14  5]
time:  72.827 SPS: 183
799999 success 0.0 +/- 0.0
799999 eval steps mean 99.9 best 99 optimal 9
799999 eval return -4.718 +/- 0.013
done RL run. Time 72.94764306833191 min
