agent_dict keys dict_keys(['base_algorithm', 'learning_rate', 'num_envs', 'rollout_num_steps', 'gamma', 'gae_lambda', 'num_minibatches', 'update_epochs', 'minibatch_size', 'norm_adv', 'clip_coef', 'clip_vloss', 'ent_coef', 'vf_coef', 'max_grad_norm', 'rpo_alpha', 'parseval_reg', 'input_scale', 'learnable_input_scale', 'add_diag_layer', 'lie_group', 'pion', 'pion_block_size', 'oft', 'poet', 'layer_norm', 'layer_norm_no_params', 'weight_decay', 'tuned_adam', 'perturb', 'perturb_dist', 'regen', 'regen_wasserstein', 'weight_init', 'net_width', 'net_activation', 'init_gain', 'parseval_norm', 'parseval_num_groups'])
env_dict keys dict_keys(['env', 'change_freq', 'seed', 'env_type'])
Start RL run!
{'base_algorithm': 'ppo_agent', 'learning_rate': 0.01, 'num_envs': 1, 'rollout_num_steps': 128, 'gamma': 0.99, 'gae_lambda': 0.95, 'num_minibatches': 4, 'update_epochs': 4, 'minibatch_size': 32, 'norm_adv': True, 'clip_coef': 0.2, 'clip_vloss': True, 'ent_coef': 0.01, 'vf_coef': 0.5, 'max_grad_norm': 0.5, 'rpo_alpha': 0, 'parseval_reg': 0, 'input_scale': 1, 'learnable_input_scale': False, 'add_diag_layer': False, 'lie_group': False, 'pion': False, 'pion_block_size': None, 'oft': True, 'poet': False, 'layer_norm': False, 'layer_norm_no_params': False, 'weight_decay': 0, 'tuned_adam': False, 'perturb': 0.0, 'perturb_dist': 'xavier', 'regen': 0.0, 'regen_wasserstein': False, 'weight_init': 'orthogonal', 'net_width': 64, 'net_activation': 'tanh', 'init_gain': None, 'parseval_norm': False, 'parseval_num_groups': 1, 'device': 'cpu'}
{'env': 'gridworld_ninerooms', 'change_freq': 40000, 'seed': 125, 'env_type': 'rl', 'local_run': False}
Running on gpu: False
Gridworld args () {'env': 'gridworld_ninerooms', 'change_freq': 40000, 'seed': 125, 'env_type': 'rl', 'local_run': False}
time:  0.04 SPS: 0
0 success 0.0 +/- 0.0
0 eval steps mean 99.9 best 99 optimal 6
0 eval return -13.734 +/- 0.366
time:  0.551 SPS: 151
4999 success 0.0 +/- 0.0
4999 eval steps mean 99.9 best 99 optimal 6
4999 eval return -9.59 +/- 0.43
time:  1.09 SPS: 152
9999 success 0.9 +/- 0.1
9999 eval steps mean 49.9 best 17 optimal 6
9999 eval return -0.883 +/- 1.13
time:  1.615 SPS: 154
14999 success 1.0 +/- 0.0
14999 eval steps mean 16.4 best 14 optimal 6
14999 eval return 1.881 +/- 0.033
time:  2.119 SPS: 157
19999 success 0.8 +/- 0.133
19999 eval steps mean 32.5 best 15 optimal 6
19999 eval return -1.383 +/- 2.199
time:  2.623 SPS: 158
24999 success 1.0 +/- 0.0
24999 eval steps mean 16.6 best 14 optimal 6
24999 eval return 1.79 +/- 0.06
time:  3.119 SPS: 160
29999 success 1.0 +/- 0.0
29999 eval steps mean 14.9 best 14 optimal 6
29999 eval return 1.95 +/- 0.0
time:  3.564 SPS: 163
34999 success 1.0 +/- 0.0
34999 eval steps mean 15.1 best 14 optimal 6
34999 eval return 1.931 +/- 0.019
40000
GOAL [10  2]
time:  4.029 SPS: 165
39999 success 0.0 +/- 0.0
39999 eval steps mean 99.9 best 99 optimal 8
39999 eval return -17.877 +/- 0.778
time:  4.59 SPS: 163
44999 success 0.0 +/- 0.0
44999 eval steps mean 99.9 best 99 optimal 8
44999 eval return -13.082 +/- 0.014
time:  5.137 SPS: 162
49999 success 0.0 +/- 0.0
49999 eval steps mean 99.9 best 99 optimal 8
49999 eval return -11.735 +/- 0.196
time:  5.699 SPS: 160
54999 success 0.0 +/- 0.0
54999 eval steps mean 99.9 best 99 optimal 8
54999 eval return -12.465 +/- 0.967
time:  6.298 SPS: 158
59999 success 0.5 +/- 0.167
59999 eval steps mean 61.0 best 13 optimal 8
59999 eval return -2.929 +/- 1.947
time:  6.784 SPS: 159
64999 success 1.0 +/- 0.0
64999 eval steps mean 13.3 best 13 optimal 8
64999 eval return 2.182 +/- 0.027
time:  7.233 SPS: 161
69999 success 0.6 +/- 0.163
69999 eval steps mean 49.7 best 12 optimal 8
69999 eval return -0.499 +/- 1.084
time:  7.66 SPS: 163
74999 success 0.0 +/- 0.0
74999 eval steps mean 99.9 best 99 optimal 8
74999 eval return -9.02 +/- 0.0
80000
GOAL [7 1]
time:  8.092 SPS: 164
79999 success 0.0 +/- 0.0
79999 eval steps mean 99.9 best 99 optimal 6
79999 eval return -13.02 +/- 0.0
time:  8.513 SPS: 166
84999 success 0.0 +/- 0.0
84999 eval steps mean 99.9 best 99 optimal 6
84999 eval return -13.02 +/- 0.0
time:  8.934 SPS: 167
89999 success 0.0 +/- 0.0
89999 eval steps mean 99.9 best 99 optimal 6
89999 eval return -13.02 +/- 0.0
time:  9.353 SPS: 169
94999 success 0.0 +/- 0.0
94999 eval steps mean 99.9 best 99 optimal 6
94999 eval return -13.02 +/- 0.0
time:  9.772 SPS: 170
99999 success 0.0 +/- 0.0
99999 eval steps mean 99.9 best 99 optimal 6
99999 eval return -13.02 +/- 0.0
time:  10.209 SPS: 171
104999 success 0.0 +/- 0.0
104999 eval steps mean 99.9 best 99 optimal 6
104999 eval return -13.02 +/- 0.0
time:  10.654 SPS: 172
109999 success 0.0 +/- 0.0
109999 eval steps mean 99.9 best 99 optimal 6
109999 eval return -13.02 +/- 0.0
time:  11.095 SPS: 172
114999 success 0.0 +/- 0.0
114999 eval steps mean 99.9 best 99 optimal 6
114999 eval return -13.02 +/- 0.0
120000
GOAL [ 6 11]
time:  11.542 SPS: 173
119999 success 0.0 +/- 0.0
119999 eval steps mean 99.9 best 99 optimal 5
119999 eval return -14.0 +/- 0.0
time:  11.98 SPS: 173
124999 success 0.0 +/- 0.0
124999 eval steps mean 99.9 best 99 optimal 5
124999 eval return -14.0 +/- 0.0
time:  12.415 SPS: 174
129999 success 0.0 +/- 0.0
129999 eval steps mean 99.9 best 99 optimal 5
129999 eval return -14.0 +/- 0.0
time:  12.856 SPS: 175
134999 success 0.0 +/- 0.0
134999 eval steps mean 99.9 best 99 optimal 5
134999 eval return -14.0 +/- 0.0
time:  13.299 SPS: 175
139999 success 0.0 +/- 0.0
139999 eval steps mean 99.9 best 99 optimal 5
139999 eval return -14.0 +/- 0.0
time:  13.744 SPS: 175
144999 success 0.0 +/- 0.0
144999 eval steps mean 99.9 best 99 optimal 5
144999 eval return -14.0 +/- 0.0
time:  14.196 SPS: 176
149999 success 0.0 +/- 0.0
149999 eval steps mean 99.9 best 99 optimal 5
149999 eval return -14.0 +/- 0.0
time:  14.655 SPS: 176
154999 success 0.0 +/- 0.0
154999 eval steps mean 99.9 best 99 optimal 5
154999 eval return -14.0 +/- 0.0
160000
GOAL [ 8 13]
time:  15.129 SPS: 176
159999 success 0.0 +/- 0.0
159999 eval steps mean 99.9 best 99 optimal 7
159999 eval return -12.02 +/- 0.0
time:  15.591 SPS: 176
164999 success 0.0 +/- 0.0
164999 eval steps mean 99.9 best 99 optimal 7
164999 eval return -12.02 +/- 0.0
time:  16.056 SPS: 176
169999 success 0.0 +/- 0.0
169999 eval steps mean 99.9 best 99 optimal 7
169999 eval return -12.02 +/- 0.0
time:  16.504 SPS: 176
174999 success 0.0 +/- 0.0
174999 eval steps mean 99.9 best 99 optimal 7
174999 eval return -12.02 +/- 0.0
time:  16.952 SPS: 176
179999 success 0.0 +/- 0.0
179999 eval steps mean 99.9 best 99 optimal 7
179999 eval return -12.02 +/- 0.0
time:  17.399 SPS: 177
184999 success 0.0 +/- 0.0
184999 eval steps mean 99.9 best 99 optimal 7
184999 eval return -12.02 +/- 0.0
time:  17.848 SPS: 177
189999 success 0.0 +/- 0.0
189999 eval steps mean 99.9 best 99 optimal 7
189999 eval return -12.02 +/- 0.0
time:  18.292 SPS: 177
194999 success 0.0 +/- 0.0
194999 eval steps mean 99.9 best 99 optimal 7
194999 eval return -12.02 +/- 0.0
200000
GOAL [13  1]
time:  18.745 SPS: 177
199999 success 0.0 +/- 0.0
199999 eval steps mean 99.9 best 99 optimal 12
199999 eval return -9.02 +/- 0.0
time:  19.209 SPS: 177
204999 success 0.0 +/- 0.0
204999 eval steps mean 99.9 best 99 optimal 12
204999 eval return -9.02 +/- 0.0
time:  19.665 SPS: 177
209999 success 0.0 +/- 0.0
209999 eval steps mean 99.9 best 99 optimal 12
209999 eval return -9.02 +/- 0.0
time:  20.131 SPS: 177
214999 success 0.0 +/- 0.0
214999 eval steps mean 99.9 best 99 optimal 12
214999 eval return -9.02 +/- 0.0
time:  20.6 SPS: 177
219999 success 0.0 +/- 0.0
219999 eval steps mean 99.9 best 99 optimal 12
219999 eval return -9.02 +/- 0.0
time:  21.092 SPS: 177
224999 success 0.0 +/- 0.0
224999 eval steps mean 99.9 best 99 optimal 12
224999 eval return -9.02 +/- 0.0
time:  21.641 SPS: 177
229999 success 0.0 +/- 0.0
229999 eval steps mean 99.9 best 99 optimal 12
229999 eval return -9.02 +/- 0.0
time:  22.113 SPS: 177
234999 success 0.0 +/- 0.0
234999 eval steps mean 99.9 best 99 optimal 12
234999 eval return -9.02 +/- 0.0
240000
GOAL [10 11]
time:  22.601 SPS: 176
239999 success 0.0 +/- 0.0
239999 eval steps mean 99.9 best 99 optimal 7
239999 eval return -8.02 +/- 0.0
time:  23.067 SPS: 177
244999 success 0.0 +/- 0.0
244999 eval steps mean 99.9 best 99 optimal 7
244999 eval return -8.02 +/- 0.0
