agent_dict keys dict_keys(['base_algorithm', 'learning_rate', 'num_envs', 'rollout_num_steps', 'gamma', 'gae_lambda', 'num_minibatches', 'update_epochs', 'minibatch_size', 'norm_adv', 'clip_coef', 'clip_vloss', 'ent_coef', 'vf_coef', 'max_grad_norm', 'rpo_alpha', 'parseval_reg', 'input_scale', 'learnable_input_scale', 'add_diag_layer', 'lie_group', 'pion', 'pion_block_size', 'oft', 'poet', 'layer_norm', 'layer_norm_no_params', 'weight_decay', 'tuned_adam', 'perturb', 'perturb_dist', 'regen', 'regen_wasserstein', 'weight_init', 'net_width', 'net_activation', 'init_gain', 'parseval_norm', 'parseval_num_groups'])
env_dict keys dict_keys(['env', 'change_freq', 'seed', 'env_type'])
Start RL run!
{'base_algorithm': 'ppo_agent', 'learning_rate': 0.01, 'num_envs': 1, 'rollout_num_steps': 128, 'gamma': 0.99, 'gae_lambda': 0.95, 'num_minibatches': 4, 'update_epochs': 4, 'minibatch_size': 32, 'norm_adv': True, 'clip_coef': 0.2, 'clip_vloss': True, 'ent_coef': 0.01, 'vf_coef': 0.5, 'max_grad_norm': 0.5, 'rpo_alpha': 0, 'parseval_reg': 0, 'input_scale': 1, 'learnable_input_scale': False, 'add_diag_layer': False, 'lie_group': False, 'pion': False, 'pion_block_size': None, 'oft': True, 'poet': False, 'layer_norm': False, 'layer_norm_no_params': False, 'weight_decay': 0, 'tuned_adam': False, 'perturb': 0.0, 'perturb_dist': 'xavier', 'regen': 0.0, 'regen_wasserstein': False, 'weight_init': 'orthogonal', 'net_width': 64, 'net_activation': 'tanh', 'init_gain': None, 'parseval_norm': False, 'parseval_num_groups': 1, 'device': 'cpu'}
{'env': 'gridworld_ninerooms', 'change_freq': 40000, 'seed': 124, 'env_type': 'rl', 'local_run': False}
Running on gpu: False
Gridworld args () {'env': 'gridworld_ninerooms', 'change_freq': 40000, 'seed': 124, 'env_type': 'rl', 'local_run': False}
time:  0.039 SPS: 0
0 success 0.0 +/- 0.0
0 eval steps mean 99.9 best 99 optimal 10
0 eval return -12.675 +/- 0.673
time:  0.547 SPS: 152
4999 success 1.0 +/- 0.0
4999 eval steps mean 29.0 best 13 optimal 10
4999 eval return 1.301 +/- 0.339
time:  1.075 SPS: 154
9999 success 1.0 +/- 0.0
9999 eval steps mean 13.5 best 10 optimal 10
9999 eval return 2.412 +/- 0.017
time:  1.595 SPS: 156
14999 success 1.0 +/- 0.0
14999 eval steps mean 11.1 best 10 optimal 10
14999 eval return 2.441 +/- 0.009
time:  2.11 SPS: 157
19999 success 1.0 +/- 0.0
19999 eval steps mean 11.1 best 10 optimal 10
19999 eval return 2.441 +/- 0.009
time:  2.627 SPS: 158
24999 success 0.7 +/- 0.153
24999 eval steps mean 40.8 best 11 optimal 10
24999 eval return -0.47 +/- 1.429
time:  3.123 SPS: 160
29999 success 1.0 +/- 0.0
29999 eval steps mean 16.4 best 10 optimal 10
29999 eval return 1.919 +/- 0.531
time:  3.581 SPS: 162
34999 success 1.0 +/- 0.0
34999 eval steps mean 10.9 best 10 optimal 10
34999 eval return 2.45 +/- 0.0
40000
GOAL [12 11]
time:  4.063 SPS: 164
39999 success 0.0 +/- 0.0
39999 eval steps mean 99.9 best 99 optimal 9
39999 eval return -5.831 +/- 0.159
time:  4.644 SPS: 161
44999 success 0.9 +/- 0.1
44999 eval steps mean 21.1 best 10 optimal 9
44999 eval return 1.909 +/- 0.562
time:  5.205 SPS: 160
49999 success 0.7 +/- 0.153
49999 eval steps mean 52.7 best 12 optimal 9
49999 eval return -0.298 +/- 1.131
time:  5.79 SPS: 158
54999 success 1.0 +/- 0.0
54999 eval steps mean 9.9 best 9 optimal 9
54999 eval return 2.55 +/- 0.0
time:  6.349 SPS: 157
59999 success 0.9 +/- 0.1
59999 eval steps mean 21.9 best 10 optimal 9
59999 eval return 1.9 +/- 0.565
time:  6.821 SPS: 158
64999 success 1.0 +/- 0.0
64999 eval steps mean 10.3 best 9 optimal 9
64999 eval return 2.544 +/- 0.004
time:  7.279 SPS: 160
69999 success 0.7 +/- 0.153
69999 eval steps mean 36.9 best 10 optimal 9
69999 eval return -0.92 +/- 1.767
time:  7.73 SPS: 161
74999 success 0.9 +/- 0.1
74999 eval steps mean 21.5 best 9 optimal 9
74999 eval return 2.001 +/- 0.506
80000
GOAL [ 9 14]
time:  8.186 SPS: 162
79999 success 0.0 +/- 0.0
79999 eval steps mean 99.9 best 99 optimal 9
79999 eval return -6.958 +/- 0.096
time:  8.641 SPS: 163
84999 success 0.0 +/- 0.0
84999 eval steps mean 99.9 best 99 optimal 9
84999 eval return -7.644 +/- 0.132
time:  9.098 SPS: 164
89999 success 0.0 +/- 0.0
89999 eval steps mean 99.9 best 99 optimal 9
89999 eval return -6.912 +/- 0.006
time:  9.565 SPS: 165
94999 success 0.0 +/- 0.0
94999 eval steps mean 99.9 best 99 optimal 9
94999 eval return -6.92 +/- 0.02
time:  10.032 SPS: 166
99999 success 0.0 +/- 0.0
99999 eval steps mean 99.9 best 99 optimal 9
99999 eval return -6.9 +/- 0.0
time:  10.497 SPS: 166
104999 success 0.0 +/- 0.0
104999 eval steps mean 99.9 best 99 optimal 9
104999 eval return -6.99 +/- 0.033
time:  10.968 SPS: 167
109999 success 0.0 +/- 0.0
109999 eval steps mean 99.9 best 99 optimal 9
109999 eval return -7.698 +/- 0.037
time:  11.429 SPS: 167
114999 success 0.0 +/- 0.0
114999 eval steps mean 99.9 best 99 optimal 9
114999 eval return -10.945 +/- 1.559
120000
GOAL [11  9]
time:  11.9 SPS: 168
119999 success 0.0 +/- 0.0
119999 eval steps mean 99.9 best 99 optimal 6
119999 eval return -3.977 +/- 0.097
time:  12.355 SPS: 168
124999 success 0.0 +/- 0.0
124999 eval steps mean 99.9 best 99 optimal 6
124999 eval return -5.754 +/- 0.864
time:  12.798 SPS: 169
129999 success 0.0 +/- 0.0
129999 eval steps mean 99.9 best 99 optimal 6
129999 eval return -4.875 +/- 0.321
time:  13.251 SPS: 169
134999 success 0.3 +/- 0.153
134999 eval steps mean 72.1 best 7 optimal 6
134999 eval return -1.596 +/- 1.046
time:  13.71 SPS: 170
139999 success 1.0 +/- 0.0
139999 eval steps mean 8.5 best 7 optimal 6
139999 eval return 2.762 +/- 0.006
time:  14.169 SPS: 170
144999 success 1.0 +/- 0.0
144999 eval steps mean 7.1 best 6 optimal 6
144999 eval return 2.781 +/- 0.009
time:  14.627 SPS: 170
149999 success 1.0 +/- 0.0
149999 eval steps mean 7.5 best 7 optimal 6
149999 eval return 2.781 +/- 0.005
time:  15.09 SPS: 171
154999 success 0.0 +/- 0.0
154999 eval steps mean 99.9 best 99 optimal 6
154999 eval return -7.97 +/- 0.0
160000
GOAL [13 14]
time:  15.578 SPS: 171
159999 success 0.0 +/- 0.0
159999 eval steps mean 99.9 best 99 optimal 13
159999 eval return -14.97 +/- 0.0
time:  16.054 SPS: 171
164999 success 0.0 +/- 0.0
164999 eval steps mean 99.9 best 99 optimal 13
164999 eval return -14.97 +/- 0.0
time:  16.512 SPS: 171
169999 success 0.0 +/- 0.0
169999 eval steps mean 99.9 best 99 optimal 13
169999 eval return -14.97 +/- 0.0
time:  16.97 SPS: 171
174999 success 0.0 +/- 0.0
174999 eval steps mean 99.9 best 99 optimal 13
174999 eval return -14.97 +/- 0.0
time:  17.427 SPS: 172
179999 success 0.0 +/- 0.0
179999 eval steps mean 99.9 best 99 optimal 13
179999 eval return -14.97 +/- 0.0
time:  17.89 SPS: 172
184999 success 0.0 +/- 0.0
184999 eval steps mean 99.9 best 99 optimal 13
184999 eval return -14.97 +/- 0.0
time:  18.346 SPS: 172
189999 success 0.0 +/- 0.0
189999 eval steps mean 99.9 best 99 optimal 13
189999 eval return -14.97 +/- 0.0
time:  18.794 SPS: 172
194999 success 0.0 +/- 0.0
194999 eval steps mean 99.9 best 99 optimal 13
194999 eval return -5.01 +/- 0.785
200000
GOAL [14  8]
time:  19.26 SPS: 173
199999 success 0.0 +/- 0.0
199999 eval steps mean 99.9 best 99 optimal 8
199999 eval return -7.745 +/- 0.472
time:  19.725 SPS: 173
204999 success 1.0 +/- 0.0
204999 eval steps mean 8.9 best 8 optimal 8
204999 eval return 2.64 +/- 0.0
time:  20.187 SPS: 173
209999 success 1.0 +/- 0.0
209999 eval steps mean 8.9 best 8 optimal 8
209999 eval return 2.64 +/- 0.0
time:  20.657 SPS: 173
214999 success 1.0 +/- 0.0
214999 eval steps mean 9.4 best 8 optimal 8
214999 eval return 2.634 +/- 0.006
time:  21.153 SPS: 173
219999 success 1.0 +/- 0.0
219999 eval steps mean 12.4 best 8 optimal 8
219999 eval return 2.514 +/- 0.08
time:  21.701 SPS: 172
224999 success 1.0 +/- 0.0
224999 eval steps mean 8.9 best 8 optimal 8
224999 eval return 2.64 +/- 0.0
time:  22.173 SPS: 172
229999 success 1.0 +/- 0.0
229999 eval steps mean 15.3 best 8 optimal 8
229999 eval return 2.575 +/- 0.041
time:  22.648 SPS: 172
234999 success 1.0 +/- 0.0
234999 eval steps mean 8.9 best 8 optimal 8
234999 eval return 2.64 +/- 0.0
240000
GOAL [12  5]
time:  23.132 SPS: 172
239999 success 0.0 +/- 0.0
239999 eval steps mean 99.9 best 99 optimal 7
239999 eval return -4.713 +/- 0.011
