agent_dict keys dict_keys(['base_algorithm', 'learning_rate', 'num_envs', 'rollout_num_steps', 'gamma', 'gae_lambda', 'num_minibatches', 'update_epochs', 'minibatch_size', 'norm_adv', 'clip_coef', 'clip_vloss', 'ent_coef', 'vf_coef', 'max_grad_norm', 'rpo_alpha', 'parseval_reg', 'input_scale', 'learnable_input_scale', 'add_diag_layer', 'lie_group', 'pion', 'pion_block_size', 'oft', 'poet', 'oet_num_blocks', 'layer_norm', 'layer_norm_no_params', 'weight_decay', 'tuned_adam', 'perturb', 'perturb_dist', 'regen', 'regen_wasserstein', 'weight_init', 'net_width', 'net_activation', 'init_gain', 'parseval_norm', 'parseval_num_groups'])
env_dict keys dict_keys(['env', 'change_freq', 'seed', 'env_type'])
Start RL run!
{'base_algorithm': 'ppo_agent', 'learning_rate': 0.003, 'num_envs': 1, 'rollout_num_steps': 128, 'gamma': 0.99, 'gae_lambda': 0.95, 'num_minibatches': 4, 'update_epochs': 4, 'minibatch_size': 32, 'norm_adv': True, 'clip_coef': 0.2, 'clip_vloss': True, 'ent_coef': 0.01, 'vf_coef': 0.5, 'max_grad_norm': 0.5, 'rpo_alpha': 0, 'parseval_reg': 0, 'input_scale': 1, 'learnable_input_scale': False, 'add_diag_layer': False, 'lie_group': False, 'pion': False, 'pion_block_size': None, 'oft': True, 'poet': False, 'oet_num_blocks': 9, 'layer_norm': False, 'layer_norm_no_params': False, 'weight_decay': 0, 'tuned_adam': False, 'perturb': 0.0, 'perturb_dist': 'xavier', 'regen': 0.0, 'regen_wasserstein': False, 'weight_init': 'orthogonal', 'net_width': 64, 'net_activation': 'tanh', 'init_gain': None, 'parseval_norm': False, 'parseval_num_groups': 1, 'device': 'cpu'}
{'env': 'gridworld_ninerooms', 'change_freq': 40000, 'seed': 125, 'env_type': 'rl', 'local_run': False}
Running on gpu: False
Gridworld args () {'env': 'gridworld_ninerooms', 'change_freq': 40000, 'seed': 125, 'env_type': 'rl', 'local_run': False}
time:  0.055 SPS: 0
0 success 0.0 +/- 0.0
0 eval steps mean 99.9 best 99 optimal 6
0 eval return -13.083 +/- 0.566
time:  0.585 SPS: 142
4999 success 0.1 +/- 0.1
4999 eval steps mean 96.6 best 67 optimal 6
4999 eval return -7.404 +/- 0.651
time:  1.122 SPS: 148
9999 success 0.2 +/- 0.133
9999 eval steps mean 94.9 best 70 optimal 6
9999 eval return -7.317 +/- 1.459
time:  1.665 SPS: 150
14999 success 0.2 +/- 0.133
14999 eval steps mean 87.1 best 23 optimal 6
14999 eval return -9.725 +/- 1.599
time:  2.208 SPS: 150
19999 success 1.0 +/- 0.0
19999 eval steps mean 17.6 best 15 optimal 6
19999 eval return 1.804 +/- 0.028
time:  2.714 SPS: 153
24999 success 1.0 +/- 0.0
24999 eval steps mean 19.3 best 14 optimal 6
24999 eval return 1.436 +/- 0.336
time:  3.233 SPS: 154
29999 success 1.0 +/- 0.0
29999 eval steps mean 15.6 best 14 optimal 6
29999 eval return 1.924 +/- 0.01
time:  3.742 SPS: 155
34999 success 1.0 +/- 0.0
34999 eval steps mean 17.5 best 15 optimal 6
34999 eval return 1.889 +/- 0.025
40000
GOAL [10  2]
time:  4.25 SPS: 156
39999 success 0.0 +/- 0.0
39999 eval steps mean 99.9 best 99 optimal 8
39999 eval return -17.661 +/- 0.149
time:  4.775 SPS: 157
44999 success 0.0 +/- 0.0
44999 eval steps mean 99.9 best 99 optimal 8
44999 eval return -8.248 +/- 0.229
time:  5.297 SPS: 157
49999 success 1.0 +/- 0.0
49999 eval steps mean 26.5 best 14 optimal 8
49999 eval return 1.534 +/- 0.365
time:  5.802 SPS: 157
54999 success 1.0 +/- 0.0
54999 eval steps mean 16.1 best 13 optimal 8
54999 eval return 1.973 +/- 0.104
time:  6.294 SPS: 158
59999 success 1.0 +/- 0.0
59999 eval steps mean 14.3 best 13 optimal 8
59999 eval return 2.125 +/- 0.039
time:  6.781 SPS: 159
64999 success 1.0 +/- 0.0
64999 eval steps mean 15.4 best 12 optimal 8
64999 eval return 2.14 +/- 0.045
time:  7.269 SPS: 160
69999 success 1.0 +/- 0.0
69999 eval steps mean 13.3 best 12 optimal 8
69999 eval return 2.178 +/- 0.028
time:  7.765 SPS: 160
74999 success 0.9 +/- 0.1
74999 eval steps mean 21.6 best 12 optimal 8
74999 eval return 0.635 +/- 1.585
80000
GOAL [7 1]
time:  8.298 SPS: 160
79999 success 0.0 +/- 0.0
79999 eval steps mean 99.9 best 99 optimal 6
79999 eval return -5.99 +/- 0.688
time:  8.857 SPS: 159
84999 success 0.6 +/- 0.163
84999 eval steps mean 75.9 best 34 optimal 6
84999 eval return -1.682 +/- 0.811
time:  9.425 SPS: 159
89999 success 1.0 +/- 0.0
89999 eval steps mean 18.9 best 16 optimal 6
89999 eval return 1.463 +/- 0.125
time:  9.963 SPS: 158
94999 success 1.0 +/- 0.0
94999 eval steps mean 20.7 best 16 optimal 6
94999 eval return 1.352 +/- 0.192
time:  10.468 SPS: 159
99999 success 0.4 +/- 0.163
99999 eval steps mean 72.1 best 17 optimal 6
99999 eval return -4.974 +/- 1.669
time:  11.021 SPS: 158
104999 success 1.0 +/- 0.0
104999 eval steps mean 17.1 best 16 optimal 6
104999 eval return 1.627 +/- 0.013
time:  11.536 SPS: 158
109999 success 0.5 +/- 0.167
109999 eval steps mean 76.8 best 27 optimal 6
109999 eval return -3.413 +/- 1.178
time:  12.097 SPS: 158
114999 success 1.0 +/- 0.0
114999 eval steps mean 17.7 best 16 optimal 6
114999 eval return 1.582 +/- 0.027
120000
GOAL [ 6 11]
time:  12.689 SPS: 157
119999 success 0.0 +/- 0.0
119999 eval steps mean 99.9 best 99 optimal 5
119999 eval return -20.352 +/- 0.171
time:  13.28 SPS: 156
124999 success 0.0 +/- 0.0
124999 eval steps mean 99.9 best 99 optimal 5
124999 eval return -15.1 +/- 0.781
time:  13.919 SPS: 155
129999 success 0.0 +/- 0.0
129999 eval steps mean 99.9 best 99 optimal 5
129999 eval return -12.608 +/- 0.006
time:  14.525 SPS: 154
134999 success 0.0 +/- 0.0
134999 eval steps mean 99.9 best 99 optimal 5
134999 eval return -12.6 +/- 0.003
time:  15.069 SPS: 154
139999 success 0.0 +/- 0.0
139999 eval steps mean 99.9 best 99 optimal 5
139999 eval return -12.604 +/- 0.003
time:  15.61 SPS: 154
144999 success 0.0 +/- 0.0
144999 eval steps mean 99.9 best 99 optimal 5
144999 eval return -12.634 +/- 0.028
time:  16.149 SPS: 154
149999 success 0.0 +/- 0.0
149999 eval steps mean 99.9 best 99 optimal 5
149999 eval return -12.604 +/- 0.003
time:  16.692 SPS: 154
154999 success 0.0 +/- 0.0
154999 eval steps mean 99.9 best 99 optimal 5
154999 eval return -12.602 +/- 0.002
160000
GOAL [ 8 13]
time:  17.247 SPS: 154
159999 success 0.0 +/- 0.0
159999 eval steps mean 99.9 best 99 optimal 7
159999 eval return -10.63 +/- 0.004
time:  17.8 SPS: 154
164999 success 0.0 +/- 0.0
164999 eval steps mean 99.9 best 99 optimal 7
164999 eval return -10.626 +/- 0.003
time:  18.342 SPS: 154
169999 success 0.0 +/- 0.0
169999 eval steps mean 99.9 best 99 optimal 7
169999 eval return -10.646 +/- 0.007
time:  18.886 SPS: 154
174999 success 0.0 +/- 0.0
174999 eval steps mean 99.9 best 99 optimal 7
174999 eval return -10.628 +/- 0.008
time:  19.429 SPS: 154
179999 success 0.0 +/- 0.0
179999 eval steps mean 99.9 best 99 optimal 7
179999 eval return -10.632 +/- 0.01
time:  19.972 SPS: 154
184999 success 0.0 +/- 0.0
184999 eval steps mean 99.9 best 99 optimal 7
184999 eval return -10.628 +/- 0.003
time:  20.498 SPS: 154
189999 success 0.0 +/- 0.0
189999 eval steps mean 99.9 best 99 optimal 7
189999 eval return -12.236 +/- 1.03
time:  21.013 SPS: 154
194999 success 0.7 +/- 0.153
194999 eval steps mean 64.9 best 24 optimal 7
194999 eval return -5.573 +/- 2.28
200000
GOAL [13  1]
time:  21.538 SPS: 154
199999 success 0.0 +/- 0.0
199999 eval steps mean 99.9 best 99 optimal 12
199999 eval return -16.404 +/- 0.127
time:  22.059 SPS: 154
204999 success 0.5 +/- 0.167
204999 eval steps mean 60.2 best 17 optimal 12
204999 eval return -2.915 +/- 1.704
time:  22.544 SPS: 155
209999 success 1.0 +/- 0.0
209999 eval steps mean 13.6 best 13 optimal 12
209999 eval return 2.194 +/- 0.018
time:  23.021 SPS: 155
214999 success 0.9 +/- 0.1
214999 eval steps mean 22.2 best 13 optimal 12
214999 eval return 1.079 +/- 1.101
time:  23.502 SPS: 156
219999 success 0.0 +/- 0.0
219999 eval steps mean 99.9 best 99 optimal 12
219999 eval return -12.95 +/- 0.26
time:  24.019 SPS: 156
224999 success 1.0 +/- 0.0
224999 eval steps mean 12.9 best 12 optimal 12
224999 eval return 2.22 +/- 0.0
time:  24.494 SPS: 156
229999 success 1.0 +/- 0.0
229999 eval steps mean 13.9 best 12 optimal 12
229999 eval return 2.203 +/- 0.011
time:  24.973 SPS: 156
234999 success 1.0 +/- 0.0
234999 eval steps mean 13.1 best 12 optimal 12
234999 eval return 2.207 +/- 0.013
240000
GOAL [10 11]
time:  25.458 SPS: 157
239999 success 0.0 +/- 0.0
239999 eval steps mean 99.9 best 99 optimal 7
239999 eval return -13.341 +/- 0.419
time:  25.939 SPS: 157
244999 success 0.0 +/- 0.0
244999 eval steps mean 99.9 best 99 optimal 7
244999 eval return -8.124 +/- 0.279
time:  26.462 SPS: 157
249999 success 1.0 +/- 0.0
249999 eval steps mean 17.5 best 14 optimal 7
249999 eval return 1.939 +/- 0.067
time:  26.946 SPS: 157
254999 success 1.0 +/- 0.0
254999 eval steps mean 16.1 best 13 optimal 7
254999 eval return 2.176 +/- 0.018
time:  27.436 SPS: 157
259999 success 1.0 +/- 0.0
259999 eval steps mean 12.1 best 11 optimal 7
259999 eval return 2.331 +/- 0.009
time:  27.923 SPS: 158
264999 success 1.0 +/- 0.0
264999 eval steps mean 17.1 best 11 optimal 7
264999 eval return 2.019 +/- 0.294
time:  28.419 SPS: 158
269999 success 1.0 +/- 0.0
269999 eval steps mean 11.9 best 11 optimal 7
269999 eval return 2.34 +/- 0.0
time:  28.894 SPS: 158
274999 success 1.0 +/- 0.0
274999 eval steps mean 12.1 best 11 optimal 7
274999 eval return 2.329 +/- 0.011
280000
GOAL [ 6 11]
time:  29.391 SPS: 158
279999 success 0.0 +/- 0.0
279999 eval steps mean 99.9 best 99 optimal 5
279999 eval return -7.155 +/- 0.232
time:  29.892 SPS: 158
284999 success 0.0 +/- 0.0
284999 eval steps mean 99.9 best 99 optimal 5
284999 eval return -10.639 +/- 0.749
time:  30.385 SPS: 159
289999 success 0.0 +/- 0.0
289999 eval steps mean 99.9 best 99 optimal 5
289999 eval return -6.41 +/- 0.281
time:  30.897 SPS: 159
294999 success 1.0 +/- 0.0
294999 eval steps mean 41.5 best 18 optimal 5
294999 eval return 1.125 +/- 0.166
time:  31.388 SPS: 159
299999 success 1.0 +/- 0.0
299999 eval steps mean 18.9 best 16 optimal 5
299999 eval return 1.517 +/- 0.144
time:  31.867 SPS: 159
304999 success 1.0 +/- 0.0
304999 eval steps mean 16.3 best 15 optimal 5
304999 eval return 1.778 +/- 0.019
time:  32.343 SPS: 159
309999 success 1.0 +/- 0.0
309999 eval steps mean 20.6 best 16 optimal 5
309999 eval return 1.288 +/- 0.272
time:  32.825 SPS: 159
314999 success 1.0 +/- 0.0
314999 eval steps mean 16.3 best 15 optimal 5
314999 eval return 1.792 +/- 0.008
320000
GOAL [5 4]
time:  33.317 SPS: 160
319999 success 0.0 +/- 0.0
319999 eval steps mean 99.9 best 99 optimal 5
319999 eval return -20.683 +/- 0.172
time:  33.819 SPS: 160
324999 success 0.0 +/- 0.0
324999 eval steps mean 99.9 best 99 optimal 5
324999 eval return -12.032 +/- 0.012
time:  34.296 SPS: 160
329999 success 0.0 +/- 0.0
329999 eval steps mean 99.9 best 99 optimal 5
329999 eval return -10.195 +/- 1.037
time:  34.802 SPS: 160
334999 success 0.0 +/- 0.0
334999 eval steps mean 99.9 best 99 optimal 5
334999 eval return -8.702 +/- 0.264
time:  35.318 SPS: 160
339999 success 0.0 +/- 0.0
339999 eval steps mean 99.9 best 99 optimal 5
339999 eval return -7.022 +/- 0.159
time:  35.843 SPS: 160
344999 success 0.0 +/- 0.0
344999 eval steps mean 99.9 best 99 optimal 5
344999 eval return -6.681 +/- 0.093
time:  36.37 SPS: 160
349999 success 0.0 +/- 0.0
349999 eval steps mean 99.9 best 99 optimal 5
349999 eval return -6.112 +/- 0.015
time:  36.902 SPS: 160
354999 success 0.0 +/- 0.0
354999 eval steps mean 99.9 best 99 optimal 5
354999 eval return -6.062 +/- 0.022
360000
GOAL [9 0]
time:  37.441 SPS: 160
359999 success 0.0 +/- 0.0
359999 eval steps mean 99.9 best 99 optimal 9
359999 eval return -15.893 +/- 0.032
time:  37.979 SPS: 160
364999 success 0.0 +/- 0.0
364999 eval steps mean 99.9 best 99 optimal 9
364999 eval return -15.502 +/- 0.002
time:  38.524 SPS: 160
369999 success 0.0 +/- 0.0
369999 eval steps mean 99.9 best 99 optimal 9
369999 eval return -15.504 +/- 0.003
time:  39.047 SPS: 160
374999 success 0.0 +/- 0.0
374999 eval steps mean 99.9 best 99 optimal 9
374999 eval return -9.986 +/- 0.131
time:  39.556 SPS: 160
379999 success 0.0 +/- 0.0
379999 eval steps mean 99.9 best 99 optimal 9
379999 eval return -7.403 +/- 0.773
time:  40.075 SPS: 160
384999 success 0.0 +/- 0.0
384999 eval steps mean 99.9 best 99 optimal 9
384999 eval return -7.925 +/- 0.473
time:  40.588 SPS: 160
389999 success 0.0 +/- 0.0
389999 eval steps mean 99.9 best 99 optimal 9
389999 eval return -5.793 +/- 0.292
time:  41.11 SPS: 160
394999 success 0.0 +/- 0.0
394999 eval steps mean 99.9 best 99 optimal 9
394999 eval return -6.449 +/- 0.518
400000
GOAL [12  4]
time:  41.639 SPS: 160
399999 success 0.9 +/- 0.1
399999 eval steps mean 26.8 best 8 optimal 8
399999 eval return 0.64 +/- 1.746
time:  42.132 SPS: 160
404999 success 1.0 +/- 0.0
404999 eval steps mean 9.1 best 8 optimal 8
404999 eval return 2.633 +/- 0.007
time:  42.616 SPS: 160
409999 success 1.0 +/- 0.0
409999 eval steps mean 8.9 best 8 optimal 8
409999 eval return 2.64 +/- 0.0
time:  43.113 SPS: 160
414999 success 0.9 +/- 0.1
414999 eval steps mean 18.0 best 8 optimal 8
414999 eval return 1.48 +/- 1.16
time:  43.605 SPS: 160
419999 success 1.0 +/- 0.0
419999 eval steps mean 8.9 best 8 optimal 8
419999 eval return 2.64 +/- 0.0
time:  44.093 SPS: 160
424999 success 1.0 +/- 0.0
424999 eval steps mean 8.9 best 8 optimal 8
424999 eval return 2.64 +/- 0.0
time:  44.569 SPS: 160
429999 success 1.0 +/- 0.0
429999 eval steps mean 9.1 best 8 optimal 8
429999 eval return 2.637 +/- 0.003
time:  45.044 SPS: 160
434999 success 1.0 +/- 0.0
434999 eval steps mean 8.9 best 8 optimal 8
434999 eval return 2.64 +/- 0.0
440000
GOAL [10  0]
time:  45.549 SPS: 160
439999 success 0.1 +/- 0.1
439999 eval steps mean 91.4 best 15 optimal 10
439999 eval return -2.844 +/- 0.548
time:  46.063 SPS: 161
444999 success 1.0 +/- 0.0
444999 eval steps mean 17.8 best 15 optimal 10
444999 eval return 1.751 +/- 0.08
time:  46.551 SPS: 161
449999 success 1.0 +/- 0.0
449999 eval steps mean 14.9 best 14 optimal 10
449999 eval return 1.95 +/- 0.0
time:  47.037 SPS: 161
454999 success 1.0 +/- 0.0
454999 eval steps mean 15.4 best 15 optimal 10
454999 eval return 1.941 +/- 0.008
time:  47.521 SPS: 161
459999 success 1.0 +/- 0.0
459999 eval steps mean 20.0 best 15 optimal 10
459999 eval return 1.613 +/- 0.306
time:  47.999 SPS: 161
464999 success 1.0 +/- 0.0
464999 eval steps mean 15.1 best 14 optimal 10
464999 eval return 1.945 +/- 0.005
time:  48.486 SPS: 161
469999 success 1.0 +/- 0.0
469999 eval steps mean 15.2 best 14 optimal 10
469999 eval return 1.944 +/- 0.005
time:  48.964 SPS: 161
474999 success 1.0 +/- 0.0
474999 eval steps mean 15.6 best 14 optimal 10
474999 eval return 1.929 +/- 0.021
480000
GOAL [14 11]
time:  49.433 SPS: 161
479999 success 0.0 +/- 0.0
479999 eval steps mean 99.9 best 99 optimal 11
479999 eval return -19.384 +/- 0.059
time:  49.913 SPS: 161
484999 success 0.0 +/- 0.0
484999 eval steps mean 99.9 best 99 optimal 11
484999 eval return -17.72 +/- 0.0
time:  50.389 SPS: 162
489999 success 0.0 +/- 0.0
489999 eval steps mean 99.9 best 99 optimal 11
489999 eval return -17.72 +/- 0.0
time:  50.866 SPS: 162
494999 success 0.0 +/- 0.0
494999 eval steps mean 99.9 best 99 optimal 11
494999 eval return -18.751 +/- 0.467
time:  51.339 SPS: 162
499999 success 0.0 +/- 0.0
499999 eval steps mean 99.9 best 99 optimal 11
499999 eval return -17.72 +/- 0.0
time:  51.816 SPS: 162
504999 success 0.0 +/- 0.0
504999 eval steps mean 99.9 best 99 optimal 11
504999 eval return -17.72 +/- 0.0
time:  52.29 SPS: 162
509999 success 0.0 +/- 0.0
509999 eval steps mean 99.9 best 99 optimal 11
509999 eval return -17.72 +/- 0.0
time:  52.766 SPS: 162
514999 success 0.0 +/- 0.0
514999 eval steps mean 99.9 best 99 optimal 11
514999 eval return -17.72 +/- 0.0
520000
GOAL [10  0]
time:  53.249 SPS: 162
519999 success 0.0 +/- 0.0
519999 eval steps mean 99.9 best 99 optimal 10
519999 eval return -16.9 +/- 0.0
time:  53.742 SPS: 162
524999 success 0.0 +/- 0.0
524999 eval steps mean 99.9 best 99 optimal 10
524999 eval return -2.804 +/- 0.024
time:  54.213 SPS: 162
529999 success 0.0 +/- 0.0
529999 eval steps mean 99.9 best 99 optimal 10
529999 eval return -3.191 +/- 0.134
time:  54.689 SPS: 163
534999 success 0.0 +/- 0.0
534999 eval steps mean 99.9 best 99 optimal 10
534999 eval return -4.333 +/- 0.661
time:  55.186 SPS: 163
539999 success 0.0 +/- 0.0
539999 eval steps mean 99.9 best 99 optimal 10
539999 eval return -3.105 +/- 0.026
time:  55.707 SPS: 163
544999 success 0.1 +/- 0.1
544999 eval steps mean 94.3 best 44 optimal 10
544999 eval return -2.625 +/- 0.474
time:  56.227 SPS: 163
549999 success 1.0 +/- 0.0
549999 eval steps mean 15.4 best 15 optimal 10
549999 eval return 1.935 +/- 0.009
time:  56.712 SPS: 163
554999 success 1.0 +/- 0.0
554999 eval steps mean 15.3 best 14 optimal 10
554999 eval return 1.932 +/- 0.012
560000
GOAL [13  0]
time:  57.214 SPS: 163
559999 success 0.0 +/- 0.0
559999 eval steps mean 99.9 best 99 optimal 13
559999 eval return -3.434 +/- 0.013
time:  57.725 SPS: 163
564999 success 0.5 +/- 0.167
564999 eval steps mean 74.8 best 19 optimal 13
564999 eval return -0.161 +/- 0.612
time:  58.25 SPS: 163
569999 success 1.0 +/- 0.0
569999 eval steps mean 23.0 best 14 optimal 13
569999 eval return 1.722 +/- 0.147
time:  58.733 SPS: 163
574999 success 1.0 +/- 0.0
574999 eval steps mean 13.9 best 13 optimal 13
574999 eval return 2.09 +/- 0.0
time:  59.212 SPS: 163
579999 success 1.0 +/- 0.0
579999 eval steps mean 13.9 best 13 optimal 13
579999 eval return 2.09 +/- 0.0
time:  59.7 SPS: 163
584999 success 1.0 +/- 0.0
584999 eval steps mean 13.9 best 13 optimal 13
584999 eval return 2.09 +/- 0.0
time:  60.191 SPS: 163
589999 success 1.0 +/- 0.0
589999 eval steps mean 14.1 best 13 optimal 13
589999 eval return 2.082 +/- 0.007
time:  60.681 SPS: 163
594999 success 1.0 +/- 0.0
594999 eval steps mean 14.1 best 13 optimal 13
594999 eval return 2.081 +/- 0.009
600000
GOAL [12 11]
time:  61.176 SPS: 163
599999 success 0.0 +/- 0.0
599999 eval steps mean 99.9 best 99 optimal 9
599999 eval return -12.229 +/- 0.009
time:  61.687 SPS: 163
604999 success 1.0 +/- 0.0
604999 eval steps mean 10.1 best 9 optimal 9
604999 eval return 2.541 +/- 0.009
time:  62.149 SPS: 163
609999 success 0.0 +/- 0.0
609999 eval steps mean 99.9 best 99 optimal 9
609999 eval return -5.589 +/- 0.16
time:  62.639 SPS: 163
614999 success 0.0 +/- 0.0
614999 eval steps mean 99.9 best 99 optimal 9
614999 eval return -5.653 +/- 0.105
time:  63.15 SPS: 163
619999 success 1.0 +/- 0.0
619999 eval steps mean 9.9 best 9 optimal 9
619999 eval return 2.55 +/- 0.0
time:  63.629 SPS: 163
624999 success 1.0 +/- 0.0
624999 eval steps mean 9.9 best 9 optimal 9
624999 eval return 2.55 +/- 0.0
time:  64.106 SPS: 163
629999 success 1.0 +/- 0.0
629999 eval steps mean 9.9 best 9 optimal 9
629999 eval return 2.55 +/- 0.0
time:  64.586 SPS: 163
634999 success 1.0 +/- 0.0
634999 eval steps mean 9.9 best 9 optimal 9
634999 eval return 2.55 +/- 0.0
640000
GOAL [10  7]
time:  65.08 SPS: 163
639999 success 1.0 +/- 0.0
639999 eval steps mean 3.9 best 3 optimal 3
639999 eval return 2.94 +/- 0.0
time:  65.572 SPS: 163
644999 success 1.0 +/- 0.0
644999 eval steps mean 3.9 best 3 optimal 3
644999 eval return 2.94 +/- 0.0
time:  66.065 SPS: 163
649999 success 1.0 +/- 0.0
649999 eval steps mean 3.9 best 3 optimal 3
649999 eval return 2.94 +/- 0.0
time:  66.549 SPS: 164
654999 success 1.0 +/- 0.0
654999 eval steps mean 3.9 best 3 optimal 3
654999 eval return 2.94 +/- 0.0
time:  67.032 SPS: 164
659999 success 1.0 +/- 0.0
659999 eval steps mean 3.9 best 3 optimal 3
659999 eval return 2.94 +/- 0.0
time:  67.522 SPS: 164
664999 success 1.0 +/- 0.0
664999 eval steps mean 3.9 best 3 optimal 3
664999 eval return 2.94 +/- 0.0
time:  68.007 SPS: 164
669999 success 1.0 +/- 0.0
669999 eval steps mean 3.9 best 3 optimal 3
669999 eval return 2.94 +/- 0.0
time:  68.488 SPS: 164
674999 success 1.0 +/- 0.0
674999 eval steps mean 3.9 best 3 optimal 3
674999 eval return 2.94 +/- 0.0
680000
GOAL [12  8]
time:  68.986 SPS: 164
679999 success 0.0 +/- 0.0
679999 eval steps mean 99.9 best 99 optimal 6
679999 eval return -2.987 +/- 0.014
time:  69.514 SPS: 164
684999 success 1.0 +/- 0.0
684999 eval steps mean 6.9 best 6 optimal 6
684999 eval return 2.79 +/- 0.0
time:  69.99 SPS: 164
689999 success 0.0 +/- 0.0
689999 eval steps mean 99.9 best 99 optimal 6
689999 eval return -3.02 +/- 0.0
time:  70.462 SPS: 164
694999 success 0.0 +/- 0.0
694999 eval steps mean 99.9 best 99 optimal 6
694999 eval return -3.02 +/- 0.0
time:  70.94 SPS: 164
699999 success 0.0 +/- 0.0
699999 eval steps mean 99.9 best 99 optimal 6
699999 eval return -3.02 +/- 0.0
time:  71.404 SPS: 164
704999 success 0.0 +/- 0.0
704999 eval steps mean 99.9 best 99 optimal 6
704999 eval return -3.02 +/- 0.0
time:  71.873 SPS: 164
709999 success 0.0 +/- 0.0
709999 eval steps mean 99.9 best 99 optimal 6
709999 eval return -3.02 +/- 0.0
time:  72.346 SPS: 164
714999 success 0.0 +/- 0.0
714999 eval steps mean 99.9 best 99 optimal 6
714999 eval return -3.02 +/- 0.0
720000
GOAL [ 6 13]
time:  72.831 SPS: 164
719999 success 0.0 +/- 0.0
719999 eval steps mean 99.9 best 99 optimal 7
719999 eval return -14.0 +/- 0.0
time:  73.321 SPS: 164
724999 success 0.0 +/- 0.0
724999 eval steps mean 99.9 best 99 optimal 7
724999 eval return -13.403 +/- 0.475
time:  73.836 SPS: 164
729999 success 0.0 +/- 0.0
729999 eval steps mean 99.9 best 99 optimal 7
729999 eval return -9.065 +/- 1.133
time:  74.359 SPS: 164
734999 success 0.0 +/- 0.0
734999 eval steps mean 99.9 best 99 optimal 7
734999 eval return -12.356 +/- 1.026
time:  74.854 SPS: 164
739999 success 0.0 +/- 0.0
739999 eval steps mean 99.9 best 99 optimal 7
739999 eval return -4.261 +/- 0.086
time:  75.353 SPS: 164
744999 success 0.0 +/- 0.0
744999 eval steps mean 99.9 best 99 optimal 7
744999 eval return -9.117 +/- 0.696
time:  75.866 SPS: 164
749999 success 0.8 +/- 0.133
749999 eval steps mean 63.8 best 28 optimal 7
749999 eval return -4.681 +/- 2.064
time:  76.382 SPS: 164
754999 success 1.0 +/- 0.0
754999 eval steps mean 21.4 best 20 optimal 7
754999 eval return 1.283 +/- 0.05
760000
GOAL [ 7 10]
time:  76.884 SPS: 164
759999 success 0.1 +/- 0.1
759999 eval steps mean 92.9 best 30 optimal 3
759999 eval return -4.46 +/- 0.606
time:  77.408 SPS: 164
764999 success 0.0 +/- 0.0
764999 eval steps mean 99.9 best 99 optimal 3
764999 eval return -5.499 +/- 0.091
time:  77.936 SPS: 164
769999 success 0.1 +/- 0.1
769999 eval steps mean 98.9 best 89 optimal 3
769999 eval return -5.863 +/- 0.444
time:  78.474 SPS: 164
774999 success 0.7 +/- 0.153
774999 eval steps mean 47.9 best 19 optimal 3
774999 eval return -3.18 +/- 2.397
time:  78.95 SPS: 164
779999 success 1.0 +/- 0.0
779999 eval steps mean 23.0 best 18 optimal 3
779999 eval return 1.102 +/- 0.097
time:  79.411 SPS: 164
784999 success 0.9 +/- 0.1
784999 eval steps mean 30.2 best 19 optimal 3
784999 eval return -0.645 +/- 1.771
time:  79.875 SPS: 164
789999 success 0.8 +/- 0.133
789999 eval steps mean 34.6 best 17 optimal 3
789999 eval return -1.297 +/- 1.846
time:  80.316 SPS: 164
794999 success 1.0 +/- 0.0
794999 eval steps mean 18.3 best 17 optimal 3
794999 eval return 1.448 +/- 0.016
800000
GOAL [12 11]
time:  80.75 SPS: 165
799999 success 0.0 +/- 0.0
799999 eval steps mean 99.9 best 99 optimal 9
799999 eval return -7.508 +/- 0.1
done RL run. Time 80.89731395499936 min
