agent_dict keys dict_keys(['base_algorithm', 'learning_rate', 'num_envs', 'rollout_num_steps', 'gamma', 'gae_lambda', 'num_minibatches', 'update_epochs', 'minibatch_size', 'norm_adv', 'clip_coef', 'clip_vloss', 'ent_coef', 'vf_coef', 'max_grad_norm', 'rpo_alpha', 'parseval_reg', 'input_scale', 'learnable_input_scale', 'add_diag_layer', 'lie_group', 'pion', 'pion_block_size', 'oft', 'poet', 'oet_num_blocks', 'layer_norm', 'layer_norm_no_params', 'weight_decay', 'tuned_adam', 'perturb', 'perturb_dist', 'regen', 'regen_wasserstein', 'weight_init', 'net_width', 'net_activation', 'init_gain', 'parseval_norm', 'parseval_num_groups'])
env_dict keys dict_keys(['env', 'change_freq', 'seed', 'env_type'])
Start RL run!
{'base_algorithm': 'ppo_agent', 'learning_rate': 0.003, 'num_envs': 1, 'rollout_num_steps': 128, 'gamma': 0.99, 'gae_lambda': 0.95, 'num_minibatches': 4, 'update_epochs': 4, 'minibatch_size': 32, 'norm_adv': True, 'clip_coef': 0.2, 'clip_vloss': True, 'ent_coef': 0.01, 'vf_coef': 0.5, 'max_grad_norm': 0.5, 'rpo_alpha': 0, 'parseval_reg': 0, 'input_scale': 1, 'learnable_input_scale': False, 'add_diag_layer': False, 'lie_group': False, 'pion': False, 'pion_block_size': None, 'oft': True, 'poet': False, 'oet_num_blocks': 9, 'layer_norm': False, 'layer_norm_no_params': False, 'weight_decay': 0, 'tuned_adam': False, 'perturb': 0.0, 'perturb_dist': 'xavier', 'regen': 0.0, 'regen_wasserstein': False, 'weight_init': 'orthogonal', 'net_width': 64, 'net_activation': 'tanh', 'init_gain': None, 'parseval_norm': False, 'parseval_num_groups': 1, 'device': 'cpu'}
{'env': 'gridworld_ninerooms', 'change_freq': 40000, 'seed': 124, 'env_type': 'rl', 'local_run': False}
Running on gpu: False
Gridworld args () {'env': 'gridworld_ninerooms', 'change_freq': 40000, 'seed': 124, 'env_type': 'rl', 'local_run': False}
time:  0.073 SPS: 0
0 success 0.0 +/- 0.0
0 eval steps mean 99.9 best 99 optimal 10
0 eval return -10.495 +/- 1.0
time:  0.63 SPS: 132
4999 success 0.9 +/- 0.1
4999 eval steps mean 41.0 best 13 optimal 10
4999 eval return -0.075 +/- 0.739
time:  1.167 SPS: 142
9999 success 1.0 +/- 0.0
9999 eval steps mean 11.7 best 10 optimal 10
9999 eval return 2.41 +/- 0.024
time:  1.689 SPS: 147
14999 success 1.0 +/- 0.0
14999 eval steps mean 15.9 best 11 optimal 10
14999 eval return 2.24 +/- 0.184
time:  2.225 SPS: 149
19999 success 1.0 +/- 0.0
19999 eval steps mean 11.2 best 11 optimal 10
19999 eval return 2.438 +/- 0.009
time:  2.765 SPS: 150
24999 success 1.0 +/- 0.0
24999 eval steps mean 11.4 best 10 optimal 10
24999 eval return 2.407 +/- 0.029
time:  3.257 SPS: 153
29999 success 1.0 +/- 0.0
29999 eval steps mean 11.7 best 10 optimal 10
29999 eval return 2.42 +/- 0.016
time:  3.755 SPS: 155
34999 success 1.0 +/- 0.0
34999 eval steps mean 11.7 best 10 optimal 10
34999 eval return 2.421 +/- 0.02
40000
GOAL [12 11]
time:  4.289 SPS: 155
39999 success 1.0 +/- 0.0
39999 eval steps mean 10.3 best 9 optimal 9
39999 eval return 2.544 +/- 0.006
time:  4.803 SPS: 156
44999 success 1.0 +/- 0.0
44999 eval steps mean 10.1 best 9 optimal 9
44999 eval return 2.545 +/- 0.005
time:  5.375 SPS: 155
49999 success 1.0 +/- 0.0
49999 eval steps mean 10.3 best 9 optimal 9
49999 eval return 2.528 +/- 0.015
time:  5.906 SPS: 155
54999 success 0.9 +/- 0.1
54999 eval steps mean 20.3 best 10 optimal 9
54999 eval return 1.972 +/- 0.555
