agent_dict keys dict_keys(['base_algorithm', 'learning_rate', 'num_envs', 'rollout_num_steps', 'gamma', 'gae_lambda', 'num_minibatches', 'update_epochs', 'minibatch_size', 'norm_adv', 'clip_coef', 'clip_vloss', 'ent_coef', 'vf_coef', 'max_grad_norm', 'rpo_alpha', 'parseval_reg', 'input_scale', 'learnable_input_scale', 'add_diag_layer', 'lie_group', 'pion', 'pion_block_size', 'oft', 'poet', 'oet_num_blocks', 'layer_norm', 'layer_norm_no_params', 'weight_decay', 'tuned_adam', 'perturb', 'perturb_dist', 'regen', 'regen_wasserstein', 'weight_init', 'net_width', 'net_activation', 'init_gain', 'parseval_norm', 'parseval_num_groups'])
env_dict keys dict_keys(['env', 'change_freq', 'seed', 'env_type'])
Start RL run!
{'base_algorithm': 'ppo_agent', 'learning_rate': 0.003, 'num_envs': 1, 'rollout_num_steps': 128, 'gamma': 0.99, 'gae_lambda': 0.95, 'num_minibatches': 4, 'update_epochs': 4, 'minibatch_size': 32, 'norm_adv': True, 'clip_coef': 0.2, 'clip_vloss': True, 'ent_coef': 0.01, 'vf_coef': 0.5, 'max_grad_norm': 0.5, 'rpo_alpha': 0, 'parseval_reg': 0, 'input_scale': 1, 'learnable_input_scale': False, 'add_diag_layer': False, 'lie_group': False, 'pion': False, 'pion_block_size': None, 'oft': True, 'poet': False, 'oet_num_blocks': 9, 'layer_norm': False, 'layer_norm_no_params': False, 'weight_decay': 0, 'tuned_adam': False, 'perturb': 0.0, 'perturb_dist': 'xavier', 'regen': 0.0, 'regen_wasserstein': False, 'weight_init': 'orthogonal', 'net_width': 64, 'net_activation': 'tanh', 'init_gain': None, 'parseval_norm': False, 'parseval_num_groups': 1, 'device': 'cpu'}
{'env': 'gridworld_ninerooms', 'change_freq': 40000, 'seed': 127, 'env_type': 'rl', 'local_run': False}
Running on gpu: False
Gridworld args () {'env': 'gridworld_ninerooms', 'change_freq': 40000, 'seed': 127, 'env_type': 'rl', 'local_run': False}
time:  0.055 SPS: 0
0 success 0.1 +/- 0.1
0 eval steps mean 96.6 best 67 optimal 7
0 eval return -15.104 +/- 1.136
time:  0.571 SPS: 145
4999 success 0.0 +/- 0.0
4999 eval steps mean 99.9 best 99 optimal 7
4999 eval return -10.357 +/- 0.282
time:  1.111 SPS: 149
9999 success 0.3 +/- 0.153
9999 eval steps mean 85.4 best 37 optimal 7
9999 eval return -10.382 +/- 2.02
time:  1.64 SPS: 152
14999 success 0.4 +/- 0.163
14999 eval steps mean 87.3 best 52 optimal 7
14999 eval return -8.021 +/- 1.357
time:  2.182 SPS: 152
19999 success 0.7 +/- 0.153
19999 eval steps mean 54.0 best 20 optimal 7
19999 eval return -4.03 +/- 2.068
time:  2.707 SPS: 153
24999 success 1.0 +/- 0.0
24999 eval steps mean 24.5 best 18 optimal 7
24999 eval return 0.897 +/- 0.16
time:  3.227 SPS: 154
29999 success 1.0 +/- 0.0
29999 eval steps mean 22.3 best 18 optimal 7
29999 eval return 1.388 +/- 0.027
time:  3.723 SPS: 156
34999 success 0.9 +/- 0.1
34999 eval steps mean 27.5 best 18 optimal 7
34999 eval return 0.057 +/- 1.3
40000
GOAL [9 3]
time:  4.231 SPS: 157
39999 success 0.1 +/- 0.1
39999 eval steps mean 91.4 best 15 optimal 6
39999 eval return -4.537 +/- 0.721
time:  4.744 SPS: 158
44999 success 0.4 +/- 0.163
44999 eval steps mean 69.3 best 17 optimal 6
44999 eval return -8.931 +/- 2.723
time:  5.26 SPS: 158
49999 success 1.0 +/- 0.0
49999 eval steps mean 15.8 best 14 optimal 6
49999 eval return 1.871 +/- 0.038
time:  5.757 SPS: 159
54999 success 0.0 +/- 0.0
54999 eval steps mean 99.9 best 99 optimal 6
54999 eval return -7.028 +/- 0.061
time:  6.268 SPS: 159
59999 success 1.0 +/- 0.0
59999 eval steps mean 20.3 best 14 optimal 6
59999 eval return 1.632 +/- 0.073
time:  6.763 SPS: 160
64999 success 0.9 +/- 0.1
64999 eval steps mean 48.9 best 17 optimal 6
64999 eval return -0.441 +/- 0.913
time:  7.269 SPS: 160
69999 success 1.0 +/- 0.0
69999 eval steps mean 21.5 best 15 optimal 6
69999 eval return 1.2 +/- 0.163
time:  7.77 SPS: 160
74999 success 1.0 +/- 0.0
74999 eval steps mean 15.5 best 14 optimal 6
74999 eval return 1.893 +/- 0.057
80000
GOAL [6 4]
time:  8.301 SPS: 160
79999 success 0.0 +/- 0.0
79999 eval steps mean 99.9 best 99 optimal 4
79999 eval return -5.451 +/- 0.178
time:  8.858 SPS: 159
84999 success 0.0 +/- 0.0
84999 eval steps mean 99.9 best 99 optimal 4
84999 eval return -4.255 +/- 0.146
time:  9.441 SPS: 158
89999 success 0.0 +/- 0.0
89999 eval steps mean 99.9 best 99 optimal 4
89999 eval return -4.656 +/- 0.407
time:  10.01 SPS: 158
94999 success 1.0 +/- 0.0
94999 eval steps mean 29.8 best 23 optimal 4
94999 eval return 0.237 +/- 0.501
time:  10.517 SPS: 158
99999 success 1.0 +/- 0.0
99999 eval steps mean 18.9 best 18 optimal 4
99999 eval return 1.31 +/- 0.0
time:  11.04 SPS: 158
104999 success 1.0 +/- 0.0
104999 eval steps mean 22.9 best 19 optimal 4
104999 eval return 0.912 +/- 0.109
time:  11.558 SPS: 158
109999 success 1.0 +/- 0.0
109999 eval steps mean 20.4 best 19 optimal 4
109999 eval return 1.251 +/- 0.027
time:  12.079 SPS: 158
114999 success 1.0 +/- 0.0
114999 eval steps mean 24.0 best 19 optimal 4
114999 eval return 1.014 +/- 0.083
120000
GOAL [13 13]
time:  12.672 SPS: 157
119999 success 0.0 +/- 0.0
119999 eval steps mean 99.9 best 99 optimal 12
119999 eval return -18.721 +/- 0.102
time:  13.272 SPS: 156
124999 success 0.1 +/- 0.1
124999 eval steps mean 95.1 best 52 optimal 12
124999 eval return -10.307 +/- 1.547
time:  13.898 SPS: 155
129999 success 0.8 +/- 0.133
129999 eval steps mean 30.3 best 12 optimal 12
129999 eval return 0.399 +/- 1.214
time:  14.465 SPS: 155
134999 success 0.9 +/- 0.1
134999 eval steps mean 21.6 best 12 optimal 12
134999 eval return 1.284 +/- 0.936
time:  14.964 SPS: 155
139999 success 1.0 +/- 0.0
139999 eval steps mean 13.5 best 12 optimal 12
139999 eval return 2.209 +/- 0.008
time:  15.452 SPS: 156
144999 success 1.0 +/- 0.0
144999 eval steps mean 12.9 best 12 optimal 12
144999 eval return 2.22 +/- 0.0
time:  15.943 SPS: 156
149999 success 1.0 +/- 0.0
149999 eval steps mean 12.9 best 12 optimal 12
149999 eval return 2.22 +/- 0.0
time:  16.437 SPS: 157
154999 success 1.0 +/- 0.0
154999 eval steps mean 13.3 best 13 optimal 12
154999 eval return 2.214 +/- 0.006
160000
GOAL [10  4]
time:  16.936 SPS: 157
159999 success 0.0 +/- 0.0
159999 eval steps mean 99.9 best 99 optimal 6
159999 eval return -11.241 +/- 0.038
time:  17.457 SPS: 157
164999 success 1.0 +/- 0.0
164999 eval steps mean 18.2 best 14 optimal 6
164999 eval return 2.178 +/- 0.122
time:  17.96 SPS: 157
169999 success 1.0 +/- 0.0
169999 eval steps mean 11.6 best 10 optimal 6
169999 eval return 2.436 +/- 0.009
time:  18.443 SPS: 158
174999 success 0.0 +/- 0.0
174999 eval steps mean 99.9 best 99 optimal 6
174999 eval return -7.316 +/- 0.128
time:  18.936 SPS: 158
179999 success 0.2 +/- 0.133
179999 eval steps mean 87.8 best 11 optimal 6
179999 eval return -8.465 +/- 1.777
time:  19.428 SPS: 158
184999 success 0.0 +/- 0.0
184999 eval steps mean 99.9 best 99 optimal 6
184999 eval return -6.981 +/- 0.027
time:  19.942 SPS: 158
189999 success 1.0 +/- 0.0
189999 eval steps mean 12.1 best 10 optimal 6
189999 eval return 2.394 +/- 0.026
time:  20.424 SPS: 159
194999 success 1.0 +/- 0.0
194999 eval steps mean 11.1 best 11 optimal 6
194999 eval return 2.441 +/- 0.009
200000
GOAL [12 14]
time:  20.927 SPS: 159
199999 success 0.0 +/- 0.0
199999 eval steps mean 99.9 best 99 optimal 12
199999 eval return -12.91 +/- 0.189
time:  21.448 SPS: 159
204999 success 0.8 +/- 0.133
204999 eval steps mean 33.4 best 15 optimal 12
204999 eval return 0.129 +/- 1.273
time:  21.937 SPS: 159
209999 success 1.0 +/- 0.0
209999 eval steps mean 15.2 best 14 optimal 12
209999 eval return 2.142 +/- 0.011
time:  22.416 SPS: 159
214999 success 0.1 +/- 0.1
214999 eval steps mean 91.2 best 13 optimal 12
214999 eval return -8.241 +/- 1.525
time:  22.94 SPS: 159
219999 success 1.0 +/- 0.0
219999 eval steps mean 13.1 best 12 optimal 12
219999 eval return 2.207 +/- 0.013
time:  23.432 SPS: 160
224999 success 1.0 +/- 0.0
224999 eval steps mean 16.1 best 13 optimal 12
224999 eval return 2.032 +/- 0.072
time:  23.919 SPS: 160
229999 success 1.0 +/- 0.0
229999 eval steps mean 12.9 best 12 optimal 12
229999 eval return 2.22 +/- 0.0
time:  24.404 SPS: 160
234999 success 1.0 +/- 0.0
234999 eval steps mean 12.9 best 12 optimal 12
234999 eval return 2.22 +/- 0.0
240000
GOAL [9 4]
time:  24.904 SPS: 160
239999 success 0.0 +/- 0.0
239999 eval steps mean 99.9 best 99 optimal 5
239999 eval return -15.821 +/- 0.67
time:  25.398 SPS: 160
244999 success 0.0 +/- 0.0
244999 eval steps mean 99.9 best 99 optimal 5
244999 eval return -11.862 +/- 0.391
time:  25.923 SPS: 160
249999 success 0.0 +/- 0.0
249999 eval steps mean 99.9 best 99 optimal 5
249999 eval return -10.622 +/- 0.002
time:  26.452 SPS: 160
254999 success 0.0 +/- 0.0
254999 eval steps mean 99.9 best 99 optimal 5
254999 eval return -10.624 +/- 0.003
time:  26.985 SPS: 160
259999 success 0.0 +/- 0.0
259999 eval steps mean 99.9 best 99 optimal 5
259999 eval return -10.62 +/- 0.0
time:  27.521 SPS: 160
264999 success 0.0 +/- 0.0
264999 eval steps mean 99.9 best 99 optimal 5
264999 eval return -10.626 +/- 0.003
time:  28.061 SPS: 160
269999 success 0.0 +/- 0.0
269999 eval steps mean 99.9 best 99 optimal 5
269999 eval return -10.632 +/- 0.006
time:  28.598 SPS: 160
274999 success 0.0 +/- 0.0
274999 eval steps mean 99.9 best 99 optimal 5
274999 eval return -10.555 +/- 0.069
280000
GOAL [6 2]
time:  29.137 SPS: 160
279999 success 0.0 +/- 0.0
279999 eval steps mean 99.9 best 99 optimal 6
279999 eval return -11.604 +/- 0.003
time:  29.667 SPS: 160
284999 success 0.0 +/- 0.0
284999 eval steps mean 99.9 best 99 optimal 6
284999 eval return -11.6 +/- 0.0
time:  30.197 SPS: 160
289999 success 0.0 +/- 0.0
289999 eval steps mean 99.9 best 99 optimal 6
289999 eval return -13.622 +/- 0.609
time:  30.725 SPS: 160
294999 success 0.7 +/- 0.153
294999 eval steps mean 62.2 best 31 optimal 6
294999 eval return -3.803 +/- 1.532
time:  31.227 SPS: 160
299999 success 0.4 +/- 0.163
299999 eval steps mean 67.7 best 17 optimal 6
299999 eval return -4.233 +/- 1.658
time:  31.733 SPS: 160
304999 success 1.0 +/- 0.0
304999 eval steps mean 31.0 best 21 optimal 6
304999 eval return 0.115 +/- 0.532
time:  32.22 SPS: 160
309999 success 1.0 +/- 0.0
309999 eval steps mean 17.5 best 16 optimal 6
309999 eval return 1.601 +/- 0.034
time:  32.703 SPS: 160
314999 success 1.0 +/- 0.0
314999 eval steps mean 34.2 best 21 optimal 6
314999 eval return 1.072 +/- 0.195
320000
GOAL [ 6 14]
time:  33.203 SPS: 160
319999 success 0.0 +/- 0.0
319999 eval steps mean 99.9 best 99 optimal 8
319999 eval return -20.741 +/- 0.06
time:  33.704 SPS: 160
324999 success 0.0 +/- 0.0
324999 eval steps mean 99.9 best 99 optimal 8
324999 eval return -10.31 +/- 0.013
time:  34.218 SPS: 160
329999 success 0.0 +/- 0.0
329999 eval steps mean 99.9 best 99 optimal 8
329999 eval return -10.581 +/- 0.701
time:  34.742 SPS: 160
334999 success 0.5 +/- 0.167
334999 eval steps mean 67.1 best 19 optimal 8
334999 eval return -7.912 +/- 2.521
time:  35.235 SPS: 160
339999 success 0.9 +/- 0.1
339999 eval steps mean 27.4 best 19 optimal 8
339999 eval return -0.683 +/- 1.939
time:  35.719 SPS: 160
344999 success 1.0 +/- 0.0
344999 eval steps mean 20.1 best 18 optimal 8
344999 eval return 1.271 +/- 0.021
time:  36.186 SPS: 161
349999 success 0.0 +/- 0.0
349999 eval steps mean 99.9 best 99 optimal 8
349999 eval return -16.368 +/- 0.257
time:  36.683 SPS: 161
354999 success 0.8 +/- 0.133
354999 eval steps mean 41.8 best 22 optimal 8
354999 eval return -3.154 +/- 2.189
360000
GOAL [10  6]
time:  37.191 SPS: 161
359999 success 0.0 +/- 0.0
359999 eval steps mean 99.9 best 99 optimal 4
359999 eval return -13.215 +/- 0.505
time:  37.701 SPS: 161
364999 success 0.0 +/- 0.0
364999 eval steps mean 99.9 best 99 optimal 4
364999 eval return -8.456 +/- 0.75
time:  38.222 SPS: 161
369999 success 0.0 +/- 0.0
369999 eval steps mean 99.9 best 99 optimal 4
369999 eval return -3.91 +/- 0.0
time:  38.734 SPS: 161
374999 success 0.0 +/- 0.0
374999 eval steps mean 99.9 best 99 optimal 4
374999 eval return -3.91 +/- 0.0
time:  39.249 SPS: 161
379999 success 0.0 +/- 0.0
379999 eval steps mean 99.9 best 99 optimal 4
379999 eval return -4.84 +/- 0.0
time:  39.727 SPS: 161
384999 success 0.0 +/- 0.0
384999 eval steps mean 99.9 best 99 optimal 4
384999 eval return -4.84 +/- 0.0
time:  40.198 SPS: 161
389999 success 0.0 +/- 0.0
389999 eval steps mean 99.9 best 99 optimal 4
389999 eval return -4.84 +/- 0.0
time:  40.67 SPS: 161
394999 success 0.0 +/- 0.0
394999 eval steps mean 99.9 best 99 optimal 4
394999 eval return -4.84 +/- 0.0
400000
GOAL [12  6]
time:  41.154 SPS: 161
399999 success 0.0 +/- 0.0
399999 eval steps mean 99.9 best 99 optimal 6
399999 eval return -3.02 +/- 0.0
time:  41.616 SPS: 162
404999 success 0.0 +/- 0.0
404999 eval steps mean 99.9 best 99 optimal 6
404999 eval return -3.02 +/- 0.0
time:  42.089 SPS: 162
409999 success 0.1 +/- 0.1
409999 eval steps mean 90.6 best 7 optimal 6
409999 eval return -2.439 +/- 0.581
time:  42.606 SPS: 162
414999 success 1.0 +/- 0.0
414999 eval steps mean 6.9 best 6 optimal 6
414999 eval return 2.79 +/- 0.0
time:  43.083 SPS: 162
419999 success 1.0 +/- 0.0
419999 eval steps mean 6.9 best 6 optimal 6
419999 eval return 2.79 +/- 0.0
time:  43.555 SPS: 162
424999 success 1.0 +/- 0.0
424999 eval steps mean 6.9 best 6 optimal 6
424999 eval return 2.79 +/- 0.0
time:  44.029 SPS: 162
429999 success 0.9 +/- 0.1
429999 eval steps mean 16.2 best 6 optimal 6
429999 eval return 2.274 +/- 0.516
time:  44.502 SPS: 162
434999 success 1.0 +/- 0.0
434999 eval steps mean 6.9 best 6 optimal 6
434999 eval return 2.79 +/- 0.0
440000
GOAL [13  5]
time:  44.987 SPS: 163
439999 success 0.5 +/- 0.167
439999 eval steps mean 54.6 best 9 optimal 8
439999 eval return 0.509 +/- 0.701
time:  45.483 SPS: 163
444999 success 1.0 +/- 0.0
444999 eval steps mean 8.9 best 8 optimal 8
444999 eval return 2.64 +/- 0.0
time:  45.961 SPS: 163
449999 success 1.0 +/- 0.0
449999 eval steps mean 11.5 best 10 optimal 8
449999 eval return 2.463 +/- 0.014
time:  46.443 SPS: 163
454999 success 1.0 +/- 0.0
454999 eval steps mean 11.1 best 10 optimal 8
454999 eval return 2.483 +/- 0.007
time:  46.915 SPS: 163
459999 success 1.0 +/- 0.0
459999 eval steps mean 8.9 best 8 optimal 8
459999 eval return 2.64 +/- 0.0
time:  47.391 SPS: 163
464999 success 1.0 +/- 0.0
464999 eval steps mean 8.9 best 8 optimal 8
464999 eval return 2.64 +/- 0.0
time:  47.862 SPS: 163
469999 success 0.9 +/- 0.1
469999 eval steps mean 18.0 best 8 optimal 8
469999 eval return 2.226 +/- 0.414
time:  48.348 SPS: 163
474999 success 0.7 +/- 0.153
474999 eval steps mean 37.0 best 9 optimal 8
474999 eval return 1.169 +/- 0.738
480000
GOAL [14 13]
time:  48.854 SPS: 163
479999 success 0.0 +/- 0.0
479999 eval steps mean 99.9 best 99 optimal 13
479999 eval return -11.046 +/- 0.068
time:  49.349 SPS: 163
484999 success 0.0 +/- 0.0
484999 eval steps mean 99.9 best 99 optimal 13
484999 eval return -11.188 +/- 0.206
time:  49.864 SPS: 163
489999 success 0.0 +/- 0.0
489999 eval steps mean 99.9 best 99 optimal 13
489999 eval return -9.11 +/- 0.068
time:  50.392 SPS: 163
494999 success 0.0 +/- 0.0
494999 eval steps mean 99.9 best 99 optimal 13
494999 eval return -8.666 +/- 0.018
time:  50.924 SPS: 163
499999 success 0.0 +/- 0.0
499999 eval steps mean 99.9 best 99 optimal 13
499999 eval return -8.628 +/- 0.005
time:  51.458 SPS: 163
504999 success 0.0 +/- 0.0
504999 eval steps mean 99.9 best 99 optimal 13
504999 eval return -8.628 +/- 0.003
time:  51.991 SPS: 163
509999 success 0.0 +/- 0.0
509999 eval steps mean 99.9 best 99 optimal 13
509999 eval return -8.63 +/- 0.008
time:  52.524 SPS: 163
514999 success 0.0 +/- 0.0
514999 eval steps mean 99.9 best 99 optimal 13
514999 eval return -8.63 +/- 0.005
520000
GOAL [8 2]
time:  53.059 SPS: 163
519999 success 0.0 +/- 0.0
519999 eval steps mean 99.9 best 99 optimal 6
519999 eval return -9.582 +/- 0.05
time:  53.591 SPS: 163
524999 success 0.0 +/- 0.0
524999 eval steps mean 99.9 best 99 optimal 6
524999 eval return -9.628 +/- 0.006
time:  54.129 SPS: 163
529999 success 0.0 +/- 0.0
529999 eval steps mean 99.9 best 99 optimal 6
529999 eval return -9.62 +/- 0.0
time:  54.657 SPS: 163
534999 success 0.0 +/- 0.0
534999 eval steps mean 99.9 best 99 optimal 6
534999 eval return -9.626 +/- 0.006
time:  55.187 SPS: 163
539999 success 0.0 +/- 0.0
539999 eval steps mean 99.9 best 99 optimal 6
539999 eval return -9.609 +/- 0.011
time:  55.719 SPS: 163
544999 success 0.0 +/- 0.0
544999 eval steps mean 99.9 best 99 optimal 6
544999 eval return -9.63 +/- 0.01
time:  56.244 SPS: 162
549999 success 0.0 +/- 0.0
549999 eval steps mean 99.9 best 99 optimal 6
549999 eval return -9.649 +/- 0.014
time:  56.775 SPS: 162
554999 success 0.0 +/- 0.0
554999 eval steps mean 99.9 best 99 optimal 6
554999 eval return -9.691 +/- 0.017
560000
GOAL [ 9 14]
time:  57.317 SPS: 162
559999 success 0.0 +/- 0.0
559999 eval steps mean 99.9 best 99 optimal 9
559999 eval return -12.696 +/- 0.149
time:  57.863 SPS: 162
564999 success 0.0 +/- 0.0
564999 eval steps mean 99.9 best 99 optimal 9
564999 eval return -10.782 +/- 0.153
time:  58.39 SPS: 162
569999 success 0.0 +/- 0.0
569999 eval steps mean 99.9 best 99 optimal 9
569999 eval return -10.732 +/- 0.103
time:  58.922 SPS: 162
574999 success 0.0 +/- 0.0
574999 eval steps mean 99.9 best 99 optimal 9
574999 eval return -10.617 +/- 0.008
time:  59.455 SPS: 162
579999 success 0.0 +/- 0.0
579999 eval steps mean 99.9 best 99 optimal 9
579999 eval return -10.624 +/- 0.003
time:  59.998 SPS: 162
584999 success 0.0 +/- 0.0
584999 eval steps mean 99.9 best 99 optimal 9
584999 eval return -10.63 +/- 0.008
time:  60.528 SPS: 162
589999 success 0.0 +/- 0.0
589999 eval steps mean 99.9 best 99 optimal 9
589999 eval return -10.646 +/- 0.006
time:  61.055 SPS: 162
594999 success 0.0 +/- 0.0
594999 eval steps mean 99.9 best 99 optimal 9
594999 eval return -10.62 +/- 0.0
600000
GOAL [13 12]
time:  61.595 SPS: 162
599999 success 0.0 +/- 0.0
599999 eval steps mean 99.9 best 99 optimal 11
599999 eval return -6.62 +/- 0.0
time:  62.129 SPS: 162
604999 success 0.0 +/- 0.0
604999 eval steps mean 99.9 best 99 optimal 11
604999 eval return -6.695 +/- 0.075
time:  62.662 SPS: 162
609999 success 0.0 +/- 0.0
609999 eval steps mean 99.9 best 99 optimal 11
609999 eval return -6.848 +/- 0.213
time:  63.191 SPS: 162
614999 success 0.0 +/- 0.0
614999 eval steps mean 99.9 best 99 optimal 11
614999 eval return -6.632 +/- 0.004
time:  63.729 SPS: 162
619999 success 0.0 +/- 0.0
619999 eval steps mean 99.9 best 99 optimal 11
619999 eval return -6.62 +/- 0.0
time:  64.266 SPS: 162
624999 success 0.0 +/- 0.0
624999 eval steps mean 99.9 best 99 optimal 11
624999 eval return -6.84 +/- 0.22
time:  64.79 SPS: 162
629999 success 0.0 +/- 0.0
629999 eval steps mean 99.9 best 99 optimal 11
629999 eval return -5.865 +/- 0.145
time:  65.312 SPS: 162
634999 success 1.0 +/- 0.0
634999 eval steps mean 12.9 best 11 optimal 11
634999 eval return 2.294 +/- 0.034
640000
GOAL [12  7]
time:  65.802 SPS: 162
639999 success 1.0 +/- 0.0
639999 eval steps mean 6.1 best 5 optimal 5
639999 eval return 2.845 +/- 0.005
time:  66.282 SPS: 162
644999 success 1.0 +/- 0.0
644999 eval steps mean 6.1 best 5 optimal 5
644999 eval return 2.843 +/- 0.007
time:  66.763 SPS: 162
649999 success 1.0 +/- 0.0
649999 eval steps mean 5.9 best 5 optimal 5
649999 eval return 2.85 +/- 0.0
time:  67.243 SPS: 162
654999 success 1.0 +/- 0.0
654999 eval steps mean 5.9 best 5 optimal 5
654999 eval return 2.85 +/- 0.0
time:  67.726 SPS: 162
659999 success 1.0 +/- 0.0
659999 eval steps mean 5.9 best 5 optimal 5
659999 eval return 2.85 +/- 0.0
time:  68.206 SPS: 162
664999 success 1.0 +/- 0.0
664999 eval steps mean 5.9 best 5 optimal 5
664999 eval return 2.85 +/- 0.0
time:  68.688 SPS: 162
669999 success 1.0 +/- 0.0
669999 eval steps mean 5.9 best 5 optimal 5
669999 eval return 2.85 +/- 0.0
time:  69.168 SPS: 162
674999 success 1.0 +/- 0.0
674999 eval steps mean 5.9 best 5 optimal 5
674999 eval return 2.85 +/- 0.0
680000
GOAL [13 11]
time:  69.659 SPS: 162
679999 success 0.0 +/- 0.0
679999 eval steps mean 99.9 best 99 optimal 10
679999 eval return -8.848 +/- 0.002
time:  70.136 SPS: 162
684999 success 0.0 +/- 0.0
684999 eval steps mean 99.9 best 99 optimal 10
684999 eval return -7.02 +/- 0.0
time:  70.637 SPS: 162
689999 success 0.0 +/- 0.0
689999 eval steps mean 99.9 best 99 optimal 10
689999 eval return -5.667 +/- 0.011
time:  71.176 SPS: 162
694999 success 0.0 +/- 0.0
694999 eval steps mean 99.9 best 99 optimal 10
694999 eval return -5.628 +/- 0.004
time:  71.703 SPS: 162
699999 success 0.0 +/- 0.0
699999 eval steps mean 99.9 best 99 optimal 10
699999 eval return -5.719 +/- 0.097
time:  72.227 SPS: 162
704999 success 0.0 +/- 0.0
704999 eval steps mean 99.9 best 99 optimal 10
704999 eval return -5.624 +/- 0.004
time:  72.761 SPS: 162
709999 success 0.0 +/- 0.0
709999 eval steps mean 99.9 best 99 optimal 10
709999 eval return -5.62 +/- 0.0
time:  73.283 SPS: 162
714999 success 0.0 +/- 0.0
714999 eval steps mean 99.9 best 99 optimal 10
714999 eval return -5.64 +/- 0.007
720000
GOAL [ 5 12]
time:  73.825 SPS: 162
719999 success 0.0 +/- 0.0
719999 eval steps mean 99.9 best 99 optimal 7
719999 eval return -12.568 +/- 0.007
time:  74.353 SPS: 162
724999 success 0.0 +/- 0.0
724999 eval steps mean 99.9 best 99 optimal 7
724999 eval return -12.495 +/- 0.065
time:  74.884 SPS: 162
729999 success 0.0 +/- 0.0
729999 eval steps mean 99.9 best 99 optimal 7
729999 eval return -12.71 +/- 0.148
time:  75.399 SPS: 162
734999 success 0.0 +/- 0.0
734999 eval steps mean 99.9 best 99 optimal 7
734999 eval return -8.708 +/- 0.015
time:  75.93 SPS: 162
739999 success 0.0 +/- 0.0
739999 eval steps mean 99.9 best 99 optimal 7
739999 eval return -8.644 +/- 0.011
time:  76.471 SPS: 162
744999 success 0.0 +/- 0.0
744999 eval steps mean 99.9 best 99 optimal 7
744999 eval return -8.626 +/- 0.004
time:  77.005 SPS: 162
749999 success 0.0 +/- 0.0
749999 eval steps mean 99.9 best 99 optimal 7
749999 eval return -8.632 +/- 0.007
time:  77.533 SPS: 162
754999 success 0.0 +/- 0.0
754999 eval steps mean 99.9 best 99 optimal 7
754999 eval return -8.631 +/- 0.006
760000
GOAL [8 3]
time:  78.07 SPS: 162
759999 success 0.0 +/- 0.0
759999 eval steps mean 99.9 best 99 optimal 5
759999 eval return -12.644 +/- 0.008
time:  78.586 SPS: 162
764999 success 0.0 +/- 0.0
764999 eval steps mean 99.9 best 99 optimal 5
764999 eval return -9.824 +/- 0.225
time:  79.069 SPS: 162
769999 success 0.0 +/- 0.0
769999 eval steps mean 99.9 best 99 optimal 5
769999 eval return -8.836 +/- 0.033
time:  79.565 SPS: 162
774999 success 0.1 +/- 0.1
774999 eval steps mean 98.0 best 81 optimal 5
774999 eval return -9.541 +/- 1.169
time:  80.04 SPS: 162
779999 success 0.0 +/- 0.0
779999 eval steps mean 99.9 best 99 optimal 5
779999 eval return -7.566 +/- 1.416
time:  80.478 SPS: 162
784999 success 0.9 +/- 0.1
784999 eval steps mean 50.5 best 17 optimal 5
784999 eval return -1.413 +/- 1.224
time:  80.9 SPS: 162
789999 success 0.2 +/- 0.133
789999 eval steps mean 85.5 best 19 optimal 5
789999 eval return -5.722 +/- 1.161
time:  81.321 SPS: 162
794999 success 0.9 +/- 0.1
794999 eval steps mean 33.4 best 20 optimal 5
794999 eval return 0.106 +/- 1.043
800000
GOAL [11 14]
time:  81.741 SPS: 163
799999 success 0.0 +/- 0.0
799999 eval steps mean 99.9 best 99 optimal 11
799999 eval return -14.305 +/- 0.291
done RL run. Time 81.86925111333258 min
