agent_dict keys dict_keys(['base_algorithm', 'learning_rate', 'num_envs', 'rollout_num_steps', 'gamma', 'gae_lambda', 'num_minibatches', 'update_epochs', 'minibatch_size', 'norm_adv', 'clip_coef', 'clip_vloss', 'ent_coef', 'vf_coef', 'max_grad_norm', 'rpo_alpha', 'parseval_reg', 'input_scale', 'learnable_input_scale', 'add_diag_layer', 'lie_group', 'pion', 'pion_block_size', 'oft', 'poet', 'oet_num_blocks', 'layer_norm', 'layer_norm_no_params', 'weight_decay', 'tuned_adam', 'perturb', 'perturb_dist', 'regen', 'regen_wasserstein', 'weight_init', 'net_width', 'net_activation', 'init_gain', 'parseval_norm', 'parseval_num_groups'])
env_dict keys dict_keys(['env', 'change_freq', 'seed', 'env_type'])
Start RL run!
{'base_algorithm': 'ppo_agent', 'learning_rate': 0.003, 'num_envs': 1, 'rollout_num_steps': 128, 'gamma': 0.99, 'gae_lambda': 0.95, 'num_minibatches': 4, 'update_epochs': 4, 'minibatch_size': 32, 'norm_adv': True, 'clip_coef': 0.2, 'clip_vloss': True, 'ent_coef': 0.01, 'vf_coef': 0.5, 'max_grad_norm': 0.5, 'rpo_alpha': 0, 'parseval_reg': 0, 'input_scale': 1, 'learnable_input_scale': False, 'add_diag_layer': False, 'lie_group': False, 'pion': False, 'pion_block_size': None, 'oft': True, 'poet': False, 'oet_num_blocks': 9, 'layer_norm': False, 'layer_norm_no_params': False, 'weight_decay': 0, 'tuned_adam': False, 'perturb': 0.0, 'perturb_dist': 'xavier', 'regen': 0.0, 'regen_wasserstein': False, 'weight_init': 'orthogonal', 'net_width': 64, 'net_activation': 'tanh', 'init_gain': None, 'parseval_norm': False, 'parseval_num_groups': 1, 'device': 'cpu'}
{'env': 'gridworld_ninerooms', 'change_freq': 40000, 'seed': 125, 'env_type': 'rl', 'local_run': False}
Running on gpu: False
Gridworld args () {'env': 'gridworld_ninerooms', 'change_freq': 40000, 'seed': 125, 'env_type': 'rl', 'local_run': False}
time:  0.073 SPS: 0
0 success 0.1 +/- 0.1
0 eval steps mean 94.3 best 44 optimal 6
0 eval return -12.594 +/- 1.418
time:  0.62 SPS: 134
4999 success 0.0 +/- 0.0
4999 eval steps mean 99.9 best 99 optimal 6
4999 eval return -8.114 +/- 0.326
time:  1.181 SPS: 141
9999 success 0.5 +/- 0.167
9999 eval steps mean 78.1 best 23 optimal 6
9999 eval return -7.74 +/- 2.04
time:  1.732 SPS: 144
14999 success 0.0 +/- 0.0
14999 eval steps mean 99.9 best 99 optimal 6
14999 eval return -11.258 +/- 0.356
time:  2.295 SPS: 145
19999 success 1.0 +/- 0.0
19999 eval steps mean 30.1 best 15 optimal 6
19999 eval return 0.39 +/- 0.479
time:  2.84 SPS: 146
24999 success 1.0 +/- 0.0
24999 eval steps mean 37.4 best 15 optimal 6
24999 eval return 0.329 +/- 0.52
time:  3.344 SPS: 149
29999 success 1.0 +/- 0.0
29999 eval steps mean 17.8 best 15 optimal 6
29999 eval return 1.717 +/- 0.165
time:  3.829 SPS: 152
34999 success 0.4 +/- 0.163
34999 eval steps mean 77.5 best 17 optimal 6
34999 eval return -2.38 +/- 0.918
40000
GOAL [10  2]
time:  4.391 SPS: 151
39999 success 0.0 +/- 0.0
39999 eval steps mean 99.9 best 99 optimal 8
39999 eval return -18.173 +/- 0.233
time:  4.948 SPS: 151
44999 success 0.0 +/- 0.0
44999 eval steps mean 99.9 best 99 optimal 8
44999 eval return -11.38 +/- 0.263
time:  5.56 SPS: 149
49999 success 0.0 +/- 0.0
49999 eval steps mean 99.9 best 99 optimal 8
49999 eval return -7.627 +/- 0.476
time:  6.104 SPS: 150
54999 success 0.0 +/- 0.0
54999 eval steps mean 99.9 best 99 optimal 8
54999 eval return -7.51 +/- 0.77
