agent_dict keys dict_keys(['base_algorithm', 'learning_rate', 'num_envs', 'rollout_num_steps', 'gamma', 'gae_lambda', 'num_minibatches', 'update_epochs', 'minibatch_size', 'norm_adv', 'clip_coef', 'clip_vloss', 'ent_coef', 'vf_coef', 'max_grad_norm', 'rpo_alpha', 'parseval_reg', 'input_scale', 'learnable_input_scale', 'add_diag_layer', 'lie_group', 'pion', 'pion_block_size', 'oft', 'poet', 'oet_num_blocks', 'layer_norm', 'layer_norm_no_params', 'weight_decay', 'tuned_adam', 'perturb', 'perturb_dist', 'regen', 'regen_wasserstein', 'weight_init', 'net_width', 'net_activation', 'init_gain', 'parseval_norm', 'parseval_num_groups'])
env_dict keys dict_keys(['env', 'change_freq', 'seed', 'env_type'])
Start RL run!
{'base_algorithm': 'ppo_agent', 'learning_rate': 0.003, 'num_envs': 1, 'rollout_num_steps': 128, 'gamma': 0.99, 'gae_lambda': 0.95, 'num_minibatches': 4, 'update_epochs': 4, 'minibatch_size': 32, 'norm_adv': True, 'clip_coef': 0.2, 'clip_vloss': True, 'ent_coef': 0.01, 'vf_coef': 0.5, 'max_grad_norm': 0.5, 'rpo_alpha': 0, 'parseval_reg': 0, 'input_scale': 1, 'learnable_input_scale': False, 'add_diag_layer': False, 'lie_group': False, 'pion': False, 'pion_block_size': None, 'oft': True, 'poet': False, 'oet_num_blocks': 9, 'layer_norm': False, 'layer_norm_no_params': False, 'weight_decay': 0, 'tuned_adam': False, 'perturb': 0.0, 'perturb_dist': 'xavier', 'regen': 0.0, 'regen_wasserstein': False, 'weight_init': 'orthogonal', 'net_width': 64, 'net_activation': 'tanh', 'init_gain': None, 'parseval_norm': False, 'parseval_num_groups': 1, 'device': 'cpu'}
{'env': 'gridworld_ninerooms', 'change_freq': 40000, 'seed': 127, 'env_type': 'rl', 'local_run': False}
Running on gpu: False
Gridworld args () {'env': 'gridworld_ninerooms', 'change_freq': 40000, 'seed': 127, 'env_type': 'rl', 'local_run': False}
time:  0.073 SPS: 0
0 success 0.0 +/- 0.0
0 eval steps mean 99.9 best 99 optimal 7
0 eval return -15.854 +/- 0.527
time:  0.633 SPS: 131
4999 success 0.2 +/- 0.133
4999 eval steps mean 95.5 best 64 optimal 7
4999 eval return -9.554 +/- 1.225
time:  1.19 SPS: 140
9999 success 0.2 +/- 0.133
9999 eval steps mean 89.1 best 43 optimal 7
9999 eval return -7.46 +/- 0.963
time:  1.741 SPS: 143
14999 success 0.6 +/- 0.163
14999 eval steps mean 82.2 best 48 optimal 7
14999 eval return -6.22 +/- 1.53
time:  2.303 SPS: 144
19999 success 1.0 +/- 0.0
19999 eval steps mean 47.4 best 25 optimal 7
19999 eval return -2.043 +/- 0.727
time:  2.867 SPS: 145
24999 success 0.3 +/- 0.153
24999 eval steps mean 84.2 best 20 optimal 7
24999 eval return -9.005 +/- 1.62
time:  3.388 SPS: 147
29999 success 1.0 +/- 0.0
29999 eval steps mean 25.3 best 18 optimal 7
29999 eval return 0.385 +/- 0.568
time:  3.875 SPS: 150
34999 success 0.0 +/- 0.0
34999 eval steps mean 99.9 best 99 optimal 7
34999 eval return -10.702 +/- 0.255
40000
GOAL [9 3]
time:  4.437 SPS: 150
39999 success 0.0 +/- 0.0
39999 eval steps mean 99.9 best 99 optimal 6
39999 eval return -8.075 +/- 0.247
time:  4.994 SPS: 150
44999 success 0.0 +/- 0.0
44999 eval steps mean 99.9 best 99 optimal 6
44999 eval return -11.324 +/- 0.196
time:  5.607 SPS: 148
49999 success 1.0 +/- 0.0
49999 eval steps mean 25.4 best 15 optimal 6
49999 eval return 1.501 +/- 0.121
time:  6.137 SPS: 149
54999 success 1.0 +/- 0.0
54999 eval steps mean 20.2 best 15 optimal 6
54999 eval return 1.356 +/- 0.143
