agent_dict keys dict_keys(['base_algorithm', 'learning_rate', 'num_envs', 'rollout_num_steps', 'gamma', 'gae_lambda', 'num_minibatches', 'update_epochs', 'minibatch_size', 'norm_adv', 'clip_coef', 'clip_vloss', 'ent_coef', 'vf_coef', 'max_grad_norm', 'rpo_alpha', 'parseval_reg', 'input_scale', 'learnable_input_scale', 'add_diag_layer', 'lie_group', 'pion', 'layer_norm', 'layer_norm_no_params', 'weight_decay', 'tuned_adam', 'perturb', 'perturb_dist', 'regen', 'regen_wasserstein', 'weight_init', 'net_width', 'net_activation', 'init_gain', 'parseval_norm', 'parseval_num_groups'])
env_dict keys dict_keys(['env', 'change_freq', 'seed', 'env_type'])
Start RL run!
{'base_algorithm': 'ppo_agent', 'learning_rate': 0.001, 'num_envs': 1, 'rollout_num_steps': 128, 'gamma': 0.99, 'gae_lambda': 0.95, 'num_minibatches': 4, 'update_epochs': 4, 'minibatch_size': 32, 'norm_adv': True, 'clip_coef': 0.2, 'clip_vloss': True, 'ent_coef': 0.01, 'vf_coef': 0.5, 'max_grad_norm': 0.5, 'rpo_alpha': 0, 'parseval_reg': 0, 'input_scale': 1, 'learnable_input_scale': False, 'add_diag_layer': False, 'lie_group': False, 'pion': True, 'layer_norm': False, 'layer_norm_no_params': False, 'weight_decay': 0, 'tuned_adam': False, 'perturb': 0.0, 'perturb_dist': 'xavier', 'regen': 0.0, 'regen_wasserstein': False, 'weight_init': 'xavier', 'net_width': 64, 'net_activation': 'tanh', 'init_gain': None, 'parseval_norm': False, 'parseval_num_groups': 1, 'device': 'cpu'}
{'env': 'gridworld_ninerooms', 'change_freq': 40000, 'seed': 128, 'env_type': 'rl', 'local_run': False}
Running on gpu: False
Gridworld args () {'env': 'gridworld_ninerooms', 'change_freq': 40000, 'seed': 128, 'env_type': 'rl', 'local_run': False}
time:  0.065 SPS: 0
0 success 0.3 +/- 0.153
0 eval steps mean 83.6 best 17 optimal 5
0 eval return -4.795 +/- 1.358
time:  0.82 SPS: 101
4999 success 0.7 +/- 0.153
4999 eval steps mean 43.8 best 9 optimal 5
4999 eval return 0.278 +/- 1.0
time:  2.93 SPS: 56
9999 success 0.8 +/- 0.133
9999 eval steps mean 25.3 best 5 optimal 5
9999 eval return 1.057 +/- 1.213
time:  5.87 SPS: 42
14999 success 1.0 +/- 0.0
14999 eval steps mean 6.5 best 6 optimal 5
14999 eval return 2.82 +/- 0.03
time:  9.454 SPS: 35
19999 success 1.0 +/- 0.0
19999 eval steps mean 9.5 best 6 optimal 5
19999 eval return 2.693 +/- 0.112
time:  12.981 SPS: 32
24999 success 1.0 +/- 0.0
24999 eval steps mean 5.9 best 5 optimal 5
24999 eval return 2.85 +/- 0.0
time:  17.083 SPS: 29
29999 success 1.0 +/- 0.0
29999 eval steps mean 5.9 best 5 optimal 5
29999 eval return 2.85 +/- 0.0
time:  21.753 SPS: 26
34999 success 1.0 +/- 0.0
34999 eval steps mean 5.9 best 5 optimal 5
34999 eval return 2.85 +/- 0.0
40000
GOAL [11  7]
time:  25.819 SPS: 25
39999 success 0.0 +/- 0.0
39999 eval steps mean 99.9 best 99 optimal 4
39999 eval return -2.824 +/- 0.128
time:  29.997 SPS: 25
44999 success 1.0 +/- 0.0
44999 eval steps mean 4.9 best 4 optimal 4
44999 eval return 2.9 +/- 0.0
time:  34.339 SPS: 24
49999 success 1.0 +/- 0.0
49999 eval steps mean 4.9 best 4 optimal 4
49999 eval return 2.9 +/- 0.0
time:  38.601 SPS: 23
54999 success 1.0 +/- 0.0
54999 eval steps mean 5.1 best 4 optimal 4
54999 eval return 2.895 +/- 0.005
time:  42.61 SPS: 23
59999 success 1.0 +/- 0.0
59999 eval steps mean 4.9 best 4 optimal 4
59999 eval return 2.9 +/- 0.0
