agent_dict keys dict_keys(['base_algorithm', 'learning_rate', 'num_envs', 'rollout_num_steps', 'gamma', 'gae_lambda', 'num_minibatches', 'update_epochs', 'minibatch_size', 'norm_adv', 'clip_coef', 'clip_vloss', 'ent_coef', 'vf_coef', 'max_grad_norm', 'rpo_alpha', 'parseval_reg', 'input_scale', 'learnable_input_scale', 'add_diag_layer', 'lie_group', 'pion', 'layer_norm', 'layer_norm_no_params', 'weight_decay', 'tuned_adam', 'perturb', 'perturb_dist', 'regen', 'regen_wasserstein', 'weight_init', 'net_width', 'net_activation', 'init_gain', 'parseval_norm', 'parseval_num_groups'])
env_dict keys dict_keys(['env', 'change_freq', 'seed', 'env_type'])
Start RL run!
{'base_algorithm': 'ppo_agent', 'learning_rate': 0.001, 'num_envs': 1, 'rollout_num_steps': 128, 'gamma': 0.99, 'gae_lambda': 0.95, 'num_minibatches': 4, 'update_epochs': 4, 'minibatch_size': 32, 'norm_adv': True, 'clip_coef': 0.2, 'clip_vloss': True, 'ent_coef': 0.01, 'vf_coef': 0.5, 'max_grad_norm': 0.5, 'rpo_alpha': 0, 'parseval_reg': 0, 'input_scale': 1, 'learnable_input_scale': False, 'add_diag_layer': False, 'lie_group': False, 'pion': True, 'layer_norm': False, 'layer_norm_no_params': False, 'weight_decay': 0, 'tuned_adam': False, 'perturb': 0.0, 'perturb_dist': 'xavier', 'regen': 0.0, 'regen_wasserstein': False, 'weight_init': 'xavier', 'net_width': 64, 'net_activation': 'tanh', 'init_gain': None, 'parseval_norm': False, 'parseval_num_groups': 1, 'device': 'cpu'}
{'env': 'gridworld_ninerooms', 'change_freq': 40000, 'seed': 123, 'env_type': 'rl', 'local_run': False}
Running on gpu: False
Gridworld args () {'env': 'gridworld_ninerooms', 'change_freq': 40000, 'seed': 123, 'env_type': 'rl', 'local_run': False}
time:  0.065 SPS: 0
0 success 0.0 +/- 0.0
0 eval steps mean 99.9 best 99 optimal 8
0 eval return -15.212 +/- 0.903
time:  0.599 SPS: 139
4999 success 0.0 +/- 0.0
4999 eval steps mean 99.9 best 99 optimal 8
4999 eval return -13.103 +/- 0.64
time:  2.364 SPS: 70
9999 success 0.0 +/- 0.0
9999 eval steps mean 99.9 best 99 optimal 8
9999 eval return -8.996 +/- 0.422
time:  5.228 SPS: 47
14999 success 0.5 +/- 0.167
14999 eval steps mean 69.2 best 17 optimal 8
14999 eval return -8.643 +/- 2.545
time:  7.221 SPS: 46
19999 success 1.0 +/- 0.0
19999 eval steps mean 23.3 best 17 optimal 8
19999 eval return 1.133 +/- 0.154
time:  9.712 SPS: 42
24999 success 1.0 +/- 0.0
24999 eval steps mean 17.6 best 17 optimal 8
24999 eval return 1.597 +/- 0.021
time:  12.836 SPS: 38
29999 success 0.9 +/- 0.1
29999 eval steps mean 25.4 best 17 optimal 8
29999 eval return -0.401 +/- 2.016
time:  15.813 SPS: 36
34999 success 1.0 +/- 0.0
34999 eval steps mean 18.3 best 16 optimal 8
34999 eval return 1.544 +/- 0.054
40000
GOAL [13  3]
time:  19.542 SPS: 34
39999 success 0.0 +/- 0.0
39999 eval steps mean 99.9 best 99 optimal 10
39999 eval return -9.467 +/- 0.057
time:  23.618 SPS: 31
44999 success 1.0 +/- 0.0
44999 eval steps mean 15.1 best 13 optimal 10
44999 eval return 2.323 +/- 0.014
time:  27.506 SPS: 30
49999 success 1.0 +/- 0.0
49999 eval steps mean 10.9 best 10 optimal 10
49999 eval return 2.45 +/- 0.0
time:  31.85 SPS: 28
54999 success 1.0 +/- 0.0
54999 eval steps mean 11.0 best 10 optimal 10
54999 eval return 2.445 +/- 0.005
time:  36.482 SPS: 27
59999 success 0.9 +/- 0.1
59999 eval steps mean 19.8 best 10 optimal 10
59999 eval return 1.884 +/- 0.566
time:  41.074 SPS: 26
64999 success 1.0 +/- 0.0
64999 eval steps mean 11.0 best 11 optimal 10
64999 eval return 2.446 +/- 0.004
time:  45.822 SPS: 25
69999 success 1.0 +/- 0.0
69999 eval steps mean 11.3 best 10 optimal 10
69999 eval return 2.43 +/- 0.014
