agent_dict keys dict_keys(['base_algorithm', 'learning_rate', 'num_envs', 'rollout_num_steps', 'gamma', 'gae_lambda', 'num_minibatches', 'update_epochs', 'minibatch_size', 'norm_adv', 'clip_coef', 'clip_vloss', 'ent_coef', 'vf_coef', 'max_grad_norm', 'rpo_alpha', 'parseval_reg', 'input_scale', 'learnable_input_scale', 'add_diag_layer', 'lie_group', 'pion', 'pion_block_size', 'oft', 'poet', 'layer_norm', 'layer_norm_no_params', 'weight_decay', 'tuned_adam', 'perturb', 'perturb_dist', 'regen', 'regen_wasserstein', 'weight_init', 'net_width', 'net_activation', 'init_gain', 'parseval_norm', 'parseval_num_groups'])
env_dict keys dict_keys(['env', 'change_freq', 'seed', 'env_type'])
Start RL run!
{'base_algorithm': 'ppo_agent', 'learning_rate': 0.01, 'num_envs': 1, 'rollout_num_steps': 128, 'gamma': 0.99, 'gae_lambda': 0.95, 'num_minibatches': 4, 'update_epochs': 4, 'minibatch_size': 32, 'norm_adv': True, 'clip_coef': 0.2, 'clip_vloss': True, 'ent_coef': 0.01, 'vf_coef': 0.5, 'max_grad_norm': 0.5, 'rpo_alpha': 0, 'parseval_reg': 0, 'input_scale': 1, 'learnable_input_scale': False, 'add_diag_layer': False, 'lie_group': False, 'pion': False, 'pion_block_size': None, 'oft': False, 'poet': True, 'layer_norm': False, 'layer_norm_no_params': False, 'weight_decay': 0, 'tuned_adam': False, 'perturb': 0.0, 'perturb_dist': 'xavier', 'regen': 0.0, 'regen_wasserstein': False, 'weight_init': 'orthogonal', 'net_width': 64, 'net_activation': 'tanh', 'init_gain': None, 'parseval_norm': False, 'parseval_num_groups': 1, 'device': 'cpu'}
{'env': 'gridworld_ninerooms', 'change_freq': 40000, 'seed': 123, 'env_type': 'rl', 'local_run': False}
Running on gpu: False
Gridworld args () {'env': 'gridworld_ninerooms', 'change_freq': 40000, 'seed': 123, 'env_type': 'rl', 'local_run': False}
time:  0.038 SPS: 0
0 success 0.0 +/- 0.0
0 eval steps mean 99.9 best 99 optimal 8
0 eval return -16.622 +/- 0.174
time:  0.599 SPS: 138
4999 success 0.0 +/- 0.0
4999 eval steps mean 99.9 best 99 optimal 8
4999 eval return -12.08 +/- 0.224
time:  1.176 SPS: 141
9999 success 0.1 +/- 0.1
9999 eval steps mean 93.6 best 37 optimal 8
9999 eval return -9.343 +/- 1.107
time:  1.763 SPS: 141
14999 success 0.9 +/- 0.1
14999 eval steps mean 55.1 best 22 optimal 8
14999 eval return -2.811 +/- 1.17
time:  2.339 SPS: 142
19999 success 0.9 +/- 0.1
19999 eval steps mean 29.1 best 19 optimal 8
19999 eval return -0.019 +/- 1.209
time:  2.903 SPS: 143
24999 success 0.7 +/- 0.153
24999 eval steps mean 44.5 best 19 optimal 8
24999 eval return -2.65 +/- 2.013
time:  3.415 SPS: 146
29999 success 1.0 +/- 0.0
29999 eval steps mean 24.8 best 19 optimal 8
29999 eval return 0.605 +/- 0.582
time:  3.907 SPS: 149
34999 success 1.0 +/- 0.0
34999 eval steps mean 19.6 best 18 optimal 8
34999 eval return 1.248 +/- 0.038
40000
GOAL [13  3]
time:  4.531 SPS: 147
39999 success 0.0 +/- 0.0
39999 eval steps mean 99.9 best 99 optimal 10
39999 eval return -13.426 +/- 0.47
time:  5.175 SPS: 144
44999 success 0.0 +/- 0.0
44999 eval steps mean 99.9 best 99 optimal 10
44999 eval return -9.096 +/- 0.097
time:  5.786 SPS: 144
49999 success 0.0 +/- 0.0
49999 eval steps mean 99.9 best 99 optimal 10
49999 eval return -7.02 +/- 0.0
time:  6.396 SPS: 143
54999 success 0.0 +/- 0.0
54999 eval steps mean 99.9 best 99 optimal 10
54999 eval return -5.45 +/- 0.242
time:  6.903 SPS: 144
59999 success 0.0 +/- 0.0
59999 eval steps mean 99.9 best 99 optimal 10
59999 eval return -9.323 +/- 1.427
time:  7.418 SPS: 146
64999 success 1.0 +/- 0.0
64999 eval steps mean 11.8 best 10 optimal 10
64999 eval return 2.398 +/- 0.025
time:  7.9 SPS: 147
69999 success 1.0 +/- 0.0
69999 eval steps mean 11.3 best 10 optimal 10
69999 eval return 2.422 +/- 0.019
time:  8.377 SPS: 149
74999 success 0.5 +/- 0.167
74999 eval steps mean 55.4 best 11 optimal 10
74999 eval return -1.425 +/- 1.348
80000
GOAL [5 2]
time:  8.873 SPS: 150
79999 success 0.0 +/- 0.0
79999 eval steps mean 99.9 best 99 optimal 7
79999 eval return -16.24 +/- 0.251
time:  9.35 SPS: 151
84999 success 0.0 +/- 0.0
84999 eval steps mean 99.9 best 99 optimal 7
84999 eval return -7.361 +/- 0.305
time:  9.84 SPS: 152
89999 success 0.0 +/- 0.0
89999 eval steps mean 99.9 best 99 optimal 7
89999 eval return -5.715 +/- 0.051
time:  10.34 SPS: 153
94999 success 0.0 +/- 0.0
94999 eval steps mean 99.9 best 99 optimal 7
94999 eval return -11.404 +/- 0.424
time:  10.846 SPS: 153
99999 success 1.0 +/- 0.0
99999 eval steps mean 17.5 best 14 optimal 7
99999 eval return 1.878 +/- 0.073
time:  11.328 SPS: 154
104999 success 1.0 +/- 0.0
104999 eval steps mean 25.8 best 14 optimal 7
104999 eval return 1.672 +/- 0.17
time:  11.808 SPS: 155
109999 success 0.0 +/- 0.0
109999 eval steps mean 99.9 best 99 optimal 7
109999 eval return -7.659 +/- 0.372
time:  12.302 SPS: 155
114999 success 1.0 +/- 0.0
114999 eval steps mean 13.9 best 13 optimal 7
114999 eval return 2.09 +/- 0.0
120000
GOAL [ 5 12]
time:  12.787 SPS: 156
119999 success 0.0 +/- 0.0
119999 eval steps mean 99.9 best 99 optimal 7
119999 eval return -18.22 +/- 0.576
time:  13.276 SPS: 156
124999 success 0.1 +/- 0.1
124999 eval steps mean 91.5 best 16 optimal 7
124999 eval return -13.672 +/- 1.778
time:  13.795 SPS: 157
129999 success 0.8 +/- 0.133
129999 eval steps mean 46.4 best 16 optimal 7
129999 eval return -2.487 +/- 1.965
time:  14.288 SPS: 157
134999 success 0.0 +/- 0.0
134999 eval steps mean 99.9 best 99 optimal 7
134999 eval return -9.831 +/- 1.141
time:  14.808 SPS: 157
139999 success 0.0 +/- 0.0
139999 eval steps mean 99.9 best 99 optimal 7
139999 eval return -7.414 +/- 0.638
time:  15.32 SPS: 157
144999 success 0.9 +/- 0.1
144999 eval steps mean 23.7 best 14 optimal 7
144999 eval return 0.173 +/- 1.785
time:  15.828 SPS: 157
149999 success 1.0 +/- 0.0
149999 eval steps mean 15.2 best 13 optimal 7
149999 eval return 2.056 +/- 0.017
time:  16.326 SPS: 158
154999 success 1.0 +/- 0.0
154999 eval steps mean 16.2 best 14 optimal 7
154999 eval return 1.739 +/- 0.349
160000
GOAL [ 6 13]
time:  16.826 SPS: 158
159999 success 0.6 +/- 0.163
159999 eval steps mean 75.7 best 24 optimal 7
159999 eval return -2.714 +/- 1.262
time:  17.332 SPS: 158
164999 success 1.0 +/- 0.0
164999 eval steps mean 53.5 best 20 optimal 7
164999 eval return 0.934 +/- 0.164
time:  17.833 SPS: 158
169999 success 0.1 +/- 0.1
169999 eval steps mean 94.5 best 46 optimal 7
169999 eval return -7.494 +/- 1.516
time:  18.326 SPS: 159
174999 success 0.0 +/- 0.0
174999 eval steps mean 99.9 best 99 optimal 7
174999 eval return -10.293 +/- 0.232
time:  18.816 SPS: 159
179999 success 1.0 +/- 0.0
179999 eval steps mean 21.6 best 16 optimal 7
179999 eval return 1.653 +/- 0.038
time:  19.32 SPS: 159
184999 success 1.0 +/- 0.0
184999 eval steps mean 20.9 best 15 optimal 7
184999 eval return 1.722 +/- 0.051
time:  19.827 SPS: 159
189999 success 0.9 +/- 0.1
189999 eval steps mean 25.1 best 16 optimal 7
189999 eval return -0.108 +/- 1.859
time:  20.342 SPS: 159
194999 success 0.0 +/- 0.0
194999 eval steps mean 99.9 best 99 optimal 7
194999 eval return -8.437 +/- 0.778
200000
GOAL [6 4]
time:  20.867 SPS: 159
199999 success 0.0 +/- 0.0
199999 eval steps mean 99.9 best 99 optimal 4
199999 eval return -16.261 +/- 0.214
time:  21.447 SPS: 159
204999 success 0.0 +/- 0.0
204999 eval steps mean 99.9 best 99 optimal 4
204999 eval return -15.942 +/- 0.716
time:  22.02 SPS: 158
209999 success 0.0 +/- 0.0
209999 eval steps mean 99.9 best 99 optimal 4
209999 eval return -7.316 +/- 0.171
time:  22.562 SPS: 158
214999 success 0.0 +/- 0.0
214999 eval steps mean 99.9 best 99 optimal 4
214999 eval return -9.988 +/- 0.435
time:  23.104 SPS: 158
219999 success 0.0 +/- 0.0
219999 eval steps mean 99.9 best 99 optimal 4
219999 eval return -7.643 +/- 1.099
