agent_dict keys dict_keys(['base_algorithm', 'learning_rate', 'num_envs', 'rollout_num_steps', 'gamma', 'gae_lambda', 'num_minibatches', 'update_epochs', 'minibatch_size', 'norm_adv', 'clip_coef', 'clip_vloss', 'ent_coef', 'vf_coef', 'max_grad_norm', 'rpo_alpha', 'parseval_reg', 'input_scale', 'learnable_input_scale', 'add_diag_layer', 'lie_group', 'pion', 'pion_block_size', 'oft', 'poet', 'layer_norm', 'layer_norm_no_params', 'weight_decay', 'tuned_adam', 'perturb', 'perturb_dist', 'regen', 'regen_wasserstein', 'weight_init', 'net_width', 'net_activation', 'init_gain', 'parseval_norm', 'parseval_num_groups'])
env_dict keys dict_keys(['env', 'change_freq', 'seed', 'env_type'])
Start RL run!
{'base_algorithm': 'ppo_agent', 'learning_rate': 0.01, 'num_envs': 1, 'rollout_num_steps': 128, 'gamma': 0.99, 'gae_lambda': 0.95, 'num_minibatches': 4, 'update_epochs': 4, 'minibatch_size': 32, 'norm_adv': True, 'clip_coef': 0.2, 'clip_vloss': True, 'ent_coef': 0.01, 'vf_coef': 0.5, 'max_grad_norm': 0.5, 'rpo_alpha': 0, 'parseval_reg': 0, 'input_scale': 1, 'learnable_input_scale': False, 'add_diag_layer': False, 'lie_group': False, 'pion': False, 'pion_block_size': None, 'oft': False, 'poet': True, 'layer_norm': False, 'layer_norm_no_params': False, 'weight_decay': 0, 'tuned_adam': False, 'perturb': 0.0, 'perturb_dist': 'xavier', 'regen': 0.0, 'regen_wasserstein': False, 'weight_init': 'orthogonal', 'net_width': 64, 'net_activation': 'tanh', 'init_gain': None, 'parseval_norm': False, 'parseval_num_groups': 1, 'device': 'cpu'}
{'env': 'gridworld_ninerooms', 'change_freq': 40000, 'seed': 128, 'env_type': 'rl', 'local_run': False}
Running on gpu: False
Gridworld args () {'env': 'gridworld_ninerooms', 'change_freq': 40000, 'seed': 128, 'env_type': 'rl', 'local_run': False}
time:  0.039 SPS: 0
0 success 0.0 +/- 0.0
0 eval steps mean 99.9 best 99 optimal 5
0 eval return -6.203 +/- 0.364
time:  0.609 SPS: 136
4999 success 1.0 +/- 0.0
4999 eval steps mean 6.1 best 5 optimal 5
4999 eval return 2.845 +/- 0.005
time:  1.18 SPS: 141
9999 success 1.0 +/- 0.0
9999 eval steps mean 5.9 best 5 optimal 5
9999 eval return 2.85 +/- 0.0
time:  1.741 SPS: 143
14999 success 0.0 +/- 0.0
14999 eval steps mean 99.9 best 99 optimal 5
14999 eval return -4.536 +/- 0.186
time:  2.331 SPS: 143
19999 success 0.9 +/- 0.1
19999 eval steps mean 17.5 best 6 optimal 5
19999 eval return 1.609 +/- 1.136
time:  2.906 SPS: 143
24999 success 1.0 +/- 0.0
24999 eval steps mean 6.1 best 5 optimal 5
24999 eval return 2.841 +/- 0.009
time:  3.416 SPS: 146
29999 success 1.0 +/- 0.0
29999 eval steps mean 5.9 best 5 optimal 5
29999 eval return 2.85 +/- 0.0
time:  3.913 SPS: 149
34999 success 1.0 +/- 0.0
34999 eval steps mean 7.3 best 5 optimal 5
34999 eval return 2.787 +/- 0.014
40000
GOAL [11  7]
time:  4.544 SPS: 146
39999 success 0.0 +/- 0.0
39999 eval steps mean 99.9 best 99 optimal 4
39999 eval return -5.684 +/- 0.482
time:  5.176 SPS: 144
44999 success 0.0 +/- 0.0
44999 eval steps mean 99.9 best 99 optimal 4
44999 eval return -5.97 +/- 0.0
time:  5.816 SPS: 143
49999 success 0.8 +/- 0.133
49999 eval steps mean 31.4 best 9 optimal 4
49999 eval return 1.117 +/- 1.071
time:  6.434 SPS: 142
54999 success 0.0 +/- 0.0
54999 eval steps mean 99.9 best 99 optimal 4
54999 eval return -5.866 +/- 0.103
time:  6.967 SPS: 143
59999 success 1.0 +/- 0.0
59999 eval steps mean 4.9 best 4 optimal 4
59999 eval return 2.9 +/- 0.0
time:  7.465 SPS: 145
64999 success 1.0 +/- 0.0
64999 eval steps mean 4.9 best 4 optimal 4
64999 eval return 2.9 +/- 0.0
time:  7.959 SPS: 146
69999 success 1.0 +/- 0.0
69999 eval steps mean 4.9 best 4 optimal 4
69999 eval return 2.9 +/- 0.0
time:  8.446 SPS: 147
74999 success 1.0 +/- 0.0
74999 eval steps mean 4.9 best 4 optimal 4
74999 eval return 2.9 +/- 0.0
80000
GOAL [13  6]
time:  8.953 SPS: 148
79999 success 0.0 +/- 0.0
79999 eval steps mean 99.9 best 99 optimal 7
79999 eval return -2.061 +/- 0.079
time:  9.425 SPS: 150
84999 success 1.0 +/- 0.0
84999 eval steps mean 41.5 best 15 optimal 7
84999 eval return 0.706 +/- 0.38
time:  9.913 SPS: 151
89999 success 1.0 +/- 0.0
89999 eval steps mean 7.9 best 7 optimal 7
89999 eval return 2.72 +/- 0.0
time:  10.4 SPS: 152
94999 success 0.0 +/- 0.0
94999 eval steps mean 99.9 best 99 optimal 7
94999 eval return -8.442 +/- 0.824
time:  10.89 SPS: 153
99999 success 0.0 +/- 0.0
99999 eval steps mean 99.9 best 99 optimal 7
99999 eval return -2.14 +/- 0.0
time:  11.356 SPS: 154
104999 success 0.0 +/- 0.0
104999 eval steps mean 99.9 best 99 optimal 7
104999 eval return -2.14 +/- 0.0
time:  11.822 SPS: 155
109999 success 0.0 +/- 0.0
109999 eval steps mean 99.9 best 99 optimal 7
109999 eval return -2.14 +/- 0.0
time:  12.292 SPS: 155
114999 success 0.0 +/- 0.0
114999 eval steps mean 99.9 best 99 optimal 7
114999 eval return -2.14 +/- 0.0
120000
GOAL [7 1]
time:  12.767 SPS: 156
119999 success 0.0 +/- 0.0
119999 eval steps mean 99.9 best 99 optimal 6
119999 eval return -12.971 +/- 0.008
time:  13.243 SPS: 157
124999 success 0.0 +/- 0.0
124999 eval steps mean 99.9 best 99 optimal 6
124999 eval return -14.694 +/- 0.296
time:  13.757 SPS: 157
129999 success 0.0 +/- 0.0
129999 eval steps mean 99.9 best 99 optimal 6
129999 eval return -14.868 +/- 1.147
time:  14.27 SPS: 157
134999 success 0.0 +/- 0.0
134999 eval steps mean 99.9 best 99 optimal 6
134999 eval return -8.347 +/- 0.884
time:  14.816 SPS: 157
139999 success 0.9 +/- 0.1
139999 eval steps mean 45.4 best 19 optimal 6
139999 eval return -1.778 +/- 1.218
time:  15.337 SPS: 157
144999 success 1.0 +/- 0.0
144999 eval steps mean 18.1 best 16 optimal 6
144999 eval return 1.56 +/- 0.047
time:  15.848 SPS: 157
149999 success 0.0 +/- 0.0
149999 eval steps mean 99.9 best 99 optimal 6
149999 eval return -12.732 +/- 0.751
time:  16.368 SPS: 157
154999 success 1.0 +/- 0.0
154999 eval steps mean 20.8 best 16 optimal 6
154999 eval return 1.275 +/- 0.309
160000
GOAL [13  7]
time:  16.878 SPS: 157
159999 success 0.0 +/- 0.0
159999 eval steps mean 99.9 best 99 optimal 6
159999 eval return -11.45 +/- 0.1
time:  17.394 SPS: 158
164999 success 1.0 +/- 0.0
164999 eval steps mean 6.9 best 6 optimal 6
164999 eval return 2.79 +/- 0.0
time:  17.887 SPS: 158
169999 success 0.7 +/- 0.153
169999 eval steps mean 49.4 best 9 optimal 6
169999 eval return -0.99 +/- 1.388
time:  18.377 SPS: 158
174999 success 1.0 +/- 0.0
174999 eval steps mean 6.9 best 6 optimal 6
174999 eval return 2.79 +/- 0.0
time:  18.872 SPS: 158
179999 success 0.8 +/- 0.133
179999 eval steps mean 25.5 best 6 optimal 6
179999 eval return 1.35 +/- 0.981
time:  19.381 SPS: 159
184999 success 0.9 +/- 0.1
184999 eval steps mean 28.9 best 7 optimal 6
184999 eval return 1.869 +/- 0.487
time:  19.903 SPS: 159
189999 success 1.0 +/- 0.0
189999 eval steps mean 6.9 best 6 optimal 6
189999 eval return 2.79 +/- 0.0
time:  20.425 SPS: 159
194999 success 1.0 +/- 0.0
194999 eval steps mean 6.9 best 6 optimal 6
194999 eval return 2.79 +/- 0.0
200000
GOAL [14  6]
time:  20.967 SPS: 158
199999 success 0.0 +/- 0.0
199999 eval steps mean 99.9 best 99 optimal 8
199999 eval return -1.281 +/- 0.001
time:  21.541 SPS: 158
204999 success 0.0 +/- 0.0
204999 eval steps mean 99.9 best 99 optimal 8
204999 eval return -1.28 +/- 0.0
time:  22.056 SPS: 158
209999 success 0.0 +/- 0.0
209999 eval steps mean 99.9 best 99 optimal 8
209999 eval return -1.28 +/- 0.0
time:  22.552 SPS: 158
214999 success 0.0 +/- 0.0
214999 eval steps mean 99.9 best 99 optimal 8
214999 eval return -1.284 +/- 0.002
time:  23.045 SPS: 159
219999 success 0.0 +/- 0.0
219999 eval steps mean 99.9 best 99 optimal 8
219999 eval return -1.28 +/- 0.0
