agent_dict keys dict_keys(['base_algorithm', 'learning_rate', 'num_envs', 'rollout_num_steps', 'gamma', 'gae_lambda', 'num_minibatches', 'update_epochs', 'minibatch_size', 'norm_adv', 'clip_coef', 'clip_vloss', 'ent_coef', 'vf_coef', 'max_grad_norm', 'rpo_alpha', 'parseval_reg', 'input_scale', 'learnable_input_scale', 'add_diag_layer', 'lie_group', 'pion', 'pion_block_size', 'oft', 'poet', 'oet_num_blocks', 'layer_norm', 'layer_norm_no_params', 'weight_decay', 'tuned_adam', 'perturb', 'perturb_dist', 'regen', 'regen_wasserstein', 'weight_init', 'net_width', 'net_activation', 'init_gain', 'parseval_norm', 'parseval_num_groups'])
env_dict keys dict_keys(['env', 'change_freq', 'seed', 'env_type'])
Start RL run!
{'base_algorithm': 'ppo_agent', 'learning_rate': 0.001, 'num_envs': 1, 'rollout_num_steps': 128, 'gamma': 0.99, 'gae_lambda': 0.95, 'num_minibatches': 4, 'update_epochs': 4, 'minibatch_size': 32, 'norm_adv': True, 'clip_coef': 0.2, 'clip_vloss': True, 'ent_coef': 0.01, 'vf_coef': 0.5, 'max_grad_norm': 0.5, 'rpo_alpha': 0, 'parseval_reg': 0, 'input_scale': 1, 'learnable_input_scale': False, 'add_diag_layer': False, 'lie_group': False, 'pion': True, 'pion_block_size': None, 'oft': False, 'poet': False, 'oet_num_blocks': 1, 'layer_norm': False, 'layer_norm_no_params': False, 'weight_decay': 0, 'tuned_adam': False, 'perturb': 0.0, 'perturb_dist': 'xavier', 'regen': 0.0, 'regen_wasserstein': False, 'weight_init': 'xavier', 'net_width': 64, 'net_activation': 'tanh', 'init_gain': None, 'parseval_norm': False, 'parseval_num_groups': 1, 'device': 'cpu'}
{'env': 'gridworld_ninerooms', 'change_freq': 40000, 'seed': 124, 'env_type': 'rl', 'local_run': False}
Running on gpu: False
Gridworld args () {'env': 'gridworld_ninerooms', 'change_freq': 40000, 'seed': 124, 'env_type': 'rl', 'local_run': False}
time:  0.055 SPS: 0
0 success 0.1 +/- 0.1
0 eval steps mean 97.1 best 72 optimal 10
0 eval return -9.046 +/- 1.032
time:  0.608 SPS: 137
4999 success 0.5 +/- 0.167
4999 eval steps mean 86.0 best 57 optimal 10
4999 eval return -5.669 +/- 1.446
time:  2.375 SPS: 70
9999 success 0.9 +/- 0.1
9999 eval steps mean 27.2 best 10 optimal 10
9999 eval return 1.515 +/- 0.556
time:  7.187 SPS: 34
14999 success 1.0 +/- 0.0
14999 eval steps mean 12.0 best 10 optimal 10
14999 eval return 2.396 +/- 0.041
time:  13.975 SPS: 23
19999 success 0.9 +/- 0.1
19999 eval steps mean 21.7 best 11 optimal 10
19999 eval return 1.707 +/- 0.632
time:  20.943 SPS: 19
24999 success 1.0 +/- 0.0
24999 eval steps mean 11.0 best 10 optimal 10
24999 eval return 2.446 +/- 0.004
time:  27.523 SPS: 18
29999 success 1.0 +/- 0.0
29999 eval steps mean 12.2 best 10 optimal 10
29999 eval return 2.387 +/- 0.05
time:  34.292 SPS: 17
34999 success 1.0 +/- 0.0
34999 eval steps mean 11.2 best 10 optimal 10
34999 eval return 2.439 +/- 0.011
40000
GOAL [12 11]
time:  41.288 SPS: 16
39999 success 0.8 +/- 0.133
39999 eval steps mean 31.1 best 10 optimal 9
39999 eval return 1.111 +/- 0.916
time:  48.348 SPS: 15
44999 success 1.0 +/- 0.0
44999 eval steps mean 10.0 best 9 optimal 9
44999 eval return 2.546 +/- 0.004
time:  55.583 SPS: 14
49999 success 1.0 +/- 0.0
49999 eval steps mean 10.1 best 10 optimal 9
49999 eval return 2.537 +/- 0.013
time:  62.871 SPS: 14
54999 success 1.0 +/- 0.0
54999 eval steps mean 10.1 best 9 optimal 9
54999 eval return 2.535 +/- 0.015
time:  70.419 SPS: 14
59999 success 1.0 +/- 0.0
59999 eval steps mean 10.1 best 9 optimal 9
59999 eval return 2.543 +/- 0.007
time:  77.685 SPS: 13
64999 success 1.0 +/- 0.0
64999 eval steps mean 9.9 best 9 optimal 9
64999 eval return 2.55 +/- 0.0
time:  83.702 SPS: 13
69999 success 1.0 +/- 0.0
69999 eval steps mean 9.9 best 9 optimal 9
69999 eval return 2.55 +/- 0.0
time:  89.656 SPS: 13
74999 success 1.0 +/- 0.0
74999 eval steps mean 9.9 best 9 optimal 9
74999 eval return 2.55 +/- 0.0
80000
GOAL [ 9 14]
time:  95.909 SPS: 13
79999 success 0.0 +/- 0.0
79999 eval steps mean 99.9 best 99 optimal 9
79999 eval return -8.102 +/- 0.147
time:  101.188 SPS: 14
84999 success 0.5 +/- 0.167
84999 eval steps mean 76.8 best 26 optimal 9
84999 eval return -10.416 +/- 2.39
time:  105.227 SPS: 14
89999 success 0.9 +/- 0.1
89999 eval steps mean 26.8 best 16 optimal 9
89999 eval return 1.167 +/- 0.464
time:  110.039 SPS: 14
94999 success 0.9 +/- 0.1
94999 eval steps mean 24.3 best 15 optimal 9
94999 eval return 0.999 +/- 0.801
time:  115.457 SPS: 14
99999 success 1.0 +/- 0.0
99999 eval steps mean 16.3 best 15 optimal 9
99999 eval return 1.795 +/- 0.004
time:  120.181 SPS: 14
104999 success 1.0 +/- 0.0
104999 eval steps mean 18.2 best 16 optimal 9
104999 eval return 1.681 +/- 0.047
time:  125.673 SPS: 14
109999 success 1.0 +/- 0.0
109999 eval steps mean 24.5 best 15 optimal 9
109999 eval return 0.861 +/- 0.304
time:  130.562 SPS: 14
114999 success 1.0 +/- 0.0
114999 eval steps mean 15.9 best 15 optimal 9
114999 eval return 1.8 +/- 0.0
120000
GOAL [11  9]
time:  136.105 SPS: 14
119999 success 1.0 +/- 0.0
119999 eval steps mean 6.9 best 6 optimal 6
119999 eval return 2.79 +/- 0.0
time:  141.036 SPS: 14
124999 success 1.0 +/- 0.0
124999 eval steps mean 6.9 best 6 optimal 6
124999 eval return 2.79 +/- 0.0
time:  146.186 SPS: 14
129999 success 1.0 +/- 0.0
129999 eval steps mean 8.4 best 6 optimal 6
129999 eval return 2.719 +/- 0.033
time:  152.224 SPS: 14
134999 success 1.0 +/- 0.0
134999 eval steps mean 6.9 best 6 optimal 6
134999 eval return 2.79 +/- 0.0
time:  158.543 SPS: 14
139999 success 1.0 +/- 0.0
139999 eval steps mean 6.9 best 6 optimal 6
139999 eval return 2.79 +/- 0.0
time:  164.921 SPS: 14
144999 success 1.0 +/- 0.0
144999 eval steps mean 6.9 best 6 optimal 6
144999 eval return 2.79 +/- 0.0
time:  171.233 SPS: 14
149999 success 1.0 +/- 0.0
149999 eval steps mean 6.9 best 6 optimal 6
149999 eval return 2.79 +/- 0.0
time:  177.485 SPS: 14
154999 success 1.0 +/- 0.0
154999 eval steps mean 6.9 best 6 optimal 6
154999 eval return 2.79 +/- 0.0
160000
GOAL [13 14]
time:  183.63 SPS: 14
159999 success 0.3 +/- 0.153
159999 eval steps mean 91.7 best 45 optimal 13
159999 eval return -4.119 +/- 0.916
time:  189.225 SPS: 14
164999 success 1.0 +/- 0.0
164999 eval steps mean 16.1 best 15 optimal 13
164999 eval return 2.055 +/- 0.005
time:  194.639 SPS: 14
169999 success 1.0 +/- 0.0
169999 eval steps mean 13.9 best 13 optimal 13
169999 eval return 2.09 +/- 0.0
time:  200.115 SPS: 14
174999 success 1.0 +/- 0.0
174999 eval steps mean 43.5 best 20 optimal 13
174999 eval return -1.414 +/- 0.701
time:  205.869 SPS: 14
179999 success 1.0 +/- 0.0
179999 eval steps mean 13.9 best 13 optimal 13
179999 eval return 2.09 +/- 0.0
time:  211.701 SPS: 14
184999 success 1.0 +/- 0.0
184999 eval steps mean 13.9 best 13 optimal 13
184999 eval return 2.09 +/- 0.0
time:  217.201 SPS: 14
189999 success 1.0 +/- 0.0
189999 eval steps mean 13.9 best 13 optimal 13
189999 eval return 2.09 +/- 0.0
time:  222.402 SPS: 14
194999 success 1.0 +/- 0.0
194999 eval steps mean 13.9 best 13 optimal 13
194999 eval return 2.09 +/- 0.0
200000
GOAL [14  8]
time:  227.6 SPS: 14
199999 success 0.0 +/- 0.0
199999 eval steps mean 99.9 best 99 optimal 8
199999 eval return -8.82 +/- 0.01
time:  233.06 SPS: 14
204999 success 1.0 +/- 0.0
204999 eval steps mean 12.8 best 11 optimal 8
204999 eval return 2.406 +/- 0.035
time:  238.108 SPS: 14
209999 success 1.0 +/- 0.0
209999 eval steps mean 15.5 best 8 optimal 8
209999 eval return 2.573 +/- 0.067
time:  243.753 SPS: 14
214999 success 1.0 +/- 0.0
214999 eval steps mean 8.9 best 8 optimal 8
214999 eval return 2.64 +/- 0.0
time:  249.626 SPS: 14
219999 success 1.0 +/- 0.0
219999 eval steps mean 8.9 best 8 optimal 8
219999 eval return 2.64 +/- 0.0
time:  255.486 SPS: 14
224999 success 1.0 +/- 0.0
224999 eval steps mean 8.9 best 8 optimal 8
224999 eval return 2.64 +/- 0.0
time:  261.207 SPS: 14
229999 success 1.0 +/- 0.0
229999 eval steps mean 8.9 best 8 optimal 8
229999 eval return 2.64 +/- 0.0
time:  267.027 SPS: 14
234999 success 1.0 +/- 0.0
234999 eval steps mean 8.9 best 8 optimal 8
234999 eval return 2.64 +/- 0.0
240000
GOAL [12  5]
time:  273.047 SPS: 14
239999 success 0.0 +/- 0.0
239999 eval steps mean 99.9 best 99 optimal 7
239999 eval return -4.905 +/- 0.009
time:  279.133 SPS: 14
244999 success 0.0 +/- 0.0
244999 eval steps mean 99.9 best 99 optimal 7
244999 eval return -3.692 +/- 0.013
time:  284.833 SPS: 14
249999 success 1.0 +/- 0.0
249999 eval steps mean 11.6 best 8 optimal 7
249999 eval return 2.664 +/- 0.018
time:  290.312 SPS: 14
254999 success 1.0 +/- 0.0
254999 eval steps mean 7.9 best 7 optimal 7
254999 eval return 2.72 +/- 0.0
time:  296.131 SPS: 14
259999 success 1.0 +/- 0.0
259999 eval steps mean 7.9 best 7 optimal 7
259999 eval return 2.72 +/- 0.0
time:  301.77 SPS: 14
264999 success 1.0 +/- 0.0
264999 eval steps mean 7.9 best 7 optimal 7
264999 eval return 2.72 +/- 0.0
time:  307.569 SPS: 14
269999 success 1.0 +/- 0.0
269999 eval steps mean 8.3 best 7 optimal 7
269999 eval return 2.716 +/- 0.003
time:  313.358 SPS: 14
274999 success 1.0 +/- 0.0
274999 eval steps mean 7.9 best 7 optimal 7
274999 eval return 2.72 +/- 0.0
280000
GOAL [8 4]
time:  319.109 SPS: 14
279999 success 0.0 +/- 0.0
279999 eval steps mean 99.9 best 99 optimal 4
279999 eval return -10.378 +/- 0.21
time:  323.941 SPS: 14
284999 success 1.0 +/- 0.0
284999 eval steps mean 52.3 best 34 optimal 4
284999 eval return -0.52 +/- 0.315
time:  325.682 SPS: 14
289999 success 1.0 +/- 0.0
289999 eval steps mean 18.5 best 17 optimal 4
289999 eval return 1.55 +/- 0.035
time:  328.538 SPS: 14
294999 success 1.0 +/- 0.0
294999 eval steps mean 22.0 best 16 optimal 4
294999 eval return 1.126 +/- 0.27
time:  333.569 SPS: 14
299999 success 1.0 +/- 0.0
299999 eval steps mean 17.3 best 16 optimal 4
299999 eval return 1.604 +/- 0.027
time:  338.497 SPS: 15
304999 success 1.0 +/- 0.0
304999 eval steps mean 17.4 best 16 optimal 4
304999 eval return 1.584 +/- 0.042
time:  343.66 SPS: 15
309999 success 1.0 +/- 0.0
309999 eval steps mean 17.1 best 17 optimal 4
309999 eval return 1.633 +/- 0.007
time:  348.43 SPS: 15
314999 success 1.0 +/- 0.0
314999 eval steps mean 17.1 best 16 optimal 4
314999 eval return 1.617 +/- 0.023
320000
GOAL [13  2]
time:  353.776 SPS: 15
319999 success 0.0 +/- 0.0
319999 eval steps mean 99.9 best 99 optimal 11
319999 eval return -6.252 +/- 0.016
time:  359.174 SPS: 15
324999 success 1.0 +/- 0.0
324999 eval steps mean 14.1 best 13 optimal 11
324999 eval return 2.277 +/- 0.013
time:  364.471 SPS: 15
329999 success 1.0 +/- 0.0
329999 eval steps mean 14.0 best 13 optimal 11
329999 eval return 2.287 +/- 0.003
time:  369.689 SPS: 15
334999 success 1.0 +/- 0.0
334999 eval steps mean 13.9 best 13 optimal 11
334999 eval return 2.29 +/- 0.0
time:  375.104 SPS: 15
339999 success 1.0 +/- 0.0
339999 eval steps mean 14.5 best 13 optimal 11
339999 eval return 2.25 +/- 0.06
time:  381.06 SPS: 15
344999 success 1.0 +/- 0.0
344999 eval steps mean 12.7 best 11 optimal 11
344999 eval return 2.32 +/- 0.008
time:  387.312 SPS: 15
349999 success 1.0 +/- 0.0
349999 eval steps mean 11.9 best 11 optimal 11
349999 eval return 2.34 +/- 0.0
time:  393.402 SPS: 15
354999 success 1.0 +/- 0.0
354999 eval steps mean 13.3 best 12 optimal 11
354999 eval return 2.182 +/- 0.158
360000
GOAL [10 14]
time:  399.443 SPS: 15
359999 success 0.0 +/- 0.0
359999 eval steps mean 99.9 best 99 optimal 10
359999 eval return -17.187 +/- 0.043
time:  405.1 SPS: 15
364999 success 0.6 +/- 0.163
364999 eval steps mean 75.2 best 38 optimal 10
364999 eval return -2.574 +/- 0.835
time:  409.325 SPS: 15
369999 success 1.0 +/- 0.0
369999 eval steps mean 16.2 best 15 optimal 10
369999 eval return 1.917 +/- 0.017
time:  413.888 SPS: 15
374999 success 1.0 +/- 0.0
374999 eval steps mean 15.3 best 14 optimal 10
374999 eval return 1.902 +/- 0.032
time:  419.495 SPS: 15
379999 success 1.0 +/- 0.0
379999 eval steps mean 17.5 best 14 optimal 10
379999 eval return 1.641 +/- 0.09
time:  425.214 SPS: 15
384999 success 1.0 +/- 0.0
384999 eval steps mean 15.1 best 14 optimal 10
384999 eval return 1.927 +/- 0.023
time:  430.994 SPS: 15
389999 success 1.0 +/- 0.0
389999 eval steps mean 14.9 best 14 optimal 10
389999 eval return 1.95 +/- 0.0
time:  436.617 SPS: 15
394999 success 1.0 +/- 0.0
394999 eval steps mean 14.9 best 14 optimal 10
394999 eval return 1.95 +/- 0.0
400000
GOAL [8 3]
time:  442.264 SPS: 15
399999 success 0.0 +/- 0.0
399999 eval steps mean 99.9 best 99 optimal 5
399999 eval return -17.674 +/- 0.02
time:  446.779 SPS: 15
404999 success 0.9 +/- 0.1
404999 eval steps mean 33.8 best 16 optimal 5
404999 eval return -0.205 +/- 1.003
time:  448.403 SPS: 15
409999 success 1.0 +/- 0.0
409999 eval steps mean 16.1 best 15 optimal 5
409999 eval return 1.775 +/- 0.025
time:  451.798 SPS: 15
414999 success 0.8 +/- 0.133
414999 eval steps mean 45.4 best 20 optimal 5
414999 eval return -0.192 +/- 0.844
time:  456.757 SPS: 15
419999 success 1.0 +/- 0.0
419999 eval steps mean 15.9 best 15 optimal 5
419999 eval return 1.8 +/- 0.0
time:  461.366 SPS: 15
424999 success 1.0 +/- 0.0
424999 eval steps mean 16.1 best 15 optimal 5
424999 eval return 1.789 +/- 0.011
time:  466.236 SPS: 15
429999 success 1.0 +/- 0.0
429999 eval steps mean 15.9 best 15 optimal 5
429999 eval return 1.8 +/- 0.0
time:  471.175 SPS: 15
434999 success 1.0 +/- 0.0
434999 eval steps mean 15.9 best 15 optimal 5
434999 eval return 1.8 +/- 0.0
440000
GOAL [11  9]
time:  476.64 SPS: 15
439999 success 0.0 +/- 0.0
439999 eval steps mean 99.9 best 99 optimal 6
439999 eval return -11.759 +/- 0.267
time:  481.862 SPS: 15
444999 success 0.0 +/- 0.0
444999 eval steps mean 99.9 best 99 optimal 6
444999 eval return -8.813 +/- 0.713
time:  486.864 SPS: 15
449999 success 1.0 +/- 0.0
449999 eval steps mean 10.0 best 6 optimal 6
449999 eval return 2.653 +/- 0.058
time:  492.241 SPS: 15
454999 success 1.0 +/- 0.0
454999 eval steps mean 7.3 best 7 optimal 6
454999 eval return 2.782 +/- 0.008
time:  497.951 SPS: 15
459999 success 1.0 +/- 0.0
459999 eval steps mean 6.9 best 6 optimal 6
459999 eval return 2.79 +/- 0.0
time:  504.156 SPS: 15
464999 success 1.0 +/- 0.0
464999 eval steps mean 6.9 best 6 optimal 6
464999 eval return 2.79 +/- 0.0
time:  510.604 SPS: 15
469999 success 1.0 +/- 0.0
469999 eval steps mean 6.9 best 6 optimal 6
469999 eval return 2.79 +/- 0.0
time:  517.064 SPS: 15
474999 success 1.0 +/- 0.0
474999 eval steps mean 6.9 best 6 optimal 6
474999 eval return 2.79 +/- 0.0
480000
GOAL [12 10]
time:  523.623 SPS: 15
479999 success 0.0 +/- 0.0
479999 eval steps mean 99.9 best 99 optimal 8
479999 eval return -3.465 +/- 0.082
time:  529.993 SPS: 15
484999 success 1.0 +/- 0.0
484999 eval steps mean 8.9 best 8 optimal 8
484999 eval return 2.64 +/- 0.0
time:  536.38 SPS: 15
489999 success 1.0 +/- 0.0
489999 eval steps mean 8.9 best 8 optimal 8
489999 eval return 2.64 +/- 0.0
time:  542.938 SPS: 15
494999 success 1.0 +/- 0.0
494999 eval steps mean 8.9 best 8 optimal 8
494999 eval return 2.64 +/- 0.0
time:  549.456 SPS: 15
499999 success 1.0 +/- 0.0
499999 eval steps mean 8.9 best 8 optimal 8
499999 eval return 2.64 +/- 0.0
time:  555.76 SPS: 15
504999 success 1.0 +/- 0.0
504999 eval steps mean 8.9 best 8 optimal 8
504999 eval return 2.64 +/- 0.0
time:  562.074 SPS: 15
509999 success 1.0 +/- 0.0
509999 eval steps mean 8.9 best 8 optimal 8
509999 eval return 2.64 +/- 0.0
time:  568.404 SPS: 15
514999 success 0.9 +/- 0.1
514999 eval steps mean 18.0 best 9 optimal 8
514999 eval return 2.043 +/- 0.597
