agent_dict keys dict_keys(['base_algorithm', 'learning_rate', 'num_envs', 'rollout_num_steps', 'gamma', 'gae_lambda', 'num_minibatches', 'update_epochs', 'minibatch_size', 'norm_adv', 'clip_coef', 'clip_vloss', 'ent_coef', 'vf_coef', 'max_grad_norm', 'rpo_alpha', 'parseval_reg', 'input_scale', 'learnable_input_scale', 'add_diag_layer', 'lie_group', 'pion', 'layer_norm', 'layer_norm_no_params', 'weight_decay', 'tuned_adam', 'perturb', 'perturb_dist', 'regen', 'regen_wasserstein', 'weight_init', 'net_width', 'net_activation', 'init_gain', 'parseval_norm', 'parseval_num_groups'])
env_dict keys dict_keys(['env', 'change_freq', 'seed', 'env_type'])
Start RL run!
{'base_algorithm': 'ppo_agent', 'learning_rate': 0.00025, 'num_envs': 1, 'rollout_num_steps': 128, 'gamma': 0.99, 'gae_lambda': 0.95, 'num_minibatches': 4, 'update_epochs': 4, 'minibatch_size': 32, 'norm_adv': True, 'clip_coef': 0.2, 'clip_vloss': True, 'ent_coef': 0.01, 'vf_coef': 0.5, 'max_grad_norm': 0.5, 'rpo_alpha': 0, 'parseval_reg': 0, 'input_scale': 1, 'learnable_input_scale': False, 'add_diag_layer': False, 'lie_group': False, 'pion': True, 'layer_norm': False, 'layer_norm_no_params': False, 'weight_decay': 0, 'tuned_adam': False, 'perturb': 0.0, 'perturb_dist': 'xavier', 'regen': 0.0, 'regen_wasserstein': False, 'weight_init': 'orthogonal', 'net_width': 64, 'net_activation': 'tanh', 'init_gain': None, 'parseval_norm': False, 'parseval_num_groups': 1, 'device': 'cpu'}
{'env': 'gridworld_ninerooms', 'change_freq': 40000, 'seed': 128, 'env_type': 'rl', 'local_run': False}
Running on gpu: False
Gridworld args () {'env': 'gridworld_ninerooms', 'change_freq': 40000, 'seed': 128, 'env_type': 'rl', 'local_run': False}
time:  0.022 SPS: 0
0 success 0.2 +/- 0.133
0 eval steps mean 85.3 best 11 optimal 5
0 eval return -4.965 +/- 1.232
time:  0.403 SPS: 206
4999 success 0.3 +/- 0.153
4999 eval steps mean 80.7 best 31 optimal 5
4999 eval return -5.004 +/- 1.595
time:  1.015 SPS: 164
9999 success 0.5 +/- 0.167
9999 eval steps mean 80.5 best 7 optimal 5
9999 eval return -3.132 +/- 1.191
time:  1.731 SPS: 144
14999 success 0.1 +/- 0.1
14999 eval steps mean 99.6 best 97 optimal 5
14999 eval return -6.011 +/- 0.882
time:  2.834 SPS: 117
19999 success 0.5 +/- 0.167
19999 eval steps mean 67.9 best 9 optimal 5
19999 eval return -2.814 +/- 1.548
time:  4.267 SPS: 97
24999 success 0.2 +/- 0.133
24999 eval steps mean 92.3 best 26 optimal 5
24999 eval return -4.389 +/- 0.776
time:  5.9 SPS: 84
29999 success 0.3 +/- 0.153
29999 eval steps mean 87.8 best 27 optimal 5
29999 eval return -3.877 +/- 0.946
time:  7.432 SPS: 78
34999 success 0.2 +/- 0.133
34999 eval steps mean 89.3 best 14 optimal 5
34999 eval return -4.224 +/- 0.925
40000
GOAL [11  7]
time:  9.628 SPS: 69
39999 success 0.7 +/- 0.153
39999 eval steps mean 55.0 best 13 optimal 4
39999 eval return -0.074 +/- 0.891
time:  11.758 SPS: 63
44999 success 0.8 +/- 0.133
44999 eval steps mean 59.0 best 4 optimal 4
44999 eval return -0.198 +/- 0.934
time:  13.949 SPS: 59
49999 success 0.5 +/- 0.167
49999 eval steps mean 68.3 best 12 optimal 4
49999 eval return -1.273 +/- 0.964
time:  16.204 SPS: 56
54999 success 0.6 +/- 0.163
54999 eval steps mean 59.8 best 7 optimal 4
54999 eval return -0.727 +/- 1.044
time:  18.561 SPS: 53
59999 success 0.8 +/- 0.133
59999 eval steps mean 51.5 best 18 optimal 4
59999 eval return 0.395 +/- 0.747
time:  20.823 SPS: 52
64999 success 0.7 +/- 0.153
64999 eval steps mean 56.4 best 5 optimal 4
64999 eval return 0.057 +/- 0.841
time:  22.983 SPS: 50
69999 success 0.8 +/- 0.133
69999 eval steps mean 48.4 best 7 optimal 4
69999 eval return 0.682 +/- 0.753
time:  25.51 SPS: 48
74999 success 0.8 +/- 0.133
74999 eval steps mean 35.4 best 5 optimal 4
74999 eval return 0.682 +/- 1.15
80000
GOAL [13  6]
time:  27.849 SPS: 47
79999 success 0.9 +/- 0.1
79999 eval steps mean 50.4 best 21 optimal 7
79999 eval return 0.19 +/- 0.682
time:  30.048 SPS: 47
84999 success 0.5 +/- 0.167
84999 eval steps mean 81.2 best 44 optimal 7
84999 eval return -2.864 +/- 1.187
time:  32.376 SPS: 46
89999 success 0.6 +/- 0.163
89999 eval steps mean 66.4 best 8 optimal 7
89999 eval return -2.127 +/- 1.147
time:  34.663 SPS: 45
94999 success 0.6 +/- 0.163
94999 eval steps mean 63.9 best 10 optimal 7
94999 eval return -1.591 +/- 1.201
time:  36.888 SPS: 45
99999 success 0.6 +/- 0.163
99999 eval steps mean 69.1 best 12 optimal 7
99999 eval return -1.228 +/- 1.107
time:  39.192 SPS: 44
104999 success 1.0 +/- 0.0
104999 eval steps mean 48.5 best 11 optimal 7
104999 eval return 0.787 +/- 0.355
time:  41.545 SPS: 44
109999 success 0.8 +/- 0.133
109999 eval steps mean 56.2 best 9 optimal 7
109999 eval return -0.469 +/- 0.931
time:  43.664 SPS: 43
114999 success 0.8 +/- 0.133
114999 eval steps mean 60.1 best 10 optimal 7
114999 eval return -0.293 +/- 0.87
120000
GOAL [7 1]
time:  45.874 SPS: 43
119999 success 0.0 +/- 0.0
119999 eval steps mean 99.9 best 99 optimal 6
119999 eval return -13.631 +/- 0.403
time:  48.234 SPS: 43
124999 success 0.0 +/- 0.0
124999 eval steps mean 99.9 best 99 optimal 6
124999 eval return -13.04 +/- 0.276
time:  50.595 SPS: 42
129999 success 0.0 +/- 0.0
129999 eval steps mean 99.9 best 99 optimal 6
129999 eval return -12.549 +/- 0.286
time:  52.797 SPS: 42
134999 success 0.0 +/- 0.0
134999 eval steps mean 99.9 best 99 optimal 6
134999 eval return -14.247 +/- 0.426
time:  55.025 SPS: 42
139999 success 0.0 +/- 0.0
139999 eval steps mean 99.9 best 99 optimal 6
139999 eval return -12.237 +/- 0.531
time:  57.211 SPS: 42
144999 success 0.0 +/- 0.0
144999 eval steps mean 99.9 best 99 optimal 6
144999 eval return -13.283 +/- 0.409
time:  59.498 SPS: 42
149999 success 0.0 +/- 0.0
149999 eval steps mean 99.9 best 99 optimal 6
149999 eval return -11.832 +/- 0.441
time:  61.674 SPS: 41
154999 success 0.0 +/- 0.0
154999 eval steps mean 99.9 best 99 optimal 6
154999 eval return -13.363 +/- 0.594
160000
GOAL [13  7]
time:  63.925 SPS: 41
159999 success 0.5 +/- 0.167
159999 eval steps mean 77.4 best 17 optimal 6
159999 eval return -2.093 +/- 0.958
time:  66.044 SPS: 41
164999 success 0.7 +/- 0.153
164999 eval steps mean 56.2 best 16 optimal 6
164999 eval return -1.324 +/- 1.347
time:  68.192 SPS: 41
169999 success 0.7 +/- 0.153
169999 eval steps mean 59.6 best 18 optimal 6
169999 eval return -0.599 +/- 1.065
time:  70.35 SPS: 41
174999 success 0.7 +/- 0.153
174999 eval steps mean 64.6 best 9 optimal 6
174999 eval return -0.762 +/- 1.054
time:  72.631 SPS: 41
179999 success 0.5 +/- 0.167
179999 eval steps mean 62.1 best 7 optimal 6
179999 eval return -1.527 +/- 1.248
time:  74.886 SPS: 41
184999 success 1.0 +/- 0.0
184999 eval steps mean 46.4 best 7 optimal 6
184999 eval return 1.18 +/- 0.5
time:  77.071 SPS: 41
189999 success 0.7 +/- 0.153
189999 eval steps mean 60.9 best 7 optimal 6
189999 eval return -0.342 +/- 1.041
time:  79.324 SPS: 40
194999 success 0.9 +/- 0.1
194999 eval steps mean 57.2 best 13 optimal 6
194999 eval return 0.308 +/- 0.911
200000
GOAL [14  6]
time:  81.421 SPS: 40
199999 success 0.7 +/- 0.153
199999 eval steps mean 64.9 best 20 optimal 8
199999 eval return -1.468 +/- 1.262
time:  83.509 SPS: 40
204999 success 0.9 +/- 0.1
204999 eval steps mean 51.1 best 22 optimal 8
204999 eval return -0.286 +/- 1.023
time:  85.749 SPS: 40
209999 success 1.0 +/- 0.0
209999 eval steps mean 60.7 best 26 optimal 8
209999 eval return -0.601 +/- 0.495
time:  88.234 SPS: 40
214999 success 0.8 +/- 0.133
214999 eval steps mean 45.1 best 15 optimal 8
214999 eval return -0.147 +/- 1.26
time:  90.662 SPS: 40
219999 success 0.7 +/- 0.153
219999 eval steps mean 55.2 best 14 optimal 8
219999 eval return -1.41 +/- 1.441
time:  92.895 SPS: 40
224999 success 0.9 +/- 0.1
224999 eval steps mean 48.1 best 19 optimal 8
224999 eval return -0.151 +/- 0.977
time:  95.172 SPS: 40
229999 success 0.8 +/- 0.133
229999 eval steps mean 49.1 best 17 optimal 8
229999 eval return -0.524 +/- 1.246
time:  97.526 SPS: 40
234999 success 0.9 +/- 0.1
234999 eval steps mean 51.1 best 13 optimal 8
234999 eval return -0.463 +/- 0.982
240000
GOAL [11  5]
time:  99.953 SPS: 40
239999 success 0.1 +/- 0.1
239999 eval steps mean 92.4 best 25 optimal 6
239999 eval return -4.189 +/- 0.688
time:  102.211 SPS: 39
244999 success 0.1 +/- 0.1
244999 eval steps mean 97.4 best 75 optimal 6
244999 eval return -4.317 +/- 0.435
time:  104.724 SPS: 39
249999 success 0.2 +/- 0.133
249999 eval steps mean 85.0 best 19 optimal 6
249999 eval return -2.903 +/- 0.791
time:  107.243 SPS: 39
254999 success 0.2 +/- 0.133
254999 eval steps mean 89.7 best 25 optimal 6
254999 eval return -3.422 +/- 0.713
time:  109.718 SPS: 39
259999 success 0.1 +/- 0.1
259999 eval steps mean 92.3 best 24 optimal 6
259999 eval return -3.876 +/- 0.667
time:  112.501 SPS: 39
264999 success 0.4 +/- 0.163
264999 eval steps mean 81.5 best 11 optimal 6
264999 eval return -2.453 +/- 0.806
time:  114.992 SPS: 39
269999 success 0.5 +/- 0.167
269999 eval steps mean 71.6 best 12 optimal 6
269999 eval return -1.966 +/- 0.999
time:  117.4 SPS: 39
274999 success 0.4 +/- 0.163
274999 eval steps mean 71.8 best 7 optimal 6
274999 eval return -2.236 +/- 1.074
280000
GOAL [ 5 12]
time:  120.167 SPS: 38
279999 success 0.0 +/- 0.0
279999 eval steps mean 99.9 best 99 optimal 7
279999 eval return -15.776 +/- 0.49
time:  122.675 SPS: 38
284999 success 0.0 +/- 0.0
284999 eval steps mean 99.9 best 99 optimal 7
284999 eval return -15.13 +/- 0.181
time:  125.04 SPS: 38
289999 success 0.0 +/- 0.0
289999 eval steps mean 99.9 best 99 optimal 7
289999 eval return -14.908 +/- 0.418
time:  127.721 SPS: 38
294999 success 0.0 +/- 0.0
294999 eval steps mean 99.9 best 99 optimal 7
294999 eval return -14.244 +/- 0.197
time:  130.255 SPS: 38
299999 success 0.0 +/- 0.0
299999 eval steps mean 99.9 best 99 optimal 7
299999 eval return -15.337 +/- 0.405
time:  132.503 SPS: 38
304999 success 0.0 +/- 0.0
304999 eval steps mean 99.9 best 99 optimal 7
304999 eval return -14.894 +/- 0.432
time:  134.684 SPS: 38
309999 success 0.0 +/- 0.0
309999 eval steps mean 99.9 best 99 optimal 7
309999 eval return -13.549 +/- 0.565
time:  137.164 SPS: 38
314999 success 0.0 +/- 0.0
314999 eval steps mean 99.9 best 99 optimal 7
314999 eval return -14.528 +/- 0.467
320000
GOAL [ 7 10]
time:  139.528 SPS: 38
319999 success 0.0 +/- 0.0
319999 eval steps mean 99.9 best 99 optimal 3
319999 eval return -14.717 +/- 0.416
time:  141.722 SPS: 38
324999 success 0.0 +/- 0.0
324999 eval steps mean 99.9 best 99 optimal 3
324999 eval return -14.278 +/- 0.388
time:  144.181 SPS: 38
329999 success 0.0 +/- 0.0
329999 eval steps mean 99.9 best 99 optimal 3
329999 eval return -13.642 +/- 0.432
time:  146.446 SPS: 38
334999 success 0.0 +/- 0.0
334999 eval steps mean 99.9 best 99 optimal 3
334999 eval return -13.028 +/- 0.485
time:  148.703 SPS: 38
339999 success 0.0 +/- 0.0
339999 eval steps mean 99.9 best 99 optimal 3
339999 eval return -13.344 +/- 0.504
time:  151.079 SPS: 38
344999 success 0.0 +/- 0.0
344999 eval steps mean 99.9 best 99 optimal 3
344999 eval return -13.398 +/- 0.343
time:  153.439 SPS: 38
349999 success 0.0 +/- 0.0
349999 eval steps mean 99.9 best 99 optimal 3
349999 eval return -14.399 +/- 0.539
time:  155.728 SPS: 37
354999 success 0.0 +/- 0.0
354999 eval steps mean 99.9 best 99 optimal 3
354999 eval return -13.979 +/- 0.451
360000
GOAL [6 1]
time:  158.067 SPS: 37
359999 success 0.0 +/- 0.0
359999 eval steps mean 99.9 best 99 optimal 7
359999 eval return -16.385 +/- 0.379
time:  160.414 SPS: 37
364999 success 0.0 +/- 0.0
364999 eval steps mean 99.9 best 99 optimal 7
364999 eval return -15.272 +/- 0.503
time:  162.735 SPS: 37
369999 success 0.0 +/- 0.0
369999 eval steps mean 99.9 best 99 optimal 7
369999 eval return -15.576 +/- 0.408
time:  164.987 SPS: 37
374999 success 0.0 +/- 0.0
374999 eval steps mean 99.9 best 99 optimal 7
374999 eval return -16.356 +/- 0.539
time:  167.128 SPS: 37
379999 success 0.0 +/- 0.0
379999 eval steps mean 99.9 best 99 optimal 7
379999 eval return -13.724 +/- 0.447
time:  169.438 SPS: 37
384999 success 0.0 +/- 0.0
384999 eval steps mean 99.9 best 99 optimal 7
384999 eval return -14.623 +/- 0.388
time:  171.646 SPS: 37
389999 success 0.0 +/- 0.0
389999 eval steps mean 99.9 best 99 optimal 7
389999 eval return -14.467 +/- 0.674
time:  173.757 SPS: 37
394999 success 0.0 +/- 0.0
394999 eval steps mean 99.9 best 99 optimal 7
394999 eval return -14.175 +/- 0.508
400000
GOAL [10  3]
time:  176.079 SPS: 37
399999 success 0.0 +/- 0.0
399999 eval steps mean 99.9 best 99 optimal 7
399999 eval return -8.2 +/- 0.36
time:  178.37 SPS: 37
404999 success 0.0 +/- 0.0
404999 eval steps mean 99.9 best 99 optimal 7
404999 eval return -8.535 +/- 0.56
time:  180.561 SPS: 37
409999 success 0.0 +/- 0.0
409999 eval steps mean 99.9 best 99 optimal 7
409999 eval return -9.806 +/- 0.62
time:  182.949 SPS: 37
414999 success 0.0 +/- 0.0
414999 eval steps mean 99.9 best 99 optimal 7
414999 eval return -8.959 +/- 0.451
time:  185.518 SPS: 37
419999 success 0.0 +/- 0.0
419999 eval steps mean 99.9 best 99 optimal 7
419999 eval return -8.358 +/- 0.476
time:  187.713 SPS: 37
424999 success 0.0 +/- 0.0
424999 eval steps mean 99.9 best 99 optimal 7
424999 eval return -8.53 +/- 0.453
time:  189.643 SPS: 37
429999 success 0.0 +/- 0.0
429999 eval steps mean 99.9 best 99 optimal 7
429999 eval return -8.437 +/- 0.465
time:  192.1 SPS: 37
434999 success 0.0 +/- 0.0
434999 eval steps mean 99.9 best 99 optimal 7
434999 eval return -8.217 +/- 0.515
440000
GOAL [ 9 14]
time:  194.474 SPS: 37
439999 success 0.0 +/- 0.0
439999 eval steps mean 99.9 best 99 optimal 9
439999 eval return -13.47 +/- 0.367
time:  196.631 SPS: 37
444999 success 0.0 +/- 0.0
444999 eval steps mean 99.9 best 99 optimal 9
444999 eval return -12.702 +/- 0.296
time:  198.841 SPS: 37
449999 success 0.0 +/- 0.0
449999 eval steps mean 99.9 best 99 optimal 9
449999 eval return -13.8 +/- 0.378
time:  201.085 SPS: 37
454999 success 0.0 +/- 0.0
454999 eval steps mean 99.9 best 99 optimal 9
454999 eval return -13.153 +/- 0.533
time:  203.046 SPS: 37
459999 success 0.0 +/- 0.0
459999 eval steps mean 99.9 best 99 optimal 9
459999 eval return -12.038 +/- 0.244
time:  205.18 SPS: 37
464999 success 0.0 +/- 0.0
464999 eval steps mean 99.9 best 99 optimal 9
464999 eval return -11.646 +/- 0.454
time:  207.442 SPS: 37
469999 success 0.0 +/- 0.0
469999 eval steps mean 99.9 best 99 optimal 9
469999 eval return -12.171 +/- 0.692
time:  209.671 SPS: 37
474999 success 0.0 +/- 0.0
474999 eval steps mean 99.9 best 99 optimal 9
474999 eval return -13.046 +/- 0.339
480000
GOAL [6 0]
time:  212.1 SPS: 37
479999 success 0.0 +/- 0.0
479999 eval steps mean 99.9 best 99 optimal 8
479999 eval return -15.926 +/- 0.348
time:  214.291 SPS: 37
484999 success 0.0 +/- 0.0
484999 eval steps mean 99.9 best 99 optimal 8
484999 eval return -16.491 +/- 0.28
time:  216.545 SPS: 37
489999 success 0.0 +/- 0.0
489999 eval steps mean 99.9 best 99 optimal 8
489999 eval return -15.88 +/- 0.301
time:  218.651 SPS: 37
494999 success 0.0 +/- 0.0
494999 eval steps mean 99.9 best 99 optimal 8
494999 eval return -15.456 +/- 0.12
time:  220.825 SPS: 37
499999 success 0.0 +/- 0.0
499999 eval steps mean 99.9 best 99 optimal 8
499999 eval return -15.349 +/- 0.397
time:  222.976 SPS: 37
504999 success 0.0 +/- 0.0
504999 eval steps mean 99.9 best 99 optimal 8
504999 eval return -15.437 +/- 0.44
time:  225.3 SPS: 37
509999 success 0.0 +/- 0.0
509999 eval steps mean 99.9 best 99 optimal 8
509999 eval return -14.754 +/- 0.583
time:  226.984 SPS: 37
514999 success 0.0 +/- 0.0
514999 eval steps mean 99.9 best 99 optimal 8
514999 eval return -14.301 +/- 0.484
520000
GOAL [7 4]
time:  228.788 SPS: 37
519999 success 0.0 +/- 0.0
519999 eval steps mean 99.9 best 99 optimal 3
519999 eval return -14.039 +/- 0.448
time:  230.811 SPS: 37
524999 success 0.0 +/- 0.0
524999 eval steps mean 99.9 best 99 optimal 3
524999 eval return -13.28 +/- 0.614
time:  232.925 SPS: 37
529999 success 0.0 +/- 0.0
529999 eval steps mean 99.9 best 99 optimal 3
529999 eval return -14.224 +/- 0.582
time:  234.897 SPS: 37
534999 success 0.0 +/- 0.0
534999 eval steps mean 99.9 best 99 optimal 3
534999 eval return -14.71 +/- 0.646
time:  236.867 SPS: 37
539999 success 0.0 +/- 0.0
539999 eval steps mean 99.9 best 99 optimal 3
539999 eval return -15.287 +/- 0.505
time:  238.847 SPS: 38
544999 success 0.0 +/- 0.0
544999 eval steps mean 99.9 best 99 optimal 3
544999 eval return -13.906 +/- 0.621
time:  240.868 SPS: 38
549999 success 0.0 +/- 0.0
549999 eval steps mean 99.9 best 99 optimal 3
549999 eval return -14.167 +/- 0.591
time:  243.109 SPS: 38
554999 success 0.0 +/- 0.0
554999 eval steps mean 99.9 best 99 optimal 3
554999 eval return -13.677 +/- 0.654
560000
GOAL [ 9 14]
time:  245.249 SPS: 38
559999 success 0.0 +/- 0.0
559999 eval steps mean 99.9 best 99 optimal 9
559999 eval return -13.966 +/- 0.342
time:  247.509 SPS: 38
564999 success 0.0 +/- 0.0
564999 eval steps mean 99.9 best 99 optimal 9
564999 eval return -14.261 +/- 0.331
time:  249.863 SPS: 38
569999 success 0.0 +/- 0.0
569999 eval steps mean 99.9 best 99 optimal 9
569999 eval return -12.76 +/- 0.346
time:  251.989 SPS: 38
574999 success 0.0 +/- 0.0
574999 eval steps mean 99.9 best 99 optimal 9
574999 eval return -12.777 +/- 0.641
time:  254.023 SPS: 38
579999 success 0.0 +/- 0.0
579999 eval steps mean 99.9 best 99 optimal 9
579999 eval return -12.715 +/- 0.55
time:  256.295 SPS: 38
584999 success 0.0 +/- 0.0
584999 eval steps mean 99.9 best 99 optimal 9
584999 eval return -13.159 +/- 0.657
time:  258.452 SPS: 38
589999 success 0.0 +/- 0.0
589999 eval steps mean 99.9 best 99 optimal 9
589999 eval return -11.762 +/- 0.422
time:  260.557 SPS: 38
594999 success 0.0 +/- 0.0
594999 eval steps mean 99.9 best 99 optimal 9
594999 eval return -11.832 +/- 0.409
600000
GOAL [6 4]
time:  262.635 SPS: 38
599999 success 0.0 +/- 0.0
599999 eval steps mean 99.9 best 99 optimal 4
599999 eval return -16.128 +/- 0.29
time:  264.551 SPS: 38
604999 success 0.0 +/- 0.0
604999 eval steps mean 99.9 best 99 optimal 4
604999 eval return -15.065 +/- 0.28
time:  266.708 SPS: 38
609999 success 0.0 +/- 0.0
609999 eval steps mean 99.9 best 99 optimal 4
609999 eval return -15.828 +/- 0.64
time:  268.177 SPS: 38
614999 success 0.0 +/- 0.0
614999 eval steps mean 99.9 best 99 optimal 4
614999 eval return -15.861 +/- 0.409
time:  269.91 SPS: 38
619999 success 0.0 +/- 0.0
619999 eval steps mean 99.9 best 99 optimal 4
619999 eval return -15.997 +/- 0.366
time:  271.703 SPS: 38
624999 success 0.0 +/- 0.0
624999 eval steps mean 99.9 best 99 optimal 4
624999 eval return -14.723 +/- 0.463
time:  273.559 SPS: 38
629999 success 0.0 +/- 0.0
629999 eval steps mean 99.9 best 99 optimal 4
629999 eval return -14.882 +/- 0.423
time:  275.376 SPS: 38
634999 success 0.0 +/- 0.0
634999 eval steps mean 99.9 best 99 optimal 4
634999 eval return -15.225 +/- 0.378
640000
GOAL [11  0]
time:  277.219 SPS: 38
639999 success 0.1 +/- 0.1
639999 eval steps mean 98.0 best 81 optimal 11
639999 eval return -9.584 +/- 0.583
time:  279.5 SPS: 38
644999 success 0.0 +/- 0.0
644999 eval steps mean 99.9 best 99 optimal 11
644999 eval return -9.074 +/- 0.488
time:  281.891 SPS: 38
649999 success 0.1 +/- 0.1
649999 eval steps mean 94.6 best 46 optimal 11
649999 eval return -10.0 +/- 1.298
time:  284.185 SPS: 38
654999 success 0.0 +/- 0.0
654999 eval steps mean 99.9 best 99 optimal 11
654999 eval return -10.916 +/- 0.553
time:  286.38 SPS: 38
659999 success 0.1 +/- 0.1
659999 eval steps mean 99.6 best 97 optimal 11
659999 eval return -7.973 +/- 0.784
time:  288.8 SPS: 38
664999 success 0.0 +/- 0.0
664999 eval steps mean 99.9 best 99 optimal 11
664999 eval return -8.798 +/- 0.663
time:  291.054 SPS: 38
669999 success 0.0 +/- 0.0
669999 eval steps mean 99.9 best 99 optimal 11
669999 eval return -10.091 +/- 0.759
time:  293.339 SPS: 38
674999 success 0.0 +/- 0.0
674999 eval steps mean 99.9 best 99 optimal 11
674999 eval return -8.554 +/- 0.562
680000
GOAL [10  8]
time:  295.865 SPS: 38
679999 success 0.1 +/- 0.1
679999 eval steps mean 90.4 best 5 optimal 4
679999 eval return -3.883 +/- 0.802
time:  298.449 SPS: 38
684999 success 0.1 +/- 0.1
684999 eval steps mean 90.4 best 5 optimal 4
684999 eval return -4.541 +/- 0.903
time:  300.755 SPS: 38
689999 success 0.2 +/- 0.133
689999 eval steps mean 82.4 best 7 optimal 4
689999 eval return -3.437 +/- 1.149
time:  303.165 SPS: 38
694999 success 0.4 +/- 0.163
694999 eval steps mean 77.9 best 20 optimal 4
694999 eval return -2.124 +/- 0.999
time:  305.638 SPS: 38
699999 success 0.4 +/- 0.163
699999 eval steps mean 80.6 best 9 optimal 4
699999 eval return -3.513 +/- 1.407
time:  307.866 SPS: 38
704999 success 0.3 +/- 0.153
704999 eval steps mean 80.4 best 8 optimal 4
704999 eval return -2.66 +/- 0.974
time:  310.14 SPS: 38
709999 success 0.2 +/- 0.133
709999 eval steps mean 86.4 best 15 optimal 4
709999 eval return -3.327 +/- 0.843
time:  312.472 SPS: 38
714999 success 0.5 +/- 0.167
714999 eval steps mean 67.8 best 9 optimal 4
714999 eval return -1.727 +/- 1.178
720000
GOAL [7 3]
time:  314.577 SPS: 38
719999 success 0.0 +/- 0.0
719999 eval steps mean 99.9 best 99 optimal 4
719999 eval return -13.487 +/- 0.419
time:  316.674 SPS: 38
724999 success 0.0 +/- 0.0
724999 eval steps mean 99.9 best 99 optimal 4
724999 eval return -13.731 +/- 0.49
time:  318.787 SPS: 38
729999 success 0.0 +/- 0.0
729999 eval steps mean 99.9 best 99 optimal 4
729999 eval return -13.082 +/- 0.393
time:  321.002 SPS: 38
734999 success 0.0 +/- 0.0
734999 eval steps mean 99.9 best 99 optimal 4
734999 eval return -13.428 +/- 0.435
time:  323.333 SPS: 38
739999 success 0.0 +/- 0.0
739999 eval steps mean 99.9 best 99 optimal 4
739999 eval return -12.74 +/- 0.259
time:  325.703 SPS: 38
744999 success 0.0 +/- 0.0
744999 eval steps mean 99.9 best 99 optimal 4
744999 eval return -13.418 +/- 0.606
time:  328.262 SPS: 38
749999 success 0.0 +/- 0.0
749999 eval steps mean 99.9 best 99 optimal 4
749999 eval return -13.958 +/- 0.593
time:  330.635 SPS: 38
754999 success 0.0 +/- 0.0
754999 eval steps mean 99.9 best 99 optimal 4
754999 eval return -13.061 +/- 0.464
760000
GOAL [10 13]
time:  332.809 SPS: 38
759999 success 0.0 +/- 0.0
759999 eval steps mean 99.9 best 99 optimal 9
759999 eval return -12.289 +/- 0.421
time:  334.795 SPS: 38
764999 success 0.0 +/- 0.0
764999 eval steps mean 99.9 best 99 optimal 9
764999 eval return -11.3 +/- 0.269
time:  337.139 SPS: 38
769999 success 0.0 +/- 0.0
769999 eval steps mean 99.9 best 99 optimal 9
769999 eval return -10.919 +/- 0.402
time:  339.492 SPS: 38
774999 success 0.0 +/- 0.0
774999 eval steps mean 99.9 best 99 optimal 9
774999 eval return -10.68 +/- 0.42
time:  341.748 SPS: 38
779999 success 0.0 +/- 0.0
779999 eval steps mean 99.9 best 99 optimal 9
779999 eval return -11.263 +/- 0.529
time:  343.914 SPS: 38
784999 success 0.0 +/- 0.0
784999 eval steps mean 99.9 best 99 optimal 9
784999 eval return -10.16 +/- 0.884
time:  346.264 SPS: 38
789999 success 0.0 +/- 0.0
789999 eval steps mean 99.9 best 99 optimal 9
789999 eval return -9.964 +/- 0.442
time:  348.893 SPS: 37
794999 success 0.0 +/- 0.0
794999 eval steps mean 99.9 best 99 optimal 9
794999 eval return -9.501 +/- 0.462
800000
GOAL [11  0]
time:  351.505 SPS: 37
799999 success 0.0 +/- 0.0
799999 eval steps mean 99.9 best 99 optimal 11
799999 eval return -11.473 +/- 0.469
done RL run. Time 351.6378565900008 min
