agent_dict keys dict_keys(['base_algorithm', 'learning_rate', 'num_envs', 'rollout_num_steps', 'gamma', 'gae_lambda', 'num_minibatches', 'update_epochs', 'minibatch_size', 'norm_adv', 'clip_coef', 'clip_vloss', 'ent_coef', 'vf_coef', 'max_grad_norm', 'rpo_alpha', 'parseval_reg', 'input_scale', 'learnable_input_scale', 'add_diag_layer', 'lie_group', 'pion', 'layer_norm', 'layer_norm_no_params', 'weight_decay', 'tuned_adam', 'perturb', 'perturb_dist', 'regen', 'regen_wasserstein', 'weight_init', 'net_width', 'net_activation', 'init_gain', 'parseval_norm', 'parseval_num_groups'])
env_dict keys dict_keys(['env', 'change_freq', 'seed', 'env_type'])
Start RL run!
{'base_algorithm': 'ppo_agent', 'learning_rate': 0.001, 'num_envs': 1, 'rollout_num_steps': 128, 'gamma': 0.99, 'gae_lambda': 0.95, 'num_minibatches': 4, 'update_epochs': 4, 'minibatch_size': 32, 'norm_adv': True, 'clip_coef': 0.2, 'clip_vloss': True, 'ent_coef': 0.01, 'vf_coef': 0.5, 'max_grad_norm': 0.5, 'rpo_alpha': 0, 'parseval_reg': 0, 'input_scale': 1, 'learnable_input_scale': False, 'add_diag_layer': False, 'lie_group': False, 'pion': True, 'layer_norm': False, 'layer_norm_no_params': False, 'weight_decay': 0, 'tuned_adam': False, 'perturb': 0.0, 'perturb_dist': 'xavier', 'regen': 0.0, 'regen_wasserstein': False, 'weight_init': 'xavier', 'net_width': 64, 'net_activation': 'tanh', 'init_gain': None, 'parseval_norm': False, 'parseval_num_groups': 1, 'device': 'cpu'}
{'env': 'gridworld_ninerooms', 'change_freq': 40000, 'seed': 127, 'env_type': 'rl', 'local_run': False}
Running on gpu: False
Gridworld args () {'env': 'gridworld_ninerooms', 'change_freq': 40000, 'seed': 127, 'env_type': 'rl', 'local_run': False}
time:  0.066 SPS: 0
0 success 0.0 +/- 0.0
0 eval steps mean 99.9 best 99 optimal 7
0 eval return -15.552 +/- 0.719
time:  0.579 SPS: 143
4999 success 0.0 +/- 0.0
4999 eval steps mean 99.9 best 99 optimal 7
4999 eval return -13.653 +/- 0.663
time:  1.196 SPS: 139
9999 success 0.0 +/- 0.0
9999 eval steps mean 99.9 best 99 optimal 7
9999 eval return -9.955 +/- 0.432
time:  2.264 SPS: 110
14999 success 0.7 +/- 0.153
14999 eval steps mean 59.6 best 25 optimal 7
14999 eval return -4.027 +/- 1.468
time:  3.506 SPS: 95
19999 success 0.8 +/- 0.133
19999 eval steps mean 39.3 best 18 optimal 7
19999 eval return -2.079 +/- 1.911
time:  5.422 SPS: 76
24999 success 1.0 +/- 0.0
24999 eval steps mean 18.7 best 17 optimal 7
24999 eval return 1.427 +/- 0.036
time:  8.341 SPS: 59
29999 success 1.0 +/- 0.0
29999 eval steps mean 19.4 best 17 optimal 7
29999 eval return 1.379 +/- 0.038
time:  12.183 SPS: 47
34999 success 1.0 +/- 0.0
34999 eval steps mean 18.9 best 17 optimal 7
34999 eval return 1.409 +/- 0.032
40000
GOAL [9 3]
time:  16.164 SPS: 41
39999 success 0.0 +/- 0.0
39999 eval steps mean 99.9 best 99 optimal 6
39999 eval return -5.572 +/- 0.078
time:  20.242 SPS: 37
44999 success 0.0 +/- 0.0
44999 eval steps mean 99.9 best 99 optimal 6
44999 eval return -4.099 +/- 0.063
time:  23.892 SPS: 34
49999 success 0.0 +/- 0.0
49999 eval steps mean 99.9 best 99 optimal 6
49999 eval return -3.801 +/- 0.052
time:  26.538 SPS: 34
54999 success 0.9 +/- 0.1
54999 eval steps mean 66.3 best 41 optimal 6
54999 eval return -1.825 +/- 0.679
time:  28.382 SPS: 35
59999 success 1.0 +/- 0.0
59999 eval steps mean 21.7 best 19 optimal 6
59999 eval return 1.589 +/- 0.046
time:  31.405 SPS: 34
64999 success 1.0 +/- 0.0
64999 eval steps mean 15.7 best 14 optimal 6
64999 eval return 1.912 +/- 0.023
