agent_dict keys dict_keys(['base_algorithm', 'learning_rate', 'num_envs', 'rollout_num_steps', 'gamma', 'gae_lambda', 'num_minibatches', 'update_epochs', 'minibatch_size', 'norm_adv', 'clip_coef', 'clip_vloss', 'ent_coef', 'vf_coef', 'max_grad_norm', 'rpo_alpha', 'parseval_reg', 'input_scale', 'learnable_input_scale', 'add_diag_layer', 'lie_group', 'pion', 'layer_norm', 'layer_norm_no_params', 'weight_decay', 'tuned_adam', 'perturb', 'perturb_dist', 'regen', 'regen_wasserstein', 'weight_init', 'net_width', 'net_activation', 'init_gain', 'parseval_norm', 'parseval_num_groups'])
env_dict keys dict_keys(['env', 'change_freq', 'seed', 'env_type'])
Start RL run!
{'base_algorithm': 'ppo_agent', 'learning_rate': 0.001, 'num_envs': 1, 'rollout_num_steps': 128, 'gamma': 0.99, 'gae_lambda': 0.95, 'num_minibatches': 4, 'update_epochs': 4, 'minibatch_size': 32, 'norm_adv': True, 'clip_coef': 0.2, 'clip_vloss': True, 'ent_coef': 0.01, 'vf_coef': 0.5, 'max_grad_norm': 0.5, 'rpo_alpha': 0, 'parseval_reg': 0, 'input_scale': 1, 'learnable_input_scale': False, 'add_diag_layer': False, 'lie_group': False, 'pion': True, 'layer_norm': False, 'layer_norm_no_params': False, 'weight_decay': 0, 'tuned_adam': False, 'perturb': 0.0, 'perturb_dist': 'xavier', 'regen': 0.0, 'regen_wasserstein': False, 'weight_init': 'xavier', 'net_width': 64, 'net_activation': 'tanh', 'init_gain': None, 'parseval_norm': False, 'parseval_num_groups': 1, 'device': 'cpu'}
{'env': 'gridworld_ninerooms', 'change_freq': 40000, 'seed': 124, 'env_type': 'rl', 'local_run': False}
Running on gpu: False
Gridworld args () {'env': 'gridworld_ninerooms', 'change_freq': 40000, 'seed': 124, 'env_type': 'rl', 'local_run': False}
time:  0.067 SPS: 0
0 success 0.0 +/- 0.0
0 eval steps mean 99.9 best 99 optimal 10
0 eval return -11.302 +/- 0.733
time:  0.673 SPS: 123
4999 success 0.8 +/- 0.133
4999 eval steps mean 49.4 best 11 optimal 10
4999 eval return -1.187 +/- 1.29
time:  2.488 SPS: 66
9999 success 1.0 +/- 0.0
9999 eval steps mean 13.8 best 10 optimal 10
9999 eval return 2.289 +/- 0.069
time:  5.996 SPS: 41
14999 success 0.9 +/- 0.1
14999 eval steps mean 19.8 best 10 optimal 10
14999 eval return 1.818 +/- 0.632
time:  10.257 SPS: 32
19999 success 1.0 +/- 0.0
19999 eval steps mean 10.9 best 10 optimal 10
19999 eval return 2.45 +/- 0.0
time:  14.658 SPS: 28
24999 success 1.0 +/- 0.0
24999 eval steps mean 10.9 best 10 optimal 10
24999 eval return 2.45 +/- 0.0
time:  17.765 SPS: 28
29999 success 1.0 +/- 0.0
29999 eval steps mean 10.9 best 10 optimal 10
29999 eval return 2.45 +/- 0.0
time:  20.351 SPS: 28
34999 success 1.0 +/- 0.0
34999 eval steps mean 11.4 best 10 optimal 10
34999 eval return 2.42 +/- 0.024
40000
GOAL [12 11]
time:  22.894 SPS: 29
39999 success 0.1 +/- 0.1
39999 eval steps mean 91.1 best 12 optimal 9
39999 eval return -3.741 +/- 0.715
time:  25.553 SPS: 29
44999 success 1.0 +/- 0.0
44999 eval steps mean 10.1 best 9 optimal 9
44999 eval return 2.543 +/- 0.007
time:  28.224 SPS: 29
49999 success 1.0 +/- 0.0
49999 eval steps mean 9.9 best 9 optimal 9
49999 eval return 2.55 +/- 0.0
time:  30.882 SPS: 29
54999 success 1.0 +/- 0.0
54999 eval steps mean 9.9 best 9 optimal 9
54999 eval return 2.55 +/- 0.0
time:  33.547 SPS: 29
59999 success 1.0 +/- 0.0
59999 eval steps mean 9.9 best 9 optimal 9
59999 eval return 2.55 +/- 0.0
time:  36.289 SPS: 29
64999 success 1.0 +/- 0.0
64999 eval steps mean 10.4 best 10 optimal 9
64999 eval return 2.54 +/- 0.005
time:  39.051 SPS: 29
69999 success 1.0 +/- 0.0
69999 eval steps mean 10.1 best 9 optimal 9
69999 eval return 2.545 +/- 0.005
time:  41.725 SPS: 29
74999 success 1.0 +/- 0.0
74999 eval steps mean 9.9 best 9 optimal 9
74999 eval return 2.55 +/- 0.0
80000
GOAL [ 9 14]
time:  44.529 SPS: 29
79999 success 0.0 +/- 0.0
79999 eval steps mean 99.9 best 99 optimal 9
79999 eval return -8.629 +/- 0.08
time:  47.203 SPS: 30
84999 success 0.0 +/- 0.0
84999 eval steps mean 99.9 best 99 optimal 9
84999 eval return -5.566 +/- 0.027
time:  50.202 SPS: 29
89999 success 1.0 +/- 0.0
89999 eval steps mean 28.0 best 20 optimal 9
89999 eval return 1.002 +/- 0.186
time:  52.15 SPS: 30
94999 success 1.0 +/- 0.0
94999 eval steps mean 16.7 best 15 optimal 9
94999 eval return 1.768 +/- 0.015
time:  54.813 SPS: 30
99999 success 1.0 +/- 0.0
99999 eval steps mean 18.0 best 15 optimal 9
99999 eval return 1.735 +/- 0.043
time:  57.735 SPS: 30
104999 success 1.0 +/- 0.0
104999 eval steps mean 20.8 best 16 optimal 9
104999 eval return 1.49 +/- 0.212
time:  60.578 SPS: 30
109999 success 1.0 +/- 0.0
109999 eval steps mean 16.3 best 16 optimal 9
109999 eval return 1.78 +/- 0.017
time:  63.562 SPS: 30
114999 success 1.0 +/- 0.0
114999 eval steps mean 15.9 best 15 optimal 9
114999 eval return 1.8 +/- 0.0
120000
GOAL [11  9]
time:  66.702 SPS: 29
119999 success 1.0 +/- 0.0
119999 eval steps mean 6.9 best 6 optimal 6
119999 eval return 2.79 +/- 0.0
time:  69.753 SPS: 29
124999 success 1.0 +/- 0.0
124999 eval steps mean 6.9 best 6 optimal 6
124999 eval return 2.79 +/- 0.0
time:  72.933 SPS: 29
129999 success 1.0 +/- 0.0
129999 eval steps mean 6.9 best 6 optimal 6
129999 eval return 2.79 +/- 0.0
time:  76.227 SPS: 29
134999 success 1.0 +/- 0.0
134999 eval steps mean 6.9 best 6 optimal 6
134999 eval return 2.79 +/- 0.0
time:  79.729 SPS: 29
139999 success 1.0 +/- 0.0
139999 eval steps mean 7.3 best 6 optimal 6
139999 eval return 2.784 +/- 0.006
time:  83.588 SPS: 28
144999 success 1.0 +/- 0.0
144999 eval steps mean 6.9 best 6 optimal 6
144999 eval return 2.79 +/- 0.0
time:  87.332 SPS: 28
149999 success 1.0 +/- 0.0
149999 eval steps mean 15.3 best 6 optimal 6
149999 eval return 2.265 +/- 0.513
time:  90.979 SPS: 28
154999 success 1.0 +/- 0.0
154999 eval steps mean 6.9 best 6 optimal 6
154999 eval return 2.79 +/- 0.0
160000
GOAL [13 14]
time:  94.867 SPS: 28
159999 success 0.0 +/- 0.0
159999 eval steps mean 99.9 best 99 optimal 13
159999 eval return -7.581 +/- 0.022
time:  97.713 SPS: 28
164999 success 0.0 +/- 0.0
164999 eval steps mean 99.9 best 99 optimal 13
164999 eval return -7.418 +/- 0.106
time:  100.375 SPS: 28
169999 success 1.0 +/- 0.0
169999 eval steps mean 16.6 best 14 optimal 13
169999 eval return 1.713 +/- 0.216
time:  102.934 SPS: 28
174999 success 1.0 +/- 0.0
174999 eval steps mean 13.9 best 13 optimal 13
174999 eval return 2.09 +/- 0.0
time:  105.523 SPS: 28
179999 success 1.0 +/- 0.0
179999 eval steps mean 17.5 best 13 optimal 13
179999 eval return 1.588 +/- 0.499
time:  108.119 SPS: 28
184999 success 1.0 +/- 0.0
184999 eval steps mean 13.9 best 13 optimal 13
184999 eval return 2.09 +/- 0.0
time:  110.776 SPS: 28
189999 success 1.0 +/- 0.0
189999 eval steps mean 13.9 best 13 optimal 13
189999 eval return 2.09 +/- 0.0
time:  113.457 SPS: 28
194999 success 0.9 +/- 0.1
194999 eval steps mean 25.6 best 13 optimal 13
194999 eval return 0.97 +/- 1.009
200000
GOAL [14  8]
time:  116.175 SPS: 28
199999 success 0.0 +/- 0.0
199999 eval steps mean 99.9 best 99 optimal 8
199999 eval return -8.144 +/- 0.022
time:  118.845 SPS: 28
204999 success 1.0 +/- 0.0
204999 eval steps mean 8.9 best 8 optimal 8
204999 eval return 2.64 +/- 0.0
time:  121.535 SPS: 28
209999 success 0.9 +/- 0.1
209999 eval steps mean 21.5 best 8 optimal 8
209999 eval return 2.176 +/- 0.417
time:  124.323 SPS: 28
214999 success 1.0 +/- 0.0
214999 eval steps mean 8.9 best 8 optimal 8
214999 eval return 2.64 +/- 0.0
time:  127.209 SPS: 28
219999 success 1.0 +/- 0.0
219999 eval steps mean 8.9 best 8 optimal 8
219999 eval return 2.64 +/- 0.0
time:  130.288 SPS: 28
224999 success 1.0 +/- 0.0
224999 eval steps mean 8.9 best 8 optimal 8
224999 eval return 2.64 +/- 0.0
time:  133.323 SPS: 28
229999 success 1.0 +/- 0.0
229999 eval steps mean 9.4 best 8 optimal 8
229999 eval return 2.635 +/- 0.003
time:  136.211 SPS: 28
234999 success 1.0 +/- 0.0
234999 eval steps mean 8.9 best 8 optimal 8
234999 eval return 2.64 +/- 0.0
240000
GOAL [12  5]
time:  139.322 SPS: 28
239999 success 0.0 +/- 0.0
239999 eval steps mean 99.9 best 99 optimal 7
239999 eval return -4.904 +/- 0.008
time:  142.256 SPS: 28
244999 success 0.0 +/- 0.0
244999 eval steps mean 99.9 best 99 optimal 7
244999 eval return -4.012 +/- 0.017
time:  144.953 SPS: 28
249999 success 0.2 +/- 0.133
249999 eval steps mean 81.5 best 8 optimal 7
249999 eval return -1.173 +/- 0.649
time:  147.905 SPS: 28
254999 success 1.0 +/- 0.0
254999 eval steps mean 7.9 best 7 optimal 7
254999 eval return 2.72 +/- 0.0
time:  150.828 SPS: 28
259999 success 1.0 +/- 0.0
259999 eval steps mean 8.0 best 7 optimal 7
259999 eval return 2.719 +/- 0.001
time:  153.83 SPS: 28
264999 success 0.9 +/- 0.1
264999 eval steps mean 17.1 best 7 optimal 7
264999 eval return 2.235 +/- 0.485
time:  156.768 SPS: 28
269999 success 0.8 +/- 0.133
269999 eval steps mean 26.3 best 7 optimal 7
269999 eval return 1.873 +/- 0.565
time:  159.613 SPS: 28
274999 success 1.0 +/- 0.0
274999 eval steps mean 8.3 best 7 optimal 7
274999 eval return 2.698 +/- 0.015
280000
GOAL [8 4]
time:  162.736 SPS: 28
279999 success 0.0 +/- 0.0
279999 eval steps mean 99.9 best 99 optimal 4
279999 eval return -10.022 +/- 0.024
time:  165.53 SPS: 28
284999 success 0.0 +/- 0.0
284999 eval steps mean 99.9 best 99 optimal 4
284999 eval return -8.057 +/- 0.228
time:  167.782 SPS: 28
289999 success 1.0 +/- 0.0
289999 eval steps mean 34.3 best 17 optimal 4
289999 eval return 0.066 +/- 0.341
time:  169.561 SPS: 28
294999 success 1.0 +/- 0.0
294999 eval steps mean 17.3 best 16 optimal 4
294999 eval return 1.632 +/- 0.006
time:  171.273 SPS: 29
299999 success 1.0 +/- 0.0
299999 eval steps mean 18.1 best 16 optimal 4
299999 eval return 1.585 +/- 0.035
time:  173.236 SPS: 29
304999 success 0.9 +/- 0.1
304999 eval steps mean 25.3 best 16 optimal 4
304999 eval return 0.851 +/- 0.783
time:  175.194 SPS: 29
309999 success 0.9 +/- 0.1
309999 eval steps mean 25.8 best 17 optimal 4
309999 eval return -0.363 +/- 1.966
time:  177.097 SPS: 29
314999 success 0.9 +/- 0.1
314999 eval steps mean 25.8 best 16 optimal 4
314999 eval return -0.356 +/- 1.937
320000
GOAL [13  2]
time:  179.162 SPS: 29
319999 success 0.0 +/- 0.0
319999 eval steps mean 99.9 best 99 optimal 11
319999 eval return -10.442 +/- 0.365
time:  180.907 SPS: 29
324999 success 1.0 +/- 0.0
324999 eval steps mean 14.1 best 13 optimal 11
324999 eval return 2.303 +/- 0.007
time:  182.997 SPS: 30
329999 success 1.0 +/- 0.0
329999 eval steps mean 12.3 best 11 optimal 11
329999 eval return 2.326 +/- 0.009
time:  185.317 SPS: 30
334999 success 1.0 +/- 0.0
334999 eval steps mean 12.3 best 11 optimal 11
334999 eval return 2.328 +/- 0.008
time:  188.081 SPS: 30
339999 success 1.0 +/- 0.0
339999 eval steps mean 12.8 best 11 optimal 11
339999 eval return 2.29 +/- 0.03
time:  190.813 SPS: 30
344999 success 1.0 +/- 0.0
344999 eval steps mean 14.1 best 12 optimal 11
344999 eval return 2.243 +/- 0.017
time:  193.506 SPS: 30
349999 success 1.0 +/- 0.0
349999 eval steps mean 11.9 best 11 optimal 11
349999 eval return 2.34 +/- 0.0
time:  196.29 SPS: 30
354999 success 1.0 +/- 0.0
354999 eval steps mean 13.3 best 12 optimal 11
354999 eval return 2.311 +/- 0.015
360000
GOAL [10 14]
time:  198.96 SPS: 30
359999 success 0.0 +/- 0.0
359999 eval steps mean 99.9 best 99 optimal 10
359999 eval return -14.978 +/- 0.11
time:  201.582 SPS: 30
364999 success 0.0 +/- 0.0
364999 eval steps mean 99.9 best 99 optimal 10
364999 eval return -11.98 +/- 0.213
time:  204.086 SPS: 30
369999 success 0.0 +/- 0.0
369999 eval steps mean 99.9 best 99 optimal 10
369999 eval return -9.806 +/- 0.184
time:  206.719 SPS: 30
374999 success 0.0 +/- 0.0
374999 eval steps mean 99.9 best 99 optimal 10
374999 eval return -9.811 +/- 0.189
time:  209.364 SPS: 30
379999 success 0.0 +/- 0.0
379999 eval steps mean 99.9 best 99 optimal 10
379999 eval return -9.789 +/- 0.065
time:  212.167 SPS: 30
384999 success 0.0 +/- 0.0
384999 eval steps mean 99.9 best 99 optimal 10
384999 eval return -9.626 +/- 0.003
time:  215.009 SPS: 30
389999 success 0.0 +/- 0.0
389999 eval steps mean 99.9 best 99 optimal 10
389999 eval return -9.554 +/- 0.068
time:  217.598 SPS: 30
394999 success 0.0 +/- 0.0
394999 eval steps mean 99.9 best 99 optimal 10
394999 eval return -4.563 +/- 0.024
400000
GOAL [8 3]
time:  220.13 SPS: 30
399999 success 0.0 +/- 0.0
399999 eval steps mean 99.9 best 99 optimal 5
399999 eval return -17.229 +/- 0.425
time:  221.994 SPS: 30
404999 success 0.0 +/- 0.0
404999 eval steps mean 99.9 best 99 optimal 5
404999 eval return -9.34 +/- 0.094
time:  223.217 SPS: 30
409999 success 1.0 +/- 0.0
409999 eval steps mean 44.2 best 16 optimal 5
409999 eval return -1.484 +/- 1.334
time:  223.927 SPS: 30
414999 success 1.0 +/- 0.0
414999 eval steps mean 16.1 best 15 optimal 5
414999 eval return 1.775 +/- 0.025
time:  225.685 SPS: 31
419999 success 1.0 +/- 0.0
419999 eval steps mean 16.9 best 15 optimal 5
419999 eval return 1.722 +/- 0.059
time:  227.782 SPS: 31
424999 success 1.0 +/- 0.0
424999 eval steps mean 19.1 best 16 optimal 5
424999 eval return 1.573 +/- 0.164
time:  229.581 SPS: 31
429999 success 1.0 +/- 0.0
429999 eval steps mean 16.1 best 15 optimal 5
429999 eval return 1.773 +/- 0.027
time:  231.175 SPS: 31
434999 success 1.0 +/- 0.0
434999 eval steps mean 17.1 best 15 optimal 5
434999 eval return 1.75 +/- 0.021
440000
GOAL [11  9]
time:  232.607 SPS: 31
439999 success 0.0 +/- 0.0
439999 eval steps mean 99.9 best 99 optimal 6
439999 eval return -14.603 +/- 0.646
time:  234.591 SPS: 31
444999 success 0.7 +/- 0.153
444999 eval steps mean 41.7 best 7 optimal 6
444999 eval return -0.101 +/- 1.397
time:  236.812 SPS: 31
449999 success 1.0 +/- 0.0
449999 eval steps mean 6.9 best 6 optimal 6
449999 eval return 2.79 +/- 0.0
time:  239.428 SPS: 31
454999 success 1.0 +/- 0.0
454999 eval steps mean 6.9 best 6 optimal 6
454999 eval return 2.79 +/- 0.0
time:  242.278 SPS: 31
459999 success 1.0 +/- 0.0
459999 eval steps mean 9.7 best 7 optimal 6
459999 eval return 2.66 +/- 0.041
time:  245.179 SPS: 31
464999 success 1.0 +/- 0.0
464999 eval steps mean 6.9 best 6 optimal 6
464999 eval return 2.79 +/- 0.0
time:  248.214 SPS: 31
469999 success 1.0 +/- 0.0
469999 eval steps mean 6.9 best 6 optimal 6
469999 eval return 2.79 +/- 0.0
time:  259.766 SPS: 30
474999 success 1.0 +/- 0.0
474999 eval steps mean 6.9 best 6 optimal 6
474999 eval return 2.79 +/- 0.0
480000
GOAL [12 10]
time:  262.796 SPS: 30
479999 success 0.1 +/- 0.1
479999 eval steps mean 96.1 best 62 optimal 8
479999 eval return -2.632 +/- 0.429
time:  265.685 SPS: 30
484999 success 1.0 +/- 0.0
484999 eval steps mean 8.9 best 8 optimal 8
484999 eval return 2.64 +/- 0.0
time:  268.6 SPS: 30
489999 success 1.0 +/- 0.0
489999 eval steps mean 9.5 best 8 optimal 8
489999 eval return 2.622 +/- 0.015
time:  271.519 SPS: 30
494999 success 1.0 +/- 0.0
494999 eval steps mean 8.9 best 8 optimal 8
494999 eval return 2.64 +/- 0.0
time:  274.495 SPS: 30
499999 success 1.0 +/- 0.0
499999 eval steps mean 8.9 best 8 optimal 8
499999 eval return 2.64 +/- 0.0
time:  277.503 SPS: 30
504999 success 1.0 +/- 0.0
504999 eval steps mean 8.9 best 8 optimal 8
504999 eval return 2.64 +/- 0.0
time:  280.476 SPS: 30
509999 success 1.0 +/- 0.0
509999 eval steps mean 8.9 best 8 optimal 8
509999 eval return 2.64 +/- 0.0
time:  283.483 SPS: 30
514999 success 1.0 +/- 0.0
514999 eval steps mean 8.9 best 8 optimal 8
514999 eval return 2.64 +/- 0.0
520000
GOAL [9 0]
time:  286.425 SPS: 30
519999 success 0.0 +/- 0.0
519999 eval steps mean 99.9 best 99 optimal 9
519999 eval return -18.211 +/- 0.025
time:  289.056 SPS: 30
524999 success 0.0 +/- 0.0
524999 eval steps mean 99.9 best 99 optimal 9
524999 eval return -13.15 +/- 0.346
time:  291.553 SPS: 30
529999 success 0.0 +/- 0.0
529999 eval steps mean 99.9 best 99 optimal 9
529999 eval return -8.17 +/- 0.288
time:  294.031 SPS: 30
534999 success 0.0 +/- 0.0
534999 eval steps mean 99.9 best 99 optimal 9
534999 eval return -7.283 +/- 0.345
time:  296.447 SPS: 30
539999 success 0.1 +/- 0.1
539999 eval steps mean 95.7 best 58 optimal 9
539999 eval return -3.942 +/- 0.444
time:  298.479 SPS: 30
544999 success 1.0 +/- 0.0
544999 eval steps mean 16.6 best 15 optimal 9
544999 eval return 1.742 +/- 0.033
time:  300.253 SPS: 30
549999 success 1.0 +/- 0.0
549999 eval steps mean 16.2 best 15 optimal 9
549999 eval return 1.788 +/- 0.009
time:  302.619 SPS: 30
554999 success 1.0 +/- 0.0
554999 eval steps mean 17.1 best 15 optimal 9
554999 eval return 1.682 +/- 0.067
560000
GOAL [8 0]
time:  305.36 SPS: 30
559999 success 1.0 +/- 0.0
559999 eval steps mean 18.8 best 16 optimal 8
559999 eval return 1.62 +/- 0.007
time:  307.958 SPS: 30
564999 success 1.0 +/- 0.0
564999 eval steps mean 17.1 best 16 optimal 8
564999 eval return 1.633 +/- 0.007
time:  310.672 SPS: 30
569999 success 1.0 +/- 0.0
569999 eval steps mean 17.2 best 17 optimal 8
569999 eval return 1.624 +/- 0.012
time:  312.932 SPS: 30
574999 success 0.7 +/- 0.153
574999 eval steps mean 47.1 best 18 optimal 8
574999 eval return -1.608 +/- 1.425
time:  315.302 SPS: 30
579999 success 1.0 +/- 0.0
579999 eval steps mean 19.7 best 16 optimal 8
579999 eval return 1.542 +/- 0.035
time:  317.831 SPS: 30
584999 success 1.0 +/- 0.0
584999 eval steps mean 17.3 best 16 optimal 8
584999 eval return 1.594 +/- 0.032
time:  320.453 SPS: 30
589999 success 1.0 +/- 0.0
589999 eval steps mean 17.1 best 17 optimal 8
589999 eval return 1.623 +/- 0.017
time:  323.036 SPS: 30
594999 success 1.0 +/- 0.0
594999 eval steps mean 17.1 best 16 optimal 8
594999 eval return 1.633 +/- 0.007
600000
GOAL [ 9 14]
time:  325.634 SPS: 30
599999 success 0.0 +/- 0.0
599999 eval steps mean 99.9 best 99 optimal 9
599999 eval return -20.972 +/- 0.074
time:  327.972 SPS: 30
604999 success 0.0 +/- 0.0
604999 eval steps mean 99.9 best 99 optimal 9
604999 eval return -9.053 +/- 0.294
time:  329.848 SPS: 30
609999 success 0.2 +/- 0.133
609999 eval steps mean 91.7 best 31 optimal 9
609999 eval return -3.997 +/- 0.762
time:  331.593 SPS: 30
614999 success 0.8 +/- 0.133
614999 eval steps mean 51.2 best 16 optimal 9
614999 eval return -0.404 +/- 0.876
time:  333.508 SPS: 30
619999 success 1.0 +/- 0.0
619999 eval steps mean 16.5 best 16 optimal 9
619999 eval return 1.786 +/- 0.007
time:  335.756 SPS: 31
624999 success 1.0 +/- 0.0
624999 eval steps mean 16.7 best 16 optimal 9
624999 eval return 1.788 +/- 0.005
time:  337.936 SPS: 31
629999 success 1.0 +/- 0.0
629999 eval steps mean 16.9 best 15 optimal 9
629999 eval return 1.747 +/- 0.031
time:  340.444 SPS: 31
634999 success 1.0 +/- 0.0
634999 eval steps mean 16.9 best 15 optimal 9
634999 eval return 1.752 +/- 0.026
640000
GOAL [13  3]
time:  343.144 SPS: 31
639999 success 0.0 +/- 0.0
639999 eval steps mean 99.9 best 99 optimal 10
639999 eval return -14.516 +/- 0.146
time:  345.613 SPS: 31
644999 success 0.6 +/- 0.163
644999 eval steps mean 48.0 best 10 optimal 10
644999 eval return -0.234 +/- 1.076
