agent_dict keys dict_keys(['base_algorithm', 'learning_rate', 'num_envs', 'rollout_num_steps', 'gamma', 'gae_lambda', 'num_minibatches', 'update_epochs', 'minibatch_size', 'norm_adv', 'clip_coef', 'clip_vloss', 'ent_coef', 'vf_coef', 'max_grad_norm', 'rpo_alpha', 'parseval_reg', 'input_scale', 'learnable_input_scale', 'add_diag_layer', 'lie_group', 'pion', 'pion_block_size', 'oft', 'poet', 'layer_norm', 'layer_norm_no_params', 'weight_decay', 'tuned_adam', 'perturb', 'perturb_dist', 'regen', 'regen_wasserstein', 'weight_init', 'net_width', 'net_activation', 'init_gain', 'parseval_norm', 'parseval_num_groups'])
env_dict keys dict_keys(['env', 'change_freq', 'seed', 'env_type'])
Start RL run!
{'base_algorithm': 'ppo_agent', 'learning_rate': 0.01, 'num_envs': 1, 'rollout_num_steps': 128, 'gamma': 0.99, 'gae_lambda': 0.95, 'num_minibatches': 4, 'update_epochs': 4, 'minibatch_size': 32, 'norm_adv': True, 'clip_coef': 0.2, 'clip_vloss': True, 'ent_coef': 0.01, 'vf_coef': 0.5, 'max_grad_norm': 0.5, 'rpo_alpha': 0, 'parseval_reg': 0, 'input_scale': 1, 'learnable_input_scale': False, 'add_diag_layer': False, 'lie_group': False, 'pion': False, 'pion_block_size': None, 'oft': False, 'poet': True, 'layer_norm': False, 'layer_norm_no_params': False, 'weight_decay': 0, 'tuned_adam': False, 'perturb': 0.0, 'perturb_dist': 'xavier', 'regen': 0.0, 'regen_wasserstein': False, 'weight_init': 'orthogonal', 'net_width': 64, 'net_activation': 'tanh', 'init_gain': None, 'parseval_norm': False, 'parseval_num_groups': 1, 'device': 'cpu'}
{'env': 'gridworld_ninerooms', 'change_freq': 40000, 'seed': 126, 'env_type': 'rl', 'local_run': False}
Running on gpu: False
Gridworld args () {'env': 'gridworld_ninerooms', 'change_freq': 40000, 'seed': 126, 'env_type': 'rl', 'local_run': False}
time:  0.038 SPS: 0
0 success 0.0 +/- 0.0
0 eval steps mean 99.9 best 99 optimal 10
0 eval return -14.54 +/- 0.711
time:  0.592 SPS: 140
4999 success 0.0 +/- 0.0
4999 eval steps mean 99.9 best 99 optimal 10
4999 eval return -8.787 +/- 0.686
time:  1.177 SPS: 141
9999 success 0.5 +/- 0.167
9999 eval steps mean 72.7 best 25 optimal 10
9999 eval return -2.952 +/- 0.895
time:  1.768 SPS: 141
14999 success 1.0 +/- 0.0
14999 eval steps mean 20.1 best 15 optimal 10
14999 eval return 1.638 +/- 0.102
time:  2.333 SPS: 142
19999 success 1.0 +/- 0.0
19999 eval steps mean 16.3 best 15 optimal 10
19999 eval return 1.85 +/- 0.028
time:  2.904 SPS: 143
24999 success 0.8 +/- 0.133
24999 eval steps mean 34.2 best 15 optimal 10
24999 eval return -0.357 +/- 1.489
time:  3.392 SPS: 147
29999 success 0.9 +/- 0.1
29999 eval steps mean 24.8 best 15 optimal 10
29999 eval return 1.262 +/- 0.671
time:  3.884 SPS: 150
34999 success 0.6 +/- 0.163
34999 eval steps mean 49.2 best 15 optimal 10
34999 eval return -5.473 +/- 3.026
40000
GOAL [12 14]
time:  4.519 SPS: 147
39999 success 0.0 +/- 0.0
39999 eval steps mean 99.9 best 99 optimal 12
39999 eval return -12.386 +/- 0.697
time:  5.13 SPS: 146
44999 success 0.0 +/- 0.0
44999 eval steps mean 99.9 best 99 optimal 12
44999 eval return -18.81 +/- 0.092
time:  5.776 SPS: 144
49999 success 0.0 +/- 0.0
49999 eval steps mean 99.9 best 99 optimal 12
49999 eval return -8.608 +/- 0.019
time:  6.43 SPS: 142
54999 success 0.0 +/- 0.0
54999 eval steps mean 99.9 best 99 optimal 12
54999 eval return -7.706 +/- 0.03
time:  6.968 SPS: 143
59999 success 0.1 +/- 0.1
59999 eval steps mean 93.5 best 36 optimal 12
59999 eval return -9.255 +/- 1.424
time:  7.486 SPS: 144
64999 success 1.0 +/- 0.0
64999 eval steps mean 20.7 best 14 optimal 12
64999 eval return 1.823 +/- 0.067
time:  7.979 SPS: 146
69999 success 1.0 +/- 0.0
69999 eval steps mean 20.8 best 15 optimal 12
69999 eval return 1.928 +/- 0.079
time:  8.469 SPS: 147
74999 success 1.0 +/- 0.0
74999 eval steps mean 14.1 best 13 optimal 12
74999 eval return 2.202 +/- 0.005
80000
GOAL [10 12]
time:  8.974 SPS: 148
79999 success 0.0 +/- 0.0
79999 eval steps mean 99.9 best 99 optimal 8
79999 eval return -4.411 +/- 0.316
time:  9.468 SPS: 149
84999 success 0.0 +/- 0.0
84999 eval steps mean 99.9 best 99 optimal 8
84999 eval return -14.641 +/- 0.102
time:  9.965 SPS: 150
89999 success 0.0 +/- 0.0
89999 eval steps mean 99.9 best 99 optimal 8
89999 eval return -12.562 +/- 0.973
time:  10.476 SPS: 151
94999 success 0.9 +/- 0.1
94999 eval steps mean 52.5 best 17 optimal 8
94999 eval return 0.767 +/- 0.496
time:  10.975 SPS: 151
99999 success 0.3 +/- 0.153
99999 eval steps mean 80.7 best 15 optimal 8
99999 eval return -10.132 +/- 2.179
time:  11.474 SPS: 152
104999 success 1.0 +/- 0.0
104999 eval steps mean 13.2 best 13 optimal 8
104999 eval return 2.209 +/- 0.007
time:  11.962 SPS: 153
109999 success 1.0 +/- 0.0
109999 eval steps mean 16.2 best 12 optimal 8
109999 eval return 2.15 +/- 0.028
time:  12.424 SPS: 154
114999 success 1.0 +/- 0.0
114999 eval steps mean 32.8 best 13 optimal 8
114999 eval return 1.41 +/- 0.357
120000
GOAL [12 14]
time:  12.926 SPS: 154
119999 success 0.0 +/- 0.0
119999 eval steps mean 99.9 best 99 optimal 12
119999 eval return -7.228 +/- 0.555
time:  13.434 SPS: 155
124999 success 1.0 +/- 0.0
124999 eval steps mean 12.9 best 12 optimal 12
124999 eval return 2.22 +/- 0.0
time:  13.923 SPS: 155
129999 success 0.4 +/- 0.163
129999 eval steps mean 67.6 best 15 optimal 12
129999 eval return -2.87 +/- 1.354
time:  14.419 SPS: 156
134999 success 1.0 +/- 0.0
134999 eval steps mean 13.0 best 12 optimal 12
134999 eval return 2.214 +/- 0.006
time:  14.928 SPS: 156
139999 success 0.5 +/- 0.167
139999 eval steps mean 56.4 best 12 optimal 12
139999 eval return -3.846 +/- 2.278
time:  15.437 SPS: 156
144999 success 0.5 +/- 0.167
144999 eval steps mean 58.7 best 15 optimal 12
144999 eval return -6.639 +/- 2.856
time:  15.953 SPS: 156
149999 success 0.0 +/- 0.0
149999 eval steps mean 99.9 best 99 optimal 12
149999 eval return -8.659 +/- 0.206
time:  16.429 SPS: 157
154999 success 0.0 +/- 0.0
154999 eval steps mean 99.9 best 99 optimal 12
154999 eval return -9.02 +/- 0.0
160000
GOAL [12  1]
time:  16.935 SPS: 157
159999 success 0.0 +/- 0.0
159999 eval steps mean 99.9 best 99 optimal 11
159999 eval return -12.97 +/- 0.0
time:  17.437 SPS: 157
164999 success 0.0 +/- 0.0
164999 eval steps mean 99.9 best 99 optimal 11
164999 eval return -12.97 +/- 0.0
time:  17.944 SPS: 157
169999 success 0.0 +/- 0.0
169999 eval steps mean 99.9 best 99 optimal 11
169999 eval return -12.97 +/- 0.0
time:  18.444 SPS: 158
174999 success 0.0 +/- 0.0
174999 eval steps mean 99.9 best 99 optimal 11
174999 eval return -12.97 +/- 0.0
time:  18.955 SPS: 158
179999 success 0.0 +/- 0.0
179999 eval steps mean 99.9 best 99 optimal 11
179999 eval return -12.97 +/- 0.0
time:  19.472 SPS: 158
184999 success 0.0 +/- 0.0
184999 eval steps mean 99.9 best 99 optimal 11
184999 eval return -12.97 +/- 0.0
time:  19.996 SPS: 158
189999 success 0.0 +/- 0.0
189999 eval steps mean 99.9 best 99 optimal 11
189999 eval return -12.97 +/- 0.0
time:  20.525 SPS: 158
194999 success 0.0 +/- 0.0
194999 eval steps mean 99.9 best 99 optimal 11
194999 eval return -12.97 +/- 0.0
200000
GOAL [10 11]
time:  21.084 SPS: 158
199999 success 0.0 +/- 0.0
199999 eval steps mean 99.9 best 99 optimal 7
199999 eval return -12.97 +/- 0.0
time:  21.698 SPS: 157
204999 success 0.0 +/- 0.0
204999 eval steps mean 99.9 best 99 optimal 7
204999 eval return -12.97 +/- 0.0
time:  22.226 SPS: 157
209999 success 0.0 +/- 0.0
209999 eval steps mean 99.9 best 99 optimal 7
209999 eval return -12.97 +/- 0.0
time:  22.773 SPS: 157
214999 success 0.0 +/- 0.0
214999 eval steps mean 99.9 best 99 optimal 7
214999 eval return -12.97 +/- 0.0
