agent_dict keys dict_keys(['base_algorithm', 'learning_rate', 'num_envs', 'rollout_num_steps', 'gamma', 'gae_lambda', 'num_minibatches', 'update_epochs', 'minibatch_size', 'norm_adv', 'clip_coef', 'clip_vloss', 'ent_coef', 'vf_coef', 'max_grad_norm', 'rpo_alpha', 'parseval_reg', 'input_scale', 'learnable_input_scale', 'add_diag_layer', 'lie_group', 'pion', 'pion_block_size', 'oft', 'poet', 'layer_norm', 'layer_norm_no_params', 'weight_decay', 'tuned_adam', 'perturb', 'perturb_dist', 'regen', 'regen_wasserstein', 'weight_init', 'net_width', 'net_activation', 'init_gain', 'parseval_norm', 'parseval_num_groups'])
env_dict keys dict_keys(['env', 'change_freq', 'seed', 'env_type'])
Start RL run!
{'base_algorithm': 'ppo_agent', 'learning_rate': 0.001, 'num_envs': 1, 'rollout_num_steps': 128, 'gamma': 0.99, 'gae_lambda': 0.95, 'num_minibatches': 4, 'update_epochs': 4, 'minibatch_size': 32, 'norm_adv': True, 'clip_coef': 0.2, 'clip_vloss': True, 'ent_coef': 0.01, 'vf_coef': 0.5, 'max_grad_norm': 0.5, 'rpo_alpha': 0, 'parseval_reg': 0, 'input_scale': 1, 'learnable_input_scale': False, 'add_diag_layer': False, 'lie_group': False, 'pion': False, 'pion_block_size': None, 'oft': False, 'poet': True, 'layer_norm': False, 'layer_norm_no_params': False, 'weight_decay': 0, 'tuned_adam': False, 'perturb': 0.0, 'perturb_dist': 'xavier', 'regen': 0.0, 'regen_wasserstein': False, 'weight_init': 'orthogonal', 'net_width': 64, 'net_activation': 'tanh', 'init_gain': None, 'parseval_norm': False, 'parseval_num_groups': 1, 'device': 'cpu'}
{'env': 'gridworld_ninerooms', 'change_freq': 40000, 'seed': 128, 'env_type': 'rl', 'local_run': False}
Running on gpu: False
Gridworld args () {'env': 'gridworld_ninerooms', 'change_freq': 40000, 'seed': 128, 'env_type': 'rl', 'local_run': False}
time:  0.053 SPS: 0
0 success 0.1 +/- 0.1
0 eval steps mean 98.4 best 84 optimal 5
0 eval return -6.181 +/- 0.617
time:  0.551 SPS: 151
4999 success 0.4 +/- 0.163
4999 eval steps mean 70.9 best 13 optimal 5
4999 eval return -2.451 +/- 1.225
time:  1.038 SPS: 160
9999 success 0.7 +/- 0.153
9999 eval steps mean 48.2 best 18 optimal 5
9999 eval return -0.302 +/- 1.124
time:  1.529 SPS: 163
14999 success 0.9 +/- 0.1
14999 eval steps mean 18.7 best 6 optimal 5
14999 eval return 1.747 +/- 0.935
time:  2.024 SPS: 164
19999 success 0.9 +/- 0.1
19999 eval steps mean 18.6 best 5 optimal 5
19999 eval return 1.736 +/- 0.934
time:  2.513 SPS: 165
24999 success 1.0 +/- 0.0
24999 eval steps mean 5.9 best 5 optimal 5
24999 eval return 2.85 +/- 0.0
time:  2.993 SPS: 167
29999 success 0.9 +/- 0.1
29999 eval steps mean 15.3 best 5 optimal 5
29999 eval return 2.146 +/- 0.704
time:  3.481 SPS: 167
34999 success 1.0 +/- 0.0
34999 eval steps mean 5.9 best 5 optimal 5
34999 eval return 2.85 +/- 0.0
40000
GOAL [11  7]
time:  3.974 SPS: 167
39999 success 0.0 +/- 0.0
39999 eval steps mean 99.9 best 99 optimal 4
39999 eval return -5.104 +/- 0.394
time:  4.456 SPS: 168
44999 success 1.0 +/- 0.0
44999 eval steps mean 5.1 best 4 optimal 4
44999 eval return 2.897 +/- 0.003
time:  4.947 SPS: 168
49999 success 1.0 +/- 0.0
49999 eval steps mean 4.9 best 4 optimal 4
49999 eval return 2.9 +/- 0.0
time:  5.44 SPS: 168
54999 success 1.0 +/- 0.0
54999 eval steps mean 4.9 best 4 optimal 4
54999 eval return 2.9 +/- 0.0
time:  5.931 SPS: 168
59999 success 1.0 +/- 0.0
59999 eval steps mean 4.9 best 4 optimal 4
59999 eval return 2.9 +/- 0.0
time:  6.422 SPS: 168
64999 success 1.0 +/- 0.0
64999 eval steps mean 4.9 best 4 optimal 4
64999 eval return 2.9 +/- 0.0
time:  6.914 SPS: 168
69999 success 1.0 +/- 0.0
69999 eval steps mean 4.9 best 4 optimal 4
69999 eval return 2.9 +/- 0.0
time:  7.407 SPS: 168
74999 success 1.0 +/- 0.0
74999 eval steps mean 4.9 best 4 optimal 4
74999 eval return 2.9 +/- 0.0
80000
GOAL [13  6]
time:  7.916 SPS: 168
79999 success 0.0 +/- 0.0
79999 eval steps mean 99.9 best 99 optimal 7
79999 eval return -2.14 +/- 0.0
time:  8.384 SPS: 168
84999 success 0.0 +/- 0.0
84999 eval steps mean 99.9 best 99 optimal 7
84999 eval return -2.14 +/- 0.0
time:  8.852 SPS: 169
89999 success 0.0 +/- 0.0
89999 eval steps mean 99.9 best 99 optimal 7
89999 eval return -2.14 +/- 0.0
time:  9.316 SPS: 169
94999 success 0.0 +/- 0.0
94999 eval steps mean 99.9 best 99 optimal 7
94999 eval return -2.14 +/- 0.0
time:  9.779 SPS: 170
99999 success 0.0 +/- 0.0
99999 eval steps mean 99.9 best 99 optimal 7
99999 eval return -2.14 +/- 0.0
time:  10.244 SPS: 170
104999 success 0.0 +/- 0.0
104999 eval steps mean 99.9 best 99 optimal 7
104999 eval return -2.14 +/- 0.0
time:  10.709 SPS: 171
109999 success 0.0 +/- 0.0
109999 eval steps mean 99.9 best 99 optimal 7
109999 eval return -2.14 +/- 0.0
time:  11.179 SPS: 171
114999 success 0.0 +/- 0.0
114999 eval steps mean 99.9 best 99 optimal 7
114999 eval return -2.14 +/- 0.0
120000
GOAL [7 1]
time:  11.659 SPS: 171
119999 success 0.0 +/- 0.0
119999 eval steps mean 99.9 best 99 optimal 6
119999 eval return -11.18 +/- 0.016
time:  12.137 SPS: 171
124999 success 0.0 +/- 0.0
124999 eval steps mean 99.9 best 99 optimal 6
124999 eval return -11.575 +/- 0.206
time:  12.616 SPS: 171
129999 success 0.0 +/- 0.0
129999 eval steps mean 99.9 best 99 optimal 6
129999 eval return -11.561 +/- 0.262
time:  13.108 SPS: 171
134999 success 0.0 +/- 0.0
134999 eval steps mean 99.9 best 99 optimal 6
134999 eval return -10.855 +/- 0.149
time:  13.606 SPS: 171
139999 success 0.0 +/- 0.0
139999 eval steps mean 99.9 best 99 optimal 6
139999 eval return -11.891 +/- 0.469
time:  14.113 SPS: 171
144999 success 0.1 +/- 0.1
144999 eval steps mean 99.1 best 92 optimal 6
144999 eval return -8.046 +/- 0.172
time:  14.626 SPS: 170
149999 success 0.2 +/- 0.133
149999 eval steps mean 96.1 best 69 optimal 6
149999 eval return -9.747 +/- 1.179
time:  15.131 SPS: 170
154999 success 0.2 +/- 0.133
154999 eval steps mean 96.7 best 78 optimal 6
154999 eval return -6.599 +/- 0.965
160000
GOAL [13  7]
time:  15.652 SPS: 170
159999 success 0.1 +/- 0.1
159999 eval steps mean 91.9 best 20 optimal 6
159999 eval return -10.281 +/- 1.818
time:  16.163 SPS: 170
164999 success 0.5 +/- 0.167
164999 eval steps mean 57.8 best 9 optimal 6
164999 eval return -1.639 +/- 1.35
time:  16.668 SPS: 169
169999 success 1.0 +/- 0.0
169999 eval steps mean 9.1 best 8 optimal 6
169999 eval return 2.731 +/- 0.009
time:  17.162 SPS: 169
174999 success 1.0 +/- 0.0
174999 eval steps mean 7.3 best 7 optimal 6
174999 eval return 2.782 +/- 0.006
time:  17.654 SPS: 169
179999 success 1.0 +/- 0.0
179999 eval steps mean 6.9 best 6 optimal 6
179999 eval return 2.79 +/- 0.0
time:  18.147 SPS: 169
184999 success 1.0 +/- 0.0
184999 eval steps mean 6.9 best 6 optimal 6
184999 eval return 2.79 +/- 0.0
time:  18.638 SPS: 169
189999 success 1.0 +/- 0.0
189999 eval steps mean 6.9 best 6 optimal 6
189999 eval return 2.79 +/- 0.0
time:  19.131 SPS: 169
194999 success 1.0 +/- 0.0
194999 eval steps mean 6.9 best 6 optimal 6
194999 eval return 2.79 +/- 0.0
200000
GOAL [14  6]
time:  19.636 SPS: 169
199999 success 0.4 +/- 0.163
199999 eval steps mean 66.9 best 9 optimal 8
199999 eval return 0.153 +/- 0.646
time:  20.148 SPS: 169
204999 success 1.0 +/- 0.0
204999 eval steps mean 9.1 best 8 optimal 8
204999 eval return 2.637 +/- 0.003
time:  20.643 SPS: 169
209999 success 1.0 +/- 0.0
209999 eval steps mean 8.9 best 8 optimal 8
209999 eval return 2.64 +/- 0.0
time:  21.132 SPS: 169
214999 success 1.0 +/- 0.0
214999 eval steps mean 8.9 best 8 optimal 8
214999 eval return 2.64 +/- 0.0
time:  21.623 SPS: 169
219999 success 1.0 +/- 0.0
219999 eval steps mean 8.9 best 8 optimal 8
219999 eval return 2.64 +/- 0.0
time:  22.116 SPS: 169
224999 success 1.0 +/- 0.0
224999 eval steps mean 8.9 best 8 optimal 8
224999 eval return 2.64 +/- 0.0
time:  22.613 SPS: 169
229999 success 1.0 +/- 0.0
229999 eval steps mean 8.9 best 8 optimal 8
229999 eval return 2.64 +/- 0.0
time:  23.106 SPS: 169
234999 success 1.0 +/- 0.0
234999 eval steps mean 8.9 best 8 optimal 8
234999 eval return 2.64 +/- 0.0
240000
GOAL [11  5]
time:  23.611 SPS: 169
239999 success 0.0 +/- 0.0
239999 eval steps mean 99.9 best 99 optimal 6
239999 eval return -3.029 +/- 0.016
time:  24.096 SPS: 169
244999 success 0.7 +/- 0.153
244999 eval steps mean 36.9 best 7 optimal 6
244999 eval return -0.463 +/- 1.642
time:  24.589 SPS: 169
249999 success 1.0 +/- 0.0
249999 eval steps mean 6.9 best 6 optimal 6
249999 eval return 2.79 +/- 0.0
time:  25.086 SPS: 169
254999 success 1.0 +/- 0.0
254999 eval steps mean 6.9 best 6 optimal 6
254999 eval return 2.79 +/- 0.0
time:  25.576 SPS: 169
259999 success 1.0 +/- 0.0
259999 eval steps mean 6.9 best 6 optimal 6
259999 eval return 2.79 +/- 0.0
time:  26.067 SPS: 169
264999 success 1.0 +/- 0.0
264999 eval steps mean 6.9 best 6 optimal 6
264999 eval return 2.79 +/- 0.0
time:  26.561 SPS: 169
269999 success 1.0 +/- 0.0
269999 eval steps mean 6.9 best 6 optimal 6
269999 eval return 2.79 +/- 0.0
time:  27.051 SPS: 169
274999 success 1.0 +/- 0.0
274999 eval steps mean 6.9 best 6 optimal 6
274999 eval return 2.79 +/- 0.0
280000
GOAL [ 5 12]
time:  27.561 SPS: 169
279999 success 0.0 +/- 0.0
279999 eval steps mean 99.9 best 99 optimal 7
279999 eval return -18.194 +/- 0.809
time:  28.044 SPS: 169
284999 success 0.0 +/- 0.0
284999 eval steps mean 99.9 best 99 optimal 7
284999 eval return -16.548 +/- 0.799
time:  28.537 SPS: 169
289999 success 0.0 +/- 0.0
289999 eval steps mean 99.9 best 99 optimal 7
289999 eval return -14.889 +/- 0.01
time:  29.043 SPS: 169
294999 success 0.0 +/- 0.0
294999 eval steps mean 99.9 best 99 optimal 7
294999 eval return -12.572 +/- 0.005
time:  29.563 SPS: 169
299999 success 0.0 +/- 0.0
299999 eval steps mean 99.9 best 99 optimal 7
299999 eval return -12.652 +/- 0.09
time:  30.074 SPS: 169
304999 success 0.0 +/- 0.0
304999 eval steps mean 99.9 best 99 optimal 7
304999 eval return -9.682 +/- 0.014
time:  30.592 SPS: 168
309999 success 0.0 +/- 0.0
309999 eval steps mean 99.9 best 99 optimal 7
309999 eval return -8.75 +/- 0.019
time:  31.111 SPS: 168
314999 success 0.0 +/- 0.0
314999 eval steps mean 99.9 best 99 optimal 7
314999 eval return -8.635 +/- 0.007
320000
GOAL [ 7 10]
time:  31.651 SPS: 168
319999 success 0.0 +/- 0.0
319999 eval steps mean 99.9 best 99 optimal 3
319999 eval return -12.634 +/- 0.012
time:  32.175 SPS: 168
324999 success 0.0 +/- 0.0
324999 eval steps mean 99.9 best 99 optimal 3
324999 eval return -12.676 +/- 0.016
time:  32.692 SPS: 168
329999 success 0.0 +/- 0.0
329999 eval steps mean 99.9 best 99 optimal 3
329999 eval return -12.634 +/- 0.008
time:  33.211 SPS: 168
334999 success 0.0 +/- 0.0
334999 eval steps mean 99.9 best 99 optimal 3
334999 eval return -12.758 +/- 0.138
time:  33.731 SPS: 167
339999 success 0.0 +/- 0.0
339999 eval steps mean 99.9 best 99 optimal 3
339999 eval return -12.626 +/- 0.003
time:  34.249 SPS: 167
344999 success 0.0 +/- 0.0
344999 eval steps mean 99.9 best 99 optimal 3
344999 eval return -12.628 +/- 0.004
time:  34.767 SPS: 167
349999 success 0.0 +/- 0.0
349999 eval steps mean 99.9 best 99 optimal 3
349999 eval return -12.654 +/- 0.022
time:  35.288 SPS: 167
354999 success 0.0 +/- 0.0
354999 eval steps mean 99.9 best 99 optimal 3
354999 eval return -12.622 +/- 0.002
360000
GOAL [6 1]
time:  35.819 SPS: 167
359999 success 0.0 +/- 0.0
359999 eval steps mean 99.9 best 99 optimal 7
359999 eval return -10.624 +/- 0.004
time:  36.342 SPS: 167
364999 success 0.0 +/- 0.0
364999 eval steps mean 99.9 best 99 optimal 7
364999 eval return -10.622 +/- 0.002
time:  36.861 SPS: 167
369999 success 0.0 +/- 0.0
369999 eval steps mean 99.9 best 99 optimal 7
369999 eval return -10.62 +/- 0.0
time:  37.38 SPS: 167
374999 success 0.0 +/- 0.0
374999 eval steps mean 99.9 best 99 optimal 7
374999 eval return -10.638 +/- 0.016
time:  37.905 SPS: 167
379999 success 0.0 +/- 0.0
379999 eval steps mean 99.9 best 99 optimal 7
379999 eval return -10.62 +/- 0.0
time:  38.425 SPS: 166
384999 success 0.0 +/- 0.0
384999 eval steps mean 99.9 best 99 optimal 7
384999 eval return -10.674 +/- 0.018
time:  38.948 SPS: 166
389999 success 0.0 +/- 0.0
389999 eval steps mean 99.9 best 99 optimal 7
389999 eval return -10.626 +/- 0.003
time:  39.467 SPS: 166
394999 success 0.0 +/- 0.0
394999 eval steps mean 99.9 best 99 optimal 7
394999 eval return -10.628 +/- 0.004
400000
GOAL [10  3]
time:  40.001 SPS: 166
399999 success 0.0 +/- 0.0
399999 eval steps mean 99.9 best 99 optimal 7
399999 eval return -14.42 +/- 0.0
time:  40.52 SPS: 166
404999 success 0.0 +/- 0.0
404999 eval steps mean 99.9 best 99 optimal 7
404999 eval return -14.414 +/- 0.006
time:  41.045 SPS: 166
409999 success 0.0 +/- 0.0
409999 eval steps mean 99.9 best 99 optimal 7
409999 eval return -13.37 +/- 0.719
time:  41.559 SPS: 166
414999 success 0.0 +/- 0.0
414999 eval steps mean 99.9 best 99 optimal 7
414999 eval return -6.656 +/- 0.013
time:  42.074 SPS: 166
419999 success 0.0 +/- 0.0
419999 eval steps mean 99.9 best 99 optimal 7
419999 eval return -6.63 +/- 0.008
time:  42.596 SPS: 166
424999 success 0.0 +/- 0.0
424999 eval steps mean 99.9 best 99 optimal 7
424999 eval return -6.624 +/- 0.003
time:  43.117 SPS: 166
429999 success 0.0 +/- 0.0
429999 eval steps mean 99.9 best 99 optimal 7
429999 eval return -6.628 +/- 0.006
time:  43.634 SPS: 166
434999 success 0.5 +/- 0.167
434999 eval steps mean 61.1 best 18 optimal 7
434999 eval return -1.786 +/- 1.226
440000
GOAL [ 9 14]
time:  44.14 SPS: 166
439999 success 0.0 +/- 0.0
439999 eval steps mean 99.9 best 99 optimal 9
439999 eval return -19.718 +/- 0.546
time:  44.649 SPS: 166
444999 success 0.0 +/- 0.0
444999 eval steps mean 99.9 best 99 optimal 9
444999 eval return -12.844 +/- 0.039
time:  45.167 SPS: 166
449999 success 0.0 +/- 0.0
449999 eval steps mean 99.9 best 99 optimal 9
449999 eval return -10.674 +/- 0.006
time:  45.688 SPS: 165
454999 success 0.0 +/- 0.0
454999 eval steps mean 99.9 best 99 optimal 9
454999 eval return -10.673 +/- 0.047
time:  46.213 SPS: 165
459999 success 0.0 +/- 0.0
459999 eval steps mean 99.9 best 99 optimal 9
459999 eval return -10.642 +/- 0.022
time:  46.742 SPS: 165
464999 success 0.0 +/- 0.0
464999 eval steps mean 99.9 best 99 optimal 9
464999 eval return -10.625 +/- 0.005
time:  47.267 SPS: 165
469999 success 0.0 +/- 0.0
469999 eval steps mean 99.9 best 99 optimal 9
469999 eval return -10.622 +/- 0.002
time:  47.787 SPS: 165
474999 success 0.0 +/- 0.0
474999 eval steps mean 99.9 best 99 optimal 9
474999 eval return -10.624 +/- 0.003
480000
GOAL [6 0]
time:  48.325 SPS: 165
479999 success 0.0 +/- 0.0
479999 eval steps mean 99.9 best 99 optimal 8
479999 eval return -13.606 +/- 0.004
time:  48.848 SPS: 165
484999 success 0.0 +/- 0.0
484999 eval steps mean 99.9 best 99 optimal 8
484999 eval return -13.599 +/- 0.001
time:  49.372 SPS: 165
489999 success 0.0 +/- 0.0
489999 eval steps mean 99.9 best 99 optimal 8
489999 eval return -13.602 +/- 0.002
time:  49.896 SPS: 165
494999 success 0.0 +/- 0.0
494999 eval steps mean 99.9 best 99 optimal 8
494999 eval return -13.602 +/- 0.002
time:  50.413 SPS: 165
499999 success 0.0 +/- 0.0
499999 eval steps mean 99.9 best 99 optimal 8
499999 eval return -13.62 +/- 0.012
time:  50.938 SPS: 165
504999 success 0.0 +/- 0.0
504999 eval steps mean 99.9 best 99 optimal 8
504999 eval return -13.6 +/- 0.0
time:  51.461 SPS: 165
509999 success 0.0 +/- 0.0
509999 eval steps mean 99.9 best 99 optimal 8
509999 eval return -13.6 +/- 0.0
time:  51.984 SPS: 165
514999 success 0.0 +/- 0.0
514999 eval steps mean 99.9 best 99 optimal 8
514999 eval return -13.602 +/- 0.002
520000
GOAL [7 4]
time:  52.511 SPS: 165
519999 success 0.0 +/- 0.0
519999 eval steps mean 99.9 best 99 optimal 3
519999 eval return -12.626 +/- 0.004
time:  53.029 SPS: 165
524999 success 0.0 +/- 0.0
524999 eval steps mean 99.9 best 99 optimal 3
524999 eval return -12.624 +/- 0.004
time:  53.555 SPS: 164
529999 success 0.0 +/- 0.0
529999 eval steps mean 99.9 best 99 optimal 3
529999 eval return -12.624 +/- 0.003
time:  54.076 SPS: 164
534999 success 0.0 +/- 0.0
534999 eval steps mean 99.9 best 99 optimal 3
534999 eval return -12.63 +/- 0.006
time:  54.594 SPS: 164
539999 success 0.0 +/- 0.0
539999 eval steps mean 99.9 best 99 optimal 3
539999 eval return -12.624 +/- 0.003
time:  55.112 SPS: 164
544999 success 0.0 +/- 0.0
544999 eval steps mean 99.9 best 99 optimal 3
544999 eval return -12.628 +/- 0.008
time:  55.633 SPS: 164
549999 success 0.0 +/- 0.0
549999 eval steps mean 99.9 best 99 optimal 3
549999 eval return -12.622 +/- 0.002
time:  56.157 SPS: 164
554999 success 0.0 +/- 0.0
554999 eval steps mean 99.9 best 99 optimal 3
554999 eval return -12.624 +/- 0.004
560000
GOAL [ 9 14]
time:  56.691 SPS: 164
559999 success 0.0 +/- 0.0
559999 eval steps mean 99.9 best 99 optimal 9
559999 eval return -10.622 +/- 0.002
time:  57.211 SPS: 164
564999 success 0.0 +/- 0.0
564999 eval steps mean 99.9 best 99 optimal 9
564999 eval return -10.626 +/- 0.004
time:  57.73 SPS: 164
569999 success 0.0 +/- 0.0
569999 eval steps mean 99.9 best 99 optimal 9
569999 eval return -10.624 +/- 0.004
time:  58.25 SPS: 164
574999 success 0.0 +/- 0.0
574999 eval steps mean 99.9 best 99 optimal 9
574999 eval return -10.62 +/- 0.0
time:  58.769 SPS: 164
579999 success 0.0 +/- 0.0
579999 eval steps mean 99.9 best 99 optimal 9
579999 eval return -10.622 +/- 0.002
time:  59.294 SPS: 164
584999 success 0.0 +/- 0.0
584999 eval steps mean 99.9 best 99 optimal 9
584999 eval return -10.623 +/- 0.003
time:  59.815 SPS: 164
589999 success 0.0 +/- 0.0
589999 eval steps mean 99.9 best 99 optimal 9
589999 eval return -10.62 +/- 0.0
time:  60.332 SPS: 164
594999 success 0.0 +/- 0.0
594999 eval steps mean 99.9 best 99 optimal 9
594999 eval return -10.619 +/- 0.001
600000
GOAL [6 4]
time:  60.862 SPS: 164
599999 success 0.0 +/- 0.0
599999 eval steps mean 99.9 best 99 optimal 4
599999 eval return -13.6 +/- 0.0
time:  61.377 SPS: 164
604999 success 0.0 +/- 0.0
604999 eval steps mean 99.9 best 99 optimal 4
604999 eval return -13.6 +/- 0.0
time:  61.894 SPS: 164
609999 success 0.0 +/- 0.0
609999 eval steps mean 99.9 best 99 optimal 4
609999 eval return -13.604 +/- 0.003
time:  62.406 SPS: 164
614999 success 0.0 +/- 0.0
614999 eval steps mean 99.9 best 99 optimal 4
614999 eval return -13.602 +/- 0.002
time:  62.922 SPS: 164
619999 success 0.0 +/- 0.0
619999 eval steps mean 99.9 best 99 optimal 4
619999 eval return -13.6 +/- 0.0
time:  63.438 SPS: 164
624999 success 0.0 +/- 0.0
624999 eval steps mean 99.9 best 99 optimal 4
624999 eval return -13.61 +/- 0.006
time:  63.948 SPS: 164
629999 success 0.0 +/- 0.0
629999 eval steps mean 99.9 best 99 optimal 4
629999 eval return -13.61 +/- 0.007
time:  64.461 SPS: 164
634999 success 0.0 +/- 0.0
634999 eval steps mean 99.9 best 99 optimal 4
634999 eval return -7.86 +/- 0.23
640000
GOAL [11  0]
time:  64.975 SPS: 164
639999 success 0.7 +/- 0.153
639999 eval steps mean 53.9 best 18 optimal 11
639999 eval return -1.068 +/- 1.274
time:  65.458 SPS: 164
644999 success 1.0 +/- 0.0
644999 eval steps mean 31.2 best 16 optimal 11
644999 eval return 0.936 +/- 0.698
time:  65.933 SPS: 164
649999 success 1.0 +/- 0.0
649999 eval steps mean 14.9 best 14 optimal 11
649999 eval return 2.036 +/- 0.028
time:  66.408 SPS: 164
654999 success 1.0 +/- 0.0
654999 eval steps mean 14.1 best 13 optimal 11
654999 eval return 2.081 +/- 0.009
time:  66.886 SPS: 164
659999 success 1.0 +/- 0.0
659999 eval steps mean 13.9 best 13 optimal 11
659999 eval return 2.09 +/- 0.0
time:  67.366 SPS: 164
664999 success 1.0 +/- 0.0
664999 eval steps mean 14.1 best 13 optimal 11
664999 eval return 2.083 +/- 0.007
time:  67.852 SPS: 164
669999 success 1.0 +/- 0.0
669999 eval steps mean 14.1 best 14 optimal 11
669999 eval return 2.081 +/- 0.009
time:  68.332 SPS: 164
674999 success 1.0 +/- 0.0
674999 eval steps mean 13.9 best 13 optimal 11
674999 eval return 2.09 +/- 0.0
680000
GOAL [10  8]
time:  68.821 SPS: 164
679999 success 0.0 +/- 0.0
679999 eval steps mean 99.9 best 99 optimal 4
679999 eval return -9.942 +/- 0.038
time:  69.288 SPS: 164
684999 success 0.0 +/- 0.0
684999 eval steps mean 99.9 best 99 optimal 4
684999 eval return -9.53 +/- 0.092
time:  69.752 SPS: 164
689999 success 0.0 +/- 0.0
689999 eval steps mean 99.9 best 99 optimal 4
689999 eval return -9.419 +/- 0.046
time:  70.215 SPS: 164
694999 success 0.0 +/- 0.0
694999 eval steps mean 99.9 best 99 optimal 4
694999 eval return -9.353 +/- 0.007
time:  70.679 SPS: 165
699999 success 0.0 +/- 0.0
699999 eval steps mean 99.9 best 99 optimal 4
699999 eval return -9.628 +/- 0.152
time:  71.146 SPS: 165
704999 success 0.0 +/- 0.0
704999 eval steps mean 99.9 best 99 optimal 4
704999 eval return -5.662 +/- 0.22
time:  71.624 SPS: 165
709999 success 0.0 +/- 0.0
709999 eval steps mean 99.9 best 99 optimal 4
709999 eval return -5.1 +/- 0.597
time:  72.1 SPS: 165
714999 success 0.0 +/- 0.0
714999 eval steps mean 99.9 best 99 optimal 4
714999 eval return -3.334 +/- 0.364
720000
GOAL [7 3]
time:  72.589 SPS: 165
719999 success 0.0 +/- 0.0
719999 eval steps mean 99.9 best 99 optimal 4
719999 eval return -11.15 +/- 0.0
time:  73.052 SPS: 165
724999 success 0.0 +/- 0.0
724999 eval steps mean 99.9 best 99 optimal 4
724999 eval return -11.09 +/- 0.056
time:  73.491 SPS: 165
729999 success 0.0 +/- 0.0
729999 eval steps mean 99.9 best 99 optimal 4
729999 eval return -7.919 +/- 0.034
time:  73.945 SPS: 165
734999 success 0.0 +/- 0.0
734999 eval steps mean 99.9 best 99 optimal 4
734999 eval return -7.246 +/- 0.431
time:  74.395 SPS: 165
739999 success 0.2 +/- 0.133
739999 eval steps mean 83.7 best 17 optimal 4
739999 eval return -4.898 +/- 1.099
time:  74.836 SPS: 165
744999 success 0.0 +/- 0.0
744999 eval steps mean 99.9 best 99 optimal 4
744999 eval return -4.406 +/- 0.268
time:  75.287 SPS: 166
749999 success 1.0 +/- 0.0
749999 eval steps mean 21.2 best 17 optimal 4
749999 eval return 1.358 +/- 0.114
time:  75.726 SPS: 166
754999 success 1.0 +/- 0.0
754999 eval steps mean 19.0 best 17 optimal 4
754999 eval return 1.519 +/- 0.06
760000
GOAL [10 13]
time:  76.176 SPS: 166
759999 success 0.0 +/- 0.0
759999 eval steps mean 99.9 best 99 optimal 9
759999 eval return -17.676 +/- 0.093
time:  76.626 SPS: 166
764999 success 0.0 +/- 0.0
764999 eval steps mean 99.9 best 99 optimal 9
764999 eval return -9.844 +/- 0.669
time:  77.053 SPS: 166
769999 success 0.0 +/- 0.0
769999 eval steps mean 99.9 best 99 optimal 9
769999 eval return -8.778 +/- 0.476
time:  77.483 SPS: 166
774999 success 0.0 +/- 0.0
774999 eval steps mean 99.9 best 99 optimal 9
774999 eval return -5.938 +/- 0.379
time:  77.912 SPS: 166
779999 success 0.1 +/- 0.1
779999 eval steps mean 97.4 best 75 optimal 9
779999 eval return -3.955 +/- 1.377
time:  78.347 SPS: 166
784999 success 0.3 +/- 0.153
784999 eval steps mean 81.2 best 20 optimal 9
784999 eval return -12.889 +/- 3.004
time:  78.781 SPS: 167
789999 success 1.0 +/- 0.0
789999 eval steps mean 26.9 best 18 optimal 9
789999 eval return 1.585 +/- 0.082
time:  79.211 SPS: 167
794999 success 1.0 +/- 0.0
794999 eval steps mean 19.6 best 18 optimal 9
794999 eval return 1.74 +/- 0.053
800000
GOAL [11  0]
time:  79.657 SPS: 167
799999 success 0.0 +/- 0.0
799999 eval steps mean 99.9 best 99 optimal 11
799999 eval return -15.698 +/- 0.027
done RL run. Time 79.77368777499845 min
