agent_dict keys dict_keys(['base_algorithm', 'learning_rate', 'num_envs', 'rollout_num_steps', 'gamma', 'gae_lambda', 'num_minibatches', 'update_epochs', 'minibatch_size', 'norm_adv', 'clip_coef', 'clip_vloss', 'ent_coef', 'vf_coef', 'max_grad_norm', 'parseval_reg', 'layer_norm', 'layer_norm_no_params', 'weight_decay', 'tuned_adam', 'perturb', 'perturb_dist', 'weight_init', 'net_width', 'net_activation', 'init_gain', 'parseval_num_groups'])
env_dict keys dict_keys(['env', 'change_freq', 'seed', 'env_type'])
Start RL run!
{'base_algorithm': 'ppo_agent', 'learning_rate': 0.00025, 'num_envs': 1, 'rollout_num_steps': 128, 'gamma': 0.99, 'gae_lambda': 0.95, 'num_minibatches': 4, 'update_epochs': 4, 'minibatch_size': 32, 'norm_adv': True, 'clip_coef': 0.2, 'clip_vloss': True, 'ent_coef': 0.01, 'vf_coef': 0.5, 'max_grad_norm': 0.5, 'parseval_reg': 0.001, 'layer_norm': False, 'layer_norm_no_params': False, 'weight_decay': 0, 'tuned_adam': False, 'perturb': 0.0, 'perturb_dist': 'xavier', 'weight_init': 'orthogonal', 'net_width': 64, 'net_activation': 'tanh', 'init_gain': None, 'parseval_num_groups': 1, 'device': 'cpu'}
{'env': 'gridworld_ninerooms', 'change_freq': 40000, 'seed': 124, 'env_type': 'rl', 'local_run': False}
Running on gpu: False
Gridworld args () {'env': 'gridworld_ninerooms', 'change_freq': 40000, 'seed': 124, 'env_type': 'rl', 'local_run': False}
time:  0.027 SPS: 0
0 success 0.0 +/- 0.0
0 eval steps mean 99.9 best 99 optimal 10
0 eval return -10.746 +/- 0.576
time:  0.261 SPS: 319
4999 success 0.2 +/- 0.133
4999 eval steps mean 97.0 best 77 optimal 10
4999 eval return -6.567 +/- 1.154
time:  0.475 SPS: 350
9999 success 0.4 +/- 0.163
9999 eval steps mean 77.5 best 37 optimal 10
9999 eval return -2.915 +/- 0.935
time:  0.76 SPS: 329
14999 success 1.0 +/- 0.0
14999 eval steps mean 37.5 best 13 optimal 10
14999 eval return 0.544 +/- 0.598
time:  1.004 SPS: 331
19999 success 1.0 +/- 0.0
19999 eval steps mean 11.1 best 10 optimal 10
19999 eval return 2.439 +/- 0.011
time:  1.225 SPS: 340
24999 success 1.0 +/- 0.0
24999 eval steps mean 11.4 best 11 optimal 10
24999 eval return 2.426 +/- 0.019
time:  1.432 SPS: 349
29999 success 1.0 +/- 0.0
29999 eval steps mean 13.1 best 10 optimal 10
29999 eval return 2.327 +/- 0.081
time:  1.708 SPS: 341
34999 success 1.0 +/- 0.0
34999 eval steps mean 10.9 best 10 optimal 10
34999 eval return 2.45 +/- 0.0
40000
GOAL [12 11]
time:  1.949 SPS: 342
39999 success 0.3 +/- 0.153
39999 eval steps mean 73.5 best 11 optimal 9
39999 eval return -2.413 +/- 1.073
time:  2.156 SPS: 347
44999 success 1.0 +/- 0.0
44999 eval steps mean 10.0 best 9 optimal 9
44999 eval return 2.545 +/- 0.005
time:  2.379 SPS: 350
49999 success 1.0 +/- 0.0
49999 eval steps mean 10.3 best 9 optimal 9
49999 eval return 2.53 +/- 0.017
time:  2.625 SPS: 349
54999 success 1.0 +/- 0.0
54999 eval steps mean 9.9 best 9 optimal 9
54999 eval return 2.55 +/- 0.0
time:  2.873 SPS: 348
59999 success 1.0 +/- 0.0
59999 eval steps mean 9.9 best 9 optimal 9
59999 eval return 2.55 +/- 0.0
time:  3.147 SPS: 344
64999 success 1.0 +/- 0.0
64999 eval steps mean 9.9 best 9 optimal 9
64999 eval return 2.55 +/- 0.0
time:  3.391 SPS: 344
69999 success 1.0 +/- 0.0
69999 eval steps mean 10.1 best 9 optimal 9
69999 eval return 2.543 +/- 0.007
time:  3.629 SPS: 344
74999 success 1.0 +/- 0.0
74999 eval steps mean 10.1 best 9 optimal 9
74999 eval return 2.545 +/- 0.005
80000
GOAL [ 9 14]
time:  3.918 SPS: 340
79999 success 0.0 +/- 0.0
79999 eval steps mean 99.9 best 99 optimal 9
79999 eval return -8.607 +/- 0.063
time:  4.153 SPS: 341
84999 success 1.0 +/- 0.0
84999 eval steps mean 42.4 best 21 optimal 9
84999 eval return 0.409 +/- 0.312
time:  4.369 SPS: 343
89999 success 1.0 +/- 0.0
89999 eval steps mean 17.0 best 16 optimal 9
89999 eval return 1.704 +/- 0.041
time:  4.703 SPS: 336
94999 success 1.0 +/- 0.0
94999 eval steps mean 16.3 best 15 optimal 9
94999 eval return 1.778 +/- 0.015
time:  5.085 SPS: 327
99999 success 1.0 +/- 0.0
99999 eval steps mean 16.1 best 16 optimal 9
99999 eval return 1.797 +/- 0.003
time:  5.44 SPS: 321
104999 success 1.0 +/- 0.0
104999 eval steps mean 15.9 best 15 optimal 9
104999 eval return 1.8 +/- 0.0
time:  5.764 SPS: 318
109999 success 1.0 +/- 0.0
109999 eval steps mean 16.6 best 15 optimal 9
109999 eval return 1.759 +/- 0.031
time:  6.112 SPS: 313
114999 success 1.0 +/- 0.0
114999 eval steps mean 15.9 best 15 optimal 9
114999 eval return 1.8 +/- 0.0
120000
GOAL [11  9]
time:  6.552 SPS: 305
119999 success 1.0 +/- 0.0
119999 eval steps mean 7.0 best 6 optimal 6
119999 eval return 2.789 +/- 0.001
time:  6.948 SPS: 299
124999 success 1.0 +/- 0.0
124999 eval steps mean 6.9 best 6 optimal 6
124999 eval return 2.79 +/- 0.0
time:  7.247 SPS: 298
129999 success 1.0 +/- 0.0
129999 eval steps mean 6.9 best 6 optimal 6
129999 eval return 2.79 +/- 0.0
time:  7.534 SPS: 298
134999 success 1.0 +/- 0.0
134999 eval steps mean 7.1 best 6 optimal 6
134999 eval return 2.779 +/- 0.011
time:  7.821 SPS: 298
139999 success 1.0 +/- 0.0
139999 eval steps mean 6.9 best 6 optimal 6
139999 eval return 2.79 +/- 0.0
time:  8.098 SPS: 298
144999 success 1.0 +/- 0.0
144999 eval steps mean 6.9 best 6 optimal 6
144999 eval return 2.79 +/- 0.0
time:  8.3 SPS: 301
149999 success 1.0 +/- 0.0
149999 eval steps mean 6.9 best 6 optimal 6
149999 eval return 2.79 +/- 0.0
time:  8.5 SPS: 303
154999 success 1.0 +/- 0.0
154999 eval steps mean 7.0 best 6 optimal 6
154999 eval return 2.789 +/- 0.001
160000
GOAL [13 14]
time:  8.71 SPS: 306
159999 success 0.4 +/- 0.163
159999 eval steps mean 89.5 best 54 optimal 13
159999 eval return -5.249 +/- 0.975
time:  8.916 SPS: 308
164999 success 1.0 +/- 0.0
164999 eval steps mean 14.0 best 13 optimal 13
164999 eval return 2.089 +/- 0.001
time:  9.12 SPS: 310
169999 success 1.0 +/- 0.0
169999 eval steps mean 13.9 best 13 optimal 13
169999 eval return 2.09 +/- 0.0
time:  9.323 SPS: 312
174999 success 1.0 +/- 0.0
174999 eval steps mean 13.9 best 13 optimal 13
174999 eval return 2.09 +/- 0.0
time:  9.526 SPS: 314
179999 success 1.0 +/- 0.0
179999 eval steps mean 13.9 best 13 optimal 13
179999 eval return 2.09 +/- 0.0
time:  9.729 SPS: 316
184999 success 1.0 +/- 0.0
184999 eval steps mean 13.9 best 13 optimal 13
184999 eval return 2.09 +/- 0.0
time:  9.928 SPS: 318
189999 success 1.0 +/- 0.0
189999 eval steps mean 13.9 best 13 optimal 13
189999 eval return 2.09 +/- 0.0
time:  10.134 SPS: 320
194999 success 1.0 +/- 0.0
194999 eval steps mean 13.9 best 13 optimal 13
194999 eval return 2.09 +/- 0.0
200000
GOAL [14  8]
time:  10.345 SPS: 322
199999 success 0.1 +/- 0.1
199999 eval steps mean 90.8 best 9 optimal 8
199999 eval return -7.736 +/- 1.153
time:  10.55 SPS: 323
204999 success 0.9 +/- 0.1
204999 eval steps mean 18.0 best 8 optimal 8
204999 eval return 1.517 +/- 1.123
time:  10.752 SPS: 325
209999 success 1.0 +/- 0.0
209999 eval steps mean 8.9 best 8 optimal 8
209999 eval return 2.64 +/- 0.0
time:  10.948 SPS: 327
214999 success 1.0 +/- 0.0
214999 eval steps mean 8.9 best 8 optimal 8
214999 eval return 2.64 +/- 0.0
time:  11.144 SPS: 329
219999 success 1.0 +/- 0.0
219999 eval steps mean 8.9 best 8 optimal 8
219999 eval return 2.64 +/- 0.0
time:  11.342 SPS: 330
224999 success 1.0 +/- 0.0
224999 eval steps mean 9.1 best 8 optimal 8
224999 eval return 2.631 +/- 0.009
time:  11.539 SPS: 332
229999 success 1.0 +/- 0.0
229999 eval steps mean 8.9 best 8 optimal 8
229999 eval return 2.64 +/- 0.0
time:  11.738 SPS: 333
234999 success 1.0 +/- 0.0
234999 eval steps mean 8.9 best 8 optimal 8
234999 eval return 2.64 +/- 0.0
240000
GOAL [12  5]
time:  11.94 SPS: 335
239999 success 0.0 +/- 0.0
239999 eval steps mean 99.9 best 99 optimal 7
239999 eval return -4.796 +/- 0.025
time:  12.146 SPS: 336
244999 success 0.9 +/- 0.1
244999 eval steps mean 17.9 best 8 optimal 7
244999 eval return 1.719 +/- 0.987
time:  12.347 SPS: 337
249999 success 1.0 +/- 0.0
249999 eval steps mean 8.1 best 7 optimal 7
249999 eval return 2.713 +/- 0.007
time:  12.551 SPS: 338
254999 success 1.0 +/- 0.0
254999 eval steps mean 7.9 best 7 optimal 7
254999 eval return 2.72 +/- 0.0
time:  12.752 SPS: 339
259999 success 1.0 +/- 0.0
259999 eval steps mean 7.9 best 7 optimal 7
259999 eval return 2.72 +/- 0.0
time:  12.955 SPS: 340
264999 success 1.0 +/- 0.0
264999 eval steps mean 7.9 best 7 optimal 7
264999 eval return 2.72 +/- 0.0
time:  13.158 SPS: 341
269999 success 1.0 +/- 0.0
269999 eval steps mean 7.9 best 7 optimal 7
269999 eval return 2.72 +/- 0.0
time:  13.359 SPS: 343
274999 success 1.0 +/- 0.0
274999 eval steps mean 7.9 best 7 optimal 7
274999 eval return 2.72 +/- 0.0
280000
GOAL [8 4]
time:  13.566 SPS: 343
279999 success 0.0 +/- 0.0
279999 eval steps mean 99.9 best 99 optimal 4
279999 eval return -9.993 +/- 0.023
time:  13.756 SPS: 345
284999 success 0.0 +/- 0.0
284999 eval steps mean 99.9 best 99 optimal 4
284999 eval return -6.885 +/- 0.165
time:  13.963 SPS: 346
289999 success 1.0 +/- 0.0
289999 eval steps mean 29.2 best 18 optimal 4
289999 eval return 0.328 +/- 0.403
time:  14.166 SPS: 347
294999 success 1.0 +/- 0.0
294999 eval steps mean 17.5 best 16 optimal 4
294999 eval return 1.593 +/- 0.028
time:  14.368 SPS: 347
299999 success 1.0 +/- 0.0
299999 eval steps mean 17.9 best 16 optimal 4
299999 eval return 1.575 +/- 0.033
time:  14.571 SPS: 348
304999 success 1.0 +/- 0.0
304999 eval steps mean 17.3 best 16 optimal 4
304999 eval return 1.61 +/- 0.02
time:  14.77 SPS: 349
309999 success 1.0 +/- 0.0
309999 eval steps mean 16.9 best 16 optimal 4
309999 eval return 1.64 +/- 0.0
time:  14.969 SPS: 350
314999 success 1.0 +/- 0.0
314999 eval steps mean 16.9 best 16 optimal 4
314999 eval return 1.64 +/- 0.0
320000
GOAL [13  2]
time:  15.175 SPS: 351
319999 success 0.0 +/- 0.0
319999 eval steps mean 99.9 best 99 optimal 11
319999 eval return -6.366 +/- 0.037
time:  15.382 SPS: 352
324999 success 1.0 +/- 0.0
324999 eval steps mean 11.9 best 11 optimal 11
324999 eval return 2.34 +/- 0.0
time:  15.579 SPS: 353
329999 success 1.0 +/- 0.0
329999 eval steps mean 11.9 best 11 optimal 11
329999 eval return 2.34 +/- 0.0
time:  15.772 SPS: 354
334999 success 1.0 +/- 0.0
334999 eval steps mean 11.9 best 11 optimal 11
334999 eval return 2.34 +/- 0.0
time:  15.966 SPS: 354
339999 success 1.0 +/- 0.0
339999 eval steps mean 12.1 best 11 optimal 11
339999 eval return 2.329 +/- 0.011
time:  16.166 SPS: 355
344999 success 1.0 +/- 0.0
344999 eval steps mean 12.1 best 11 optimal 11
344999 eval return 2.325 +/- 0.015
time:  16.362 SPS: 356
349999 success 1.0 +/- 0.0
349999 eval steps mean 12.6 best 11 optimal 11
349999 eval return 2.304 +/- 0.024
time:  16.564 SPS: 357
354999 success 1.0 +/- 0.0
354999 eval steps mean 11.9 best 11 optimal 11
354999 eval return 2.34 +/- 0.0
360000
GOAL [10 14]
time:  16.773 SPS: 357
359999 success 0.0 +/- 0.0
359999 eval steps mean 99.9 best 99 optimal 10
359999 eval return -17.214 +/- 0.024
time:  16.953 SPS: 358
364999 success 0.0 +/- 0.0
364999 eval steps mean 99.9 best 99 optimal 10
364999 eval return -13.431 +/- 0.695
time:  17.133 SPS: 359
369999 success 0.0 +/- 0.0
369999 eval steps mean 99.9 best 99 optimal 10
369999 eval return -9.256 +/- 0.011
time:  17.322 SPS: 360
374999 success 0.0 +/- 0.0
374999 eval steps mean 99.9 best 99 optimal 10
374999 eval return -7.556 +/- 0.65
time:  17.514 SPS: 361
379999 success 0.0 +/- 0.0
379999 eval steps mean 99.9 best 99 optimal 10
379999 eval return -5.455 +/- 1.059
time:  17.717 SPS: 362
384999 success 0.0 +/- 0.0
384999 eval steps mean 99.9 best 99 optimal 10
384999 eval return -5.205 +/- 0.889
time:  17.907 SPS: 362
389999 success 1.0 +/- 0.0
389999 eval steps mean 29.4 best 21 optimal 10
389999 eval return 1.577 +/- 0.074
time:  18.104 SPS: 363
394999 success 1.0 +/- 0.0
394999 eval steps mean 15.1 best 14 optimal 10
394999 eval return 1.935 +/- 0.015
400000
GOAL [8 3]
time:  18.308 SPS: 364
399999 success 0.0 +/- 0.0
399999 eval steps mean 99.9 best 99 optimal 5
399999 eval return -18.032 +/- 0.021
time:  18.51 SPS: 364
404999 success 0.0 +/- 0.0
404999 eval steps mean 99.9 best 99 optimal 5
404999 eval return -17.326 +/- 0.141
time:  18.709 SPS: 365
409999 success 0.0 +/- 0.0
409999 eval steps mean 99.9 best 99 optimal 5
409999 eval return -5.969 +/- 0.344
time:  18.918 SPS: 365
414999 success 1.0 +/- 0.0
414999 eval steps mean 17.4 best 16 optimal 5
414999 eval return 1.613 +/- 0.123
time:  19.123 SPS: 366
419999 success 1.0 +/- 0.0
419999 eval steps mean 16.1 best 15 optimal 5
419999 eval return 1.781 +/- 0.019
time:  19.326 SPS: 366
424999 success 1.0 +/- 0.0
424999 eval steps mean 15.9 best 15 optimal 5
424999 eval return 1.8 +/- 0.0
time:  19.532 SPS: 366
429999 success 1.0 +/- 0.0
429999 eval steps mean 15.9 best 15 optimal 5
429999 eval return 1.8 +/- 0.0
time:  19.732 SPS: 367
434999 success 1.0 +/- 0.0
434999 eval steps mean 16.7 best 15 optimal 5
434999 eval return 1.76 +/- 0.022
440000
GOAL [11  9]
time:  19.938 SPS: 367
439999 success 0.0 +/- 0.0
439999 eval steps mean 99.9 best 99 optimal 6
439999 eval return -12.762 +/- 0.265
time:  20.139 SPS: 368
444999 success 0.0 +/- 0.0
444999 eval steps mean 99.9 best 99 optimal 6
444999 eval return -9.795 +/- 0.087
time:  20.33 SPS: 368
449999 success 0.0 +/- 0.0
449999 eval steps mean 99.9 best 99 optimal 6
449999 eval return -3.123 +/- 0.025
time:  20.521 SPS: 369
454999 success 0.0 +/- 0.0
454999 eval steps mean 99.9 best 99 optimal 6
454999 eval return -3.053 +/- 0.004
time:  20.713 SPS: 370
459999 success 0.0 +/- 0.0
459999 eval steps mean 99.9 best 99 optimal 6
459999 eval return -3.048 +/- 0.001
time:  20.905 SPS: 370
464999 success 0.0 +/- 0.0
464999 eval steps mean 99.9 best 99 optimal 6
464999 eval return -3.05 +/- 0.0
time:  21.103 SPS: 371
469999 success 0.0 +/- 0.0
469999 eval steps mean 99.9 best 99 optimal 6
469999 eval return -2.915 +/- 0.917
time:  21.311 SPS: 371
474999 success 1.0 +/- 0.0
474999 eval steps mean 6.9 best 6 optimal 6
474999 eval return 2.79 +/- 0.0
480000
GOAL [12 10]
time:  21.519 SPS: 371
479999 success 0.2 +/- 0.133
479999 eval steps mean 91.2 best 51 optimal 8
479999 eval return -1.397 +/- 0.513
time:  21.727 SPS: 372
484999 success 1.0 +/- 0.0
484999 eval steps mean 9.1 best 8 optimal 8
484999 eval return 2.625 +/- 0.015
time:  21.928 SPS: 372
489999 success 1.0 +/- 0.0
489999 eval steps mean 8.9 best 8 optimal 8
489999 eval return 2.64 +/- 0.0
time:  22.126 SPS: 372
494999 success 1.0 +/- 0.0
494999 eval steps mean 9.3 best 8 optimal 8
494999 eval return 2.63 +/- 0.007
time:  22.322 SPS: 373
499999 success 1.0 +/- 0.0
499999 eval steps mean 8.9 best 8 optimal 8
499999 eval return 2.64 +/- 0.0
time:  22.523 SPS: 373
504999 success 1.0 +/- 0.0
504999 eval steps mean 8.9 best 8 optimal 8
504999 eval return 2.64 +/- 0.0
time:  22.722 SPS: 374
509999 success 1.0 +/- 0.0
509999 eval steps mean 8.9 best 8 optimal 8
509999 eval return 2.64 +/- 0.0
time:  22.919 SPS: 374
514999 success 1.0 +/- 0.0
514999 eval steps mean 8.9 best 8 optimal 8
514999 eval return 2.64 +/- 0.0
520000
GOAL [9 0]
time:  23.118 SPS: 374
519999 success 0.0 +/- 0.0
519999 eval steps mean 99.9 best 99 optimal 9
519999 eval return -17.582 +/- 0.08
time:  23.307 SPS: 375
524999 success 0.0 +/- 0.0
524999 eval steps mean 99.9 best 99 optimal 9
524999 eval return -12.84 +/- 0.066
time:  23.494 SPS: 375
529999 success 0.0 +/- 0.0
529999 eval steps mean 99.9 best 99 optimal 9
529999 eval return -8.016 +/- 0.099
time:  23.692 SPS: 376
534999 success 0.0 +/- 0.0
534999 eval steps mean 99.9 best 99 optimal 9
534999 eval return -7.367 +/- 0.182
time:  23.901 SPS: 376
539999 success 1.0 +/- 0.0
539999 eval steps mean 29.7 best 21 optimal 9
539999 eval return 1.379 +/- 0.126
time:  24.099 SPS: 376
544999 success 1.0 +/- 0.0
544999 eval steps mean 16.5 best 15 optimal 9
544999 eval return 1.778 +/- 0.015
time:  24.298 SPS: 377
549999 success 1.0 +/- 0.0
549999 eval steps mean 15.9 best 15 optimal 9
549999 eval return 1.8 +/- 0.0
time:  24.497 SPS: 377
554999 success 1.0 +/- 0.0
554999 eval steps mean 21.5 best 16 optimal 9
554999 eval return 1.4 +/- 0.343
560000
GOAL [8 0]
time:  24.708 SPS: 377
559999 success 1.0 +/- 0.0
559999 eval steps mean 38.3 best 18 optimal 8
559999 eval return 1.366 +/- 0.083
time:  24.912 SPS: 378
564999 success 1.0 +/- 0.0
564999 eval steps mean 16.9 best 16 optimal 8
564999 eval return 1.64 +/- 0.0
time:  25.111 SPS: 378
569999 success 1.0 +/- 0.0
569999 eval steps mean 17.1 best 16 optimal 8
569999 eval return 1.637 +/- 0.003
time:  25.312 SPS: 378
574999 success 1.0 +/- 0.0
574999 eval steps mean 17.1 best 16 optimal 8
574999 eval return 1.625 +/- 0.015
time:  25.515 SPS: 378
579999 success 1.0 +/- 0.0
579999 eval steps mean 17.1 best 16 optimal 8
579999 eval return 1.617 +/- 0.023
time:  25.707 SPS: 379
584999 success 1.0 +/- 0.0
584999 eval steps mean 17.2 best 16 optimal 8
584999 eval return 1.623 +/- 0.015
time:  25.906 SPS: 379
589999 success 1.0 +/- 0.0
589999 eval steps mean 19.7 best 16 optimal 8
589999 eval return 1.41 +/- 0.218
time:  26.103 SPS: 379
594999 success 1.0 +/- 0.0
594999 eval steps mean 17.2 best 16 optimal 8
594999 eval return 1.612 +/- 0.027
600000
GOAL [ 9 14]
time:  26.304 SPS: 380
599999 success 0.0 +/- 0.0
599999 eval steps mean 99.9 best 99 optimal 9
599999 eval return -20.566 +/- 0.127
time:  26.499 SPS: 380
604999 success 0.0 +/- 0.0
604999 eval steps mean 99.9 best 99 optimal 9
604999 eval return -13.883 +/- 0.845
time:  26.693 SPS: 380
609999 success 0.0 +/- 0.0
609999 eval steps mean 99.9 best 99 optimal 9
609999 eval return -9.01 +/- 0.029
time:  26.892 SPS: 381
614999 success 0.0 +/- 0.0
614999 eval steps mean 99.9 best 99 optimal 9
614999 eval return -8.841 +/- 0.027
time:  27.095 SPS: 381
619999 success 0.0 +/- 0.0
619999 eval steps mean 99.9 best 99 optimal 9
619999 eval return -5.442 +/- 0.06
time:  27.302 SPS: 381
624999 success 0.3 +/- 0.153
624999 eval steps mean 85.0 best 32 optimal 9
624999 eval return -3.247 +/- 0.835
time:  27.503 SPS: 381
629999 success 0.9 +/- 0.1
629999 eval steps mean 28.1 best 18 optimal 9
629999 eval return 1.021 +/- 0.584
time:  27.706 SPS: 381
634999 success 1.0 +/- 0.0
634999 eval steps mean 16.9 best 16 optimal 9
634999 eval return 1.667 +/- 0.133
640000
GOAL [13  3]
time:  27.909 SPS: 382
639999 success 0.0 +/- 0.0
639999 eval steps mean 99.9 best 99 optimal 10
639999 eval return -14.457 +/- 0.029
time:  28.112 SPS: 382
644999 success 0.0 +/- 0.0
644999 eval steps mean 99.9 best 99 optimal 10
644999 eval return -7.403 +/- 0.025
time:  28.33 SPS: 382
649999 success 0.0 +/- 0.0
649999 eval steps mean 99.9 best 99 optimal 10
649999 eval return -5.267 +/- 0.216
time:  28.538 SPS: 382
654999 success 1.0 +/- 0.0
654999 eval steps mean 33.0 best 15 optimal 10
654999 eval return 1.601 +/- 0.378
time:  28.74 SPS: 382
659999 success 1.0 +/- 0.0
659999 eval steps mean 14.9 best 14 optimal 10
659999 eval return 2.37 +/- 0.0
time:  28.941 SPS: 382
664999 success 1.0 +/- 0.0
664999 eval steps mean 11.1 best 10 optimal 10
664999 eval return 2.445 +/- 0.005
time:  29.139 SPS: 383
669999 success 1.0 +/- 0.0
669999 eval steps mean 10.9 best 10 optimal 10
669999 eval return 2.45 +/- 0.0
time:  29.338 SPS: 383
674999 success 1.0 +/- 0.0
674999 eval steps mean 10.9 best 10 optimal 10
674999 eval return 2.45 +/- 0.0
680000
GOAL [14  6]
time:  29.541 SPS: 383
679999 success 0.0 +/- 0.0
679999 eval steps mean 99.9 best 99 optimal 8
679999 eval return -6.285 +/- 0.037
time:  29.743 SPS: 383
684999 success 0.0 +/- 0.0
684999 eval steps mean 99.9 best 99 optimal 8
684999 eval return -5.26 +/- 0.093
time:  29.954 SPS: 383
689999 success 0.0 +/- 0.0
689999 eval steps mean 99.9 best 99 optimal 8
689999 eval return -3.952 +/- 0.515
time:  30.164 SPS: 384
694999 success 1.0 +/- 0.0
694999 eval steps mean 8.9 best 8 optimal 8
694999 eval return 2.64 +/- 0.0
time:  30.363 SPS: 384
699999 success 1.0 +/- 0.0
699999 eval steps mean 9.1 best 8 optimal 8
699999 eval return 2.637 +/- 0.003
time:  30.561 SPS: 384
704999 success 1.0 +/- 0.0
704999 eval steps mean 9.1 best 9 optimal 8
704999 eval return 2.633 +/- 0.007
time:  30.756 SPS: 384
709999 success 1.0 +/- 0.0
709999 eval steps mean 8.9 best 8 optimal 8
709999 eval return 2.64 +/- 0.0
time:  30.958 SPS: 384
714999 success 1.0 +/- 0.0
714999 eval steps mean 8.9 best 8 optimal 8
714999 eval return 2.64 +/- 0.0
720000
GOAL [6 4]
time:  31.169 SPS: 384
719999 success 0.0 +/- 0.0
719999 eval steps mean 99.9 best 99 optimal 4
719999 eval return -14.89 +/- 0.076
time:  31.349 SPS: 385
724999 success 0.0 +/- 0.0
724999 eval steps mean 99.9 best 99 optimal 4
724999 eval return -13.133 +/- 0.002
time:  31.538 SPS: 385
729999 success 0.0 +/- 0.0
729999 eval steps mean 99.9 best 99 optimal 4
729999 eval return -10.527 +/- 1.01
time:  31.737 SPS: 385
734999 success 0.0 +/- 0.0
734999 eval steps mean 99.9 best 99 optimal 4
734999 eval return -5.831 +/- 0.118
time:  31.94 SPS: 386
739999 success 1.0 +/- 0.0
739999 eval steps mean 22.9 best 19 optimal 4
739999 eval return 1.003 +/- 0.073
time:  32.139 SPS: 386
744999 success 1.0 +/- 0.0
744999 eval steps mean 19.4 best 18 optimal 4
744999 eval return 1.28 +/- 0.022
time:  32.339 SPS: 386
749999 success 1.0 +/- 0.0
749999 eval steps mean 19.3 best 18 optimal 4
749999 eval return 1.254 +/- 0.056
time:  32.539 SPS: 386
754999 success 1.0 +/- 0.0
754999 eval steps mean 19.7 best 18 optimal 4
754999 eval return 1.284 +/- 0.026
760000
GOAL [10  4]
time:  32.748 SPS: 386
759999 success 0.0 +/- 0.0
759999 eval steps mean 99.9 best 99 optimal 6
759999 eval return -7.167 +/- 0.025
time:  32.96 SPS: 386
764999 success 0.2 +/- 0.133
764999 eval steps mean 89.3 best 42 optimal 6
764999 eval return -2.616 +/- 0.674
time:  33.175 SPS: 386
769999 success 1.0 +/- 0.0
769999 eval steps mean 15.2 best 14 optimal 6
769999 eval return 2.326 +/- 0.003
time:  33.378 SPS: 386
774999 success 1.0 +/- 0.0
774999 eval steps mean 14.9 best 14 optimal 6
774999 eval return 2.33 +/- 0.0
time:  33.58 SPS: 387
779999 success 1.0 +/- 0.0
779999 eval steps mean 11.1 best 10 optimal 6
779999 eval return 2.439 +/- 0.011
time:  33.785 SPS: 387
784999 success 1.0 +/- 0.0
784999 eval steps mean 10.9 best 10 optimal 6
784999 eval return 2.45 +/- 0.0
time:  33.984 SPS: 387
789999 success 1.0 +/- 0.0
789999 eval steps mean 10.9 best 10 optimal 6
789999 eval return 2.45 +/- 0.0
time:  34.183 SPS: 387
794999 success 1.0 +/- 0.0
794999 eval steps mean 10.9 best 10 optimal 6
794999 eval return 2.45 +/- 0.0
800000
GOAL [14  5]
time:  34.389 SPS: 387
799999 success 0.0 +/- 0.0
799999 eval steps mean 99.9 best 99 optimal 9
799999 eval return -5.338 +/- 0.307
done RL run. Time 34.461033951666714 min
