agent_dict keys dict_keys(['base_algorithm', 'learning_rate', 'num_envs', 'rollout_num_steps', 'gamma', 'gae_lambda', 'num_minibatches', 'update_epochs', 'minibatch_size', 'norm_adv', 'clip_coef', 'clip_vloss', 'ent_coef', 'vf_coef', 'max_grad_norm', 'rpo_alpha', 'parseval_reg', 'input_scale', 'learnable_input_scale', 'add_diag_layer', 'lie_group', 'pion', 'layer_norm', 'layer_norm_no_params', 'weight_decay', 'tuned_adam', 'perturb', 'perturb_dist', 'regen', 'regen_wasserstein', 'weight_init', 'net_width', 'net_activation', 'init_gain', 'parseval_norm', 'parseval_num_groups'])
env_dict keys dict_keys(['env', 'change_freq', 'seed', 'env_type'])
Start RL run!
{'base_algorithm': 'ppo_agent', 'learning_rate': 0.001, 'num_envs': 1, 'rollout_num_steps': 128, 'gamma': 0.99, 'gae_lambda': 0.95, 'num_minibatches': 4, 'update_epochs': 4, 'minibatch_size': 32, 'norm_adv': True, 'clip_coef': 0.2, 'clip_vloss': True, 'ent_coef': 0.01, 'vf_coef': 0.5, 'max_grad_norm': 0.5, 'rpo_alpha': 0, 'parseval_reg': 0, 'input_scale': 1, 'learnable_input_scale': False, 'add_diag_layer': False, 'lie_group': False, 'pion': True, 'layer_norm': False, 'layer_norm_no_params': False, 'weight_decay': 0, 'tuned_adam': False, 'perturb': 0.0, 'perturb_dist': 'xavier', 'regen': 0.0, 'regen_wasserstein': False, 'weight_init': 'xavier', 'net_width': 64, 'net_activation': 'tanh', 'init_gain': None, 'parseval_norm': False, 'parseval_num_groups': 1, 'device': 'cpu'}
{'env': 'gridworld_ninerooms', 'change_freq': 40000, 'seed': 126, 'env_type': 'rl', 'local_run': False}
Running on gpu: False
Gridworld args () {'env': 'gridworld_ninerooms', 'change_freq': 40000, 'seed': 126, 'env_type': 'rl', 'local_run': False}
time:  0.066 SPS: 0
0 success 0.0 +/- 0.0
0 eval steps mean 99.9 best 99 optimal 10
0 eval return -15.219 +/- 0.396
time:  0.575 SPS: 144
4999 success 0.0 +/- 0.0
4999 eval steps mean 99.9 best 99 optimal 10
4999 eval return -9.829 +/- 0.71
time:  1.924 SPS: 86
9999 success 0.4 +/- 0.163
9999 eval steps mean 89.0 best 54 optimal 10
9999 eval return -10.252 +/- 1.763
time:  3.617 SPS: 69
14999 success 1.0 +/- 0.0
14999 eval steps mean 19.2 best 15 optimal 10
14999 eval return 1.701 +/- 0.071
time:  6.495 SPS: 51
19999 success 1.0 +/- 0.0
19999 eval steps mean 15.8 best 14 optimal 10
19999 eval return 1.88 +/- 0.032
time:  10.394 SPS: 40
24999 success 1.0 +/- 0.0
24999 eval steps mean 15.0 best 14 optimal 10
24999 eval return 1.949 +/- 0.001
time:  14.593 SPS: 34
29999 success 1.0 +/- 0.0
29999 eval steps mean 15.7 best 14 optimal 10
29999 eval return 1.931 +/- 0.009
time:  18.72 SPS: 31
34999 success 1.0 +/- 0.0
34999 eval steps mean 15.0 best 14 optimal 10
34999 eval return 1.949 +/- 0.001
40000
GOAL [12 14]
time:  22.909 SPS: 29
39999 success 0.0 +/- 0.0
39999 eval steps mean 99.9 best 99 optimal 12
39999 eval return -14.975 +/- 0.007
time:  26.926 SPS: 27
44999 success 0.9 +/- 0.1
44999 eval steps mean 53.1 best 33 optimal 12
44999 eval return -0.029 +/- 0.565
time:  29.056 SPS: 28
49999 success 1.0 +/- 0.0
49999 eval steps mean 15.1 best 13 optimal 12
49999 eval return 2.112 +/- 0.034
