agent_dict keys dict_keys(['base_algorithm', 'learning_rate', 'num_envs', 'rollout_num_steps', 'gamma', 'gae_lambda', 'num_minibatches', 'update_epochs', 'minibatch_size', 'norm_adv', 'clip_coef', 'clip_vloss', 'ent_coef', 'vf_coef', 'max_grad_norm', 'rpo_alpha', 'parseval_reg', 'input_scale', 'learnable_input_scale', 'add_diag_layer', 'layer_norm', 'layer_norm_no_params', 'weight_decay', 'tuned_adam', 'perturb', 'perturb_dist', 'regen', 'regen_wasserstein', 'weight_init', 'net_width', 'net_activation', 'init_gain', 'parseval_norm', 'parseval_num_groups'])
env_dict keys dict_keys(['env', 'change_freq', 'seed', 'env_type'])
Start RL run!
{'base_algorithm': 'ppo_agent', 'learning_rate': 0.00025, 'num_envs': 1, 'rollout_num_steps': 128, 'gamma': 0.99, 'gae_lambda': 0.95, 'num_minibatches': 4, 'update_epochs': 4, 'minibatch_size': 32, 'norm_adv': True, 'clip_coef': 0.2, 'clip_vloss': True, 'ent_coef': 0.01, 'vf_coef': 0.5, 'max_grad_norm': 0.5, 'rpo_alpha': 0, 'parseval_reg': 0, 'input_scale': 1, 'learnable_input_scale': False, 'add_diag_layer': False, 'layer_norm': False, 'layer_norm_no_params': False, 'weight_decay': 0, 'tuned_adam': False, 'perturb': 0.0, 'perturb_dist': 'xavier', 'regen': 0.001, 'regen_wasserstein': False, 'weight_init': 'orthogonal', 'net_width': 64, 'net_activation': 'tanh', 'init_gain': None, 'parseval_norm': False, 'parseval_num_groups': 1, 'device': 'cpu'}
{'env': 'gridworld_ninerooms', 'change_freq': 40000, 'seed': 125, 'env_type': 'rl', 'local_run': False}
Running on gpu: False
Gridworld args () {'env': 'gridworld_ninerooms', 'change_freq': 40000, 'seed': 125, 'env_type': 'rl', 'local_run': False}
time:  0.056 SPS: 0
0 success 0.0 +/- 0.0
0 eval steps mean 99.9 best 99 optimal 6
0 eval return -13.137 +/- 0.565
time:  0.338 SPS: 246
4999 success 0.0 +/- 0.0
4999 eval steps mean 99.9 best 99 optimal 6
4999 eval return -10.685 +/- 0.893
time:  0.642 SPS: 259
9999 success 0.3 +/- 0.153
9999 eval steps mean 92.6 best 41 optimal 6
9999 eval return -7.23 +/- 1.227
time:  1.041 SPS: 240
14999 success 1.0 +/- 0.0
14999 eval steps mean 43.0 best 24 optimal 6
14999 eval return 0.209 +/- 0.351
time:  1.44 SPS: 231
19999 success 1.0 +/- 0.0
19999 eval steps mean 15.5 best 14 optimal 6
19999 eval return 1.899 +/- 0.031
time:  1.822 SPS: 228
24999 success 1.0 +/- 0.0
24999 eval steps mean 15.2 best 15 optimal 6
24999 eval return 1.931 +/- 0.015
time:  2.195 SPS: 227
29999 success 1.0 +/- 0.0
29999 eval steps mean 14.9 best 14 optimal 6
29999 eval return 1.95 +/- 0.0
time:  2.581 SPS: 226
34999 success 1.0 +/- 0.0
34999 eval steps mean 14.9 best 14 optimal 6
34999 eval return 1.95 +/- 0.0
40000
GOAL [10  2]
time:  2.986 SPS: 223
39999 success 0.0 +/- 0.0
39999 eval steps mean 99.9 best 99 optimal 8
39999 eval return -18.98 +/- 0.205
time:  3.369 SPS: 222
44999 success 0.0 +/- 0.0
44999 eval steps mean 99.9 best 99 optimal 8
44999 eval return -20.123 +/- 0.179
time:  3.731 SPS: 223
49999 success 0.0 +/- 0.0
49999 eval steps mean 99.9 best 99 optimal 8
49999 eval return -18.782 +/- 0.225
time:  4.102 SPS: 223
54999 success 0.0 +/- 0.0
54999 eval steps mean 99.9 best 99 optimal 8
54999 eval return -14.908 +/- 0.022
time:  4.443 SPS: 225
59999 success 0.0 +/- 0.0
59999 eval steps mean 99.9 best 99 optimal 8
59999 eval return -13.087 +/- 0.008
time:  4.787 SPS: 226
64999 success 0.0 +/- 0.0
64999 eval steps mean 99.9 best 99 optimal 8
64999 eval return -13.049 +/- 0.003
time:  5.143 SPS: 226
69999 success 0.0 +/- 0.0
69999 eval steps mean 99.9 best 99 optimal 8
69999 eval return -11.51 +/- 0.28
time:  5.511 SPS: 226
74999 success 0.0 +/- 0.0
74999 eval steps mean 99.9 best 99 optimal 8
74999 eval return -9.691 +/- 0.609
80000
GOAL [7 1]
time:  5.899 SPS: 226
79999 success 0.0 +/- 0.0
79999 eval steps mean 99.9 best 99 optimal 6
79999 eval return -5.935 +/- 0.245
time:  6.26 SPS: 226
84999 success 0.0 +/- 0.0
84999 eval steps mean 99.9 best 99 optimal 6
84999 eval return -6.583 +/- 0.691
time:  6.622 SPS: 226
89999 success 0.0 +/- 0.0
89999 eval steps mean 99.9 best 99 optimal 6
89999 eval return -7.126 +/- 0.988
time:  7.0 SPS: 226
94999 success 0.0 +/- 0.0
94999 eval steps mean 99.9 best 99 optimal 6
94999 eval return -5.505 +/- 0.244
time:  7.41 SPS: 224
99999 success 0.0 +/- 0.0
99999 eval steps mean 99.9 best 99 optimal 6
99999 eval return -5.503 +/- 0.092
time:  7.811 SPS: 224
104999 success 0.2 +/- 0.133
104999 eval steps mean 91.6 best 33 optimal 6
104999 eval return -4.384 +/- 0.735
time:  8.225 SPS: 222
109999 success 1.0 +/- 0.0
109999 eval steps mean 22.3 best 16 optimal 6
109999 eval return 1.296 +/- 0.139
time:  8.616 SPS: 222
114999 success 1.0 +/- 0.0
114999 eval steps mean 17.8 best 16 optimal 6
114999 eval return 1.601 +/- 0.027
120000
GOAL [ 6 11]
time:  9.106 SPS: 219
119999 success 0.0 +/- 0.0
119999 eval steps mean 99.9 best 99 optimal 5
119999 eval return -20.82 +/- 0.003
time:  9.512 SPS: 219
124999 success 0.0 +/- 0.0
124999 eval steps mean 99.9 best 99 optimal 5
124999 eval return -20.814 +/- 0.006
time:  10.005 SPS: 216
129999 success 0.0 +/- 0.0
129999 eval steps mean 99.9 best 99 optimal 5
129999 eval return -14.812 +/- 0.053
time:  10.58 SPS: 212
134999 success 0.0 +/- 0.0
134999 eval steps mean 99.9 best 99 optimal 5
134999 eval return -11.107 +/- 0.002
time:  10.888 SPS: 214
139999 success 0.0 +/- 0.0
139999 eval steps mean 99.9 best 99 optimal 5
139999 eval return -11.1 +/- 0.0
time:  11.194 SPS: 215
144999 success 0.0 +/- 0.0
144999 eval steps mean 99.9 best 99 optimal 5
144999 eval return -11.1 +/- 0.0
time:  11.518 SPS: 217
149999 success 0.0 +/- 0.0
149999 eval steps mean 99.9 best 99 optimal 5
149999 eval return -11.101 +/- 0.001
time:  11.829 SPS: 218
154999 success 0.0 +/- 0.0
154999 eval steps mean 99.9 best 99 optimal 5
154999 eval return -11.1 +/- 0.0
160000
GOAL [ 8 13]
time:  12.143 SPS: 219
159999 success 0.0 +/- 0.0
159999 eval steps mean 99.9 best 99 optimal 7
159999 eval return -13.08 +/- 0.0
time:  12.443 SPS: 221
164999 success 0.0 +/- 0.0
164999 eval steps mean 99.9 best 99 optimal 7
164999 eval return -13.089 +/- 0.007
time:  12.744 SPS: 222
169999 success 0.0 +/- 0.0
169999 eval steps mean 99.9 best 99 optimal 7
169999 eval return -13.08 +/- 0.0
time:  13.044 SPS: 223
174999 success 0.0 +/- 0.0
174999 eval steps mean 99.9 best 99 optimal 7
174999 eval return -13.08 +/- 0.0
time:  13.347 SPS: 224
179999 success 0.0 +/- 0.0
179999 eval steps mean 99.9 best 99 optimal 7
179999 eval return -13.08 +/- 0.0
time:  13.648 SPS: 225
184999 success 0.0 +/- 0.0
184999 eval steps mean 99.9 best 99 optimal 7
184999 eval return -13.092 +/- 0.006
time:  14.03 SPS: 225
189999 success 0.0 +/- 0.0
189999 eval steps mean 99.9 best 99 optimal 7
189999 eval return -13.088 +/- 0.006
time:  14.346 SPS: 226
194999 success 1.0 +/- 0.0
194999 eval steps mean 21.7 best 18 optimal 7
194999 eval return 1.019 +/- 0.45
200000
GOAL [13  1]
time:  14.692 SPS: 226
199999 success 0.0 +/- 0.0
199999 eval steps mean 99.9 best 99 optimal 12
199999 eval return -17.153 +/- 0.032
time:  15.323 SPS: 222
204999 success 0.0 +/- 0.0
204999 eval steps mean 99.9 best 99 optimal 12
204999 eval return -17.619 +/- 0.357
time:  15.789 SPS: 221
209999 success 0.0 +/- 0.0
209999 eval steps mean 99.9 best 99 optimal 12
209999 eval return -16.409 +/- 0.097
time:  16.123 SPS: 222
214999 success 0.0 +/- 0.0
214999 eval steps mean 99.9 best 99 optimal 12
214999 eval return -12.301 +/- 0.021
time:  16.443 SPS: 222
219999 success 0.0 +/- 0.0
219999 eval steps mean 99.9 best 99 optimal 12
219999 eval return -8.06 +/- 0.407
time:  16.784 SPS: 223
224999 success 0.0 +/- 0.0
224999 eval steps mean 99.9 best 99 optimal 12
224999 eval return -8.034 +/- 0.054
time:  17.126 SPS: 223
229999 success 0.4 +/- 0.163
229999 eval steps mean 74.3 best 25 optimal 12
229999 eval return -2.895 +/- 0.781
time:  17.466 SPS: 224
234999 success 1.0 +/- 0.0
234999 eval steps mean 25.3 best 24 optimal 12
234999 eval return 0.626 +/- 0.009
240000
GOAL [10 11]
time:  17.81 SPS: 224
239999 success 0.0 +/- 0.0
239999 eval steps mean 99.9 best 99 optimal 7
239999 eval return -14.244 +/- 0.045
time:  18.118 SPS: 225
244999 success 0.0 +/- 0.0
244999 eval steps mean 99.9 best 99 optimal 7
244999 eval return -16.51 +/- 0.606
time:  18.433 SPS: 226
249999 success 0.0 +/- 0.0
249999 eval steps mean 99.9 best 99 optimal 7
249999 eval return -12.924 +/- 0.059
time:  19.119 SPS: 222
254999 success 0.0 +/- 0.0
254999 eval steps mean 99.9 best 99 optimal 7
254999 eval return -11.95 +/- 0.15
time:  19.636 SPS: 220
259999 success 0.0 +/- 0.0
259999 eval steps mean 99.9 best 99 optimal 7
259999 eval return -11.891 +/- 0.279
time:  19.987 SPS: 220
264999 success 0.0 +/- 0.0
264999 eval steps mean 99.9 best 99 optimal 7
264999 eval return -10.439 +/- 0.61
time:  20.325 SPS: 221
269999 success 0.0 +/- 0.0
269999 eval steps mean 99.9 best 99 optimal 7
269999 eval return -8.139 +/- 0.297
time:  20.668 SPS: 221
274999 success 0.0 +/- 0.0
274999 eval steps mean 99.9 best 99 optimal 7
274999 eval return -6.641 +/- 0.389
280000
GOAL [ 6 11]
time:  21.151 SPS: 220
279999 success 0.0 +/- 0.0
279999 eval steps mean 99.9 best 99 optimal 5
279999 eval return -11.155 +/- 0.071
time:  21.518 SPS: 220
284999 success 0.0 +/- 0.0
284999 eval steps mean 99.9 best 99 optimal 5
284999 eval return -10.992 +/- 0.24
time:  21.868 SPS: 221
289999 success 0.0 +/- 0.0
289999 eval steps mean 99.9 best 99 optimal 5
289999 eval return -10.637 +/- 0.076
time:  22.215 SPS: 221
294999 success 0.0 +/- 0.0
294999 eval steps mean 99.9 best 99 optimal 5
294999 eval return -10.826 +/- 0.176
time:  22.583 SPS: 221
299999 success 0.0 +/- 0.0
299999 eval steps mean 99.9 best 99 optimal 5
299999 eval return -10.341 +/- 0.064
time:  22.934 SPS: 221
304999 success 0.0 +/- 0.0
304999 eval steps mean 99.9 best 99 optimal 5
304999 eval return -10.463 +/- 0.094
time:  23.303 SPS: 221
309999 success 0.0 +/- 0.0
309999 eval steps mean 99.9 best 99 optimal 5
309999 eval return -10.323 +/- 0.066
time:  23.651 SPS: 221
314999 success 0.0 +/- 0.0
314999 eval steps mean 99.9 best 99 optimal 5
314999 eval return -10.7 +/- 0.057
320000
GOAL [5 4]
time:  24.013 SPS: 222
319999 success 0.0 +/- 0.0
319999 eval steps mean 99.9 best 99 optimal 5
319999 eval return -15.192 +/- 0.03
time:  24.365 SPS: 222
324999 success 0.0 +/- 0.0
324999 eval steps mean 99.9 best 99 optimal 5
324999 eval return -15.005 +/- 0.092
time:  24.7 SPS: 222
329999 success 0.0 +/- 0.0
329999 eval steps mean 99.9 best 99 optimal 5
329999 eval return -10.244 +/- 0.129
time:  25.049 SPS: 222
334999 success 0.0 +/- 0.0
334999 eval steps mean 99.9 best 99 optimal 5
334999 eval return -9.521 +/- 0.077
time:  25.401 SPS: 223
339999 success 0.0 +/- 0.0
339999 eval steps mean 99.9 best 99 optimal 5
339999 eval return -9.342 +/- 0.191
time:  25.75 SPS: 223
344999 success 0.0 +/- 0.0
344999 eval steps mean 99.9 best 99 optimal 5
344999 eval return -9.122 +/- 0.002
time:  26.106 SPS: 223
349999 success 0.0 +/- 0.0
349999 eval steps mean 99.9 best 99 optimal 5
349999 eval return -8.974 +/- 0.039
time:  26.459 SPS: 223
354999 success 0.0 +/- 0.0
354999 eval steps mean 99.9 best 99 optimal 5
354999 eval return -6.696 +/- 0.003
360000
GOAL [9 0]
time:  26.82 SPS: 223
359999 success 0.0 +/- 0.0
359999 eval steps mean 99.9 best 99 optimal 9
359999 eval return -5.799 +/- 0.209
time:  27.194 SPS: 223
364999 success 0.0 +/- 0.0
364999 eval steps mean 99.9 best 99 optimal 9
364999 eval return -4.598 +/- 0.097
time:  27.68 SPS: 222
369999 success 0.0 +/- 0.0
369999 eval steps mean 99.9 best 99 optimal 9
369999 eval return -4.134 +/- 0.023
time:  28.188 SPS: 221
374999 success 0.0 +/- 0.0
374999 eval steps mean 99.9 best 99 optimal 9
374999 eval return -4.096 +/- 0.033
time:  28.54 SPS: 221
379999 success 0.0 +/- 0.0
379999 eval steps mean 99.9 best 99 optimal 9
379999 eval return -4.218 +/- 0.07
time:  28.889 SPS: 222
384999 success 0.0 +/- 0.0
384999 eval steps mean 99.9 best 99 optimal 9
384999 eval return -3.914 +/- 0.02
time:  29.242 SPS: 222
389999 success 0.0 +/- 0.0
389999 eval steps mean 99.9 best 99 optimal 9
389999 eval return -3.912 +/- 0.022
time:  29.593 SPS: 222
394999 success 0.0 +/- 0.0
394999 eval steps mean 99.9 best 99 optimal 9
394999 eval return -3.906 +/- 0.02
400000
GOAL [12  4]
time:  30.023 SPS: 222
399999 success 0.0 +/- 0.0
399999 eval steps mean 99.9 best 99 optimal 8
399999 eval return -5.922 +/- 0.012
time:  30.379 SPS: 222
404999 success 0.0 +/- 0.0
404999 eval steps mean 99.9 best 99 optimal 8
404999 eval return -5.982 +/- 0.271
time:  30.731 SPS: 222
409999 success 0.0 +/- 0.0
409999 eval steps mean 99.9 best 99 optimal 8
409999 eval return -5.95 +/- 0.026
time:  31.089 SPS: 222
414999 success 0.0 +/- 0.0
414999 eval steps mean 99.9 best 99 optimal 8
414999 eval return -5.744 +/- 0.016
time:  31.445 SPS: 222
419999 success 0.0 +/- 0.0
419999 eval steps mean 99.9 best 99 optimal 8
419999 eval return -5.644 +/- 0.018
time:  31.791 SPS: 222
424999 success 0.0 +/- 0.0
424999 eval steps mean 99.9 best 99 optimal 8
424999 eval return -5.956 +/- 0.095
time:  32.141 SPS: 222
429999 success 0.0 +/- 0.0
429999 eval steps mean 99.9 best 99 optimal 8
429999 eval return -6.114 +/- 0.139
time:  32.492 SPS: 223
434999 success 0.0 +/- 0.0
434999 eval steps mean 99.9 best 99 optimal 8
434999 eval return -5.97 +/- 0.117
440000
GOAL [10  0]
time:  33.457 SPS: 219
439999 success 0.0 +/- 0.0
439999 eval steps mean 99.9 best 99 optimal 10
439999 eval return -4.436 +/- 0.026
time:  34.094 SPS: 217
444999 success 0.0 +/- 0.0
444999 eval steps mean 99.9 best 99 optimal 10
444999 eval return -4.318 +/- 0.037
time:  35.04 SPS: 214
449999 success 0.0 +/- 0.0
449999 eval steps mean 99.9 best 99 optimal 10
449999 eval return -4.234 +/- 0.047
time:  35.412 SPS: 214
454999 success 0.0 +/- 0.0
454999 eval steps mean 99.9 best 99 optimal 10
454999 eval return -4.656 +/- 0.047
time:  35.766 SPS: 214
459999 success 0.0 +/- 0.0
459999 eval steps mean 99.9 best 99 optimal 10
459999 eval return -4.518 +/- 0.021
time:  36.122 SPS: 214
464999 success 0.0 +/- 0.0
464999 eval steps mean 99.9 best 99 optimal 10
464999 eval return -4.36 +/- 0.027
time:  36.474 SPS: 214
469999 success 0.0 +/- 0.0
469999 eval steps mean 99.9 best 99 optimal 10
469999 eval return -4.234 +/- 0.026
time:  36.827 SPS: 214
474999 success 0.0 +/- 0.0
474999 eval steps mean 99.9 best 99 optimal 10
474999 eval return -4.47 +/- 0.055
480000
GOAL [14 11]
time:  37.756 SPS: 211
479999 success 0.0 +/- 0.0
479999 eval steps mean 99.9 best 99 optimal 11
479999 eval return -14.606 +/- 0.044
time:  38.452 SPS: 210
484999 success 0.0 +/- 0.0
484999 eval steps mean 99.9 best 99 optimal 11
484999 eval return -13.992 +/- 0.037
time:  38.908 SPS: 209
489999 success 0.0 +/- 0.0
489999 eval steps mean 99.9 best 99 optimal 11
489999 eval return -11.556 +/- 0.211
time:  39.424 SPS: 209
494999 success 0.0 +/- 0.0
494999 eval steps mean 99.9 best 99 optimal 11
494999 eval return -11.732 +/- 0.034
time:  40.206 SPS: 207
499999 success 0.0 +/- 0.0
499999 eval steps mean 99.9 best 99 optimal 11
499999 eval return -8.354 +/- 0.127
time:  40.903 SPS: 205
504999 success 0.1 +/- 0.1
504999 eval steps mean 97.3 best 74 optimal 11
504999 eval return -7.832 +/- 0.558
time:  41.784 SPS: 203
509999 success 0.1 +/- 0.1
509999 eval steps mean 97.0 best 71 optimal 11
509999 eval return -7.487 +/- 0.579
time:  42.513 SPS: 201
514999 success 0.0 +/- 0.0
514999 eval steps mean 99.9 best 99 optimal 11
514999 eval return -8.289 +/- 0.061
520000
GOAL [10  0]
time:  43.094 SPS: 201
519999 success 0.0 +/- 0.0
519999 eval steps mean 99.9 best 99 optimal 10
519999 eval return -10.149 +/- 0.112
time:  43.668 SPS: 200
524999 success 0.1 +/- 0.1
524999 eval steps mean 96.3 best 64 optimal 10
524999 eval return -3.968 +/- 0.403
time:  44.075 SPS: 200
529999 success 0.1 +/- 0.1
529999 eval steps mean 94.5 best 46 optimal 10
529999 eval return -4.135 +/- 0.48
time:  44.475 SPS: 200
534999 success 1.0 +/- 0.0
534999 eval steps mean 28.1 best 26 optimal 10
534999 eval return 0.746 +/- 0.036
time:  44.919 SPS: 200
539999 success 1.0 +/- 0.0
539999 eval steps mean 27.4 best 26 optimal 10
539999 eval return 0.782 +/- 0.017
time:  45.593 SPS: 199
544999 success 1.0 +/- 0.0
544999 eval steps mean 27.1 best 27 optimal 10
544999 eval return 0.801 +/- 0.009
time:  46.544 SPS: 196
549999 success 1.0 +/- 0.0
549999 eval steps mean 26.9 best 26 optimal 10
549999 eval return 0.81 +/- 0.0
time:  47.406 SPS: 195
554999 success 1.0 +/- 0.0
554999 eval steps mean 25.1 best 24 optimal 10
554999 eval return 0.891 +/- 0.009
560000
GOAL [13  0]
time:  47.964 SPS: 194
559999 success 1.0 +/- 0.0
559999 eval steps mean 48.2 best 29 optimal 13
559999 eval return -0.092 +/- 0.089
time:  48.505 SPS: 194
564999 success 1.0 +/- 0.0
564999 eval steps mean 28.3 best 27 optimal 13
564999 eval return 0.322 +/- 0.031
time:  49.043 SPS: 193
569999 success 1.0 +/- 0.0
569999 eval steps mean 28.2 best 27 optimal 13
569999 eval return 0.341 +/- 0.013
time:  49.961 SPS: 191
574999 success 1.0 +/- 0.0
574999 eval steps mean 27.9 best 27 optimal 13
574999 eval return 0.36 +/- 0.0
time:  50.497 SPS: 191
579999 success 1.0 +/- 0.0
579999 eval steps mean 27.9 best 27 optimal 13
579999 eval return 0.36 +/- 0.0
time:  50.848 SPS: 191
584999 success 1.0 +/- 0.0
584999 eval steps mean 27.9 best 27 optimal 13
584999 eval return 0.36 +/- 0.0
time:  51.217 SPS: 191
589999 success 1.0 +/- 0.0
589999 eval steps mean 27.9 best 27 optimal 13
589999 eval return 0.36 +/- 0.0
time:  51.73 SPS: 191
594999 success 1.0 +/- 0.0
594999 eval steps mean 28.0 best 27 optimal 13
594999 eval return 0.342 +/- 0.018
600000
GOAL [12 11]
time:  52.748 SPS: 189
599999 success 0.0 +/- 0.0
599999 eval steps mean 99.9 best 99 optimal 9
599999 eval return -12.382 +/- 0.106
time:  53.486 SPS: 188
604999 success 0.0 +/- 0.0
604999 eval steps mean 99.9 best 99 optimal 9
604999 eval return -10.676 +/- 0.073
time:  54.084 SPS: 187
609999 success 0.0 +/- 0.0
609999 eval steps mean 99.9 best 99 optimal 9
609999 eval return -8.304 +/- 0.318
time:  54.639 SPS: 187
614999 success 0.0 +/- 0.0
614999 eval steps mean 99.9 best 99 optimal 9
614999 eval return -8.847 +/- 0.048
time:  55.695 SPS: 185
619999 success 0.0 +/- 0.0
619999 eval steps mean 99.9 best 99 optimal 9
619999 eval return -7.234 +/- 0.175
time:  56.413 SPS: 184
624999 success 0.0 +/- 0.0
624999 eval steps mean 99.9 best 99 optimal 9
624999 eval return -6.844 +/- 0.058
time:  56.77 SPS: 184
629999 success 0.0 +/- 0.0
629999 eval steps mean 99.9 best 99 optimal 9
629999 eval return -6.304 +/- 0.097
time:  58.097 SPS: 182
634999 success 0.0 +/- 0.0
634999 eval steps mean 99.9 best 99 optimal 9
634999 eval return -6.277 +/- 0.11
640000
GOAL [10  7]
time:  59.356 SPS: 179
639999 success 0.2 +/- 0.133
639999 eval steps mean 87.6 best 28 optimal 3
639999 eval return -3.891 +/- 0.664
time:  59.915 SPS: 179
644999 success 1.0 +/- 0.0
644999 eval steps mean 28.1 best 27 optimal 3
644999 eval return 0.755 +/- 0.025
time:  60.302 SPS: 179
649999 success 1.0 +/- 0.0
649999 eval steps mean 28.1 best 27 optimal 3
649999 eval return 0.761 +/- 0.019
time:  60.71 SPS: 179
654999 success 1.0 +/- 0.0
654999 eval steps mean 28.2 best 27 optimal 3
654999 eval return 0.754 +/- 0.025
time:  61.35 SPS: 179
659999 success 1.0 +/- 0.0
659999 eval steps mean 28.1 best 28 optimal 3
659999 eval return 0.767 +/- 0.013
time:  61.861 SPS: 179
664999 success 1.0 +/- 0.0
664999 eval steps mean 27.9 best 27 optimal 3
664999 eval return 0.78 +/- 0.0
time:  62.201 SPS: 179
669999 success 1.0 +/- 0.0
669999 eval steps mean 27.9 best 27 optimal 3
669999 eval return 0.78 +/- 0.0
time:  62.948 SPS: 178
674999 success 1.0 +/- 0.0
674999 eval steps mean 27.9 best 27 optimal 3
674999 eval return 0.78 +/- 0.0
680000
GOAL [12  8]
time:  63.298 SPS: 179
679999 success 1.0 +/- 0.0
679999 eval steps mean 33.9 best 32 optimal 6
679999 eval return 0.367 +/- 0.033
time:  63.642 SPS: 179
684999 success 1.0 +/- 0.0
684999 eval steps mean 33.2 best 32 optimal 6
684999 eval return 0.4 +/- 0.017
time:  63.981 SPS: 179
689999 success 1.0 +/- 0.0
689999 eval steps mean 32.3 best 30 optimal 6
689999 eval return 0.437 +/- 0.033
time:  64.319 SPS: 180
694999 success 1.0 +/- 0.0
694999 eval steps mean 30.9 best 30 optimal 6
694999 eval return 0.47 +/- 0.0
time:  64.651 SPS: 180
699999 success 1.0 +/- 0.0
699999 eval steps mean 30.9 best 30 optimal 6
699999 eval return 0.47 +/- 0.0
time:  64.988 SPS: 180
704999 success 1.0 +/- 0.0
704999 eval steps mean 30.9 best 30 optimal 6
704999 eval return 0.47 +/- 0.0
time:  65.323 SPS: 181
709999 success 1.0 +/- 0.0
709999 eval steps mean 26.9 best 26 optimal 6
709999 eval return 0.59 +/- 0.0
time:  65.659 SPS: 181
714999 success 1.0 +/- 0.0
714999 eval steps mean 27.7 best 26 optimal 6
714999 eval return 0.522 +/- 0.068
720000
GOAL [ 6 13]
time:  66.259 SPS: 181
719999 success 0.0 +/- 0.0
719999 eval steps mean 99.9 best 99 optimal 7
719999 eval return -12.506 +/- 0.006
time:  66.904 SPS: 180
724999 success 0.0 +/- 0.0
724999 eval steps mean 99.9 best 99 optimal 7
724999 eval return -12.7 +/- 0.058
time:  67.397 SPS: 180
729999 success 0.0 +/- 0.0
729999 eval steps mean 99.9 best 99 optimal 7
729999 eval return -12.629 +/- 0.044
time:  67.75 SPS: 180
734999 success 0.0 +/- 0.0
734999 eval steps mean 99.9 best 99 optimal 7
734999 eval return -12.516 +/- 0.009
time:  68.103 SPS: 181
739999 success 0.9 +/- 0.1
739999 eval steps mean 30.7 best 18 optimal 7
739999 eval return -0.111 +/- 1.344
time:  68.443 SPS: 181
744999 success 1.0 +/- 0.0
744999 eval steps mean 16.5 best 15 optimal 7
744999 eval return 1.777 +/- 0.017
time:  68.772 SPS: 181
749999 success 1.0 +/- 0.0
749999 eval steps mean 15.9 best 15 optimal 7
749999 eval return 1.8 +/- 0.0
time:  69.407 SPS: 181
754999 success 1.0 +/- 0.0
754999 eval steps mean 15.9 best 15 optimal 7
754999 eval return 1.8 +/- 0.0
760000
GOAL [ 7 10]
time:  69.942 SPS: 181
759999 success 0.0 +/- 0.0
759999 eval steps mean 99.9 best 99 optimal 3
759999 eval return -5.654 +/- 0.112
time:  70.386 SPS: 181
764999 success 0.0 +/- 0.0
764999 eval steps mean 99.9 best 99 optimal 3
764999 eval return -5.74 +/- 0.0
time:  70.683 SPS: 181
769999 success 0.0 +/- 0.0
769999 eval steps mean 99.9 best 99 optimal 3
769999 eval return -5.734 +/- 0.004
time:  70.984 SPS: 181
774999 success 0.0 +/- 0.0
774999 eval steps mean 99.9 best 99 optimal 3
774999 eval return -5.773 +/- 0.032
time:  71.316 SPS: 182
779999 success 0.0 +/- 0.0
779999 eval steps mean 99.9 best 99 optimal 3
779999 eval return -5.346 +/- 0.002
time:  71.649 SPS: 182
784999 success 0.0 +/- 0.0
784999 eval steps mean 99.9 best 99 optimal 3
784999 eval return -5.643 +/- 0.007
time:  71.98 SPS: 182
789999 success 0.0 +/- 0.0
789999 eval steps mean 99.9 best 99 optimal 3
789999 eval return -5.518 +/- 0.008
time:  72.313 SPS: 183
794999 success 0.0 +/- 0.0
794999 eval steps mean 99.9 best 99 optimal 3
794999 eval return -5.606 +/- 0.01
800000
GOAL [12 11]
time:  72.658 SPS: 183
799999 success 0.0 +/- 0.0
799999 eval steps mean 99.9 best 99 optimal 9
799999 eval return -9.051 +/- 0.006
done RL run. Time 72.79083775666659 min
