agent_dict keys dict_keys(['base_algorithm', 'learning_rate', 'num_envs', 'rollout_num_steps', 'gamma', 'gae_lambda', 'num_minibatches', 'update_epochs', 'minibatch_size', 'norm_adv', 'clip_coef', 'clip_vloss', 'ent_coef', 'vf_coef', 'max_grad_norm', 'rpo_alpha', 'parseval_reg', 'input_scale', 'learnable_input_scale', 'add_diag_layer', 'layer_norm', 'layer_norm_no_params', 'weight_decay', 'tuned_adam', 'perturb', 'perturb_dist', 'regen', 'regen_wasserstein', 'weight_init', 'net_width', 'net_activation', 'init_gain', 'parseval_norm', 'parseval_num_groups'])
env_dict keys dict_keys(['env', 'change_freq', 'seed', 'env_type'])
Start RL run!
{'base_algorithm': 'ppo_agent', 'learning_rate': 0.00025, 'num_envs': 1, 'rollout_num_steps': 128, 'gamma': 0.99, 'gae_lambda': 0.95, 'num_minibatches': 4, 'update_epochs': 4, 'minibatch_size': 32, 'norm_adv': True, 'clip_coef': 0.2, 'clip_vloss': True, 'ent_coef': 0.01, 'vf_coef': 0.5, 'max_grad_norm': 0.5, 'rpo_alpha': 0, 'parseval_reg': 0, 'input_scale': 1, 'learnable_input_scale': False, 'add_diag_layer': False, 'layer_norm': False, 'layer_norm_no_params': False, 'weight_decay': 0, 'tuned_adam': False, 'perturb': 0.0, 'perturb_dist': 'xavier', 'regen': 0.001, 'regen_wasserstein': False, 'weight_init': 'orthogonal', 'net_width': 64, 'net_activation': 'tanh', 'init_gain': None, 'parseval_norm': False, 'parseval_num_groups': 1, 'device': 'cpu'}
{'env': 'gridworld_ninerooms', 'change_freq': 40000, 'seed': 127, 'env_type': 'rl', 'local_run': False}
Running on gpu: False
Gridworld args () {'env': 'gridworld_ninerooms', 'change_freq': 40000, 'seed': 127, 'env_type': 'rl', 'local_run': False}
time:  0.059 SPS: 0
0 success 0.0 +/- 0.0
0 eval steps mean 99.9 best 99 optimal 7
0 eval return -16.241 +/- 0.324
time:  0.441 SPS: 188
4999 success 0.0 +/- 0.0
4999 eval steps mean 99.9 best 99 optimal 7
4999 eval return -14.427 +/- 0.74
time:  0.775 SPS: 214
9999 success 0.0 +/- 0.0
9999 eval steps mean 99.9 best 99 optimal 7
9999 eval return -11.563 +/- 0.64
time:  1.173 SPS: 213
14999 success 0.7 +/- 0.153
14999 eval steps mean 64.9 best 22 optimal 7
14999 eval return -3.665 +/- 1.323
time:  1.572 SPS: 212
19999 success 1.0 +/- 0.0
19999 eval steps mean 24.3 best 20 optimal 7
19999 eval return 1.138 +/- 0.079
time:  1.947 SPS: 213
24999 success 1.0 +/- 0.0
24999 eval steps mean 18.5 best 17 optimal 7
24999 eval return 1.422 +/- 0.025
time:  2.329 SPS: 214
29999 success 1.0 +/- 0.0
29999 eval steps mean 17.9 best 17 optimal 7
29999 eval return 1.47 +/- 0.0
time:  2.719 SPS: 214
34999 success 1.0 +/- 0.0
34999 eval steps mean 18.0 best 17 optimal 7
34999 eval return 1.469 +/- 0.001
40000
GOAL [9 3]
time:  3.111 SPS: 214
39999 success 0.0 +/- 0.0
39999 eval steps mean 99.9 best 99 optimal 6
39999 eval return -5.389 +/- 0.01
time:  3.461 SPS: 216
44999 success 0.0 +/- 0.0
44999 eval steps mean 99.9 best 99 optimal 6
44999 eval return -5.251 +/- 0.017
time:  3.849 SPS: 216
49999 success 0.0 +/- 0.0
49999 eval steps mean 99.9 best 99 optimal 6
49999 eval return -4.175 +/- 0.039
time:  4.266 SPS: 214
54999 success 1.0 +/- 0.0
54999 eval steps mean 35.7 best 17 optimal 6
54999 eval return 1.537 +/- 0.094
time:  4.664 SPS: 214
59999 success 1.0 +/- 0.0
59999 eval steps mean 15.3 best 14 optimal 6
59999 eval return 1.942 +/- 0.008
time:  5.059 SPS: 214
64999 success 1.0 +/- 0.0
64999 eval steps mean 14.9 best 14 optimal 6
64999 eval return 1.95 +/- 0.0
time:  5.448 SPS: 214
69999 success 1.0 +/- 0.0
69999 eval steps mean 15.1 best 14 optimal 6
69999 eval return 1.941 +/- 0.009
time:  5.84 SPS: 214
74999 success 1.0 +/- 0.0
74999 eval steps mean 14.9 best 14 optimal 6
74999 eval return 1.95 +/- 0.0
80000
GOAL [6 4]
time:  6.241 SPS: 213
79999 success 0.0 +/- 0.0
79999 eval steps mean 99.9 best 99 optimal 4
79999 eval return -4.616 +/- 0.014
time:  6.664 SPS: 212
84999 success 1.0 +/- 0.0
84999 eval steps mean 19.7 best 19 optimal 4
84999 eval return 1.298 +/- 0.007
time:  7.061 SPS: 212
89999 success 1.0 +/- 0.0
89999 eval steps mean 19.3 best 19 optimal 4
89999 eval return 1.304 +/- 0.004
time:  7.456 SPS: 212
94999 success 1.0 +/- 0.0
94999 eval steps mean 18.9 best 18 optimal 4
94999 eval return 1.31 +/- 0.0
time:  7.847 SPS: 212
99999 success 1.0 +/- 0.0
99999 eval steps mean 19.1 best 18 optimal 4
99999 eval return 1.287 +/- 0.023
time:  8.249 SPS: 212
104999 success 1.0 +/- 0.0
104999 eval steps mean 18.9 best 18 optimal 4
104999 eval return 1.31 +/- 0.0
time:  8.641 SPS: 212
109999 success 1.0 +/- 0.0
109999 eval steps mean 19.1 best 18 optimal 4
109999 eval return 1.307 +/- 0.003
time:  9.208 SPS: 208
114999 success 1.0 +/- 0.0
114999 eval steps mean 18.9 best 18 optimal 4
114999 eval return 1.31 +/- 0.0
120000
GOAL [13 13]
time:  10.061 SPS: 198
119999 success 0.0 +/- 0.0
119999 eval steps mean 99.9 best 99 optimal 12
119999 eval return -19.012 +/- 0.079
time:  10.514 SPS: 198
124999 success 0.0 +/- 0.0
124999 eval steps mean 99.9 best 99 optimal 12
124999 eval return -18.241 +/- 0.01
time:  10.88 SPS: 199
129999 success 0.0 +/- 0.0
129999 eval steps mean 99.9 best 99 optimal 12
129999 eval return -18.256 +/- 0.004
time:  11.241 SPS: 200
134999 success 0.0 +/- 0.0
134999 eval steps mean 99.9 best 99 optimal 12
134999 eval return -18.182 +/- 0.013
time:  11.633 SPS: 200
139999 success 0.0 +/- 0.0
139999 eval steps mean 99.9 best 99 optimal 12
139999 eval return -11.516 +/- 1.158
time:  11.988 SPS: 201
144999 success 0.0 +/- 0.0
144999 eval steps mean 99.9 best 99 optimal 12
144999 eval return -8.654 +/- 0.094
time:  12.343 SPS: 202
149999 success 0.0 +/- 0.0
149999 eval steps mean 99.9 best 99 optimal 12
149999 eval return -7.813 +/- 0.088
time:  12.7 SPS: 203
154999 success 0.0 +/- 0.0
154999 eval steps mean 99.9 best 99 optimal 12
154999 eval return -7.654 +/- 0.034
160000
GOAL [10  4]
time:  13.072 SPS: 204
159999 success 0.0 +/- 0.0
159999 eval steps mean 99.9 best 99 optimal 6
159999 eval return -5.62 +/- 0.0
time:  13.578 SPS: 202
164999 success 0.0 +/- 0.0
164999 eval steps mean 99.9 best 99 optimal 6
164999 eval return -5.484 +/- 0.091
time:  14.026 SPS: 202
169999 success 0.0 +/- 0.0
169999 eval steps mean 99.9 best 99 optimal 6
169999 eval return -5.62 +/- 0.0
time:  14.383 SPS: 202
174999 success 0.0 +/- 0.0
174999 eval steps mean 99.9 best 99 optimal 6
174999 eval return -5.604 +/- 0.016
time:  14.732 SPS: 203
179999 success 0.0 +/- 0.0
179999 eval steps mean 99.9 best 99 optimal 6
179999 eval return -4.702 +/- 0.002
time:  15.405 SPS: 200
184999 success 0.0 +/- 0.0
184999 eval steps mean 99.9 best 99 optimal 6
184999 eval return -4.742 +/- 0.042
time:  15.938 SPS: 198
189999 success 0.0 +/- 0.0
189999 eval steps mean 99.9 best 99 optimal 6
189999 eval return -4.7 +/- 0.0
time:  16.655 SPS: 195
194999 success 0.0 +/- 0.0
194999 eval steps mean 99.9 best 99 optimal 6
194999 eval return -4.7 +/- 0.0
200000
GOAL [12 14]
time:  17.022 SPS: 195
199999 success 0.0 +/- 0.0
199999 eval steps mean 99.9 best 99 optimal 12
199999 eval return -8.56 +/- 0.0
time:  17.375 SPS: 196
204999 success 0.0 +/- 0.0
204999 eval steps mean 99.9 best 99 optimal 12
204999 eval return -8.558 +/- 0.002
time:  17.725 SPS: 197
209999 success 0.0 +/- 0.0
209999 eval steps mean 99.9 best 99 optimal 12
209999 eval return -8.682 +/- 0.124
time:  18.074 SPS: 198
214999 success 0.0 +/- 0.0
214999 eval steps mean 99.9 best 99 optimal 12
214999 eval return -7.62 +/- 0.0
time:  18.642 SPS: 196
219999 success 0.0 +/- 0.0
219999 eval steps mean 99.9 best 99 optimal 12
219999 eval return -7.674 +/- 0.054
time:  19.004 SPS: 197
224999 success 0.0 +/- 0.0
224999 eval steps mean 99.9 best 99 optimal 12
224999 eval return -7.62 +/- 0.0
time:  19.36 SPS: 197
229999 success 0.0 +/- 0.0
229999 eval steps mean 99.9 best 99 optimal 12
229999 eval return -7.62 +/- 0.0
time:  19.715 SPS: 198
234999 success 0.0 +/- 0.0
234999 eval steps mean 99.9 best 99 optimal 12
234999 eval return -7.62 +/- 0.0
240000
GOAL [9 4]
time:  20.084 SPS: 199
239999 success 0.0 +/- 0.0
239999 eval steps mean 99.9 best 99 optimal 5
239999 eval return -10.62 +/- 0.0
time:  20.559 SPS: 198
244999 success 0.0 +/- 0.0
244999 eval steps mean 99.9 best 99 optimal 5
244999 eval return -10.62 +/- 0.0
time:  20.912 SPS: 199
249999 success 0.0 +/- 0.0
249999 eval steps mean 99.9 best 99 optimal 5
249999 eval return -10.62 +/- 0.0
time:  21.415 SPS: 198
254999 success 0.0 +/- 0.0
254999 eval steps mean 99.9 best 99 optimal 5
254999 eval return -9.682 +/- 0.002
time:  21.979 SPS: 197
259999 success 0.0 +/- 0.0
259999 eval steps mean 99.9 best 99 optimal 5
259999 eval return -9.576 +/- 0.108
time:  22.333 SPS: 197
264999 success 0.0 +/- 0.0
264999 eval steps mean 99.9 best 99 optimal 5
264999 eval return -3.35 +/- 0.02
time:  22.703 SPS: 198
269999 success 0.0 +/- 0.0
269999 eval steps mean 99.9 best 99 optimal 5
269999 eval return -3.336 +/- 0.016
time:  23.06 SPS: 198
274999 success 0.0 +/- 0.0
274999 eval steps mean 99.9 best 99 optimal 5
274999 eval return -3.32 +/- 0.0
280000
GOAL [6 2]
time:  23.446 SPS: 199
279999 success 0.0 +/- 0.0
279999 eval steps mean 99.9 best 99 optimal 6
279999 eval return -3.462 +/- 0.002
time:  23.805 SPS: 199
284999 success 0.0 +/- 0.0
284999 eval steps mean 99.9 best 99 optimal 6
284999 eval return -3.474 +/- 0.014
time:  24.163 SPS: 200
289999 success 0.0 +/- 0.0
289999 eval steps mean 99.9 best 99 optimal 6
289999 eval return -3.46 +/- 0.0
time:  24.52 SPS: 200
294999 success 0.0 +/- 0.0
294999 eval steps mean 99.9 best 99 optimal 6
294999 eval return -3.502 +/- 0.028
time:  25.171 SPS: 198
299999 success 0.0 +/- 0.0
299999 eval steps mean 99.9 best 99 optimal 6
299999 eval return -3.46 +/- 0.0
time:  25.747 SPS: 197
304999 success 0.0 +/- 0.0
304999 eval steps mean 99.9 best 99 optimal 6
304999 eval return -3.462 +/- 0.002
time:  26.364 SPS: 195
309999 success 0.0 +/- 0.0
309999 eval steps mean 99.9 best 99 optimal 6
309999 eval return -3.478 +/- 0.018
time:  26.717 SPS: 196
314999 success 0.0 +/- 0.0
314999 eval steps mean 99.9 best 99 optimal 6
314999 eval return -3.468 +/- 0.008
320000
GOAL [ 6 14]
time:  27.084 SPS: 196
319999 success 0.0 +/- 0.0
319999 eval steps mean 99.9 best 99 optimal 8
319999 eval return -20.876 +/- 0.003
time:  27.609 SPS: 196
324999 success 0.0 +/- 0.0
324999 eval steps mean 99.9 best 99 optimal 8
324999 eval return -21.095 +/- 0.06
time:  27.964 SPS: 196
329999 success 0.0 +/- 0.0
329999 eval steps mean 99.9 best 99 optimal 8
329999 eval return -20.894 +/- 0.034
time:  28.32 SPS: 197
334999 success 0.0 +/- 0.0
334999 eval steps mean 99.9 best 99 optimal 8
334999 eval return -18.726 +/- 0.248
time:  28.649 SPS: 197
339999 success 0.0 +/- 0.0
339999 eval steps mean 99.9 best 99 optimal 8
339999 eval return -13.107 +/- 0.078
time:  29.008 SPS: 198
344999 success 0.0 +/- 0.0
344999 eval steps mean 99.9 best 99 optimal 8
344999 eval return -13.086 +/- 0.066
time:  29.309 SPS: 199
349999 success 0.0 +/- 0.0
349999 eval steps mean 99.9 best 99 optimal 8
349999 eval return -13.02 +/- 0.0
time:  29.667 SPS: 199
354999 success 0.0 +/- 0.0
354999 eval steps mean 99.9 best 99 optimal 8
354999 eval return -13.02 +/- 0.0
360000
GOAL [10  6]
time:  29.97 SPS: 200
359999 success 0.0 +/- 0.0
359999 eval steps mean 99.9 best 99 optimal 4
359999 eval return -10.72 +/- 0.0
time:  30.266 SPS: 200
364999 success 0.0 +/- 0.0
364999 eval steps mean 99.9 best 99 optimal 4
364999 eval return -10.72 +/- 0.0
time:  30.559 SPS: 201
369999 success 0.0 +/- 0.0
369999 eval steps mean 99.9 best 99 optimal 4
369999 eval return -10.807 +/- 0.093
time:  30.852 SPS: 202
374999 success 0.0 +/- 0.0
374999 eval steps mean 99.9 best 99 optimal 4
374999 eval return -10.72 +/- 0.0
time:  31.142 SPS: 203
379999 success 0.0 +/- 0.0
379999 eval steps mean 99.9 best 99 optimal 4
379999 eval return -10.72 +/- 0.0
time:  31.441 SPS: 204
384999 success 0.0 +/- 0.0
384999 eval steps mean 99.9 best 99 optimal 4
384999 eval return -10.72 +/- 0.0
time:  31.735 SPS: 204
389999 success 0.0 +/- 0.0
389999 eval steps mean 99.9 best 99 optimal 4
389999 eval return -10.72 +/- 0.0
time:  32.025 SPS: 205
394999 success 0.0 +/- 0.0
394999 eval steps mean 99.9 best 99 optimal 4
394999 eval return -10.812 +/- 0.092
400000
GOAL [12  6]
time:  32.327 SPS: 206
399999 success 0.0 +/- 0.0
399999 eval steps mean 99.9 best 99 optimal 6
399999 eval return -12.812 +/- 0.092
time:  32.623 SPS: 206
404999 success 0.0 +/- 0.0
404999 eval steps mean 99.9 best 99 optimal 6
404999 eval return -12.72 +/- 0.0
time:  32.921 SPS: 207
409999 success 0.0 +/- 0.0
409999 eval steps mean 99.9 best 99 optimal 6
409999 eval return -12.72 +/- 0.0
time:  33.226 SPS: 208
414999 success 0.0 +/- 0.0
414999 eval steps mean 99.9 best 99 optimal 6
414999 eval return -12.72 +/- 0.0
time:  33.514 SPS: 208
419999 success 0.0 +/- 0.0
419999 eval steps mean 99.9 best 99 optimal 6
419999 eval return -12.72 +/- 0.0
time:  33.809 SPS: 209
424999 success 0.0 +/- 0.0
424999 eval steps mean 99.9 best 99 optimal 6
424999 eval return -12.72 +/- 0.0
time:  34.105 SPS: 210
429999 success 0.0 +/- 0.0
429999 eval steps mean 99.9 best 99 optimal 6
429999 eval return -12.72 +/- 0.0
time:  34.397 SPS: 210
434999 success 0.0 +/- 0.0
434999 eval steps mean 99.9 best 99 optimal 6
434999 eval return -12.805 +/- 0.059
440000
GOAL [13  5]
time:  34.699 SPS: 211
439999 success 0.0 +/- 0.0
439999 eval steps mean 99.9 best 99 optimal 8
439999 eval return -14.72 +/- 0.0
time:  34.988 SPS: 211
444999 success 0.0 +/- 0.0
444999 eval steps mean 99.9 best 99 optimal 8
444999 eval return -14.72 +/- 0.0
time:  35.28 SPS: 212
449999 success 0.0 +/- 0.0
449999 eval steps mean 99.9 best 99 optimal 8
449999 eval return -14.977 +/- 0.123
time:  35.574 SPS: 213
454999 success 0.0 +/- 0.0
454999 eval steps mean 99.9 best 99 optimal 8
454999 eval return -14.747 +/- 0.027
time:  36.152 SPS: 212
459999 success 0.0 +/- 0.0
459999 eval steps mean 99.9 best 99 optimal 8
459999 eval return -14.726 +/- 0.006
time:  37.003 SPS: 209
464999 success 0.0 +/- 0.0
464999 eval steps mean 99.9 best 99 optimal 8
464999 eval return -14.72 +/- 0.0
time:  37.298 SPS: 210
469999 success 0.0 +/- 0.0
469999 eval steps mean 99.9 best 99 optimal 8
469999 eval return -14.786 +/- 0.064
time:  37.59 SPS: 210
474999 success 0.0 +/- 0.0
474999 eval steps mean 99.9 best 99 optimal 8
474999 eval return -14.72 +/- 0.0
480000
GOAL [14 13]
time:  37.894 SPS: 211
479999 success 0.0 +/- 0.0
479999 eval steps mean 99.9 best 99 optimal 13
479999 eval return -19.718 +/- 0.001
time:  38.195 SPS: 211
484999 success 0.0 +/- 0.0
484999 eval steps mean 99.9 best 99 optimal 13
484999 eval return -17.351 +/- 0.83
time:  38.574 SPS: 211
489999 success 0.0 +/- 0.0
489999 eval steps mean 99.9 best 99 optimal 13
489999 eval return -8.717 +/- 0.058
time:  38.94 SPS: 211
494999 success 0.0 +/- 0.0
494999 eval steps mean 99.9 best 99 optimal 13
494999 eval return -8.626 +/- 0.006
time:  39.394 SPS: 211
499999 success 0.0 +/- 0.0
499999 eval steps mean 99.9 best 99 optimal 13
499999 eval return -8.57 +/- 0.05
time:  40.545 SPS: 207
504999 success 0.0 +/- 0.0
504999 eval steps mean 99.9 best 99 optimal 13
504999 eval return -9.223 +/- 0.603
time:  41.119 SPS: 206
509999 success 0.0 +/- 0.0
509999 eval steps mean 99.9 best 99 optimal 13
509999 eval return -8.607 +/- 0.046
time:  41.681 SPS: 205
514999 success 0.0 +/- 0.0
514999 eval steps mean 99.9 best 99 optimal 13
514999 eval return -8.359 +/- 0.11
520000
GOAL [8 2]
time:  42.046 SPS: 206
519999 success 0.0 +/- 0.0
519999 eval steps mean 99.9 best 99 optimal 6
519999 eval return -14.34 +/- 0.398
time:  42.398 SPS: 206
524999 success 0.0 +/- 0.0
524999 eval steps mean 99.9 best 99 optimal 6
524999 eval return -10.711 +/- 0.131
time:  43.006 SPS: 205
529999 success 0.0 +/- 0.0
529999 eval steps mean 99.9 best 99 optimal 6
529999 eval return -10.644 +/- 0.159
time:  43.476 SPS: 205
534999 success 0.0 +/- 0.0
534999 eval steps mean 99.9 best 99 optimal 6
534999 eval return -9.62 +/- 0.0
time:  43.831 SPS: 205
539999 success 0.0 +/- 0.0
539999 eval steps mean 99.9 best 99 optimal 6
539999 eval return -10.282 +/- 0.634
time:  44.257 SPS: 205
544999 success 0.0 +/- 0.0
544999 eval steps mean 99.9 best 99 optimal 6
544999 eval return -9.622 +/- 0.002
time:  44.824 SPS: 204
549999 success 0.0 +/- 0.0
549999 eval steps mean 99.9 best 99 optimal 6
549999 eval return -9.628 +/- 0.004
time:  45.266 SPS: 204
554999 success 0.0 +/- 0.0
554999 eval steps mean 99.9 best 99 optimal 6
554999 eval return -9.624 +/- 0.003
560000
GOAL [ 9 14]
time:  45.63 SPS: 204
559999 success 0.0 +/- 0.0
559999 eval steps mean 99.9 best 99 optimal 9
559999 eval return -12.536 +/- 0.004
time:  45.98 SPS: 204
564999 success 0.0 +/- 0.0
564999 eval steps mean 99.9 best 99 optimal 9
564999 eval return -12.54 +/- 0.0
time:  46.328 SPS: 205
569999 success 0.0 +/- 0.0
569999 eval steps mean 99.9 best 99 optimal 9
569999 eval return -12.736 +/- 0.196
time:  46.675 SPS: 205
574999 success 0.0 +/- 0.0
574999 eval steps mean 99.9 best 99 optimal 9
574999 eval return -12.54 +/- 0.0
time:  47.063 SPS: 205
579999 success 0.0 +/- 0.0
579999 eval steps mean 99.9 best 99 optimal 9
579999 eval return -9.685 +/- 0.012
time:  47.41 SPS: 205
584999 success 0.0 +/- 0.0
584999 eval steps mean 99.9 best 99 optimal 9
584999 eval return -5.274 +/- 0.109
time:  47.761 SPS: 205
589999 success 0.0 +/- 0.0
589999 eval steps mean 99.9 best 99 optimal 9
589999 eval return -5.15 +/- 0.406
time:  48.11 SPS: 206
594999 success 0.0 +/- 0.0
594999 eval steps mean 99.9 best 99 optimal 9
594999 eval return -4.743 +/- 0.032
600000
GOAL [13 12]
time:  48.471 SPS: 206
599999 success 0.0 +/- 0.0
599999 eval steps mean 99.9 best 99 optimal 11
599999 eval return -4.26 +/- 0.006
time:  48.825 SPS: 206
604999 success 0.0 +/- 0.0
604999 eval steps mean 99.9 best 99 optimal 11
604999 eval return -3.659 +/- 0.235
time:  49.176 SPS: 206
609999 success 0.0 +/- 0.0
609999 eval steps mean 99.9 best 99 optimal 11
609999 eval return -2.136 +/- 0.112
time:  49.527 SPS: 206
614999 success 0.0 +/- 0.0
614999 eval steps mean 99.9 best 99 optimal 11
614999 eval return -2.024 +/- 0.004
time:  50.06 SPS: 206
619999 success 0.0 +/- 0.0
619999 eval steps mean 99.9 best 99 optimal 11
619999 eval return -2.01 +/- 0.006
time:  50.577 SPS: 205
624999 success 0.0 +/- 0.0
624999 eval steps mean 99.9 best 99 optimal 11
624999 eval return -2.049 +/- 0.043
time:  50.926 SPS: 206
629999 success 0.8 +/- 0.133
629999 eval steps mean 31.3 best 13 optimal 11
629999 eval return 1.394 +/- 0.608
time:  51.287 SPS: 206
634999 success 1.0 +/- 0.0
634999 eval steps mean 11.9 best 11 optimal 11
634999 eval return 2.34 +/- 0.0
640000
GOAL [12  7]
time:  51.642 SPS: 206
639999 success 0.0 +/- 0.0
639999 eval steps mean 99.9 best 99 optimal 5
639999 eval return -8.231 +/- 0.022
time:  51.949 SPS: 206
644999 success 0.0 +/- 0.0
644999 eval steps mean 99.9 best 99 optimal 5
644999 eval return -8.286 +/- 0.004
time:  52.298 SPS: 207
649999 success 0.0 +/- 0.0
649999 eval steps mean 99.9 best 99 optimal 5
649999 eval return -5.385 +/- 0.145
time:  52.667 SPS: 207
654999 success 0.0 +/- 0.0
654999 eval steps mean 99.9 best 99 optimal 5
654999 eval return -5.449 +/- 0.209
time:  53.026 SPS: 207
659999 success 0.0 +/- 0.0
659999 eval steps mean 99.9 best 99 optimal 5
659999 eval return -5.288 +/- 0.039
time:  53.38 SPS: 207
664999 success 0.0 +/- 0.0
664999 eval steps mean 99.9 best 99 optimal 5
664999 eval return -3.062 +/- 0.067
time:  53.72 SPS: 207
669999 success 0.0 +/- 0.0
669999 eval steps mean 99.9 best 99 optimal 5
669999 eval return -3.128 +/- 0.137
time:  54.061 SPS: 208
674999 success 0.0 +/- 0.0
674999 eval steps mean 99.9 best 99 optimal 5
674999 eval return -2.99 +/- 0.0
680000
GOAL [13 11]
time:  54.515 SPS: 207
679999 success 0.0 +/- 0.0
679999 eval steps mean 99.9 best 99 optimal 10
679999 eval return -4.189 +/- 0.021
time:  55.228 SPS: 206
684999 success 0.0 +/- 0.0
684999 eval steps mean 99.9 best 99 optimal 10
684999 eval return -4.219 +/- 0.009
time:  55.676 SPS: 206
689999 success 0.0 +/- 0.0
689999 eval steps mean 99.9 best 99 optimal 10
689999 eval return -4.079 +/- 0.131
time:  56.098 SPS: 206
694999 success 1.0 +/- 0.0
694999 eval steps mean 10.9 best 10 optimal 10
694999 eval return 2.45 +/- 0.0
time:  56.434 SPS: 206
699999 success 1.0 +/- 0.0
699999 eval steps mean 10.9 best 10 optimal 10
699999 eval return 2.45 +/- 0.0
time:  56.772 SPS: 206
704999 success 1.0 +/- 0.0
704999 eval steps mean 10.9 best 10 optimal 10
704999 eval return 2.45 +/- 0.0
time:  57.11 SPS: 207
709999 success 1.0 +/- 0.0
709999 eval steps mean 11.0 best 10 optimal 10
709999 eval return 2.446 +/- 0.004
time:  57.457 SPS: 207
714999 success 1.0 +/- 0.0
714999 eval steps mean 10.9 best 10 optimal 10
714999 eval return 2.45 +/- 0.0
720000
GOAL [ 5 12]
time:  57.803 SPS: 207
719999 success 0.0 +/- 0.0
719999 eval steps mean 99.9 best 99 optimal 7
719999 eval return -10.855 +/- 0.065
time:  58.137 SPS: 207
724999 success 0.0 +/- 0.0
724999 eval steps mean 99.9 best 99 optimal 7
724999 eval return -8.869 +/- 0.008
time:  58.478 SPS: 208
729999 success 0.0 +/- 0.0
729999 eval steps mean 99.9 best 99 optimal 7
729999 eval return -9.28 +/- 0.69
time:  58.795 SPS: 208
734999 success 0.0 +/- 0.0
734999 eval steps mean 99.9 best 99 optimal 7
734999 eval return -8.608 +/- 0.035
time:  59.105 SPS: 208
739999 success 0.0 +/- 0.0
739999 eval steps mean 99.9 best 99 optimal 7
739999 eval return -8.742 +/- 0.12
time:  59.711 SPS: 207
744999 success 0.0 +/- 0.0
744999 eval steps mean 99.9 best 99 optimal 7
744999 eval return -6.996 +/- 0.051
time:  60.059 SPS: 208
749999 success 0.0 +/- 0.0
749999 eval steps mean 99.9 best 99 optimal 7
749999 eval return -6.871 +/- 0.04
time:  60.631 SPS: 207
754999 success 0.0 +/- 0.0
754999 eval steps mean 99.9 best 99 optimal 7
754999 eval return -6.841 +/- 0.048
760000
GOAL [8 3]
time:  60.993 SPS: 207
759999 success 0.0 +/- 0.0
759999 eval steps mean 99.9 best 99 optimal 5
759999 eval return -17.186 +/- 0.214
time:  61.427 SPS: 207
764999 success 0.0 +/- 0.0
764999 eval steps mean 99.9 best 99 optimal 5
764999 eval return -15.361 +/- 0.041
time:  61.779 SPS: 207
769999 success 1.0 +/- 0.0
769999 eval steps mean 16.3 best 15 optimal 5
769999 eval return 1.756 +/- 0.044
time:  62.182 SPS: 207
774999 success 1.0 +/- 0.0
774999 eval steps mean 16.3 best 15 optimal 5
774999 eval return 1.776 +/- 0.019
time:  62.518 SPS: 207
779999 success 1.0 +/- 0.0
779999 eval steps mean 15.9 best 15 optimal 5
779999 eval return 1.8 +/- 0.0
time:  62.853 SPS: 208
784999 success 1.0 +/- 0.0
784999 eval steps mean 16.1 best 15 optimal 5
784999 eval return 1.791 +/- 0.009
time:  63.186 SPS: 208
789999 success 1.0 +/- 0.0
789999 eval steps mean 15.9 best 15 optimal 5
789999 eval return 1.8 +/- 0.0
time:  63.52 SPS: 208
794999 success 1.0 +/- 0.0
794999 eval steps mean 15.9 best 15 optimal 5
794999 eval return 1.8 +/- 0.0
800000
GOAL [11 14]
time:  63.869 SPS: 208
799999 success 0.0 +/- 0.0
799999 eval steps mean 99.9 best 99 optimal 11
799999 eval return -19.093 +/- 0.038
done RL run. Time 64.00757243499974 min
