agent_dict keys dict_keys(['base_algorithm', 'learning_rate', 'num_envs', 'rollout_num_steps', 'gamma', 'gae_lambda', 'num_minibatches', 'update_epochs', 'minibatch_size', 'norm_adv', 'clip_coef', 'clip_vloss', 'ent_coef', 'vf_coef', 'max_grad_norm', 'rpo_alpha', 'parseval_reg', 'input_scale', 'learnable_input_scale', 'add_diag_layer', 'layer_norm', 'layer_norm_no_params', 'weight_decay', 'tuned_adam', 'perturb', 'perturb_dist', 'regen', 'regen_wasserstein', 'weight_init', 'net_width', 'net_activation', 'init_gain', 'parseval_norm', 'parseval_num_groups'])
env_dict keys dict_keys(['env', 'change_freq', 'seed', 'env_type'])
Start RL run!
{'base_algorithm': 'ppo_agent', 'learning_rate': 0.00025, 'num_envs': 1, 'rollout_num_steps': 128, 'gamma': 0.99, 'gae_lambda': 0.95, 'num_minibatches': 4, 'update_epochs': 4, 'minibatch_size': 32, 'norm_adv': True, 'clip_coef': 0.2, 'clip_vloss': True, 'ent_coef': 0.01, 'vf_coef': 0.5, 'max_grad_norm': 0.5, 'rpo_alpha': 0, 'parseval_reg': 0, 'input_scale': 1, 'learnable_input_scale': False, 'add_diag_layer': False, 'layer_norm': False, 'layer_norm_no_params': False, 'weight_decay': 0, 'tuned_adam': False, 'perturb': 0.0, 'perturb_dist': 'xavier', 'regen': 0.001, 'regen_wasserstein': True, 'weight_init': 'orthogonal', 'net_width': 64, 'net_activation': 'tanh', 'init_gain': None, 'parseval_norm': False, 'parseval_num_groups': 1, 'device': 'cpu'}
{'env': 'gridworld_ninerooms', 'change_freq': 40000, 'seed': 126, 'env_type': 'rl', 'local_run': False}
Running on gpu: False
Gridworld args () {'env': 'gridworld_ninerooms', 'change_freq': 40000, 'seed': 126, 'env_type': 'rl', 'local_run': False}
time:  0.057 SPS: 0
0 success 0.0 +/- 0.0
0 eval steps mean 99.9 best 99 optimal 10
0 eval return -14.406 +/- 0.761
time:  0.507 SPS: 164
4999 success 0.1 +/- 0.1
4999 eval steps mean 96.7 best 68 optimal 10
4999 eval return -11.186 +/- 1.267
time:  1.084 SPS: 153
9999 success 0.7 +/- 0.153
9999 eval steps mean 66.3 best 25 optimal 10
9999 eval return -5.008 +/- 1.715
time:  1.7 SPS: 147
14999 success 1.0 +/- 0.0
14999 eval steps mean 18.3 best 15 optimal 10
14999 eval return 1.775 +/- 0.048
time:  2.286 SPS: 145
19999 success 1.0 +/- 0.0
19999 eval steps mean 14.9 best 14 optimal 10
19999 eval return 1.95 +/- 0.0
time:  2.892 SPS: 144
24999 success 1.0 +/- 0.0
24999 eval steps mean 14.9 best 14 optimal 10
24999 eval return 1.95 +/- 0.0
time:  3.477 SPS: 143
29999 success 1.0 +/- 0.0
29999 eval steps mean 14.9 best 14 optimal 10
29999 eval return 1.95 +/- 0.0
time:  4.068 SPS: 143
34999 success 1.0 +/- 0.0
34999 eval steps mean 14.9 best 14 optimal 10
34999 eval return 1.95 +/- 0.0
40000
GOAL [12 14]
time:  4.681 SPS: 142
39999 success 0.0 +/- 0.0
39999 eval steps mean 99.9 best 99 optimal 12
39999 eval return -15.208 +/- 0.009
time:  5.254 SPS: 142
44999 success 0.0 +/- 0.0
44999 eval steps mean 99.9 best 99 optimal 12
44999 eval return -15.265 +/- 0.017
time:  5.838 SPS: 142
49999 success 0.0 +/- 0.0
49999 eval steps mean 99.9 best 99 optimal 12
49999 eval return -13.343 +/- 0.699
time:  6.453 SPS: 142
54999 success 0.0 +/- 0.0
54999 eval steps mean 99.9 best 99 optimal 12
54999 eval return -10.02 +/- 0.0
time:  7.086 SPS: 141
59999 success 0.0 +/- 0.0
59999 eval steps mean 99.9 best 99 optimal 12
59999 eval return -10.02 +/- 0.0
time:  7.718 SPS: 140
64999 success 0.0 +/- 0.0
64999 eval steps mean 99.9 best 99 optimal 12
64999 eval return -10.275 +/- 0.619
time:  8.361 SPS: 139
69999 success 0.0 +/- 0.0
69999 eval steps mean 99.9 best 99 optimal 12
69999 eval return -9.542 +/- 0.001
time:  9.124 SPS: 137
74999 success 0.0 +/- 0.0
74999 eval steps mean 99.9 best 99 optimal 12
74999 eval return -9.54 +/- 0.0
80000
GOAL [10 12]
time:  10.138 SPS: 131
79999 success 0.0 +/- 0.0
79999 eval steps mean 99.9 best 99 optimal 8
79999 eval return -9.54 +/- 0.0
time:  11.013 SPS: 128
84999 success 0.0 +/- 0.0
84999 eval steps mean 99.9 best 99 optimal 8
84999 eval return -9.538 +/- 0.002
time:  11.718 SPS: 128
89999 success 0.0 +/- 0.0
89999 eval steps mean 99.9 best 99 optimal 8
89999 eval return -9.769 +/- 0.231
time:  12.417 SPS: 127
94999 success 0.0 +/- 0.0
94999 eval steps mean 99.9 best 99 optimal 8
94999 eval return -9.538 +/- 0.002
time:  12.967 SPS: 128
99999 success 0.0 +/- 0.0
99999 eval steps mean 99.9 best 99 optimal 8
99999 eval return -9.54 +/- 0.0
time:  13.71 SPS: 127
104999 success 0.0 +/- 0.0
104999 eval steps mean 99.9 best 99 optimal 8
104999 eval return -7.839 +/- 0.211
time:  14.708 SPS: 124
109999 success 0.0 +/- 0.0
109999 eval steps mean 99.9 best 99 optimal 8
109999 eval return -7.157 +/- 0.006
time:  15.76 SPS: 121
114999 success 0.0 +/- 0.0
114999 eval steps mean 99.9 best 99 optimal 8
114999 eval return -7.15 +/- 0.0
120000
GOAL [12 14]
time:  16.315 SPS: 122
119999 success 0.0 +/- 0.0
119999 eval steps mean 99.9 best 99 optimal 12
119999 eval return -7.152 +/- 0.001
time:  17.312 SPS: 120
124999 success 0.0 +/- 0.0
124999 eval steps mean 99.9 best 99 optimal 12
124999 eval return -7.155 +/- 0.003
time:  18.284 SPS: 118
129999 success 0.0 +/- 0.0
129999 eval steps mean 99.9 best 99 optimal 12
129999 eval return -7.15 +/- 0.0
time:  19.773 SPS: 113
134999 success 0.0 +/- 0.0
134999 eval steps mean 99.9 best 99 optimal 12
134999 eval return -7.15 +/- 0.0
time:  20.536 SPS: 113
139999 success 0.0 +/- 0.0
139999 eval steps mean 99.9 best 99 optimal 12
139999 eval return -7.155 +/- 0.002
time:  21.103 SPS: 114
144999 success 0.0 +/- 0.0
144999 eval steps mean 99.9 best 99 optimal 12
144999 eval return -7.151 +/- 0.001
time:  21.862 SPS: 114
149999 success 0.0 +/- 0.0
149999 eval steps mean 99.9 best 99 optimal 12
149999 eval return -7.15 +/- 0.0
time:  23.676 SPS: 109
154999 success 0.0 +/- 0.0
154999 eval steps mean 99.9 best 99 optimal 12
154999 eval return -7.15 +/- 0.0
160000
GOAL [12  1]
time:  24.628 SPS: 108
159999 success 0.0 +/- 0.0
159999 eval steps mean 99.9 best 99 optimal 11
159999 eval return -9.968 +/- 0.001
time:  25.167 SPS: 109
164999 success 0.0 +/- 0.0
164999 eval steps mean 99.9 best 99 optimal 11
164999 eval return -9.97 +/- 0.0
time:  25.698 SPS: 110
169999 success 0.0 +/- 0.0
169999 eval steps mean 99.9 best 99 optimal 11
169999 eval return -9.969 +/- 0.001
time:  26.371 SPS: 110
174999 success 0.0 +/- 0.0
174999 eval steps mean 99.9 best 99 optimal 11
174999 eval return -9.969 +/- 0.001
time:  26.922 SPS: 111
179999 success 0.0 +/- 0.0
179999 eval steps mean 99.9 best 99 optimal 11
179999 eval return -5.711 +/- 0.773
time:  28.344 SPS: 108
184999 success 0.0 +/- 0.0
184999 eval steps mean 99.9 best 99 optimal 11
184999 eval return -4.486 +/- 0.589
time:  29.031 SPS: 109
189999 success 0.0 +/- 0.0
189999 eval steps mean 99.9 best 99 optimal 11
189999 eval return -5.029 +/- 0.772
time:  29.571 SPS: 109
194999 success 0.0 +/- 0.0
194999 eval steps mean 99.9 best 99 optimal 11
194999 eval return -3.82 +/- 0.003
200000
GOAL [10 11]
time:  30.292 SPS: 110
199999 success 0.0 +/- 0.0
199999 eval steps mean 99.9 best 99 optimal 7
199999 eval return -8.667 +/- 0.107
time:  31.171 SPS: 109
204999 success 0.0 +/- 0.0
204999 eval steps mean 99.9 best 99 optimal 7
204999 eval return -7.72 +/- 0.099
time:  32.266 SPS: 108
209999 success 0.0 +/- 0.0
209999 eval steps mean 99.9 best 99 optimal 7
209999 eval return -6.193 +/- 0.005
time:  33.022 SPS: 108
214999 success 0.0 +/- 0.0
214999 eval steps mean 99.9 best 99 optimal 7
214999 eval return -6.266 +/- 0.015
time:  33.969 SPS: 107
219999 success 0.0 +/- 0.0
219999 eval steps mean 99.9 best 99 optimal 7
219999 eval return -6.271 +/- 0.006
time:  34.506 SPS: 108
224999 success 0.0 +/- 0.0
224999 eval steps mean 99.9 best 99 optimal 7
224999 eval return -6.165 +/- 0.003
time:  35.041 SPS: 109
229999 success 0.0 +/- 0.0
229999 eval steps mean 99.9 best 99 optimal 7
229999 eval return -6.153 +/- 0.002
time:  36.025 SPS: 108
234999 success 0.0 +/- 0.0
234999 eval steps mean 99.9 best 99 optimal 7
234999 eval return -6.154 +/- 0.002
240000
GOAL [6 1]
time:  37.08 SPS: 107
239999 success 0.0 +/- 0.0
239999 eval steps mean 99.9 best 99 optimal 7
239999 eval return -15.949 +/- 0.001
time:  37.882 SPS: 107
244999 success 0.0 +/- 0.0
244999 eval steps mean 99.9 best 99 optimal 7
244999 eval return -15.096 +/- 0.135
time:  38.535 SPS: 108
249999 success 0.0 +/- 0.0
249999 eval steps mean 99.9 best 99 optimal 7
249999 eval return -8.661 +/- 0.41
time:  39.308 SPS: 108
254999 success 0.0 +/- 0.0
254999 eval steps mean 99.9 best 99 optimal 7
254999 eval return -6.521 +/- 0.055
time:  39.849 SPS: 108
259999 success 0.0 +/- 0.0
259999 eval steps mean 99.9 best 99 optimal 7
259999 eval return -6.414 +/- 0.023
time:  40.401 SPS: 109
264999 success 0.0 +/- 0.0
264999 eval steps mean 99.9 best 99 optimal 7
264999 eval return -6.379 +/- 0.021
time:  40.953 SPS: 109
269999 success 0.0 +/- 0.0
269999 eval steps mean 99.9 best 99 optimal 7
269999 eval return -6.378 +/- 0.012
time:  41.506 SPS: 110
274999 success 0.0 +/- 0.0
274999 eval steps mean 99.9 best 99 optimal 7
274999 eval return -6.449 +/- 0.027
280000
GOAL [5 2]
time:  42.067 SPS: 110
279999 success 0.0 +/- 0.0
279999 eval steps mean 99.9 best 99 optimal 7
279999 eval return -6.309 +/- 0.023
time:  42.611 SPS: 111
284999 success 0.0 +/- 0.0
284999 eval steps mean 99.9 best 99 optimal 7
284999 eval return -6.284 +/- 0.024
time:  43.155 SPS: 111
289999 success 0.0 +/- 0.0
289999 eval steps mean 99.9 best 99 optimal 7
289999 eval return -6.262 +/- 0.011
time:  43.782 SPS: 112
294999 success 0.0 +/- 0.0
294999 eval steps mean 99.9 best 99 optimal 7
294999 eval return -6.314 +/- 0.025
time:  44.345 SPS: 112
299999 success 0.0 +/- 0.0
299999 eval steps mean 99.9 best 99 optimal 7
299999 eval return -6.404 +/- 0.106
time:  45.511 SPS: 111
304999 success 0.0 +/- 0.0
304999 eval steps mean 99.9 best 99 optimal 7
304999 eval return -6.242 +/- 0.02
time:  46.061 SPS: 112
309999 success 0.0 +/- 0.0
309999 eval steps mean 99.9 best 99 optimal 7
309999 eval return -6.22 +/- 0.008
time:  46.609 SPS: 112
314999 success 0.0 +/- 0.0
314999 eval steps mean 99.9 best 99 optimal 7
314999 eval return -6.25 +/- 0.02
320000
GOAL [10  1]
time:  47.666 SPS: 111
319999 success 0.1 +/- 0.1
319999 eval steps mean 96.9 best 70 optimal 9
319999 eval return -1.963 +/- 0.345
time:  49.232 SPS: 110
324999 success 1.0 +/- 0.0
324999 eval steps mean 24.5 best 14 optimal 9
324999 eval return 1.92 +/- 0.044
time:  49.816 SPS: 110
329999 success 1.0 +/- 0.0
329999 eval steps mean 14.3 best 13 optimal 9
329999 eval return 2.084 +/- 0.004
time:  50.341 SPS: 110
334999 success 1.0 +/- 0.0
334999 eval steps mean 13.9 best 13 optimal 9
334999 eval return 2.09 +/- 0.0
time:  50.868 SPS: 111
339999 success 1.0 +/- 0.0
339999 eval steps mean 13.9 best 13 optimal 9
339999 eval return 2.09 +/- 0.0
time:  51.395 SPS: 111
344999 success 1.0 +/- 0.0
344999 eval steps mean 13.9 best 13 optimal 9
344999 eval return 2.09 +/- 0.0
time:  51.953 SPS: 112
349999 success 1.0 +/- 0.0
349999 eval steps mean 13.9 best 13 optimal 9
349999 eval return 2.09 +/- 0.0
time:  52.52 SPS: 112
354999 success 1.0 +/- 0.0
354999 eval steps mean 13.9 best 13 optimal 9
354999 eval return 2.09 +/- 0.0
360000
GOAL [ 8 10]
time:  53.067 SPS: 113
359999 success 0.0 +/- 0.0
359999 eval steps mean 99.9 best 99 optimal 4
359999 eval return -18.184 +/- 0.017
time:  53.615 SPS: 113
364999 success 0.0 +/- 0.0
364999 eval steps mean 99.9 best 99 optimal 4
364999 eval return -14.276 +/- 0.251
time:  54.109 SPS: 113
369999 success 0.0 +/- 0.0
369999 eval steps mean 99.9 best 99 optimal 4
369999 eval return -13.204 +/- 0.123
time:  54.608 SPS: 114
374999 success 0.0 +/- 0.0
374999 eval steps mean 99.9 best 99 optimal 4
374999 eval return -13.02 +/- 0.0
time:  55.492 SPS: 114
379999 success 0.0 +/- 0.0
379999 eval steps mean 99.9 best 99 optimal 4
379999 eval return -13.02 +/- 0.0
time:  56.309 SPS: 113
384999 success 0.0 +/- 0.0
384999 eval steps mean 99.9 best 99 optimal 4
384999 eval return -13.02 +/- 0.0
time:  57.166 SPS: 113
389999 success 0.0 +/- 0.0
389999 eval steps mean 99.9 best 99 optimal 4
389999 eval return -13.02 +/- 0.0
time:  57.776 SPS: 113
394999 success 0.0 +/- 0.0
394999 eval steps mean 99.9 best 99 optimal 4
394999 eval return -13.02 +/- 0.0
400000
GOAL [5 4]
time:  58.407 SPS: 114
399999 success 0.0 +/- 0.0
399999 eval steps mean 99.9 best 99 optimal 5
399999 eval return -15.96 +/- 0.0
time:  59.134 SPS: 114
404999 success 0.0 +/- 0.0
404999 eval steps mean 99.9 best 99 optimal 5
404999 eval return -15.96 +/- 0.0
time:  60.056 SPS: 113
409999 success 0.0 +/- 0.0
409999 eval steps mean 99.9 best 99 optimal 5
409999 eval return -15.864 +/- 0.096
time:  61.147 SPS: 113
414999 success 0.0 +/- 0.0
414999 eval steps mean 99.9 best 99 optimal 5
414999 eval return -15.96 +/- 0.0
time:  61.682 SPS: 113
419999 success 0.0 +/- 0.0
419999 eval steps mean 99.9 best 99 optimal 5
419999 eval return -15.96 +/- 0.0
time:  62.37 SPS: 113
424999 success 0.0 +/- 0.0
424999 eval steps mean 99.9 best 99 optimal 5
424999 eval return -9.144 +/- 0.018
time:  63.192 SPS: 113
429999 success 0.0 +/- 0.0
429999 eval steps mean 99.9 best 99 optimal 5
429999 eval return -9.133 +/- 0.011
time:  63.789 SPS: 113
434999 success 0.0 +/- 0.0
434999 eval steps mean 99.9 best 99 optimal 5
434999 eval return -9.147 +/- 0.025
440000
GOAL [11 14]
time:  64.593 SPS: 113
439999 success 0.0 +/- 0.0
439999 eval steps mean 99.9 best 99 optimal 11
439999 eval return -14.463 +/- 0.015
time:  65.936 SPS: 112
444999 success 0.0 +/- 0.0
444999 eval steps mean 99.9 best 99 optimal 11
444999 eval return -11.313 +/- 0.323
time:  66.672 SPS: 112
449999 success 0.0 +/- 0.0
449999 eval steps mean 99.9 best 99 optimal 11
449999 eval return -10.541 +/- 0.001
time:  67.217 SPS: 112
454999 success 0.0 +/- 0.0
454999 eval steps mean 99.9 best 99 optimal 11
454999 eval return -10.566 +/- 0.026
time:  67.77 SPS: 113
459999 success 0.0 +/- 0.0
459999 eval steps mean 99.9 best 99 optimal 11
459999 eval return -10.562 +/- 0.022
time:  68.581 SPS: 113
464999 success 0.0 +/- 0.0
464999 eval steps mean 99.9 best 99 optimal 11
464999 eval return -10.576 +/- 0.036
time:  69.229 SPS: 113
469999 success 0.0 +/- 0.0
469999 eval steps mean 99.9 best 99 optimal 11
469999 eval return -10.54 +/- 0.0
time:  69.774 SPS: 113
474999 success 0.0 +/- 0.0
474999 eval steps mean 99.9 best 99 optimal 11
474999 eval return -10.54 +/- 0.0
480000
GOAL [ 9 13]
time:  70.427 SPS: 113
479999 success 0.0 +/- 0.0
479999 eval steps mean 99.9 best 99 optimal 8
479999 eval return -11.54 +/- 0.0
time:  70.977 SPS: 113
484999 success 0.0 +/- 0.0
484999 eval steps mean 99.9 best 99 optimal 8
484999 eval return -11.547 +/- 0.007
time:  71.536 SPS: 114
489999 success 0.0 +/- 0.0
489999 eval steps mean 99.9 best 99 optimal 8
489999 eval return -11.535 +/- 0.003
time:  72.138 SPS: 114
494999 success 0.0 +/- 0.0
494999 eval steps mean 99.9 best 99 optimal 8
494999 eval return -10.11 +/- 0.004
time:  72.948 SPS: 114
499999 success 0.0 +/- 0.0
499999 eval steps mean 99.9 best 99 optimal 8
499999 eval return -9.151 +/- 0.001
time:  73.588 SPS: 114
504999 success 0.0 +/- 0.0
504999 eval steps mean 99.9 best 99 optimal 8
504999 eval return -9.155 +/- 0.002
time:  74.147 SPS: 114
509999 success 0.0 +/- 0.0
509999 eval steps mean 99.9 best 99 optimal 8
509999 eval return -9.165 +/- 0.007
time:  74.695 SPS: 114
514999 success 0.0 +/- 0.0
514999 eval steps mean 99.9 best 99 optimal 8
514999 eval return -9.154 +/- 0.002
520000
GOAL [13 13]
time:  75.252 SPS: 115
519999 success 0.0 +/- 0.0
519999 eval steps mean 99.9 best 99 optimal 12
519999 eval return -7.154 +/- 0.002
time:  75.78 SPS: 115
524999 success 0.0 +/- 0.0
524999 eval steps mean 99.9 best 99 optimal 12
524999 eval return -7.151 +/- 0.001
time:  76.278 SPS: 115
529999 success 0.0 +/- 0.0
529999 eval steps mean 99.9 best 99 optimal 12
529999 eval return -7.15 +/- 0.0
time:  76.73 SPS: 116
534999 success 0.0 +/- 0.0
534999 eval steps mean 99.9 best 99 optimal 12
534999 eval return -7.151 +/- 0.001
time:  77.171 SPS: 116
539999 success 0.0 +/- 0.0
539999 eval steps mean 99.9 best 99 optimal 12
539999 eval return -7.152 +/- 0.001
time:  77.621 SPS: 117
544999 success 0.0 +/- 0.0
544999 eval steps mean 99.9 best 99 optimal 12
544999 eval return -7.152 +/- 0.001
time:  78.052 SPS: 117
549999 success 0.0 +/- 0.0
549999 eval steps mean 99.9 best 99 optimal 12
549999 eval return -7.15 +/- 0.0
time:  78.472 SPS: 117
554999 success 0.0 +/- 0.0
554999 eval steps mean 99.9 best 99 optimal 12
554999 eval return -7.151 +/- 0.001
560000
GOAL [14  6]
time:  78.903 SPS: 118
559999 success 0.0 +/- 0.0
559999 eval steps mean 99.9 best 99 optimal 8
559999 eval return -6.966 +/- 0.003
time:  79.33 SPS: 118
564999 success 0.0 +/- 0.0
564999 eval steps mean 99.9 best 99 optimal 8
564999 eval return -4.578 +/- 0.016
time:  79.754 SPS: 119
569999 success 0.0 +/- 0.0
569999 eval steps mean 99.9 best 99 optimal 8
569999 eval return -4.198 +/- 0.022
time:  80.149 SPS: 119
574999 success 0.0 +/- 0.0
574999 eval steps mean 99.9 best 99 optimal 8
574999 eval return -4.11 +/- 0.0
time:  80.552 SPS: 120
579999 success 0.0 +/- 0.0
579999 eval steps mean 99.9 best 99 optimal 8
579999 eval return -4.112 +/- 0.001
time:  80.954 SPS: 120
584999 success 0.0 +/- 0.0
584999 eval steps mean 99.9 best 99 optimal 8
584999 eval return -4.112 +/- 0.001
time:  81.347 SPS: 120
589999 success 0.0 +/- 0.0
589999 eval steps mean 99.9 best 99 optimal 8
589999 eval return -4.11 +/- 0.0
time:  81.763 SPS: 121
594999 success 0.0 +/- 0.0
594999 eval steps mean 99.9 best 99 optimal 8
594999 eval return -4.128 +/- 0.012
600000
GOAL [ 8 13]
time:  82.189 SPS: 121
599999 success 0.0 +/- 0.0
599999 eval steps mean 99.9 best 99 optimal 7
599999 eval return -13.031 +/- 0.001
time:  82.597 SPS: 122
604999 success 0.0 +/- 0.0
604999 eval steps mean 99.9 best 99 optimal 7
604999 eval return -12.349 +/- 0.076
time:  82.998 SPS: 122
609999 success 0.0 +/- 0.0
609999 eval steps mean 99.9 best 99 optimal 7
609999 eval return -10.167 +/- 0.006
time:  83.412 SPS: 122
614999 success 0.0 +/- 0.0
614999 eval steps mean 99.9 best 99 optimal 7
614999 eval return -10.151 +/- 0.001
time:  83.816 SPS: 123
619999 success 0.0 +/- 0.0
619999 eval steps mean 99.9 best 99 optimal 7
619999 eval return -10.156 +/- 0.002
time:  84.233 SPS: 123
624999 success 0.0 +/- 0.0
624999 eval steps mean 99.9 best 99 optimal 7
624999 eval return -10.15 +/- 0.0
time:  84.632 SPS: 124
629999 success 0.0 +/- 0.0
629999 eval steps mean 99.9 best 99 optimal 7
629999 eval return -10.152 +/- 0.002
time:  85.028 SPS: 124
634999 success 0.0 +/- 0.0
634999 eval steps mean 99.9 best 99 optimal 7
634999 eval return -10.162 +/- 0.004
640000
GOAL [ 5 11]
time:  85.444 SPS: 124
639999 success 0.0 +/- 0.0
639999 eval steps mean 99.9 best 99 optimal 6
639999 eval return -13.095 +/- 0.002
time:  85.855 SPS: 125
644999 success 0.0 +/- 0.0
644999 eval steps mean 99.9 best 99 optimal 6
644999 eval return -13.091 +/- 0.001
time:  86.265 SPS: 125
649999 success 0.0 +/- 0.0
649999 eval steps mean 99.9 best 99 optimal 6
649999 eval return -13.09 +/- 0.0
time:  86.683 SPS: 125
654999 success 0.0 +/- 0.0
654999 eval steps mean 99.9 best 99 optimal 6
654999 eval return -13.091 +/- 0.001
time:  87.106 SPS: 126
659999 success 0.0 +/- 0.0
659999 eval steps mean 99.9 best 99 optimal 6
659999 eval return -13.098 +/- 0.002
time:  87.517 SPS: 126
664999 success 0.0 +/- 0.0
664999 eval steps mean 99.9 best 99 optimal 6
664999 eval return -13.092 +/- 0.001
time:  87.92 SPS: 127
669999 success 0.0 +/- 0.0
669999 eval steps mean 99.9 best 99 optimal 6
669999 eval return -13.092 +/- 0.001
time:  88.351 SPS: 127
674999 success 0.0 +/- 0.0
674999 eval steps mean 99.9 best 99 optimal 6
674999 eval return -13.09 +/- 0.0
680000
GOAL [14  5]
time:  88.772 SPS: 127
679999 success 0.0 +/- 0.0
679999 eval steps mean 99.9 best 99 optimal 9
679999 eval return -7.969 +/- 0.001
time:  89.163 SPS: 128
684999 success 0.0 +/- 0.0
684999 eval steps mean 99.9 best 99 optimal 9
684999 eval return -7.966 +/- 0.002
time:  89.591 SPS: 128
689999 success 0.0 +/- 0.0
689999 eval steps mean 99.9 best 99 optimal 9
689999 eval return -5.579 +/- 0.001
time:  90.022 SPS: 128
694999 success 0.0 +/- 0.0
694999 eval steps mean 99.9 best 99 optimal 9
694999 eval return -5.699 +/- 0.121
time:  90.436 SPS: 129
699999 success 0.0 +/- 0.0
699999 eval steps mean 99.9 best 99 optimal 9
699999 eval return -5.267 +/- 0.034
time:  90.84 SPS: 129
704999 success 0.0 +/- 0.0
704999 eval steps mean 99.9 best 99 optimal 9
704999 eval return -3.227 +/- 0.008
time:  91.23 SPS: 129
709999 success 0.0 +/- 0.0
709999 eval steps mean 99.9 best 99 optimal 9
709999 eval return -3.235 +/- 0.011
time:  91.632 SPS: 130
714999 success 0.0 +/- 0.0
714999 eval steps mean 99.9 best 99 optimal 9
714999 eval return -3.213 +/- 0.002
720000
GOAL [13  0]
time:  92.035 SPS: 130
719999 success 0.0 +/- 0.0
719999 eval steps mean 99.9 best 99 optimal 13
719999 eval return -7.211 +/- 0.001
time:  92.427 SPS: 130
724999 success 0.0 +/- 0.0
724999 eval steps mean 99.9 best 99 optimal 13
724999 eval return -7.258 +/- 0.01
time:  92.822 SPS: 131
729999 success 0.0 +/- 0.0
729999 eval steps mean 99.9 best 99 optimal 13
729999 eval return -7.212 +/- 0.001
time:  93.211 SPS: 131
734999 success 0.0 +/- 0.0
734999 eval steps mean 99.9 best 99 optimal 13
734999 eval return -7.267 +/- 0.009
time:  93.611 SPS: 131
739999 success 0.0 +/- 0.0
739999 eval steps mean 99.9 best 99 optimal 13
739999 eval return -7.333 +/- 0.012
time:  94.017 SPS: 132
744999 success 0.0 +/- 0.0
744999 eval steps mean 99.9 best 99 optimal 13
744999 eval return -7.231 +/- 0.005
time:  94.428 SPS: 132
749999 success 0.0 +/- 0.0
749999 eval steps mean 99.9 best 99 optimal 13
749999 eval return -7.231 +/- 0.002
time:  94.833 SPS: 132
754999 success 0.0 +/- 0.0
754999 eval steps mean 99.9 best 99 optimal 13
754999 eval return -7.222 +/- 0.004
760000
GOAL [ 8 10]
time:  95.224 SPS: 133
759999 success 0.0 +/- 0.0
759999 eval steps mean 99.9 best 99 optimal 4
759999 eval return -14.03 +/- 0.002
time:  95.607 SPS: 133
764999 success 0.0 +/- 0.0
764999 eval steps mean 99.9 best 99 optimal 4
764999 eval return -15.711 +/- 0.113
time:  95.973 SPS: 133
769999 success 0.0 +/- 0.0
769999 eval steps mean 99.9 best 99 optimal 4
769999 eval return -8.495 +/- 0.371
time:  96.326 SPS: 134
774999 success 0.0 +/- 0.0
774999 eval steps mean 99.9 best 99 optimal 4
774999 eval return -7.799 +/- 0.135
time:  96.673 SPS: 134
779999 success 0.0 +/- 0.0
779999 eval steps mean 99.9 best 99 optimal 4
779999 eval return -7.316 +/- 0.027
time:  97.023 SPS: 134
784999 success 0.0 +/- 0.0
784999 eval steps mean 99.9 best 99 optimal 4
784999 eval return -7.384 +/- 0.03
time:  97.363 SPS: 135
789999 success 0.0 +/- 0.0
789999 eval steps mean 99.9 best 99 optimal 4
789999 eval return -7.565 +/- 0.072
time:  97.721 SPS: 135
794999 success 0.0 +/- 0.0
794999 eval steps mean 99.9 best 99 optimal 4
794999 eval return -7.315 +/- 0.068
800000
GOAL [12 14]
time:  98.1 SPS: 135
799999 success 0.9 +/- 0.1
799999 eval steps mean 52.0 best 17 optimal 12
799999 eval return 0.77 +/- 0.473
done RL run. Time 98.17467854333323 min
