agent_dict keys dict_keys(['base_algorithm', 'learning_rate', 'num_envs', 'rollout_num_steps', 'gamma', 'gae_lambda', 'num_minibatches', 'update_epochs', 'minibatch_size', 'norm_adv', 'clip_coef', 'clip_vloss', 'ent_coef', 'vf_coef', 'max_grad_norm', 'rpo_alpha', 'parseval_reg', 'input_scale', 'learnable_input_scale', 'add_diag_layer', 'layer_norm', 'layer_norm_no_params', 'weight_decay', 'tuned_adam', 'perturb', 'perturb_dist', 'regen', 'regen_wasserstein', 'weight_init', 'net_width', 'net_activation', 'init_gain', 'parseval_norm', 'parseval_num_groups'])
env_dict keys dict_keys(['env', 'change_freq', 'seed', 'env_type'])
Start RL run!
{'base_algorithm': 'ppo_agent', 'learning_rate': 0.00025, 'num_envs': 1, 'rollout_num_steps': 128, 'gamma': 0.99, 'gae_lambda': 0.95, 'num_minibatches': 4, 'update_epochs': 4, 'minibatch_size': 32, 'norm_adv': True, 'clip_coef': 0.2, 'clip_vloss': True, 'ent_coef': 0.01, 'vf_coef': 0.5, 'max_grad_norm': 0.5, 'rpo_alpha': 0, 'parseval_reg': 0, 'input_scale': 1, 'learnable_input_scale': False, 'add_diag_layer': False, 'layer_norm': False, 'layer_norm_no_params': False, 'weight_decay': 0, 'tuned_adam': False, 'perturb': 0.0, 'perturb_dist': 'xavier', 'regen': 0.001, 'regen_wasserstein': True, 'weight_init': 'orthogonal', 'net_width': 64, 'net_activation': 'tanh', 'init_gain': None, 'parseval_norm': False, 'parseval_num_groups': 1, 'device': 'cpu'}
{'env': 'gridworld_ninerooms', 'change_freq': 40000, 'seed': 124, 'env_type': 'rl', 'local_run': False}
Running on gpu: False
Gridworld args () {'env': 'gridworld_ninerooms', 'change_freq': 40000, 'seed': 124, 'env_type': 'rl', 'local_run': False}
time:  0.054 SPS: 0
0 success 0.0 +/- 0.0
0 eval steps mean 99.9 best 99 optimal 10
0 eval return -9.837 +/- 0.831
time:  0.5 SPS: 166
4999 success 0.2 +/- 0.133
4999 eval steps mean 91.2 best 32 optimal 10
4999 eval return -6.115 +/- 1.013
time:  1.068 SPS: 156
9999 success 1.0 +/- 0.0
9999 eval steps mean 23.7 best 14 optimal 10
9999 eval return 1.748 +/- 0.166
time:  1.677 SPS: 149
14999 success 1.0 +/- 0.0
14999 eval steps mean 11.0 best 10 optimal 10
14999 eval return 2.446 +/- 0.004
time:  2.266 SPS: 147
19999 success 1.0 +/- 0.0
19999 eval steps mean 10.9 best 10 optimal 10
19999 eval return 2.45 +/- 0.0
time:  2.863 SPS: 145
24999 success 1.0 +/- 0.0
24999 eval steps mean 10.9 best 10 optimal 10
24999 eval return 2.45 +/- 0.0
time:  3.458 SPS: 144
29999 success 1.0 +/- 0.0
29999 eval steps mean 10.9 best 10 optimal 10
29999 eval return 2.45 +/- 0.0
time:  4.056 SPS: 143
34999 success 1.0 +/- 0.0
34999 eval steps mean 11.0 best 10 optimal 10
34999 eval return 2.446 +/- 0.004
40000
GOAL [12 11]
time:  4.673 SPS: 142
39999 success 1.0 +/- 0.0
39999 eval steps mean 9.9 best 9 optimal 9
39999 eval return 2.55 +/- 0.0
time:  5.275 SPS: 142
44999 success 1.0 +/- 0.0
44999 eval steps mean 9.9 best 9 optimal 9
44999 eval return 2.55 +/- 0.0
time:  5.882 SPS: 141
49999 success 1.0 +/- 0.0
49999 eval steps mean 9.9 best 9 optimal 9
49999 eval return 2.55 +/- 0.0
time:  6.487 SPS: 141
54999 success 1.0 +/- 0.0
54999 eval steps mean 9.9 best 9 optimal 9
54999 eval return 2.55 +/- 0.0
time:  7.102 SPS: 140
59999 success 1.0 +/- 0.0
59999 eval steps mean 9.9 best 9 optimal 9
59999 eval return 2.55 +/- 0.0
time:  7.72 SPS: 140
64999 success 1.0 +/- 0.0
64999 eval steps mean 9.9 best 9 optimal 9
64999 eval return 2.55 +/- 0.0
time:  8.336 SPS: 139
69999 success 1.0 +/- 0.0
69999 eval steps mean 9.9 best 9 optimal 9
69999 eval return 2.55 +/- 0.0
time:  8.968 SPS: 139
74999 success 1.0 +/- 0.0
74999 eval steps mean 9.9 best 9 optimal 9
74999 eval return 2.55 +/- 0.0
80000
GOAL [ 9 14]
time:  9.854 SPS: 135
79999 success 0.0 +/- 0.0
79999 eval steps mean 99.9 best 99 optimal 9
79999 eval return -9.017 +/- 0.017
time:  10.592 SPS: 133
84999 success 0.0 +/- 0.0
84999 eval steps mean 99.9 best 99 optimal 9
84999 eval return -7.023 +/- 0.034
time:  11.87 SPS: 126
89999 success 0.0 +/- 0.0
89999 eval steps mean 99.9 best 99 optimal 9
89999 eval return -6.925 +/- 0.045
time:  13.007 SPS: 121
94999 success 1.0 +/- 0.0
94999 eval steps mean 16.5 best 15 optimal 9
94999 eval return 1.77 +/- 0.021
time:  14.042 SPS: 118
99999 success 1.0 +/- 0.0
99999 eval steps mean 15.9 best 15 optimal 9
99999 eval return 1.8 +/- 0.0
time:  14.594 SPS: 119
104999 success 1.0 +/- 0.0
104999 eval steps mean 15.9 best 15 optimal 9
104999 eval return 1.8 +/- 0.0
time:  15.15 SPS: 121
109999 success 1.0 +/- 0.0
109999 eval steps mean 15.9 best 15 optimal 9
109999 eval return 1.8 +/- 0.0
time:  15.75 SPS: 121
114999 success 1.0 +/- 0.0
114999 eval steps mean 15.9 best 15 optimal 9
114999 eval return 1.8 +/- 0.0
120000
GOAL [11  9]
time:  16.287 SPS: 122
119999 success 1.0 +/- 0.0
119999 eval steps mean 6.9 best 6 optimal 6
119999 eval return 2.79 +/- 0.0
time:  16.801 SPS: 123
124999 success 1.0 +/- 0.0
124999 eval steps mean 6.9 best 6 optimal 6
124999 eval return 2.79 +/- 0.0
time:  17.593 SPS: 123
129999 success 1.0 +/- 0.0
129999 eval steps mean 6.9 best 6 optimal 6
129999 eval return 2.79 +/- 0.0
time:  18.387 SPS: 122
134999 success 1.0 +/- 0.0
134999 eval steps mean 6.9 best 6 optimal 6
134999 eval return 2.79 +/- 0.0
time:  19.177 SPS: 121
139999 success 1.0 +/- 0.0
139999 eval steps mean 6.9 best 6 optimal 6
139999 eval return 2.79 +/- 0.0
time:  20.051 SPS: 120
144999 success 1.0 +/- 0.0
144999 eval steps mean 6.9 best 6 optimal 6
144999 eval return 2.79 +/- 0.0
time:  20.9 SPS: 119
149999 success 1.0 +/- 0.0
149999 eval steps mean 6.9 best 6 optimal 6
149999 eval return 2.79 +/- 0.0
time:  21.453 SPS: 120
154999 success 1.0 +/- 0.0
154999 eval steps mean 6.9 best 6 optimal 6
154999 eval return 2.79 +/- 0.0
160000
GOAL [13 14]
time:  21.997 SPS: 121
159999 success 0.0 +/- 0.0
159999 eval steps mean 99.9 best 99 optimal 13
159999 eval return -7.905 +/- 0.003
time:  22.518 SPS: 122
164999 success 1.0 +/- 0.0
164999 eval steps mean 13.9 best 13 optimal 13
164999 eval return 2.09 +/- 0.0
time:  23.047 SPS: 122
169999 success 1.0 +/- 0.0
169999 eval steps mean 13.9 best 13 optimal 13
169999 eval return 2.09 +/- 0.0
time:  23.577 SPS: 123
174999 success 1.0 +/- 0.0
174999 eval steps mean 13.9 best 13 optimal 13
174999 eval return 2.09 +/- 0.0
time:  24.11 SPS: 124
179999 success 1.0 +/- 0.0
179999 eval steps mean 13.9 best 13 optimal 13
179999 eval return 2.09 +/- 0.0
time:  24.824 SPS: 124
184999 success 1.0 +/- 0.0
184999 eval steps mean 13.9 best 13 optimal 13
184999 eval return 2.09 +/- 0.0
time:  25.354 SPS: 124
189999 success 1.0 +/- 0.0
189999 eval steps mean 13.9 best 13 optimal 13
189999 eval return 2.09 +/- 0.0
time:  25.879 SPS: 125
194999 success 1.0 +/- 0.0
194999 eval steps mean 13.9 best 13 optimal 13
194999 eval return 2.09 +/- 0.0
200000
GOAL [14  8]
time:  26.416 SPS: 126
199999 success 0.0 +/- 0.0
199999 eval steps mean 99.9 best 99 optimal 8
199999 eval return -8.089 +/- 0.004
time:  27.053 SPS: 126
204999 success 0.0 +/- 0.0
204999 eval steps mean 99.9 best 99 optimal 8
204999 eval return -8.096 +/- 0.003
time:  27.601 SPS: 126
209999 success 0.0 +/- 0.0
209999 eval steps mean 99.9 best 99 optimal 8
209999 eval return -8.1 +/- 0.0
time:  28.152 SPS: 127
214999 success 0.0 +/- 0.0
214999 eval steps mean 99.9 best 99 optimal 8
214999 eval return -8.092 +/- 0.006
time:  28.701 SPS: 127
219999 success 0.0 +/- 0.0
219999 eval steps mean 99.9 best 99 optimal 8
219999 eval return -7.36 +/- 0.109
time:  29.245 SPS: 128
224999 success 0.0 +/- 0.0
224999 eval steps mean 99.9 best 99 optimal 8
224999 eval return -6.358 +/- 0.008
time:  30.616 SPS: 125
229999 success 0.0 +/- 0.0
229999 eval steps mean 99.9 best 99 optimal 8
229999 eval return -6.352 +/- 0.008
time:  31.173 SPS: 125
234999 success 0.0 +/- 0.0
234999 eval steps mean 99.9 best 99 optimal 8
234999 eval return -6.342 +/- 0.002
240000
GOAL [12  5]
time:  31.737 SPS: 126
239999 success 0.0 +/- 0.0
239999 eval steps mean 99.9 best 99 optimal 7
239999 eval return -7.243 +/- 0.002
time:  32.291 SPS: 126
244999 success 0.0 +/- 0.0
244999 eval steps mean 99.9 best 99 optimal 7
244999 eval return -5.535 +/- 0.005
time:  32.878 SPS: 126
249999 success 0.0 +/- 0.0
249999 eval steps mean 99.9 best 99 optimal 7
249999 eval return -5.52 +/- 0.0
time:  33.704 SPS: 126
254999 success 0.0 +/- 0.0
254999 eval steps mean 99.9 best 99 optimal 7
254999 eval return -5.52 +/- 0.0
time:  34.322 SPS: 126
259999 success 0.0 +/- 0.0
259999 eval steps mean 99.9 best 99 optimal 7
259999 eval return -5.52 +/- 0.0
time:  34.87 SPS: 126
264999 success 0.0 +/- 0.0
264999 eval steps mean 99.9 best 99 optimal 7
264999 eval return -5.604 +/- 0.084
time:  35.415 SPS: 127
269999 success 0.0 +/- 0.0
269999 eval steps mean 99.9 best 99 optimal 7
269999 eval return -5.52 +/- 0.0
time:  35.965 SPS: 127
274999 success 0.0 +/- 0.0
274999 eval steps mean 99.9 best 99 optimal 7
274999 eval return -5.52 +/- 0.0
280000
GOAL [8 4]
time:  36.552 SPS: 127
279999 success 0.0 +/- 0.0
279999 eval steps mean 99.9 best 99 optimal 4
279999 eval return -14.52 +/- 0.0
time:  37.549 SPS: 126
284999 success 0.0 +/- 0.0
284999 eval steps mean 99.9 best 99 optimal 4
284999 eval return -14.52 +/- 0.0
time:  39.013 SPS: 123
289999 success 0.0 +/- 0.0
289999 eval steps mean 99.9 best 99 optimal 4
289999 eval return -14.682 +/- 0.109
time:  39.569 SPS: 124
294999 success 0.0 +/- 0.0
294999 eval steps mean 99.9 best 99 optimal 4
294999 eval return -14.52 +/- 0.0
time:  40.12 SPS: 124
299999 success 0.0 +/- 0.0
299999 eval steps mean 99.9 best 99 optimal 4
299999 eval return -14.52 +/- 0.0
time:  40.669 SPS: 124
304999 success 0.0 +/- 0.0
304999 eval steps mean 99.9 best 99 optimal 4
304999 eval return -14.561 +/- 0.041
time:  41.216 SPS: 125
309999 success 0.0 +/- 0.0
309999 eval steps mean 99.9 best 99 optimal 4
309999 eval return -14.52 +/- 0.0
time:  41.762 SPS: 125
314999 success 0.0 +/- 0.0
314999 eval steps mean 99.9 best 99 optimal 4
314999 eval return -14.52 +/- 0.0
320000
GOAL [13  2]
time:  42.505 SPS: 125
319999 success 0.0 +/- 0.0
319999 eval steps mean 99.9 best 99 optimal 11
319999 eval return -9.524 +/- 0.003
time:  43.051 SPS: 125
324999 success 0.0 +/- 0.0
324999 eval steps mean 99.9 best 99 optimal 11
324999 eval return -9.52 +/- 0.0
time:  43.606 SPS: 126
329999 success 0.0 +/- 0.0
329999 eval steps mean 99.9 best 99 optimal 11
329999 eval return -9.52 +/- 0.0
time:  44.173 SPS: 126
334999 success 0.0 +/- 0.0
334999 eval steps mean 99.9 best 99 optimal 11
334999 eval return -9.52 +/- 0.0
time:  44.724 SPS: 126
339999 success 0.0 +/- 0.0
339999 eval steps mean 99.9 best 99 optimal 11
339999 eval return -9.52 +/- 0.0
time:  45.29 SPS: 126
344999 success 0.0 +/- 0.0
344999 eval steps mean 99.9 best 99 optimal 11
344999 eval return -9.52 +/- 0.0
time:  46.147 SPS: 126
349999 success 0.0 +/- 0.0
349999 eval steps mean 99.9 best 99 optimal 11
349999 eval return -9.52 +/- 0.0
time:  47.005 SPS: 125
354999 success 0.0 +/- 0.0
354999 eval steps mean 99.9 best 99 optimal 11
354999 eval return -9.52 +/- 0.0
360000
GOAL [10 14]
time:  47.565 SPS: 126
359999 success 0.0 +/- 0.0
359999 eval steps mean 99.9 best 99 optimal 10
359999 eval return -12.52 +/- 0.0
time:  48.259 SPS: 126
364999 success 0.0 +/- 0.0
364999 eval steps mean 99.9 best 99 optimal 10
364999 eval return -12.522 +/- 0.002
time:  49.097 SPS: 125
369999 success 0.0 +/- 0.0
369999 eval steps mean 99.9 best 99 optimal 10
369999 eval return -12.522 +/- 0.002
time:  50.241 SPS: 124
374999 success 0.0 +/- 0.0
374999 eval steps mean 99.9 best 99 optimal 10
374999 eval return -12.52 +/- 0.0
time:  51.214 SPS: 123
379999 success 0.0 +/- 0.0
379999 eval steps mean 99.9 best 99 optimal 10
379999 eval return -12.52 +/- 0.0
time:  51.936 SPS: 123
384999 success 0.0 +/- 0.0
384999 eval steps mean 99.9 best 99 optimal 10
384999 eval return -12.52 +/- 0.0
time:  52.51 SPS: 123
389999 success 0.0 +/- 0.0
389999 eval steps mean 99.9 best 99 optimal 10
389999 eval return -12.52 +/- 0.0
time:  53.289 SPS: 123
394999 success 0.0 +/- 0.0
394999 eval steps mean 99.9 best 99 optimal 10
394999 eval return -12.52 +/- 0.0
400000
GOAL [8 3]
time:  54.109 SPS: 123
399999 success 0.0 +/- 0.0
399999 eval steps mean 99.9 best 99 optimal 5
399999 eval return -13.52 +/- 0.0
time:  54.657 SPS: 123
404999 success 0.0 +/- 0.0
404999 eval steps mean 99.9 best 99 optimal 5
404999 eval return -13.52 +/- 0.0
time:  55.205 SPS: 123
409999 success 0.0 +/- 0.0
409999 eval steps mean 99.9 best 99 optimal 5
409999 eval return -13.528 +/- 0.005
time:  55.755 SPS: 124
414999 success 0.0 +/- 0.0
414999 eval steps mean 99.9 best 99 optimal 5
414999 eval return -13.52 +/- 0.0
time:  56.312 SPS: 124
419999 success 0.0 +/- 0.0
419999 eval steps mean 99.9 best 99 optimal 5
419999 eval return -13.52 +/- 0.0
time:  56.863 SPS: 124
424999 success 0.0 +/- 0.0
424999 eval steps mean 99.9 best 99 optimal 5
424999 eval return -13.52 +/- 0.0
time:  57.42 SPS: 124
429999 success 0.0 +/- 0.0
429999 eval steps mean 99.9 best 99 optimal 5
429999 eval return -13.52 +/- 0.0
time:  58.672 SPS: 123
434999 success 0.0 +/- 0.0
434999 eval steps mean 99.9 best 99 optimal 5
434999 eval return -13.52 +/- 0.0
440000
GOAL [11  9]
time:  59.229 SPS: 123
439999 success 0.0 +/- 0.0
439999 eval steps mean 99.9 best 99 optimal 6
439999 eval return -4.52 +/- 0.0
time:  59.803 SPS: 124
444999 success 0.0 +/- 0.0
444999 eval steps mean 99.9 best 99 optimal 6
444999 eval return -4.52 +/- 0.0
time:  60.353 SPS: 124
449999 success 1.0 +/- 0.0
449999 eval steps mean 18.1 best 7 optimal 6
449999 eval return 2.286 +/- 0.22
time:  60.881 SPS: 124
454999 success 1.0 +/- 0.0
454999 eval steps mean 6.9 best 6 optimal 6
454999 eval return 2.79 +/- 0.0
time:  61.592 SPS: 124
459999 success 1.0 +/- 0.0
459999 eval steps mean 6.9 best 6 optimal 6
459999 eval return 2.79 +/- 0.0
time:  62.567 SPS: 123
464999 success 1.0 +/- 0.0
464999 eval steps mean 6.9 best 6 optimal 6
464999 eval return 2.79 +/- 0.0
time:  63.251 SPS: 123
469999 success 1.0 +/- 0.0
469999 eval steps mean 6.9 best 6 optimal 6
469999 eval return 2.79 +/- 0.0
time:  64.003 SPS: 123
474999 success 1.0 +/- 0.0
474999 eval steps mean 6.9 best 6 optimal 6
474999 eval return 2.79 +/- 0.0
480000
GOAL [12 10]
time:  64.547 SPS: 123
479999 success 1.0 +/- 0.0
479999 eval steps mean 9.4 best 9 optimal 8
479999 eval return 2.63 +/- 0.003
time:  65.075 SPS: 124
484999 success 1.0 +/- 0.0
484999 eval steps mean 8.9 best 8 optimal 8
484999 eval return 2.64 +/- 0.0
time:  65.6 SPS: 124
489999 success 1.0 +/- 0.0
489999 eval steps mean 8.9 best 8 optimal 8
489999 eval return 2.64 +/- 0.0
time:  66.256 SPS: 124
494999 success 1.0 +/- 0.0
494999 eval steps mean 8.9 best 8 optimal 8
494999 eval return 2.64 +/- 0.0
time:  66.784 SPS: 124
499999 success 1.0 +/- 0.0
499999 eval steps mean 8.9 best 8 optimal 8
499999 eval return 2.64 +/- 0.0
time:  67.352 SPS: 124
504999 success 1.0 +/- 0.0
504999 eval steps mean 8.9 best 8 optimal 8
504999 eval return 2.64 +/- 0.0
time:  67.88 SPS: 125
509999 success 1.0 +/- 0.0
509999 eval steps mean 8.9 best 8 optimal 8
509999 eval return 2.64 +/- 0.0
time:  68.637 SPS: 125
514999 success 1.0 +/- 0.0
514999 eval steps mean 8.9 best 8 optimal 8
514999 eval return 2.64 +/- 0.0
520000
GOAL [9 0]
time:  69.329 SPS: 125
519999 success 0.0 +/- 0.0
519999 eval steps mean 99.9 best 99 optimal 9
519999 eval return -16.482 +/- 0.024
time:  69.862 SPS: 125
524999 success 0.0 +/- 0.0
524999 eval steps mean 99.9 best 99 optimal 9
524999 eval return -14.452 +/- 0.121
time:  71.207 SPS: 124
529999 success 0.0 +/- 0.0
529999 eval steps mean 99.9 best 99 optimal 9
529999 eval return -13.537 +/- 0.003
time:  71.985 SPS: 123
534999 success 0.0 +/- 0.0
534999 eval steps mean 99.9 best 99 optimal 9
534999 eval return -13.52 +/- 0.0
time:  72.535 SPS: 124
539999 success 0.0 +/- 0.0
539999 eval steps mean 99.9 best 99 optimal 9
539999 eval return -13.52 +/- 0.0
time:  73.131 SPS: 124
544999 success 0.0 +/- 0.0
544999 eval steps mean 99.9 best 99 optimal 9
544999 eval return -13.522 +/- 0.002
time:  73.759 SPS: 124
549999 success 0.0 +/- 0.0
549999 eval steps mean 99.9 best 99 optimal 9
549999 eval return -13.52 +/- 0.0
time:  74.323 SPS: 124
554999 success 0.0 +/- 0.0
554999 eval steps mean 99.9 best 99 optimal 9
554999 eval return -13.52 +/- 0.0
560000
GOAL [8 0]
time:  74.903 SPS: 124
559999 success 0.0 +/- 0.0
559999 eval steps mean 99.9 best 99 optimal 8
559999 eval return -14.52 +/- 0.0
time:  75.456 SPS: 124
564999 success 0.0 +/- 0.0
564999 eval steps mean 99.9 best 99 optimal 8
564999 eval return -14.52 +/- 0.0
time:  75.99 SPS: 125
569999 success 0.0 +/- 0.0
569999 eval steps mean 99.9 best 99 optimal 8
569999 eval return -14.52 +/- 0.0
time:  76.49 SPS: 125
574999 success 0.0 +/- 0.0
574999 eval steps mean 99.9 best 99 optimal 8
574999 eval return -14.52 +/- 0.0
time:  76.954 SPS: 125
579999 success 0.0 +/- 0.0
579999 eval steps mean 99.9 best 99 optimal 8
579999 eval return -14.52 +/- 0.0
time:  77.405 SPS: 125
584999 success 0.0 +/- 0.0
584999 eval steps mean 99.9 best 99 optimal 8
584999 eval return -14.52 +/- 0.0
time:  77.85 SPS: 126
589999 success 0.0 +/- 0.0
589999 eval steps mean 99.9 best 99 optimal 8
589999 eval return -14.52 +/- 0.0
time:  78.292 SPS: 126
594999 success 0.0 +/- 0.0
594999 eval steps mean 99.9 best 99 optimal 8
594999 eval return -14.52 +/- 0.0
600000
GOAL [ 9 14]
time:  78.719 SPS: 127
599999 success 0.0 +/- 0.0
599999 eval steps mean 99.9 best 99 optimal 9
599999 eval return -13.52 +/- 0.0
time:  79.151 SPS: 127
604999 success 0.0 +/- 0.0
604999 eval steps mean 99.9 best 99 optimal 9
604999 eval return -13.52 +/- 0.0
time:  79.573 SPS: 127
609999 success 0.0 +/- 0.0
609999 eval steps mean 99.9 best 99 optimal 9
609999 eval return -13.52 +/- 0.0
time:  79.997 SPS: 128
614999 success 0.0 +/- 0.0
614999 eval steps mean 99.9 best 99 optimal 9
614999 eval return -13.52 +/- 0.0
time:  80.412 SPS: 128
619999 success 0.0 +/- 0.0
619999 eval steps mean 99.9 best 99 optimal 9
619999 eval return -13.52 +/- 0.0
time:  80.84 SPS: 128
624999 success 0.0 +/- 0.0
624999 eval steps mean 99.9 best 99 optimal 9
624999 eval return -6.812 +/- 0.047
time:  81.267 SPS: 129
629999 success 0.0 +/- 0.0
629999 eval steps mean 99.9 best 99 optimal 9
629999 eval return -5.29 +/- 0.036
time:  81.705 SPS: 129
634999 success 1.0 +/- 0.0
634999 eval steps mean 19.7 best 15 optimal 9
634999 eval return 1.615 +/- 0.082
640000
GOAL [13  3]
time:  82.159 SPS: 129
639999 success 0.0 +/- 0.0
639999 eval steps mean 99.9 best 99 optimal 10
639999 eval return -14.104 +/- 0.016
time:  82.554 SPS: 130
644999 success 0.0 +/- 0.0
644999 eval steps mean 99.9 best 99 optimal 10
644999 eval return -10.462 +/- 0.044
time:  82.992 SPS: 130
649999 success 0.0 +/- 0.0
649999 eval steps mean 99.9 best 99 optimal 10
649999 eval return -8.888 +/- 0.002
time:  83.416 SPS: 130
654999 success 0.0 +/- 0.0
654999 eval steps mean 99.9 best 99 optimal 10
654999 eval return -8.647 +/- 0.015
time:  83.826 SPS: 131
659999 success 0.0 +/- 0.0
659999 eval steps mean 99.9 best 99 optimal 10
659999 eval return -8.426 +/- 0.003
time:  84.24 SPS: 131
664999 success 0.0 +/- 0.0
664999 eval steps mean 99.9 best 99 optimal 10
664999 eval return -8.426 +/- 0.003
time:  84.653 SPS: 131
669999 success 0.0 +/- 0.0
669999 eval steps mean 99.9 best 99 optimal 10
669999 eval return -8.422 +/- 0.002
time:  85.062 SPS: 132
674999 success 0.0 +/- 0.0
674999 eval steps mean 99.9 best 99 optimal 10
674999 eval return -8.422 +/- 0.002
680000
GOAL [14  6]
time:  85.477 SPS: 132
679999 success 0.0 +/- 0.0
679999 eval steps mean 99.9 best 99 optimal 8
679999 eval return -6.42 +/- 0.0
time:  85.876 SPS: 132
684999 success 1.0 +/- 0.0
684999 eval steps mean 9.2 best 8 optimal 8
684999 eval return 2.622 +/- 0.017
time:  86.279 SPS: 133
689999 success 1.0 +/- 0.0
689999 eval steps mean 8.9 best 8 optimal 8
689999 eval return 2.64 +/- 0.0
time:  86.656 SPS: 133
694999 success 1.0 +/- 0.0
694999 eval steps mean 8.9 best 8 optimal 8
694999 eval return 2.64 +/- 0.0
time:  87.05 SPS: 134
699999 success 1.0 +/- 0.0
699999 eval steps mean 8.9 best 8 optimal 8
699999 eval return 2.64 +/- 0.0
time:  87.451 SPS: 134
704999 success 1.0 +/- 0.0
704999 eval steps mean 8.9 best 8 optimal 8
704999 eval return 2.64 +/- 0.0
time:  87.847 SPS: 134
709999 success 1.0 +/- 0.0
709999 eval steps mean 8.9 best 8 optimal 8
709999 eval return 2.64 +/- 0.0
time:  88.241 SPS: 135
714999 success 1.0 +/- 0.0
714999 eval steps mean 8.9 best 8 optimal 8
714999 eval return 2.64 +/- 0.0
720000
GOAL [6 4]
time:  88.684 SPS: 135
719999 success 0.0 +/- 0.0
719999 eval steps mean 99.9 best 99 optimal 4
719999 eval return -13.348 +/- 0.055
time:  89.062 SPS: 135
724999 success 0.0 +/- 0.0
724999 eval steps mean 99.9 best 99 optimal 4
724999 eval return -13.6 +/- 0.159
time:  89.44 SPS: 136
729999 success 0.0 +/- 0.0
729999 eval steps mean 99.9 best 99 optimal 4
729999 eval return -13.131 +/- 0.001
time:  89.816 SPS: 136
734999 success 0.0 +/- 0.0
734999 eval steps mean 99.9 best 99 optimal 4
734999 eval return -13.131 +/- 0.001
time:  90.177 SPS: 136
739999 success 0.0 +/- 0.0
739999 eval steps mean 99.9 best 99 optimal 4
739999 eval return -13.13 +/- 0.0
time:  90.555 SPS: 137
744999 success 0.0 +/- 0.0
744999 eval steps mean 99.9 best 99 optimal 4
744999 eval return -11.929 +/- 0.12
time:  90.938 SPS: 137
749999 success 0.0 +/- 0.0
749999 eval steps mean 99.9 best 99 optimal 4
749999 eval return -11.422 +/- 0.087
time:  91.306 SPS: 137
754999 success 0.0 +/- 0.0
754999 eval steps mean 99.9 best 99 optimal 4
754999 eval return -11.356 +/- 0.062
760000
GOAL [10  4]
time:  91.673 SPS: 138
759999 success 0.0 +/- 0.0
759999 eval steps mean 99.9 best 99 optimal 6
759999 eval return -5.084 +/- 0.016
time:  92.072 SPS: 138
764999 success 0.0 +/- 0.0
764999 eval steps mean 99.9 best 99 optimal 6
764999 eval return -3.811 +/- 0.006
time:  92.49 SPS: 138
769999 success 0.0 +/- 0.0
769999 eval steps mean 99.9 best 99 optimal 6
769999 eval return -3.884 +/- 0.018
time:  92.913 SPS: 139
774999 success 0.0 +/- 0.0
774999 eval steps mean 99.9 best 99 optimal 6
774999 eval return -3.819 +/- 0.002
time:  93.309 SPS: 139
779999 success 0.0 +/- 0.0
779999 eval steps mean 99.9 best 99 optimal 6
779999 eval return -3.834 +/- 0.004
time:  93.713 SPS: 139
784999 success 0.0 +/- 0.0
784999 eval steps mean 99.9 best 99 optimal 6
784999 eval return -3.848 +/- 0.004
time:  94.145 SPS: 139
789999 success 0.0 +/- 0.0
789999 eval steps mean 99.9 best 99 optimal 6
789999 eval return -3.868 +/- 0.007
time:  94.564 SPS: 140
794999 success 0.0 +/- 0.0
794999 eval steps mean 99.9 best 99 optimal 6
794999 eval return -3.906 +/- 0.003
800000
GOAL [14  5]
time:  94.991 SPS: 140
799999 success 0.0 +/- 0.0
799999 eval steps mean 99.9 best 99 optimal 9
799999 eval return -1.75 +/- 0.004
done RL run. Time 95.09851693000043 min
