agent_dict keys dict_keys(['base_algorithm', 'learning_rate', 'num_envs', 'rollout_num_steps', 'gamma', 'gae_lambda', 'num_minibatches', 'update_epochs', 'minibatch_size', 'norm_adv', 'clip_coef', 'clip_vloss', 'ent_coef', 'vf_coef', 'max_grad_norm', 'rpo_alpha', 'parseval_reg', 'input_scale', 'learnable_input_scale', 'add_diag_layer', 'layer_norm', 'layer_norm_no_params', 'weight_decay', 'tuned_adam', 'perturb', 'perturb_dist', 'regen', 'regen_wasserstein', 'weight_init', 'net_width', 'net_activation', 'init_gain', 'parseval_norm', 'parseval_num_groups'])
env_dict keys dict_keys(['env', 'change_freq', 'seed', 'env_type'])
Start RL run!
{'base_algorithm': 'ppo_agent', 'learning_rate': 0.00025, 'num_envs': 1, 'rollout_num_steps': 128, 'gamma': 0.99, 'gae_lambda': 0.95, 'num_minibatches': 4, 'update_epochs': 4, 'minibatch_size': 32, 'norm_adv': True, 'clip_coef': 0.2, 'clip_vloss': True, 'ent_coef': 0.01, 'vf_coef': 0.5, 'max_grad_norm': 0.5, 'rpo_alpha': 0, 'parseval_reg': 0, 'input_scale': 1, 'learnable_input_scale': False, 'add_diag_layer': False, 'layer_norm': False, 'layer_norm_no_params': False, 'weight_decay': 0, 'tuned_adam': False, 'perturb': 0.0, 'perturb_dist': 'xavier', 'regen': 0.001, 'regen_wasserstein': True, 'weight_init': 'orthogonal', 'net_width': 64, 'net_activation': 'tanh', 'init_gain': None, 'parseval_norm': False, 'parseval_num_groups': 1, 'device': 'cpu'}
{'env': 'gridworld_ninerooms', 'change_freq': 40000, 'seed': 125, 'env_type': 'rl', 'local_run': False}
Running on gpu: False
Gridworld args () {'env': 'gridworld_ninerooms', 'change_freq': 40000, 'seed': 125, 'env_type': 'rl', 'local_run': False}
time:  0.054 SPS: 0
0 success 0.0 +/- 0.0
0 eval steps mean 99.9 best 99 optimal 6
0 eval return -13.722 +/- 0.385
time:  0.523 SPS: 159
4999 success 0.0 +/- 0.0
4999 eval steps mean 99.9 best 99 optimal 6
4999 eval return -12.855 +/- 0.529
time:  1.105 SPS: 150
9999 success 0.4 +/- 0.163
9999 eval steps mean 88.2 best 62 optimal 6
9999 eval return -7.155 +/- 1.541
time:  1.723 SPS: 145
14999 success 1.0 +/- 0.0
14999 eval steps mean 27.9 best 16 optimal 6
14999 eval return 1.05 +/- 0.186
time:  2.313 SPS: 144
19999 success 1.0 +/- 0.0
19999 eval steps mean 15.5 best 14 optimal 6
19999 eval return 1.913 +/- 0.022
time:  2.909 SPS: 143
24999 success 1.0 +/- 0.0
24999 eval steps mean 15.2 best 14 optimal 6
24999 eval return 1.936 +/- 0.01
time:  3.506 SPS: 142
29999 success 1.0 +/- 0.0
29999 eval steps mean 14.9 best 14 optimal 6
29999 eval return 1.95 +/- 0.0
time:  4.109 SPS: 141
34999 success 1.0 +/- 0.0
34999 eval steps mean 15.0 best 14 optimal 6
34999 eval return 1.941 +/- 0.009
40000
GOAL [10  2]
time:  4.734 SPS: 140
39999 success 0.0 +/- 0.0
39999 eval steps mean 99.9 best 99 optimal 8
39999 eval return -18.588 +/- 0.106
time:  5.351 SPS: 140
44999 success 0.0 +/- 0.0
44999 eval steps mean 99.9 best 99 optimal 8
44999 eval return -16.602 +/- 0.279
time:  5.965 SPS: 139
49999 success 0.0 +/- 0.0
49999 eval steps mean 99.9 best 99 optimal 8
49999 eval return -13.494 +/- 0.193
time:  6.591 SPS: 139
54999 success 0.0 +/- 0.0
54999 eval steps mean 99.9 best 99 optimal 8
54999 eval return -12.096 +/- 0.12
time:  7.239 SPS: 138
59999 success 0.0 +/- 0.0
59999 eval steps mean 99.9 best 99 optimal 8
59999 eval return -10.432 +/- 0.255
time:  7.864 SPS: 137
64999 success 0.0 +/- 0.0
64999 eval steps mean 99.9 best 99 optimal 8
64999 eval return -9.796 +/- 0.201
time:  8.467 SPS: 137
69999 success 0.1 +/- 0.1
69999 eval steps mean 97.9 best 80 optimal 8
69999 eval return -7.539 +/- 0.711
time:  9.084 SPS: 137
74999 success 0.1 +/- 0.1
74999 eval steps mean 96.6 best 67 optimal 8
74999 eval return -7.206 +/- 0.637
80000
GOAL [7 1]
time:  9.734 SPS: 136
79999 success 0.2 +/- 0.133
79999 eval steps mean 94.9 best 61 optimal 6
79999 eval return -4.908 +/- 0.633
time:  10.324 SPS: 137
84999 success 0.6 +/- 0.163
84999 eval steps mean 73.2 best 32 optimal 6
84999 eval return -2.415 +/- 0.929
time:  11.112 SPS: 134
89999 success 1.0 +/- 0.0
89999 eval steps mean 17.9 best 16 optimal 6
89999 eval return 1.604 +/- 0.023
time:  11.668 SPS: 135
94999 success 1.0 +/- 0.0
94999 eval steps mean 17.2 best 17 optimal 6
94999 eval return 1.632 +/- 0.006
time:  12.196 SPS: 136
99999 success 1.0 +/- 0.0
99999 eval steps mean 17.3 best 17 optimal 6
99999 eval return 1.608 +/- 0.021
time:  12.722 SPS: 137
104999 success 1.0 +/- 0.0
104999 eval steps mean 16.9 best 16 optimal 6
104999 eval return 1.64 +/- 0.0
time:  13.25 SPS: 138
109999 success 1.0 +/- 0.0
109999 eval steps mean 16.9 best 16 optimal 6
109999 eval return 1.64 +/- 0.0
time:  13.882 SPS: 138
114999 success 1.0 +/- 0.0
114999 eval steps mean 16.9 best 16 optimal 6
114999 eval return 1.64 +/- 0.0
120000
GOAL [ 6 11]
time:  14.802 SPS: 135
119999 success 0.0 +/- 0.0
119999 eval steps mean 99.9 best 99 optimal 5
119999 eval return -20.657 +/- 0.066
time:  15.552 SPS: 133
124999 success 0.0 +/- 0.0
124999 eval steps mean 99.9 best 99 optimal 5
124999 eval return -17.356 +/- 0.335
time:  16.194 SPS: 133
129999 success 0.0 +/- 0.0
129999 eval steps mean 99.9 best 99 optimal 5
129999 eval return -14.51 +/- 0.024
time:  16.738 SPS: 134
134999 success 0.0 +/- 0.0
134999 eval steps mean 99.9 best 99 optimal 5
134999 eval return -11.584 +/- 0.459
time:  17.282 SPS: 135
139999 success 0.0 +/- 0.0
139999 eval steps mean 99.9 best 99 optimal 5
139999 eval return -10.568 +/- 0.052
time:  17.835 SPS: 135
144999 success 0.0 +/- 0.0
144999 eval steps mean 99.9 best 99 optimal 5
144999 eval return -10.665 +/- 0.045
time:  18.38 SPS: 136
149999 success 0.0 +/- 0.0
149999 eval steps mean 99.9 best 99 optimal 5
149999 eval return -10.62 +/- 0.0
time:  18.96 SPS: 136
154999 success 0.0 +/- 0.0
154999 eval steps mean 99.9 best 99 optimal 5
154999 eval return -10.62 +/- 0.0
160000
GOAL [ 8 13]
time:  19.528 SPS: 136
159999 success 0.0 +/- 0.0
159999 eval steps mean 99.9 best 99 optimal 7
159999 eval return -12.6 +/- 0.0
time:  20.53 SPS: 133
164999 success 0.0 +/- 0.0
164999 eval steps mean 99.9 best 99 optimal 7
164999 eval return -12.754 +/- 0.154
time:  21.705 SPS: 130
169999 success 0.0 +/- 0.0
169999 eval steps mean 99.9 best 99 optimal 7
169999 eval return -12.82 +/- 0.22
time:  22.249 SPS: 131
174999 success 0.0 +/- 0.0
174999 eval steps mean 99.9 best 99 optimal 7
174999 eval return -12.218 +/- 0.382
time:  22.85 SPS: 131
179999 success 0.0 +/- 0.0
179999 eval steps mean 99.9 best 99 optimal 7
179999 eval return -12.6 +/- 0.0
time:  23.586 SPS: 130
184999 success 0.0 +/- 0.0
184999 eval steps mean 99.9 best 99 optimal 7
184999 eval return -12.6 +/- 0.0
time:  24.505 SPS: 129
189999 success 0.0 +/- 0.0
189999 eval steps mean 99.9 best 99 optimal 7
189999 eval return -12.6 +/- 0.0
time:  25.991 SPS: 125
194999 success 0.0 +/- 0.0
194999 eval steps mean 99.9 best 99 optimal 7
194999 eval return -12.6 +/- 0.0
200000
GOAL [13  1]
time:  26.62 SPS: 125
199999 success 0.0 +/- 0.0
199999 eval steps mean 99.9 best 99 optimal 12
199999 eval return -17.766 +/- 0.017
time:  27.171 SPS: 125
204999 success 0.0 +/- 0.0
204999 eval steps mean 99.9 best 99 optimal 12
204999 eval return -11.96 +/- 0.04
time:  27.714 SPS: 126
209999 success 0.0 +/- 0.0
209999 eval steps mean 99.9 best 99 optimal 12
209999 eval return -11.053 +/- 0.015
time:  28.257 SPS: 126
214999 success 0.0 +/- 0.0
214999 eval steps mean 99.9 best 99 optimal 12
214999 eval return -11.051 +/- 0.012
time:  28.793 SPS: 127
219999 success 0.0 +/- 0.0
219999 eval steps mean 99.9 best 99 optimal 12
219999 eval return -11.074 +/- 0.009
time:  29.326 SPS: 127
224999 success 0.0 +/- 0.0
224999 eval steps mean 99.9 best 99 optimal 12
224999 eval return -11.052 +/- 0.015
time:  29.877 SPS: 128
229999 success 0.0 +/- 0.0
229999 eval steps mean 99.9 best 99 optimal 12
229999 eval return -11.091 +/- 0.015
time:  30.425 SPS: 128
234999 success 0.0 +/- 0.0
234999 eval steps mean 99.9 best 99 optimal 12
234999 eval return -11.022 +/- 0.014
240000
GOAL [10 11]
time:  30.984 SPS: 129
239999 success 0.0 +/- 0.0
239999 eval steps mean 99.9 best 99 optimal 7
239999 eval return -19.222 +/- 0.024
time:  31.705 SPS: 128
244999 success 0.0 +/- 0.0
244999 eval steps mean 99.9 best 99 optimal 7
244999 eval return -17.377 +/- 0.012
time:  32.227 SPS: 129
249999 success 0.0 +/- 0.0
249999 eval steps mean 99.9 best 99 optimal 7
249999 eval return -7.539 +/- 1.161
time:  33.179 SPS: 128
254999 success 0.0 +/- 0.0
254999 eval steps mean 99.9 best 99 optimal 7
254999 eval return -3.932 +/- 0.012
time:  34.715 SPS: 124
259999 success 0.0 +/- 0.0
259999 eval steps mean 99.9 best 99 optimal 7
259999 eval return -3.935 +/- 0.031
time:  35.282 SPS: 125
264999 success 0.0 +/- 0.0
264999 eval steps mean 99.9 best 99 optimal 7
264999 eval return -3.856 +/- 0.019
time:  35.833 SPS: 125
269999 success 0.0 +/- 0.0
269999 eval steps mean 99.9 best 99 optimal 7
269999 eval return -4.022 +/- 0.042
time:  36.384 SPS: 125
274999 success 0.0 +/- 0.0
274999 eval steps mean 99.9 best 99 optimal 7
274999 eval return -3.837 +/- 0.014
280000
GOAL [ 6 11]
time:  36.943 SPS: 126
279999 success 0.0 +/- 0.0
279999 eval steps mean 99.9 best 99 optimal 5
279999 eval return -3.939 +/- 0.019
time:  38.072 SPS: 124
284999 success 0.7 +/- 0.153
284999 eval steps mean 79.2 best 22 optimal 5
284999 eval return -0.303 +/- 0.565
time:  38.833 SPS: 124
289999 success 1.0 +/- 0.0
289999 eval steps mean 16.5 best 15 optimal 5
289999 eval return 1.791 +/- 0.005
time:  39.513 SPS: 124
294999 success 1.0 +/- 0.0
294999 eval steps mean 16.1 best 15 optimal 5
294999 eval return 1.791 +/- 0.009
time:  40.087 SPS: 124
299999 success 1.0 +/- 0.0
299999 eval steps mean 16.1 best 15 optimal 5
299999 eval return 1.789 +/- 0.011
time:  41.457 SPS: 122
304999 success 1.0 +/- 0.0
304999 eval steps mean 15.9 best 15 optimal 5
304999 eval return 1.8 +/- 0.0
time:  41.984 SPS: 123
309999 success 1.0 +/- 0.0
309999 eval steps mean 15.9 best 15 optimal 5
309999 eval return 1.8 +/- 0.0
time:  42.518 SPS: 123
314999 success 1.0 +/- 0.0
314999 eval steps mean 15.9 best 15 optimal 5
314999 eval return 1.8 +/- 0.0
320000
GOAL [5 4]
time:  43.063 SPS: 123
319999 success 0.0 +/- 0.0
319999 eval steps mean 99.9 best 99 optimal 5
319999 eval return -18.558 +/- 0.016
time:  43.611 SPS: 124
324999 success 0.0 +/- 0.0
324999 eval steps mean 99.9 best 99 optimal 5
324999 eval return -20.14 +/- 0.237
time:  44.173 SPS: 124
329999 success 0.0 +/- 0.0
329999 eval steps mean 99.9 best 99 optimal 5
329999 eval return -15.269 +/- 0.849
time:  44.699 SPS: 124
334999 success 0.0 +/- 0.0
334999 eval steps mean 99.9 best 99 optimal 5
334999 eval return -13.09 +/- 0.004
time:  45.35 SPS: 124
339999 success 0.0 +/- 0.0
339999 eval steps mean 99.9 best 99 optimal 5
339999 eval return -13.081 +/- 0.001
time:  45.873 SPS: 125
344999 success 0.0 +/- 0.0
344999 eval steps mean 99.9 best 99 optimal 5
344999 eval return -13.438 +/- 0.357
time:  46.395 SPS: 125
349999 success 0.0 +/- 0.0
349999 eval steps mean 99.9 best 99 optimal 5
349999 eval return -13.08 +/- 0.0
time:  47.042 SPS: 125
354999 success 0.0 +/- 0.0
354999 eval steps mean 99.9 best 99 optimal 5
354999 eval return -13.031 +/- 0.001
360000
GOAL [9 0]
time:  47.996 SPS: 125
359999 success 0.0 +/- 0.0
359999 eval steps mean 99.9 best 99 optimal 9
359999 eval return -16.967 +/- 0.002
time:  48.919 SPS: 124
364999 success 0.0 +/- 0.0
364999 eval steps mean 99.9 best 99 optimal 9
364999 eval return -16.482 +/- 0.002
time:  50.026 SPS: 123
369999 success 0.0 +/- 0.0
369999 eval steps mean 99.9 best 99 optimal 9
369999 eval return -16.48 +/- 0.0
time:  50.573 SPS: 123
374999 success 0.0 +/- 0.0
374999 eval steps mean 99.9 best 99 optimal 9
374999 eval return -16.48 +/- 0.0
time:  51.119 SPS: 123
379999 success 0.0 +/- 0.0
379999 eval steps mean 99.9 best 99 optimal 9
379999 eval return -16.48 +/- 0.0
time:  51.748 SPS: 123
384999 success 0.0 +/- 0.0
384999 eval steps mean 99.9 best 99 optimal 9
384999 eval return -16.48 +/- 0.0
time:  52.32 SPS: 124
389999 success 0.0 +/- 0.0
389999 eval steps mean 99.9 best 99 optimal 9
389999 eval return -16.48 +/- 0.0
time:  53.32 SPS: 123
394999 success 0.0 +/- 0.0
394999 eval steps mean 99.9 best 99 optimal 9
394999 eval return -16.48 +/- 0.0
400000
GOAL [12  4]
time:  54.128 SPS: 123
399999 success 0.0 +/- 0.0
399999 eval steps mean 99.9 best 99 optimal 8
399999 eval return -10.46 +/- 0.0
time:  54.677 SPS: 123
404999 success 0.0 +/- 0.0
404999 eval steps mean 99.9 best 99 optimal 8
404999 eval return -10.458 +/- 0.002
time:  55.233 SPS: 123
409999 success 0.0 +/- 0.0
409999 eval steps mean 99.9 best 99 optimal 8
409999 eval return -10.46 +/- 0.0
time:  55.781 SPS: 123
414999 success 0.0 +/- 0.0
414999 eval steps mean 99.9 best 99 optimal 8
414999 eval return -10.46 +/- 0.0
time:  56.368 SPS: 124
419999 success 0.0 +/- 0.0
419999 eval steps mean 99.9 best 99 optimal 8
419999 eval return -10.46 +/- 0.0
time:  57.087 SPS: 124
424999 success 0.0 +/- 0.0
424999 eval steps mean 99.9 best 99 optimal 8
424999 eval return -10.46 +/- 0.0
time:  58.318 SPS: 122
429999 success 0.0 +/- 0.0
429999 eval steps mean 99.9 best 99 optimal 8
429999 eval return -10.46 +/- 0.0
time:  58.874 SPS: 123
434999 success 0.0 +/- 0.0
434999 eval steps mean 99.9 best 99 optimal 8
434999 eval return -10.46 +/- 0.0
440000
GOAL [10  0]
time:  59.441 SPS: 123
439999 success 0.0 +/- 0.0
439999 eval steps mean 99.9 best 99 optimal 10
439999 eval return -16.46 +/- 0.0
time:  59.993 SPS: 123
444999 success 0.0 +/- 0.0
444999 eval steps mean 99.9 best 99 optimal 10
444999 eval return -16.46 +/- 0.0
time:  60.55 SPS: 123
449999 success 0.0 +/- 0.0
449999 eval steps mean 99.9 best 99 optimal 10
449999 eval return -16.46 +/- 0.0
time:  61.109 SPS: 124
454999 success 0.0 +/- 0.0
454999 eval steps mean 99.9 best 99 optimal 10
454999 eval return -16.46 +/- 0.0
time:  61.655 SPS: 124
459999 success 0.0 +/- 0.0
459999 eval steps mean 99.9 best 99 optimal 10
459999 eval return -16.57 +/- 0.11
time:  62.222 SPS: 124
464999 success 0.0 +/- 0.0
464999 eval steps mean 99.9 best 99 optimal 10
464999 eval return -16.46 +/- 0.0
time:  62.782 SPS: 124
469999 success 0.0 +/- 0.0
469999 eval steps mean 99.9 best 99 optimal 10
469999 eval return -16.46 +/- 0.0
time:  63.873 SPS: 123
474999 success 0.0 +/- 0.0
474999 eval steps mean 99.9 best 99 optimal 10
474999 eval return -16.425 +/- 0.037
480000
GOAL [14 11]
time:  64.606 SPS: 123
479999 success 0.0 +/- 0.0
479999 eval steps mean 99.9 best 99 optimal 11
479999 eval return -13.302 +/- 0.158
time:  65.431 SPS: 123
484999 success 0.0 +/- 0.0
484999 eval steps mean 99.9 best 99 optimal 11
484999 eval return -13.46 +/- 0.0
time:  66.401 SPS: 122
489999 success 0.0 +/- 0.0
489999 eval steps mean 99.9 best 99 optimal 11
489999 eval return -13.46 +/- 0.0
time:  67.25 SPS: 122
494999 success 0.0 +/- 0.0
494999 eval steps mean 99.9 best 99 optimal 11
494999 eval return -13.46 +/- 0.0
time:  68.114 SPS: 122
499999 success 0.0 +/- 0.0
499999 eval steps mean 99.9 best 99 optimal 11
499999 eval return -13.46 +/- 0.0
time:  68.867 SPS: 122
504999 success 0.0 +/- 0.0
504999 eval steps mean 99.9 best 99 optimal 11
504999 eval return -10.086 +/- 0.019
time:  69.551 SPS: 122
509999 success 0.0 +/- 0.0
509999 eval steps mean 99.9 best 99 optimal 11
509999 eval return -10.06 +/- 0.0
time:  70.098 SPS: 122
514999 success 0.0 +/- 0.0
514999 eval steps mean 99.9 best 99 optimal 11
514999 eval return -10.137 +/- 0.06
520000
GOAL [10  0]
time:  70.649 SPS: 122
519999 success 0.0 +/- 0.0
519999 eval steps mean 99.9 best 99 optimal 10
519999 eval return -20.155 +/- 0.007
time:  71.175 SPS: 122
524999 success 0.0 +/- 0.0
524999 eval steps mean 99.9 best 99 optimal 10
524999 eval return -17.315 +/- 0.2
time:  71.783 SPS: 123
529999 success 0.0 +/- 0.0
529999 eval steps mean 99.9 best 99 optimal 10
529999 eval return -15.97 +/- 0.084
time:  72.526 SPS: 122
534999 success 0.0 +/- 0.0
534999 eval steps mean 99.9 best 99 optimal 10
534999 eval return -15.164 +/- 0.002
time:  73.193 SPS: 122
539999 success 0.0 +/- 0.0
539999 eval steps mean 99.9 best 99 optimal 10
539999 eval return -15.164 +/- 0.003
time:  73.727 SPS: 123
544999 success 0.0 +/- 0.0
544999 eval steps mean 99.9 best 99 optimal 10
544999 eval return -15.162 +/- 0.002
time:  74.259 SPS: 123
549999 success 0.0 +/- 0.0
549999 eval steps mean 99.9 best 99 optimal 10
549999 eval return -14.176 +/- 0.062
time:  74.813 SPS: 123
554999 success 0.0 +/- 0.0
554999 eval steps mean 99.9 best 99 optimal 10
554999 eval return -14.742 +/- 0.794
560000
GOAL [13  0]
time:  75.386 SPS: 123
559999 success 0.0 +/- 0.0
559999 eval steps mean 99.9 best 99 optimal 13
559999 eval return -16.669 +/- 0.005
time:  75.915 SPS: 124
564999 success 0.0 +/- 0.0
564999 eval steps mean 99.9 best 99 optimal 13
564999 eval return -16.711 +/- 0.052
time:  76.418 SPS: 124
569999 success 0.0 +/- 0.0
569999 eval steps mean 99.9 best 99 optimal 13
569999 eval return -16.515 +/- 0.174
time:  76.871 SPS: 124
574999 success 0.0 +/- 0.0
574999 eval steps mean 99.9 best 99 optimal 13
574999 eval return -16.651 +/- 0.023
time:  77.323 SPS: 125
579999 success 0.0 +/- 0.0
579999 eval steps mean 99.9 best 99 optimal 13
579999 eval return -15.46 +/- 0.0
time:  77.77 SPS: 125
584999 success 0.0 +/- 0.0
584999 eval steps mean 99.9 best 99 optimal 13
584999 eval return -15.46 +/- 0.0
time:  78.201 SPS: 125
589999 success 0.0 +/- 0.0
589999 eval steps mean 99.9 best 99 optimal 13
589999 eval return -15.46 +/- 0.0
time:  78.627 SPS: 126
594999 success 0.0 +/- 0.0
594999 eval steps mean 99.9 best 99 optimal 13
594999 eval return -15.46 +/- 0.0
600000
GOAL [12 11]
time:  79.064 SPS: 126
599999 success 0.0 +/- 0.0
599999 eval steps mean 99.9 best 99 optimal 9
599999 eval return -11.949 +/- 0.365
time:  79.503 SPS: 126
604999 success 0.0 +/- 0.0
604999 eval steps mean 99.9 best 99 optimal 9
604999 eval return -11.46 +/- 0.0
time:  79.922 SPS: 127
609999 success 0.0 +/- 0.0
609999 eval steps mean 99.9 best 99 optimal 9
609999 eval return -11.46 +/- 0.0
time:  80.352 SPS: 127
614999 success 0.0 +/- 0.0
614999 eval steps mean 99.9 best 99 optimal 9
614999 eval return -11.46 +/- 0.0
time:  80.786 SPS: 127
619999 success 0.0 +/- 0.0
619999 eval steps mean 99.9 best 99 optimal 9
619999 eval return -11.46 +/- 0.0
time:  81.215 SPS: 128
624999 success 0.0 +/- 0.0
624999 eval steps mean 99.9 best 99 optimal 9
624999 eval return -11.46 +/- 0.0
time:  81.644 SPS: 128
629999 success 0.0 +/- 0.0
629999 eval steps mean 99.9 best 99 optimal 9
629999 eval return -11.46 +/- 0.0
time:  82.095 SPS: 128
634999 success 0.0 +/- 0.0
634999 eval steps mean 99.9 best 99 optimal 9
634999 eval return -11.46 +/- 0.0
640000
GOAL [10  7]
time:  82.532 SPS: 129
639999 success 0.0 +/- 0.0
639999 eval steps mean 99.9 best 99 optimal 3
639999 eval return -5.46 +/- 0.0
time:  82.956 SPS: 129
644999 success 0.0 +/- 0.0
644999 eval steps mean 99.9 best 99 optimal 3
644999 eval return -5.46 +/- 0.0
time:  83.359 SPS: 129
649999 success 0.0 +/- 0.0
649999 eval steps mean 99.9 best 99 optimal 3
649999 eval return -5.46 +/- 0.0
time:  83.791 SPS: 130
654999 success 0.0 +/- 0.0
654999 eval steps mean 99.9 best 99 optimal 3
654999 eval return -5.46 +/- 0.0
time:  84.202 SPS: 130
659999 success 0.0 +/- 0.0
659999 eval steps mean 99.9 best 99 optimal 3
659999 eval return -5.46 +/- 0.0
time:  84.605 SPS: 131
664999 success 0.0 +/- 0.0
664999 eval steps mean 99.9 best 99 optimal 3
664999 eval return -5.46 +/- 0.0
time:  84.999 SPS: 131
669999 success 0.0 +/- 0.0
669999 eval steps mean 99.9 best 99 optimal 3
669999 eval return -5.46 +/- 0.0
time:  85.394 SPS: 131
674999 success 0.0 +/- 0.0
674999 eval steps mean 99.9 best 99 optimal 3
674999 eval return -5.46 +/- 0.0
680000
GOAL [12  8]
time:  85.806 SPS: 132
679999 success 0.0 +/- 0.0
679999 eval steps mean 99.9 best 99 optimal 6
679999 eval return -8.46 +/- 0.0
time:  86.21 SPS: 132
684999 success 0.0 +/- 0.0
684999 eval steps mean 99.9 best 99 optimal 6
684999 eval return -8.46 +/- 0.0
time:  86.607 SPS: 132
689999 success 0.0 +/- 0.0
689999 eval steps mean 99.9 best 99 optimal 6
689999 eval return -8.46 +/- 0.0
time:  87.013 SPS: 133
694999 success 0.0 +/- 0.0
694999 eval steps mean 99.9 best 99 optimal 6
694999 eval return -8.46 +/- 0.0
time:  87.414 SPS: 133
699999 success 0.0 +/- 0.0
699999 eval steps mean 99.9 best 99 optimal 6
699999 eval return -8.46 +/- 0.0
time:  87.822 SPS: 133
704999 success 0.0 +/- 0.0
704999 eval steps mean 99.9 best 99 optimal 6
704999 eval return -8.46 +/- 0.0
time:  88.242 SPS: 134
709999 success 0.0 +/- 0.0
709999 eval steps mean 99.9 best 99 optimal 6
709999 eval return -8.46 +/- 0.0
time:  88.65 SPS: 134
714999 success 0.0 +/- 0.0
714999 eval steps mean 99.9 best 99 optimal 6
714999 eval return -8.46 +/- 0.0
720000
GOAL [ 6 13]
time:  89.084 SPS: 134
719999 success 0.0 +/- 0.0
719999 eval steps mean 99.9 best 99 optimal 7
719999 eval return -12.54 +/- 0.0
time:  89.534 SPS: 134
724999 success 0.0 +/- 0.0
724999 eval steps mean 99.9 best 99 optimal 7
724999 eval return -12.542 +/- 0.002
time:  89.957 SPS: 135
729999 success 0.0 +/- 0.0
729999 eval steps mean 99.9 best 99 optimal 7
729999 eval return -12.54 +/- 0.0
time:  90.36 SPS: 135
734999 success 0.0 +/- 0.0
734999 eval steps mean 99.9 best 99 optimal 7
734999 eval return -12.907 +/- 0.367
time:  90.767 SPS: 135
739999 success 0.0 +/- 0.0
739999 eval steps mean 99.9 best 99 optimal 7
739999 eval return -12.54 +/- 0.0
time:  91.17 SPS: 136
744999 success 0.0 +/- 0.0
744999 eval steps mean 99.9 best 99 optimal 7
744999 eval return -12.54 +/- 0.0
time:  91.589 SPS: 136
749999 success 0.0 +/- 0.0
749999 eval steps mean 99.9 best 99 optimal 7
749999 eval return -12.54 +/- 0.0
time:  92.005 SPS: 136
754999 success 0.0 +/- 0.0
754999 eval steps mean 99.9 best 99 optimal 7
754999 eval return -12.54 +/- 0.0
760000
GOAL [ 7 10]
time:  92.429 SPS: 137
759999 success 0.0 +/- 0.0
759999 eval steps mean 99.9 best 99 optimal 3
759999 eval return -14.54 +/- 0.0
time:  92.841 SPS: 137
764999 success 0.0 +/- 0.0
764999 eval steps mean 99.9 best 99 optimal 3
764999 eval return -14.54 +/- 0.0
time:  93.259 SPS: 137
769999 success 0.0 +/- 0.0
769999 eval steps mean 99.9 best 99 optimal 3
769999 eval return -14.54 +/- 0.0
time:  93.682 SPS: 137
774999 success 0.0 +/- 0.0
774999 eval steps mean 99.9 best 99 optimal 3
774999 eval return -14.54 +/- 0.0
time:  94.101 SPS: 138
779999 success 0.0 +/- 0.0
779999 eval steps mean 99.9 best 99 optimal 3
779999 eval return -14.54 +/- 0.0
time:  94.532 SPS: 138
784999 success 0.0 +/- 0.0
784999 eval steps mean 99.9 best 99 optimal 3
784999 eval return -14.54 +/- 0.0
time:  94.936 SPS: 138
789999 success 0.0 +/- 0.0
789999 eval steps mean 99.9 best 99 optimal 3
789999 eval return -14.54 +/- 0.0
time:  95.331 SPS: 138
794999 success 0.0 +/- 0.0
794999 eval steps mean 99.9 best 99 optimal 3
794999 eval return -14.54 +/- 0.0
800000
GOAL [12 11]
time:  95.741 SPS: 139
799999 success 0.0 +/- 0.0
799999 eval steps mean 99.9 best 99 optimal 9
799999 eval return -11.46 +/- 0.0
done RL run. Time 95.83311676000012 min
