D:\anaconda\envs\parseval-carl\lib\site-packages\carl\envs\__init__.py:42: UserWarning: Module brax not found. If you want to use these environments, please follow the installation guide.
  warnings.warn(
D:\anaconda\envs\parseval-carl\lib\site-packages\carl\envs\__init__.py:42: UserWarning: Module py4j not found. If you want to use these environments, please follow the installation guide.
  warnings.warn(
D:\anaconda\envs\parseval-carl\lib\site-packages\carl\envs\__init__.py:42: UserWarning: Module distance not found. If you want to use these environments, please follow the installation guide.
  warnings.warn(
D:\anaconda\envs\parseval-carl\lib\site-packages\carl\__init__.py:55: UserWarning: Module py4j not found. If you want to use these environments,
                    please follow the installation guide.
  warnings.warn(
Gym has been unmaintained since 2022 and does not support NumPy 2.0 amongst other critical functionality.
Please upgrade to Gymnasium, the maintained drop-in replacement of Gym, or contact the authors of your software and request that they upgrade.
Users of this version of Gym should be able to simply replace 'import gym' with 'import gymnasium as gym' in the vast majority of cases.
See the migration guide at https://gymnasium.farama.org/introduction/migration_guide/ for additional information.
D:\anaconda\envs\parseval-carl\lib\site-packages\gymnasium\core.py:311: UserWarning: [33mWARN: env.num_envs to get variables from other wrappers is deprecated and will be removed in v1.0, to get this variable you can do `env.unwrapped.num_envs` for environment variables or `env.get_wrapper_attr('num_envs')` that will search the reminding wrappers.[0m
  logger.warn(
D:\anaconda\envs\parseval-carl\lib\site-packages\gymnasium\core.py:311: UserWarning: [33mWARN: env.is_vector_env to get variables from other wrappers is deprecated and will be removed in v1.0, to get this variable you can do `env.unwrapped.is_vector_env` for environment variables or `env.get_wrapper_attr('is_vector_env')` that will search the reminding wrappers.[0m
  logger.warn(
D:\anaconda\envs\parseval-carl\lib\site-packages\gymnasium\core.py:311: UserWarning: [33mWARN: env.num_envs to get variables from other wrappers is deprecated and will be removed in v1.0, to get this variable you can do `env.unwrapped.num_envs` for environment variables or `env.get_wrapper_attr('num_envs')` that will search the reminding wrappers.[0m
  logger.warn(
D:\anaconda\envs\parseval-carl\lib\site-packages\gymnasium\core.py:311: UserWarning: [33mWARN: env.is_vector_env to get variables from other wrappers is deprecated and will be removed in v1.0, to get this variable you can do `env.unwrapped.is_vector_env` for environment variables or `env.get_wrapper_attr('is_vector_env')` that will search the reminding wrappers.[0m
  logger.warn(
agent_dict keys dict_keys(['base_algorithm', 'learning_rate', 'num_envs', 'rollout_num_steps', 'gamma', 'gae_lambda', 'num_minibatches', 'update_epochs', 'minibatch_size', 'norm_adv', 'clip_coef', 'clip_vloss', 'ent_coef', 'vf_coef', 'max_grad_norm', 'parseval_reg', 'layer_norm', 'layer_norm_no_params', 'weight_decay', 'tuned_adam', 'perturb', 'perturb_dist', 'weight_init', 'net_width', 'net_activation', 'init_gain', 'parseval_num_groups'])
env_dict keys dict_keys(['env', 'change_freq', 'seed', 'base_task_name', 'env_type'])
Start RL run!
{'base_algorithm': 'ppo_agent', 'learning_rate': 0.0003, 'num_envs': 1, 'rollout_num_steps': 128, 'gamma': 0.99, 'gae_lambda': 0.95, 'num_minibatches': 4, 'update_epochs': 4, 'minibatch_size': 32, 'norm_adv': True, 'clip_coef': 0.2, 'clip_vloss': True, 'ent_coef': 0.0001, 'vf_coef': 0.5, 'max_grad_norm': 0.5, 'parseval_reg': 0, 'layer_norm': False, 'layer_norm_no_params': False, 'weight_decay': 0, 'tuned_adam': False, 'perturb': 0.0, 'perturb_dist': 'xavier', 'weight_init': 'orthogonal', 'net_width': 64, 'net_activation': 'tanh', 'init_gain': None, 'parseval_num_groups': 1, 'device': 'cpu'}
{'env': 'carl_sequence_lunarlander_0', 'change_freq': 500000, 'seed': 125, 'base_task_name': 'lunarlander_0', 'env_type': 'rl', 'local_run': False}
Running on gpu: False
{'GRAVITY_Y': 0.9134575551055222, 'MAIN_ENGINE_POWER': 1.3575946831862098, 'SIDE_ENGINE_POWER': 1.301381688035822, 'INITIAL_RANDOM': 1.0448831829968968, 'GRAVITY_X': -2.0}
TASK 1  225 lunarlander_0
time:  0.032 SPS: 0
0 eval return -229.2449951171875 +/- 36.186
time:  0.448 SPS: 930
24999 eval return -132.9720001220703 +/- 11.612
time:  1.026 SPS: 811
49999 eval return 51.08599853515625 +/- 28.905
time:  1.717 SPS: 727
74999 eval return 141.4409942626953 +/- 24.405
time:  2.439 SPS: 683
99999 eval return 82.9469985961914 +/- 41.37
time:  3.078 SPS: 676
124999 eval return 148.98300170898438 +/- 28.158
time:  3.741 SPS: 668
149999 eval return 197.11700439453125 +/- 14.783
time:  4.402 SPS: 662
174999 eval return 199.0570068359375 +/- 12.486
time:  5.114 SPS: 651
199999 eval return 99.73500061035156 +/- 28.842
time:  5.709 SPS: 656
224999 eval return 152.36199951171875 +/- 29.799
time:  6.37 SPS: 654
249999 eval return 166.61700439453125 +/- 33.008
time:  7.054 SPS: 649
274999 eval return 108.51899719238281 +/- 50.513
time:  7.672 SPS: 651
299999 eval return 201.58700561523438 +/- 25.185
time:  8.324 SPS: 650
324999 eval return 227.0709991455078 +/- 29.683
time:  8.97 SPS: 650
349999 eval return 180.19700622558594 +/- 32.003
time:  9.626 SPS: 649
374999 eval return 114.00599670410156 +/- 43.309
time:  10.254 SPS: 650
399999 eval return 157.572998046875 +/- 44.486
time:  10.904 SPS: 649
424999 eval return 107.68399810791016 +/- 48.838
time:  11.569 SPS: 648
449999 eval return 93.00800323486328 +/- 40.38
time:  12.199 SPS: 648
474999 eval return 89.12300109863281 +/- 46.525
{'GRAVITY_Y': 0.22628391667242345, 'MAIN_ENGINE_POWER': 1.416309922773969, 'SIDE_ENGINE_POWER': 1.3890783754749252, 'INITIAL_RANDOM': 1.3700121482468193, 'GRAVITY_X': 0.0}
TASK 2  325 lunarlander_0
time:  12.814 SPS: 650
499999 eval return 75.52400207519531 +/- 40.161
time:  13.412 SPS: 652
524999 eval return 154.7239990234375 +/- 54.169
time:  13.966 SPS: 656
549999 eval return 119.91200256347656 +/- 57.955
time:  14.541 SPS: 659
574999 eval return 3.7290000915527344 +/- 65.532
time:  15.11 SPS: 661
599999 eval return 41.00400161743164 +/- 67.75
time:  15.654 SPS: 665
624999 eval return -22.926000595092773 +/- 66.079
time:  16.193 SPS: 669
649999 eval return 15.21399974822998 +/- 70.636
time:  16.729 SPS: 672
674999 eval return 97.54299926757812 +/- 66.777
time:  17.269 SPS: 675
699999 eval return 179.58200073242188 +/- 56.899
time:  17.828 SPS: 677
724999 eval return 99.34500122070312 +/- 81.344
time:  18.369 SPS: 680
749999 eval return 191.73699951171875 +/- 44.032
time:  18.918 SPS: 682
774999 eval return 145.7689971923828 +/- 53.81
time:  19.49 SPS: 684
799999 eval return 106.6719970703125 +/- 51.466
time:  20.032 SPS: 686
824999 eval return 17.033000946044922 +/- 62.67
time:  20.567 SPS: 688
849999 eval return 72.79000091552734 +/- 57.061
time:  21.125 SPS: 690
874999 eval return 26.150999069213867 +/- 57.901
time:  21.682 SPS: 691
899999 eval return -31.875999450683594 +/- 69.962
time:  22.212 SPS: 694
924999 eval return 74.65599822998047 +/- 69.244
time:  22.756 SPS: 695
949999 eval return 130.18499755859375 +/- 59.49
time:  23.297 SPS: 697
974999 eval return 132.80099487304688 +/- 59.446
{'GRAVITY_Y': 1.4722038449025932, 'MAIN_ENGINE_POWER': 1.3995792821083617, 'SIDE_ENGINE_POWER': 1.230739681126466, 'INITIAL_RANDOM': 1.2805291762864555, 'GRAVITY_X': 2.0}
TASK 3  425 lunarlander_0
time:  23.837 SPS: 699
999999 eval return -136.4010009765625 +/- 29.148
done RL run. Time 23.84288567499995 min
