D:\anaconda\envs\parseval-carl\lib\site-packages\carl\envs\__init__.py:42: UserWarning: Module brax not found. If you want to use these environments, please follow the installation guide.
  warnings.warn(
D:\anaconda\envs\parseval-carl\lib\site-packages\carl\envs\__init__.py:42: UserWarning: Module py4j not found. If you want to use these environments, please follow the installation guide.
  warnings.warn(
D:\anaconda\envs\parseval-carl\lib\site-packages\carl\envs\__init__.py:42: UserWarning: Module distance not found. If you want to use these environments, please follow the installation guide.
  warnings.warn(
D:\anaconda\envs\parseval-carl\lib\site-packages\carl\__init__.py:55: UserWarning: Module py4j not found. If you want to use these environments,
                    please follow the installation guide.
  warnings.warn(
Gym has been unmaintained since 2022 and does not support NumPy 2.0 amongst other critical functionality.
Please upgrade to Gymnasium, the maintained drop-in replacement of Gym, or contact the authors of your software and request that they upgrade.
Users of this version of Gym should be able to simply replace 'import gym' with 'import gymnasium as gym' in the vast majority of cases.
See the migration guide at https://gymnasium.farama.org/introduction/migration_guide/ for additional information.
D:\anaconda\envs\parseval-carl\lib\site-packages\gymnasium\core.py:311: UserWarning: [33mWARN: env.num_envs to get variables from other wrappers is deprecated and will be removed in v1.0, to get this variable you can do `env.unwrapped.num_envs` for environment variables or `env.get_wrapper_attr('num_envs')` that will search the reminding wrappers.[0m
  logger.warn(
D:\anaconda\envs\parseval-carl\lib\site-packages\gymnasium\core.py:311: UserWarning: [33mWARN: env.is_vector_env to get variables from other wrappers is deprecated and will be removed in v1.0, to get this variable you can do `env.unwrapped.is_vector_env` for environment variables or `env.get_wrapper_attr('is_vector_env')` that will search the reminding wrappers.[0m
  logger.warn(
D:\anaconda\envs\parseval-carl\lib\site-packages\gymnasium\core.py:311: UserWarning: [33mWARN: env.num_envs to get variables from other wrappers is deprecated and will be removed in v1.0, to get this variable you can do `env.unwrapped.num_envs` for environment variables or `env.get_wrapper_attr('num_envs')` that will search the reminding wrappers.[0m
  logger.warn(
D:\anaconda\envs\parseval-carl\lib\site-packages\gymnasium\core.py:311: UserWarning: [33mWARN: env.is_vector_env to get variables from other wrappers is deprecated and will be removed in v1.0, to get this variable you can do `env.unwrapped.is_vector_env` for environment variables or `env.get_wrapper_attr('is_vector_env')` that will search the reminding wrappers.[0m
  logger.warn(
agent_dict keys dict_keys(['base_algorithm', 'learning_rate', 'num_envs', 'rollout_num_steps', 'gamma', 'gae_lambda', 'num_minibatches', 'update_epochs', 'minibatch_size', 'norm_adv', 'clip_coef', 'clip_vloss', 'ent_coef', 'vf_coef', 'max_grad_norm', 'parseval_reg', 'layer_norm', 'layer_norm_no_params', 'weight_decay', 'tuned_adam', 'perturb', 'perturb_dist', 'weight_init', 'net_width', 'net_activation', 'init_gain', 'parseval_num_groups'])
env_dict keys dict_keys(['env', 'change_freq', 'seed', 'base_task_name', 'env_type'])
Start RL run!
{'base_algorithm': 'ppo_agent', 'learning_rate': 0.0003, 'num_envs': 1, 'rollout_num_steps': 128, 'gamma': 0.99, 'gae_lambda': 0.95, 'num_minibatches': 4, 'update_epochs': 4, 'minibatch_size': 32, 'norm_adv': True, 'clip_coef': 0.2, 'clip_vloss': True, 'ent_coef': 0.0001, 'vf_coef': 0.5, 'max_grad_norm': 0.5, 'parseval_reg': 0, 'layer_norm': False, 'layer_norm_no_params': False, 'weight_decay': 0, 'tuned_adam': False, 'perturb': 0.0, 'perturb_dist': 'xavier', 'weight_init': 'orthogonal', 'net_width': 64, 'net_activation': 'tanh', 'init_gain': None, 'parseval_num_groups': 1, 'device': 'cpu'}
{'env': 'carl_sequence_lunarlander_0', 'change_freq': 500000, 'seed': 126, 'base_task_name': 'lunarlander_0', 'env_type': 'rl', 'local_run': False}
Running on gpu: False
{'GRAVITY_Y': 0.9134575551055222, 'MAIN_ENGINE_POWER': 1.3575946831862098, 'SIDE_ENGINE_POWER': 1.301381688035822, 'INITIAL_RANDOM': 1.0448831829968968, 'GRAVITY_X': -2.0}
TASK 1  226 lunarlander_0
time:  0.032 SPS: 0
0 eval return -316.8919982910156 +/- 44.703
time:  0.445 SPS: 935
24999 eval return -24.881000518798828 +/- 21.498
time:  1.03 SPS: 809
49999 eval return 45.41999816894531 +/- 41.182
time:  1.735 SPS: 720
74999 eval return -27.233999252319336 +/- 44.969
time:  2.395 SPS: 695
99999 eval return 95.9000015258789 +/- 32.0
time:  3.081 SPS: 676
124999 eval return 66.31099700927734 +/- 34.711
time:  3.713 SPS: 673
149999 eval return 91.38300323486328 +/- 28.003
time:  4.313 SPS: 676
174999 eval return 118.18699645996094 +/- 28.173
time:  4.927 SPS: 676
199999 eval return 33.15599822998047 +/- 25.77
time:  5.538 SPS: 677
224999 eval return 135.822998046875 +/- 29.286
time:  6.171 SPS: 675
249999 eval return 82.06199645996094 +/- 27.843
time:  6.807 SPS: 673
274999 eval return 151.44700622558594 +/- 41.479
time:  7.466 SPS: 669
299999 eval return 156.31900024414062 +/- 36.523
time:  8.094 SPS: 669
324999 eval return 139.95199584960938 +/- 51.13
time:  8.735 SPS: 667
349999 eval return 97.71499633789062 +/- 41.906
time:  9.419 SPS: 663
374999 eval return 127.4749984741211 +/- 49.669
time:  10.095 SPS: 660
399999 eval return 142.69200134277344 +/- 41.425
time:  10.746 SPS: 659
424999 eval return 216.31399536132812 +/- 28.738
time:  11.397 SPS: 658
449999 eval return 165.3780059814453 +/- 43.054
time:  12.045 SPS: 657
474999 eval return 134.8560028076172 +/- 33.464
{'GRAVITY_Y': 0.22628391667242345, 'MAIN_ENGINE_POWER': 1.416309922773969, 'SIDE_ENGINE_POWER': 1.3890783754749252, 'INITIAL_RANDOM': 1.3700121482468193, 'GRAVITY_X': 0.0}
TASK 2  326 lunarlander_0
time:  12.65 SPS: 658
499999 eval return 73.27200317382812 +/- 25.579
time:  13.247 SPS: 660
524999 eval return 218.51300048828125 +/- 38.83
time:  13.811 SPS: 663
549999 eval return 150.64100646972656 +/- 58.653
time:  14.386 SPS: 666
574999 eval return 216.81900024414062 +/- 35.528
time:  14.964 SPS: 668
599999 eval return 99.07099914550781 +/- 72.258
time:  15.547 SPS: 670
624999 eval return 102.96099853515625 +/- 73.587
time:  16.128 SPS: 671
649999 eval return 177.3070068359375 +/- 46.987
time:  16.708 SPS: 673
674999 eval return 205.4499969482422 +/- 31.894
time:  17.271 SPS: 675
699999 eval return 38.52899932861328 +/- 64.665
time:  17.848 SPS: 677
724999 eval return 75.2760009765625 +/- 76.401
time:  18.417 SPS: 678
749999 eval return 135.40699768066406 +/- 50.803
time:  18.983 SPS: 680
774999 eval return 128.11099243164062 +/- 48.531
time:  19.551 SPS: 681
799999 eval return 115.55400085449219 +/- 78.502
time:  20.091 SPS: 684
824999 eval return 151.19900512695312 +/- 47.121
time:  20.655 SPS: 685
849999 eval return 140.23500061035156 +/- 61.425
time:  21.216 SPS: 687
874999 eval return 81.77300262451172 +/- 73.644
time:  21.761 SPS: 689
899999 eval return 22.895000457763672 +/- 70.936
time:  22.292 SPS: 691
924999 eval return 82.81400299072266 +/- 75.695
time:  22.845 SPS: 693
949999 eval return 68.94300079345703 +/- 84.854
time:  23.393 SPS: 694
974999 eval return 144.57699584960938 +/- 47.762
{'GRAVITY_Y': 1.4722038449025932, 'MAIN_ENGINE_POWER': 1.3995792821083617, 'SIDE_ENGINE_POWER': 1.230739681126466, 'INITIAL_RANDOM': 1.2805291762864555, 'GRAVITY_X': 2.0}
TASK 3  426 lunarlander_0
time:  23.931 SPS: 696
999999 eval return -113.91600036621094 +/- 25.86
done RL run. Time 23.936336656666633 min
