D:\anaconda\envs\parseval-carl\lib\site-packages\carl\envs\__init__.py:42: UserWarning: Module brax not found. If you want to use these environments, please follow the installation guide.
  warnings.warn(
D:\anaconda\envs\parseval-carl\lib\site-packages\carl\envs\__init__.py:42: UserWarning: Module py4j not found. If you want to use these environments, please follow the installation guide.
  warnings.warn(
D:\anaconda\envs\parseval-carl\lib\site-packages\carl\envs\__init__.py:42: UserWarning: Module distance not found. If you want to use these environments, please follow the installation guide.
  warnings.warn(
D:\anaconda\envs\parseval-carl\lib\site-packages\carl\__init__.py:55: UserWarning: Module py4j not found. If you want to use these environments,
                    please follow the installation guide.
  warnings.warn(
Gym has been unmaintained since 2022 and does not support NumPy 2.0 amongst other critical functionality.
Please upgrade to Gymnasium, the maintained drop-in replacement of Gym, or contact the authors of your software and request that they upgrade.
Users of this version of Gym should be able to simply replace 'import gym' with 'import gymnasium as gym' in the vast majority of cases.
See the migration guide at https://gymnasium.farama.org/introduction/migration_guide/ for additional information.
D:\anaconda\envs\parseval-carl\lib\site-packages\gymnasium\core.py:311: UserWarning: [33mWARN: env.num_envs to get variables from other wrappers is deprecated and will be removed in v1.0, to get this variable you can do `env.unwrapped.num_envs` for environment variables or `env.get_wrapper_attr('num_envs')` that will search the reminding wrappers.[0m
  logger.warn(
D:\anaconda\envs\parseval-carl\lib\site-packages\gymnasium\core.py:311: UserWarning: [33mWARN: env.is_vector_env to get variables from other wrappers is deprecated and will be removed in v1.0, to get this variable you can do `env.unwrapped.is_vector_env` for environment variables or `env.get_wrapper_attr('is_vector_env')` that will search the reminding wrappers.[0m
  logger.warn(
D:\anaconda\envs\parseval-carl\lib\site-packages\gymnasium\core.py:311: UserWarning: [33mWARN: env.num_envs to get variables from other wrappers is deprecated and will be removed in v1.0, to get this variable you can do `env.unwrapped.num_envs` for environment variables or `env.get_wrapper_attr('num_envs')` that will search the reminding wrappers.[0m
  logger.warn(
D:\anaconda\envs\parseval-carl\lib\site-packages\gymnasium\core.py:311: UserWarning: [33mWARN: env.is_vector_env to get variables from other wrappers is deprecated and will be removed in v1.0, to get this variable you can do `env.unwrapped.is_vector_env` for environment variables or `env.get_wrapper_attr('is_vector_env')` that will search the reminding wrappers.[0m
  logger.warn(
agent_dict keys dict_keys(['base_algorithm', 'learning_rate', 'num_envs', 'rollout_num_steps', 'gamma', 'gae_lambda', 'num_minibatches', 'update_epochs', 'minibatch_size', 'norm_adv', 'clip_coef', 'clip_vloss', 'ent_coef', 'vf_coef', 'max_grad_norm', 'parseval_reg', 'layer_norm', 'layer_norm_no_params', 'weight_decay', 'tuned_adam', 'perturb', 'perturb_dist', 'weight_init', 'net_width', 'net_activation', 'init_gain', 'parseval_num_groups'])
env_dict keys dict_keys(['env', 'change_freq', 'seed', 'base_task_name', 'env_type'])
Start RL run!
{'base_algorithm': 'ppo_agent', 'learning_rate': 0.0003, 'num_envs': 1, 'rollout_num_steps': 128, 'gamma': 0.99, 'gae_lambda': 0.95, 'num_minibatches': 4, 'update_epochs': 4, 'minibatch_size': 32, 'norm_adv': True, 'clip_coef': 0.2, 'clip_vloss': True, 'ent_coef': 0.0001, 'vf_coef': 0.5, 'max_grad_norm': 0.5, 'parseval_reg': 0.0001, 'layer_norm': False, 'layer_norm_no_params': False, 'weight_decay': 0, 'tuned_adam': False, 'perturb': 0.0, 'perturb_dist': 'xavier', 'weight_init': 'orthogonal', 'net_width': 64, 'net_activation': 'tanh', 'init_gain': None, 'parseval_num_groups': 1, 'device': 'cpu'}
{'env': 'carl_sequence_lunarlander_0', 'change_freq': 500000, 'seed': 124, 'base_task_name': 'lunarlander_0', 'env_type': 'rl', 'local_run': False}
Running on gpu: False
{'GRAVITY_Y': 0.9134575551055222, 'MAIN_ENGINE_POWER': 1.3575946831862098, 'SIDE_ENGINE_POWER': 1.301381688035822, 'INITIAL_RANDOM': 1.0448831829968968, 'GRAVITY_X': -2.0}
TASK 1  224 lunarlander_0
time:  0.032 SPS: 0
0 eval return -201.53900146484375 +/- 43.605
time:  0.49 SPS: 850
24999 eval return -107.06600189208984 +/- 33.092
time:  1.102 SPS: 755
49999 eval return 45.46099853515625 +/- 13.495
time:  1.856 SPS: 673
74999 eval return -38.757999420166016 +/- 52.228
time:  2.675 SPS: 623
99999 eval return 112.22799682617188 +/- 40.29
time:  3.463 SPS: 601
124999 eval return 180.77699279785156 +/- 35.823
time:  4.175 SPS: 598
149999 eval return 129.3780059814453 +/- 34.391
time:  4.88 SPS: 597
174999 eval return 55.768001556396484 +/- 41.351
time:  5.634 SPS: 591
199999 eval return 107.11100006103516 +/- 44.783
time:  6.378 SPS: 587
224999 eval return 126.0260009765625 +/- 42.736
time:  7.143 SPS: 583
249999 eval return 175.18800354003906 +/- 45.502
time:  7.901 SPS: 580
274999 eval return 219.05799865722656 +/- 17.209
time:  8.663 SPS: 577
299999 eval return 136.75599670410156 +/- 43.515
time:  9.39 SPS: 576
324999 eval return 239.1009979248047 +/- 27.639
time:  10.174 SPS: 573
349999 eval return 153.79400634765625 +/- 46.287
time:  10.968 SPS: 569
374999 eval return 145.74200439453125 +/- 34.991
time:  11.728 SPS: 568
399999 eval return 109.05899810791016 +/- 43.531
time:  12.518 SPS: 565
424999 eval return 58.402000427246094 +/- 51.659
time:  13.242 SPS: 566
449999 eval return 172.93600463867188 +/- 39.163
time:  13.97 SPS: 566
474999 eval return 186.63800048828125 +/- 24.543
{'GRAVITY_Y': 0.22628391667242345, 'MAIN_ENGINE_POWER': 1.416309922773969, 'SIDE_ENGINE_POWER': 1.3890783754749252, 'INITIAL_RANDOM': 1.3700121482468193, 'GRAVITY_X': 0.0}
TASK 2  324 lunarlander_0
time:  14.705 SPS: 566
499999 eval return -79.5790023803711 +/- 39.587
time:  15.349 SPS: 570
524999 eval return 122.29900360107422 +/- 67.749
time:  15.985 SPS: 573
549999 eval return 138.2519989013672 +/- 65.82
time:  16.593 SPS: 577
574999 eval return 42.814998626708984 +/- 63.262
time:  17.195 SPS: 581
599999 eval return 89.93900299072266 +/- 48.789
time:  17.785 SPS: 585
624999 eval return -5.986999988555908 +/- 58.84
time:  18.374 SPS: 589
649999 eval return 116.23200225830078 +/- 56.919
time:  18.984 SPS: 592
674999 eval return -93.06400299072266 +/- 40.067
time:  19.578 SPS: 595
699999 eval return 27.923999786376953 +/- 49.852
time:  20.185 SPS: 598
724999 eval return -50.95100021362305 +/- 47.158
time:  20.78 SPS: 601
749999 eval return 58.715999603271484 +/- 55.816
time:  21.39 SPS: 603
774999 eval return -11.855999946594238 +/- 34.835
time:  22.011 SPS: 605
799999 eval return 112.09600067138672 +/- 56.736
time:  22.634 SPS: 607
824999 eval return -46.0260009765625 +/- 43.55
time:  23.229 SPS: 609
849999 eval return 11.680999755859375 +/- 50.275
time:  23.809 SPS: 612
874999 eval return 104.7490005493164 +/- 50.948
time:  24.263 SPS: 618
899999 eval return -69.93599700927734 +/- 22.263
time:  24.665 SPS: 625
924999 eval return 11.430999755859375 +/- 43.14
time:  25.074 SPS: 631
949999 eval return -5.422999858856201 +/- 38.16
time:  25.481 SPS: 637
974999 eval return 72.99400329589844 +/- 56.13
{'GRAVITY_Y': 1.4722038449025932, 'MAIN_ENGINE_POWER': 1.3995792821083617, 'SIDE_ENGINE_POWER': 1.230739681126466, 'INITIAL_RANDOM': 1.2805291762864555, 'GRAVITY_X': 2.0}
TASK 3  424 lunarlander_0
time:  25.836 SPS: 645
999999 eval return -20.555999755859375 +/- 18.464
done RL run. Time 25.8491179766667 min
