D:\anaconda\envs\parseval-carl\lib\site-packages\carl\envs\__init__.py:42: UserWarning: Module brax not found. If you want to use these environments, please follow the installation guide.
  warnings.warn(
D:\anaconda\envs\parseval-carl\lib\site-packages\carl\envs\__init__.py:42: UserWarning: Module py4j not found. If you want to use these environments, please follow the installation guide.
  warnings.warn(
D:\anaconda\envs\parseval-carl\lib\site-packages\carl\envs\__init__.py:42: UserWarning: Module distance not found. If you want to use these environments, please follow the installation guide.
  warnings.warn(
D:\anaconda\envs\parseval-carl\lib\site-packages\carl\__init__.py:55: UserWarning: Module py4j not found. If you want to use these environments,
                    please follow the installation guide.
  warnings.warn(
Gym has been unmaintained since 2022 and does not support NumPy 2.0 amongst other critical functionality.
Please upgrade to Gymnasium, the maintained drop-in replacement of Gym, or contact the authors of your software and request that they upgrade.
Users of this version of Gym should be able to simply replace 'import gym' with 'import gymnasium as gym' in the vast majority of cases.
See the migration guide at https://gymnasium.farama.org/introduction/migration_guide/ for additional information.
D:\anaconda\envs\parseval-carl\lib\site-packages\gymnasium\core.py:311: UserWarning: [33mWARN: env.num_envs to get variables from other wrappers is deprecated and will be removed in v1.0, to get this variable you can do `env.unwrapped.num_envs` for environment variables or `env.get_wrapper_attr('num_envs')` that will search the reminding wrappers.[0m
  logger.warn(
D:\anaconda\envs\parseval-carl\lib\site-packages\gymnasium\core.py:311: UserWarning: [33mWARN: env.is_vector_env to get variables from other wrappers is deprecated and will be removed in v1.0, to get this variable you can do `env.unwrapped.is_vector_env` for environment variables or `env.get_wrapper_attr('is_vector_env')` that will search the reminding wrappers.[0m
  logger.warn(
D:\anaconda\envs\parseval-carl\lib\site-packages\gymnasium\core.py:311: UserWarning: [33mWARN: env.num_envs to get variables from other wrappers is deprecated and will be removed in v1.0, to get this variable you can do `env.unwrapped.num_envs` for environment variables or `env.get_wrapper_attr('num_envs')` that will search the reminding wrappers.[0m
  logger.warn(
D:\anaconda\envs\parseval-carl\lib\site-packages\gymnasium\core.py:311: UserWarning: [33mWARN: env.is_vector_env to get variables from other wrappers is deprecated and will be removed in v1.0, to get this variable you can do `env.unwrapped.is_vector_env` for environment variables or `env.get_wrapper_attr('is_vector_env')` that will search the reminding wrappers.[0m
  logger.warn(
agent_dict keys dict_keys(['base_algorithm', 'learning_rate', 'num_envs', 'rollout_num_steps', 'gamma', 'gae_lambda', 'num_minibatches', 'update_epochs', 'minibatch_size', 'norm_adv', 'clip_coef', 'clip_vloss', 'ent_coef', 'vf_coef', 'max_grad_norm', 'parseval_reg', 'layer_norm', 'layer_norm_no_params', 'weight_decay', 'tuned_adam', 'perturb', 'perturb_dist', 'weight_init', 'net_width', 'net_activation', 'init_gain', 'parseval_num_groups'])
env_dict keys dict_keys(['env', 'change_freq', 'seed', 'base_task_name', 'env_type'])
Start RL run!
{'base_algorithm': 'ppo_agent', 'learning_rate': 0.0003, 'num_envs': 1, 'rollout_num_steps': 128, 'gamma': 0.99, 'gae_lambda': 0.95, 'num_minibatches': 4, 'update_epochs': 4, 'minibatch_size': 32, 'norm_adv': True, 'clip_coef': 0.2, 'clip_vloss': True, 'ent_coef': 0.0001, 'vf_coef': 0.5, 'max_grad_norm': 0.5, 'parseval_reg': 0, 'layer_norm': False, 'layer_norm_no_params': False, 'weight_decay': 0, 'tuned_adam': False, 'perturb': 0.0, 'perturb_dist': 'xavier', 'weight_init': 'orthogonal', 'net_width': 64, 'net_activation': 'tanh', 'init_gain': None, 'parseval_num_groups': 1, 'device': 'cpu'}
{'env': 'carl_sequence_lunarlander_0', 'change_freq': 500000, 'seed': 128, 'base_task_name': 'lunarlander_0', 'env_type': 'rl', 'local_run': False}
Running on gpu: False
{'GRAVITY_Y': 0.9134575551055222, 'MAIN_ENGINE_POWER': 1.3575946831862098, 'SIDE_ENGINE_POWER': 1.301381688035822, 'INITIAL_RANDOM': 1.0448831829968968, 'GRAVITY_X': -2.0}
TASK 1  228 lunarlander_0
time:  0.03 SPS: 0
0 eval return -261.1709899902344 +/- 54.851
time:  0.447 SPS: 932
24999 eval return -62.268001556396484 +/- 14.86
time:  1.028 SPS: 810
49999 eval return -172.20899963378906 +/- 49.037
time:  1.772 SPS: 705
74999 eval return 20.808000564575195 +/- 35.901
time:  2.511 SPS: 663
99999 eval return 121.98100280761719 +/- 27.684
time:  3.213 SPS: 648
124999 eval return 150.38400268554688 +/- 44.941
time:  3.913 SPS: 638
149999 eval return 148.4980010986328 +/- 38.034
time:  4.607 SPS: 633
174999 eval return 179.65699768066406 +/- 21.28
time:  5.336 SPS: 624
199999 eval return 130.72300720214844 +/- 28.637
time:  6.096 SPS: 615
224999 eval return 162.08999633789062 +/- 45.949
time:  6.786 SPS: 613
249999 eval return 105.73500061035156 +/- 34.287
time:  7.511 SPS: 610
274999 eval return 191.63800048828125 +/- 25.299
time:  8.242 SPS: 606
299999 eval return 186.29100036621094 +/- 24.35
time:  8.956 SPS: 604
324999 eval return 198.6060028076172 +/- 26.794
time:  9.645 SPS: 604
349999 eval return 174.14599609375 +/- 45.464
time:  10.301 SPS: 606
374999 eval return 161.1929931640625 +/- 40.401
time:  10.994 SPS: 606
399999 eval return 133.08999633789062 +/- 42.519
time:  11.665 SPS: 607
424999 eval return 173.94500732421875 +/- 40.36
time:  12.336 SPS: 607
449999 eval return 104.79199981689453 +/- 39.405
time:  13.09 SPS: 604
474999 eval return 112.15799713134766 +/- 53.736
{'GRAVITY_Y': 0.22628391667242345, 'MAIN_ENGINE_POWER': 1.416309922773969, 'SIDE_ENGINE_POWER': 1.3890783754749252, 'INITIAL_RANDOM': 1.3700121482468193, 'GRAVITY_X': 0.0}
TASK 2  328 lunarlander_0
time:  13.798 SPS: 603
499999 eval return 43.36600112915039 +/- 54.678
time:  14.436 SPS: 606
524999 eval return 201.45899963378906 +/- 36.918
time:  15.023 SPS: 610
549999 eval return 139.88800048828125 +/- 57.577
time:  15.623 SPS: 613
574999 eval return 130.91099548339844 +/- 73.671
time:  16.187 SPS: 617
599999 eval return 239.68899536132812 +/- 26.894
time:  16.786 SPS: 620
624999 eval return 241.6490020751953 +/- 58.402
time:  17.342 SPS: 624
649999 eval return 174.68299865722656 +/- 44.978
time:  17.943 SPS: 626
674999 eval return 203.7259979248047 +/- 63.534
time:  18.517 SPS: 630
699999 eval return 228.12600708007812 +/- 25.487
time:  19.096 SPS: 632
724999 eval return 261.343994140625 +/- 20.562
time:  19.699 SPS: 634
749999 eval return 245.4669952392578 +/- 20.971
time:  20.284 SPS: 636
774999 eval return 172.57000732421875 +/- 54.968
time:  20.898 SPS: 638
799999 eval return 243.63400268554688 +/- 24.49
time:  21.49 SPS: 639
824999 eval return 174.91400146484375 +/- 54.71
time:  22.086 SPS: 641
849999 eval return 230.968994140625 +/- 40.087
time:  22.679 SPS: 643
874999 eval return 186.24400329589844 +/- 57.636
time:  23.266 SPS: 644
899999 eval return 147.73699951171875 +/- 55.896
time:  23.861 SPS: 646
924999 eval return 228.3070068359375 +/- 23.121
time:  24.454 SPS: 647
949999 eval return 145.23899841308594 +/- 48.698
time:  25.029 SPS: 649
974999 eval return 168.83799743652344 +/- 39.874
{'GRAVITY_Y': 1.4722038449025932, 'MAIN_ENGINE_POWER': 1.3995792821083617, 'SIDE_ENGINE_POWER': 1.230739681126466, 'INITIAL_RANDOM': 1.2805291762864555, 'GRAVITY_X': 2.0}
TASK 3  428 lunarlander_0
time:  25.611 SPS: 650
999999 eval return -50.70800018310547 +/- 29.942
time:  26.116 SPS: 654
1024999 eval return -131.70700073242188 +/- 34.731
time:  26.629 SPS: 657
1049999 eval return 30.56599998474121 +/- 28.317
time:  27.159 SPS: 659
1074999 eval return -65.33000183105469 +/- 37.478
time:  27.707 SPS: 661
1099999 eval return -16.381000518798828 +/- 45.805
time:  28.27 SPS: 663
1124999 eval return 75.03600311279297 +/- 49.966
time:  28.835 SPS: 664
1149999 eval return 79.26200103759766 +/- 49.251
time:  29.402 SPS: 666
1174999 eval return 157.88099670410156 +/- 46.074
time:  30.04 SPS: 665
1199999 eval return 54.35599899291992 +/- 30.573
time:  30.623 SPS: 666
1224999 eval return 134.58999633789062 +/- 48.025
time:  31.23 SPS: 667
1249999 eval return 135.58599853515625 +/- 47.752
time:  31.829 SPS: 667
1274999 eval return 134.49899291992188 +/- 40.806
time:  32.411 SPS: 668
1299999 eval return 159.91799926757812 +/- 63.041
time:  32.992 SPS: 669
1324999 eval return 61.77399826049805 +/- 39.804
time:  33.55 SPS: 670
1349999 eval return 70.51599884033203 +/- 51.979
time:  34.102 SPS: 671
1374999 eval return 193.60400390625 +/- 37.048
time:  34.681 SPS: 672
1399999 eval return 111.20099639892578 +/- 46.855
time:  35.234 SPS: 674
1424999 eval return 159.48699951171875 +/- 46.205
time:  35.811 SPS: 674
1449999 eval return 150.18899536132812 +/- 41.056
time:  36.416 SPS: 675
1474999 eval return 202.19900512695312 +/- 31.71
{'GRAVITY_Y': 0.35375675362961323, 'MAIN_ENGINE_POWER': 1.319960510663762, 'SIDE_ENGINE_POWER': 1.071676643704523, 'INITIAL_RANDOM': 1.444668917049584, 'GRAVITY_X': -2.0}
TASK 4  528 lunarlander_0
time:  37.008 SPS: 675
1499999 eval return -83.20500183105469 +/- 22.789
