D:\anaconda\envs\parseval\lib\site-packages\gymnasium\spaces\box.py:231: UserWarning: [33mWARN: Box low's precision lowered by casting to float32, current low.dtype=float64[0m
  gym.logger.warn(
D:\anaconda\envs\parseval\lib\site-packages\gymnasium\spaces\box.py:297: UserWarning: [33mWARN: Box high's precision lowered by casting to float32, current high.dtype=float64[0m
  gym.logger.warn(
D:\anaconda\envs\parseval\lib\site-packages\gymnasium\spaces\box.py:231: UserWarning: [33mWARN: Box low's precision lowered by casting to float32, current low.dtype=float64[0m
  gym.logger.warn(
D:\anaconda\envs\parseval\lib\site-packages\gymnasium\spaces\box.py:297: UserWarning: [33mWARN: Box high's precision lowered by casting to float32, current high.dtype=float64[0m
  gym.logger.warn(
agent_dict keys dict_keys(['base_algorithm', 'learning_rate', 'num_envs', 'rollout_num_steps', 'gamma', 'gae_lambda', 'num_minibatches', 'update_epochs', 'minibatch_size', 'norm_adv', 'clip_coef', 'clip_vloss', 'ent_coef', 'vf_coef', 'max_grad_norm', 'rpo_alpha', 'parseval_reg', 'input_scale', 'learnable_input_scale', 'add_diag_layer', 'lie_group', 'pion', 'pion_block_size', 'oft', 'poet', 'layer_norm', 'layer_norm_no_params', 'weight_decay', 'tuned_adam', 'perturb', 'perturb_dist', 'regen', 'regen_wasserstein', 'weight_init', 'net_width', 'net_activation', 'init_gain', 'parseval_norm', 'parseval_num_groups'])
env_dict keys dict_keys(['env', 'change_freq', 'seed', 'env_sequence', 'env_type'])
Start RL run!
{'base_algorithm': 'ppo_agent', 'learning_rate': 0.001, 'num_envs': 1, 'rollout_num_steps': 2048, 'gamma': 0.99, 'gae_lambda': 0.95, 'num_minibatches': 32, 'update_epochs': 10, 'minibatch_size': 64, 'norm_adv': True, 'clip_coef': 0.2, 'clip_vloss': True, 'ent_coef': 0.0, 'vf_coef': 0.5, 'max_grad_norm': 0.5, 'rpo_alpha': 0.5, 'parseval_reg': 0, 'input_scale': 1, 'learnable_input_scale': False, 'add_diag_layer': False, 'lie_group': False, 'pion': False, 'pion_block_size': None, 'oft': True, 'poet': False, 'layer_norm': False, 'layer_norm_no_params': False, 'weight_decay': 0, 'tuned_adam': False, 'perturb': 0.0, 'perturb_dist': 'xavier', 'regen': 0.0, 'regen_wasserstein': False, 'weight_init': 'orthogonal', 'net_width': 64, 'net_activation': 'tanh', 'init_gain': None, 'parseval_norm': False, 'parseval_num_groups': 1, 'device': 'cpu'}
{'env': 'metaworld_sequence_set0', 'change_freq': 1000000.0, 'seed': 124, 'env_sequence': 'set0', 'env_type': 'rl', 'local_run': False}
Running on gpu: False
TASK 1  224 reach-v3
time:  0.07 SPS: 0
0 success 0.0 +/- 0.0
0 eval return 324.199 +/- 37.07
time:  2.007 SPS: 207
24999 success 0.8 +/- 0.133
24999 eval return 1361.08 +/- 30.197
time:  3.972 SPS: 209
49999 success 1.0 +/- 0.0
49999 eval return 1774.417 +/- 13.162
time:  6.02 SPS: 207
74999 success 1.0 +/- 0.0
74999 eval return 1644.433 +/- 57.467
time:  8.091 SPS: 205
99999 success 1.0 +/- 0.0
99999 eval return 1804.656 +/- 14.035
time:  10.346 SPS: 201
124999 success 1.0 +/- 0.0
124999 eval return 1822.588 +/- 10.173
time:  12.504 SPS: 199
149999 success 1.0 +/- 0.0
149999 eval return 1787.561 +/- 18.47
time:  14.601 SPS: 199
174999 success 1.0 +/- 0.0
174999 eval return 1831.268 +/- 10.883
time:  16.611 SPS: 200
199999 success 1.0 +/- 0.0
199999 eval return 1817.445 +/- 13.505
time:  18.715 SPS: 200
224999 success 1.0 +/- 0.0
224999 eval return 1778.758 +/- 20.612
time:  20.812 SPS: 200
249999 success 1.0 +/- 0.0
249999 eval return 1824.486 +/- 10.679
time:  22.824 SPS: 200
274999 success 1.0 +/- 0.0
274999 eval return 1868.623 +/- 4.311
time:  24.85 SPS: 201
299999 success 1.0 +/- 0.0
299999 eval return 1812.294 +/- 26.387
time:  26.796 SPS: 202
324999 success 1.0 +/- 0.0
324999 eval return 1767.704 +/- 14.33
time:  28.76 SPS: 202
349999 success 1.0 +/- 0.0
349999 eval return 1832.47 +/- 9.824
time:  30.766 SPS: 203
374999 success 1.0 +/- 0.0
374999 eval return 1766.867 +/- 23.885
time:  32.731 SPS: 203
399999 success 1.0 +/- 0.0
399999 eval return 1759.626 +/- 29.162
time:  34.68 SPS: 204
424999 success 1.0 +/- 0.0
424999 eval return 1831.23 +/- 8.215
time:  36.632 SPS: 204
449999 success 1.0 +/- 0.0
449999 eval return 1822.023 +/- 14.044
time:  38.59 SPS: 205
474999 success 1.0 +/- 0.0
474999 eval return 1824.55 +/- 8.175
time:  40.631 SPS: 205
499999 success 1.0 +/- 0.0
499999 eval return 1768.549 +/- 11.224
time:  42.621 SPS: 205
524999 success 1.0 +/- 0.0
524999 eval return 1784.297 +/- 13.426
time:  44.639 SPS: 205
549999 success 1.0 +/- 0.0
549999 eval return 1777.733 +/- 14.033
time:  46.572 SPS: 205
574999 success 1.0 +/- 0.0
574999 eval return 1832.691 +/- 8.963
time:  48.5 SPS: 206
599999 success 1.0 +/- 0.0
599999 eval return 1831.699 +/- 8.124
time:  50.53 SPS: 206
624999 success 1.0 +/- 0.0
624999 eval return 1836.429 +/- 8.991
time:  52.458 SPS: 206
649999 success 1.0 +/- 0.0
649999 eval return 1845.308 +/- 6.318
time:  54.409 SPS: 206
674999 success 1.0 +/- 0.0
674999 eval return 1833.143 +/- 6.564
time:  56.41 SPS: 206
699999 success 1.0 +/- 0.0
699999 eval return 1853.295 +/- 6.893
time:  58.398 SPS: 206
724999 success 1.0 +/- 0.0
724999 eval return 1842.18 +/- 11.655
