D:\anaconda\envs\parseval\lib\site-packages\gymnasium\spaces\box.py:231: UserWarning: [33mWARN: Box low's precision lowered by casting to float32, current low.dtype=float64[0m
  gym.logger.warn(
D:\anaconda\envs\parseval\lib\site-packages\gymnasium\spaces\box.py:297: UserWarning: [33mWARN: Box high's precision lowered by casting to float32, current high.dtype=float64[0m
  gym.logger.warn(
D:\anaconda\envs\parseval\lib\site-packages\gymnasium\spaces\box.py:231: UserWarning: [33mWARN: Box low's precision lowered by casting to float32, current low.dtype=float64[0m
  gym.logger.warn(
D:\anaconda\envs\parseval\lib\site-packages\gymnasium\spaces\box.py:297: UserWarning: [33mWARN: Box high's precision lowered by casting to float32, current high.dtype=float64[0m
  gym.logger.warn(
agent_dict keys dict_keys(['base_algorithm', 'learning_rate', 'num_envs', 'rollout_num_steps', 'gamma', 'gae_lambda', 'num_minibatches', 'update_epochs', 'minibatch_size', 'norm_adv', 'clip_coef', 'clip_vloss', 'ent_coef', 'vf_coef', 'max_grad_norm', 'rpo_alpha', 'parseval_reg', 'input_scale', 'learnable_input_scale', 'add_diag_layer', 'lie_group', 'pion', 'pion_block_size', 'oft', 'poet', 'layer_norm', 'layer_norm_no_params', 'weight_decay', 'tuned_adam', 'perturb', 'perturb_dist', 'regen', 'regen_wasserstein', 'weight_init', 'net_width', 'net_activation', 'init_gain', 'parseval_norm', 'parseval_num_groups'])
env_dict keys dict_keys(['env', 'change_freq', 'seed', 'env_sequence', 'env_type'])
Start RL run!
{'base_algorithm': 'ppo_agent', 'learning_rate': 0.001, 'num_envs': 1, 'rollout_num_steps': 2048, 'gamma': 0.99, 'gae_lambda': 0.95, 'num_minibatches': 32, 'update_epochs': 10, 'minibatch_size': 64, 'norm_adv': True, 'clip_coef': 0.2, 'clip_vloss': True, 'ent_coef': 0.0, 'vf_coef': 0.5, 'max_grad_norm': 0.5, 'rpo_alpha': 0.5, 'parseval_reg': 0, 'input_scale': 1, 'learnable_input_scale': False, 'add_diag_layer': False, 'lie_group': False, 'pion': False, 'pion_block_size': None, 'oft': False, 'poet': True, 'layer_norm': False, 'layer_norm_no_params': False, 'weight_decay': 0, 'tuned_adam': False, 'perturb': 0.0, 'perturb_dist': 'xavier', 'regen': 0.0, 'regen_wasserstein': False, 'weight_init': 'orthogonal', 'net_width': 64, 'net_activation': 'tanh', 'init_gain': None, 'parseval_norm': False, 'parseval_num_groups': 1, 'device': 'cpu'}
{'env': 'metaworld_sequence_set0', 'change_freq': 1000000.0, 'seed': 123, 'env_sequence': 'set0', 'env_type': 'rl', 'local_run': False}
Running on gpu: False
TASK 1  223 reach-v3
time:  0.074 SPS: 0
0 success 0.0 +/- 0.0
0 eval return 235.339 +/- 24.238
time:  2.376 SPS: 175
24999 success 1.0 +/- 0.0
24999 eval return 1654.932 +/- 22.869
time:  4.8 SPS: 173
49999 success 1.0 +/- 0.0
49999 eval return 1718.152 +/- 15.804
time:  7.195 SPS: 173
74999 success 1.0 +/- 0.0
74999 eval return 1769.687 +/- 13.703
time:  9.833 SPS: 169
99999 success 1.0 +/- 0.0
99999 eval return 1702.659 +/- 9.494
time:  12.506 SPS: 166
124999 success 1.0 +/- 0.0
124999 eval return 1752.747 +/- 12.11
time:  14.997 SPS: 166
149999 success 1.0 +/- 0.0
149999 eval return 1772.234 +/- 8.44
time:  17.407 SPS: 167
174999 success 1.0 +/- 0.0
174999 eval return 1757.295 +/- 13.512
time:  19.883 SPS: 167
199999 success 1.0 +/- 0.0
199999 eval return 1804.997 +/- 6.214
time:  22.238 SPS: 168
224999 success 1.0 +/- 0.0
224999 eval return 1820.92 +/- 8.484
time:  24.735 SPS: 168
249999 success 1.0 +/- 0.0
249999 eval return 1832.117 +/- 4.294
time:  27.066 SPS: 169
274999 success 1.0 +/- 0.0
274999 eval return 1778.642 +/- 16.041
time:  29.375 SPS: 170
299999 success 1.0 +/- 0.0
299999 eval return 1782.305 +/- 26.845
time:  31.681 SPS: 170
324999 success 1.0 +/- 0.0
324999 eval return 1814.899 +/- 8.333
time:  34.016 SPS: 171
349999 success 1.0 +/- 0.0
349999 eval return 1783.666 +/- 19.647
time:  36.424 SPS: 171
374999 success 1.0 +/- 0.0
374999 eval return 1749.912 +/- 39.781
time:  38.709 SPS: 172
399999 success 1.0 +/- 0.0
399999 eval return 1829.122 +/- 7.995
time:  41.003 SPS: 172
424999 success 1.0 +/- 0.0
424999 eval return 1838.064 +/- 8.326
time:  43.416 SPS: 172
449999 success 1.0 +/- 0.0
449999 eval return 1833.795 +/- 5.614
time:  45.786 SPS: 172
474999 success 1.0 +/- 0.0
474999 eval return 1799.536 +/- 9.88
time:  48.216 SPS: 172
499999 success 1.0 +/- 0.0
499999 eval return 1835.849 +/- 3.418
time:  50.537 SPS: 173
524999 success 1.0 +/- 0.0
524999 eval return 1817.715 +/- 8.969
time:  52.842 SPS: 173
549999 success 1.0 +/- 0.0
549999 eval return 1798.103 +/- 7.784
time:  55.181 SPS: 173
574999 success 1.0 +/- 0.0
574999 eval return 1827.813 +/- 6.506
time:  57.501 SPS: 173
599999 success 1.0 +/- 0.0
599999 eval return 1821.725 +/- 4.852
time:  59.912 SPS: 173
624999 success 1.0 +/- 0.0
624999 eval return 1847.514 +/- 4.231
