D:\anaconda\envs\parseval\lib\site-packages\gymnasium\spaces\box.py:231: UserWarning: [33mWARN: Box low's precision lowered by casting to float32, current low.dtype=float64[0m
  gym.logger.warn(
D:\anaconda\envs\parseval\lib\site-packages\gymnasium\spaces\box.py:297: UserWarning: [33mWARN: Box high's precision lowered by casting to float32, current high.dtype=float64[0m
  gym.logger.warn(
D:\anaconda\envs\parseval\lib\site-packages\gymnasium\spaces\box.py:231: UserWarning: [33mWARN: Box low's precision lowered by casting to float32, current low.dtype=float64[0m
  gym.logger.warn(
D:\anaconda\envs\parseval\lib\site-packages\gymnasium\spaces\box.py:297: UserWarning: [33mWARN: Box high's precision lowered by casting to float32, current high.dtype=float64[0m
  gym.logger.warn(
agent_dict keys dict_keys(['base_algorithm', 'learning_rate', 'num_envs', 'rollout_num_steps', 'gamma', 'gae_lambda', 'num_minibatches', 'update_epochs', 'minibatch_size', 'norm_adv', 'clip_coef', 'clip_vloss', 'ent_coef', 'vf_coef', 'max_grad_norm', 'rpo_alpha', 'parseval_reg', 'input_scale', 'learnable_input_scale', 'add_diag_layer', 'lie_group', 'pion', 'pion_block_size', 'oft', 'poet', 'layer_norm', 'layer_norm_no_params', 'weight_decay', 'tuned_adam', 'perturb', 'perturb_dist', 'regen', 'regen_wasserstein', 'weight_init', 'net_width', 'net_activation', 'init_gain', 'parseval_norm', 'parseval_num_groups'])
env_dict keys dict_keys(['env', 'change_freq', 'seed', 'env_sequence', 'env_type'])
Start RL run!
{'base_algorithm': 'ppo_agent', 'learning_rate': 0.001, 'num_envs': 1, 'rollout_num_steps': 2048, 'gamma': 0.99, 'gae_lambda': 0.95, 'num_minibatches': 32, 'update_epochs': 10, 'minibatch_size': 64, 'norm_adv': True, 'clip_coef': 0.2, 'clip_vloss': True, 'ent_coef': 0.0, 'vf_coef': 0.5, 'max_grad_norm': 0.5, 'rpo_alpha': 0.5, 'parseval_reg': 0, 'input_scale': 1, 'learnable_input_scale': False, 'add_diag_layer': False, 'lie_group': False, 'pion': False, 'pion_block_size': None, 'oft': False, 'poet': True, 'layer_norm': False, 'layer_norm_no_params': False, 'weight_decay': 0, 'tuned_adam': False, 'perturb': 0.0, 'perturb_dist': 'xavier', 'regen': 0.0, 'regen_wasserstein': False, 'weight_init': 'orthogonal', 'net_width': 64, 'net_activation': 'tanh', 'init_gain': None, 'parseval_norm': False, 'parseval_num_groups': 1, 'device': 'cpu'}
{'env': 'metaworld_sequence_set0', 'change_freq': 1000000.0, 'seed': 125, 'env_sequence': 'set0', 'env_type': 'rl', 'local_run': False}
Running on gpu: False
TASK 1  225 reach-v3
time:  0.072 SPS: 0
0 success 0.0 +/- 0.0
0 eval return 336.541 +/- 80.166
time:  2.382 SPS: 174
24999 success 0.3 +/- 0.153
24999 eval return 1219.657 +/- 54.04
time:  4.768 SPS: 174
49999 success 1.0 +/- 0.0
49999 eval return 1719.801 +/- 20.976
time:  7.179 SPS: 174
74999 success 1.0 +/- 0.0
74999 eval return 1738.223 +/- 12.147
time:  9.791 SPS: 170
99999 success 1.0 +/- 0.0
99999 eval return 1776.524 +/- 11.76
time:  12.456 SPS: 167
124999 success 1.0 +/- 0.0
124999 eval return 1827.695 +/- 5.919
time:  14.927 SPS: 167
149999 success 1.0 +/- 0.0
149999 eval return 1809.034 +/- 12.388
time:  17.269 SPS: 168
174999 success 1.0 +/- 0.0
174999 eval return 1838.662 +/- 6.334
time:  19.742 SPS: 168
199999 success 1.0 +/- 0.0
199999 eval return 1803.742 +/- 17.181
time:  22.081 SPS: 169
224999 success 1.0 +/- 0.0
224999 eval return 1798.34 +/- 15.985
time:  24.614 SPS: 169
249999 success 1.0 +/- 0.0
249999 eval return 1782.364 +/- 12.829
time:  26.941 SPS: 170
274999 success 1.0 +/- 0.0
274999 eval return 1795.449 +/- 12.371
time:  29.324 SPS: 170
299999 success 1.0 +/- 0.0
299999 eval return 1806.661 +/- 9.505
time:  31.626 SPS: 171
324999 success 1.0 +/- 0.0
324999 eval return 1752.673 +/- 17.862
time:  33.959 SPS: 171
349999 success 1.0 +/- 0.0
349999 eval return 1809.84 +/- 12.468
time:  36.362 SPS: 171
374999 success 1.0 +/- 0.0
374999 eval return 1742.728 +/- 21.531
time:  38.704 SPS: 172
399999 success 1.0 +/- 0.0
399999 eval return 1758.776 +/- 20.412
time:  41.049 SPS: 172
424999 success 1.0 +/- 0.0
424999 eval return 1852.733 +/- 4.182
time:  43.47 SPS: 172
449999 success 1.0 +/- 0.0
449999 eval return 1796.745 +/- 21.396
time:  45.807 SPS: 172
474999 success 1.0 +/- 0.0
474999 eval return 1737.004 +/- 39.37
time:  48.284 SPS: 172
499999 success 1.0 +/- 0.0
499999 eval return 1795.181 +/- 18.538
time:  50.585 SPS: 172
524999 success 1.0 +/- 0.0
524999 eval return 1819.602 +/- 11.796
time:  52.928 SPS: 173
549999 success 1.0 +/- 0.0
549999 eval return 1846.853 +/- 6.98
time:  55.236 SPS: 173
574999 success 1.0 +/- 0.0
574999 eval return 1789.636 +/- 20.419
time:  57.524 SPS: 173
599999 success 1.0 +/- 0.0
599999 eval return 1829.843 +/- 12.149
time:  59.96 SPS: 173
624999 success 1.0 +/- 0.0
624999 eval return 1809.336 +/- 13.345
