agent_dict keys dict_keys(['base_algorithm', 'learning_rate', 'num_envs', 'rollout_num_steps', 'gamma', 'gae_lambda', 'num_minibatches', 'update_epochs', 'minibatch_size', 'norm_adv', 'clip_coef', 'clip_vloss', 'ent_coef', 'vf_coef', 'max_grad_norm', 'rpo_alpha', 'parseval_reg', 'input_scale', 'learnable_input_scale', 'add_diag_layer', 'lie_group', 'pion', 'pion_block_size', 'pion_multiplicative', 'oft', 'poet', 'oet_num_blocks', 'poet_exact_cayley', 'layer_norm', 'layer_norm_no_params', 'weight_decay', 'tuned_adam', 'perturb', 'perturb_dist', 'regen', 'regen_wasserstein', 'weight_init', 'net_width', 'net_activation', 'init_gain', 'parseval_norm', 'parseval_num_groups'])
env_dict keys dict_keys(['env', 'change_freq', 'seed', 'env_type'])
Start RL run!
{'base_algorithm': 'ppo_agent', 'learning_rate': 0.001, 'num_envs': 1, 'rollout_num_steps': 128, 'gamma': 0.99, 'gae_lambda': 0.95, 'num_minibatches': 4, 'update_epochs': 4, 'minibatch_size': 32, 'norm_adv': True, 'clip_coef': 0.2, 'clip_vloss': True, 'ent_coef': 0.01, 'vf_coef': 0.5, 'max_grad_norm': 0.5, 'rpo_alpha': 0, 'parseval_reg': 0, 'input_scale': 1, 'learnable_input_scale': False, 'add_diag_layer': False, 'lie_group': False, 'pion': True, 'pion_block_size': None, 'pion_multiplicative': False, 'oft': False, 'poet': False, 'oet_num_blocks': 1, 'poet_exact_cayley': False, 'layer_norm': False, 'layer_norm_no_params': False, 'weight_decay': 0, 'tuned_adam': False, 'perturb': 0.0, 'perturb_dist': 'xavier', 'regen': 0.0, 'regen_wasserstein': False, 'weight_init': 'xavier', 'net_width': 64, 'net_activation': 'tanh', 'init_gain': None, 'parseval_norm': False, 'parseval_num_groups': 1, 'device': 'cpu'}
{'env': 'gridworld_ninerooms', 'change_freq': 40000, 'seed': 124, 'env_type': 'rl', 'local_run': False}
Running on gpu: False
Gridworld args () {'env': 'gridworld_ninerooms', 'change_freq': 40000, 'seed': 124, 'env_type': 'rl', 'local_run': False}
time:  0.023 SPS: 0
0 success 0.0 +/- 0.0
0 eval steps mean 99.9 best 99 optimal 10
0 eval return -11.279 +/- 0.687
time:  0.144 SPS: 577
4999 success 0.8 +/- 0.133
4999 eval steps mean 55.9 best 20 optimal 10
4999 eval return -1.193 +/- 0.963
time:  0.42 SPS: 396
9999 success 0.8 +/- 0.133
9999 eval steps mean 32.6 best 11 optimal 10
9999 eval return 0.821 +/- 0.861
time:  0.896 SPS: 278
14999 success 1.0 +/- 0.0
14999 eval steps mean 13.7 best 10 optimal 10
14999 eval return 2.295 +/- 0.134
time:  1.499 SPS: 222
19999 success 1.0 +/- 0.0
19999 eval steps mean 10.9 best 10 optimal 10
19999 eval return 2.45 +/- 0.0
time:  2.147 SPS: 194
24999 success 1.0 +/- 0.0
24999 eval steps mean 10.9 best 10 optimal 10
24999 eval return 2.45 +/- 0.0
time:  2.819 SPS: 177
29999 success 1.0 +/- 0.0
29999 eval steps mean 11.1 best 10 optimal 10
29999 eval return 2.445 +/- 0.005
time:  3.473 SPS: 167
34999 success 1.0 +/- 0.0
34999 eval steps mean 11.0 best 10 optimal 10
34999 eval return 2.449 +/- 0.001
40000
GOAL [12 11]
time:  4.067 SPS: 163
39999 success 0.0 +/- 0.0
39999 eval steps mean 99.9 best 99 optimal 9
39999 eval return -4.666 +/- 0.058
time:  4.648 SPS: 161
44999 success 1.0 +/- 0.0
44999 eval steps mean 10.0 best 9 optimal 9
44999 eval return 2.547 +/- 0.003
time:  5.213 SPS: 159
49999 success 1.0 +/- 0.0
49999 eval steps mean 9.9 best 9 optimal 9
49999 eval return 2.55 +/- 0.0
time:  5.805 SPS: 157
54999 success 1.0 +/- 0.0
54999 eval steps mean 9.9 best 9 optimal 9
54999 eval return 2.55 +/- 0.0
time:  6.403 SPS: 156
59999 success 1.0 +/- 0.0
59999 eval steps mean 11.1 best 9 optimal 9
59999 eval return 2.518 +/- 0.016
time:  6.972 SPS: 155
64999 success 1.0 +/- 0.0
64999 eval steps mean 9.9 best 9 optimal 9
64999 eval return 2.55 +/- 0.0
time:  7.557 SPS: 154
69999 success 1.0 +/- 0.0
69999 eval steps mean 9.9 best 9 optimal 9
69999 eval return 2.55 +/- 0.0
time:  8.164 SPS: 153
74999 success 1.0 +/- 0.0
74999 eval steps mean 10.1 best 9 optimal 9
74999 eval return 2.537 +/- 0.013
80000
GOAL [ 9 14]
time:  8.8 SPS: 151
79999 success 0.0 +/- 0.0
79999 eval steps mean 99.9 best 99 optimal 9
79999 eval return -8.457 +/- 0.112
time:  9.367 SPS: 151
84999 success 1.0 +/- 0.0
84999 eval steps mean 16.3 best 15 optimal 9
84999 eval return 1.792 +/- 0.006
time:  9.9 SPS: 151
89999 success 1.0 +/- 0.0
89999 eval steps mean 17.2 best 15 optimal 9
89999 eval return 1.763 +/- 0.026
time:  10.476 SPS: 151
94999 success 1.0 +/- 0.0
94999 eval steps mean 16.4 best 15 optimal 9
94999 eval return 1.781 +/- 0.012
time:  11.058 SPS: 150
99999 success 1.0 +/- 0.0
99999 eval steps mean 16.1 best 15 optimal 9
99999 eval return 1.798 +/- 0.002
time:  11.638 SPS: 150
104999 success 1.0 +/- 0.0
104999 eval steps mean 15.9 best 15 optimal 9
104999 eval return 1.8 +/- 0.0
time:  12.274 SPS: 149
109999 success 1.0 +/- 0.0
109999 eval steps mean 16.2 best 15 optimal 9
109999 eval return 1.782 +/- 0.017
time:  12.848 SPS: 149
114999 success 1.0 +/- 0.0
114999 eval steps mean 16.1 best 15 optimal 9
114999 eval return 1.795 +/- 0.005
120000
GOAL [11  9]
time:  13.427 SPS: 148
119999 success 0.0 +/- 0.0
119999 eval steps mean 99.9 best 99 optimal 6
119999 eval return -8.662 +/- 0.109
time:  14.034 SPS: 148
124999 success 0.0 +/- 0.0
124999 eval steps mean 99.9 best 99 optimal 6
124999 eval return -2.099 +/- 0.002
time:  14.626 SPS: 148
129999 success 0.8 +/- 0.133
129999 eval steps mean 30.0 best 7 optimal 6
129999 eval return 1.748 +/- 0.63
time:  15.206 SPS: 147
134999 success 1.0 +/- 0.0
134999 eval steps mean 6.9 best 6 optimal 6
134999 eval return 2.79 +/- 0.0
time:  15.731 SPS: 148
139999 success 1.0 +/- 0.0
139999 eval steps mean 7.1 best 6 optimal 6
139999 eval return 2.783 +/- 0.007
time:  16.295 SPS: 148
144999 success 1.0 +/- 0.0
144999 eval steps mean 7.3 best 6 optimal 6
144999 eval return 2.766 +/- 0.024
time:  16.946 SPS: 147
149999 success 1.0 +/- 0.0
149999 eval steps mean 6.9 best 6 optimal 6
149999 eval return 2.79 +/- 0.0
time:  17.572 SPS: 147
154999 success 1.0 +/- 0.0
154999 eval steps mean 6.9 best 6 optimal 6
154999 eval return 2.79 +/- 0.0
160000
GOAL [13 14]
time:  18.224 SPS: 146
159999 success 0.6 +/- 0.163
159999 eval steps mean 80.6 best 28 optimal 13
159999 eval return -3.021 +/- 1.009
done RL run. Time 18.263172658333495 min
